Realization	utility	WSS	week	infra.
0	0	0	313	8
0	0	0	626	5
0	0	0	1043	9
0	0	0	1408	6
1	0	0	313	8
1	0	0	626	5
1	0	0	834	9
1	0	0	1148	6
1	0	0	1408	10
2	0	0	313	8
2	0	0	626	5
2	0	0	887	9
2	0	0	1200	6
2	0	0	1461	10
3	0	0	313	8
3	0	0	626	5
3	0	0	991	9
3	0	0	1356	6
3	0	0	1878	10
4	0	0	313	8
4	0	0	626	5
4	0	0	939	9
4	0	0	1252	6
4	0	0	1513	10
5	0	0	313	8
5	0	0	626	5
5	0	0	939	9
5	0	0	1252	6
5	0	0	1565	10
6	0	0	313	8
6	0	0	626	5
6	0	0	1304	9
6	0	0	1982	6
7	0	0	313	8
7	0	0	626	5
7	0	0	782	9
7	0	0	1095	6
7	0	0	1356	10
8	0	0	313	8
8	0	0	626	5
8	0	0	1304	9
9	0	0	313	8
9	0	0	626	5
9	0	0	939	9
9	0	0	1252	6
9	0	0	1513	10
10	0	0	313	8
10	0	0	626	5
10	0	0	678	9
10	0	0	991	6
10	0	0	1252	10
11	0	0	313	8
11	0	0	626	5
11	0	0	1304	9
11	0	0	1982	6
12	0	0	313	8
12	0	0	626	5
12	0	0	782	9
12	0	0	1095	6
12	0	0	1356	10
13	0	0	313	8
13	0	0	626	5
13	0	0	782	9
13	0	0	1095	6
13	0	0	1356	10
14	0	0	313	8
14	0	0	626	5
14	0	0	730	9
14	0	0	1043	6
14	0	0	1304	10
15	0	0	313	8
15	0	0	626	5
15	0	0	1304	9
16	0	0	313	8
16	0	0	626	5
16	0	0	1148	9
16	0	0	1669	6
17	0	0	313	8
17	0	0	626	5
17	0	0	991	9
17	0	0	1356	6
17	0	0	1774	10
18	0	0	313	8
18	0	0	626	5
18	0	0	678	9
18	0	0	991	6
18	0	0	1252	10
19	0	0	313	8
19	0	0	626	5
19	0	0	1095	9
19	0	0	1513	6
20	0	0	313	8
20	0	0	626	5
20	0	0	1252	9
20	0	0	1982	6
21	0	0	313	8
21	0	0	626	5
21	0	0	991	9
21	0	0	1304	6
21	0	0	1722	10
22	0	0	313	8
22	0	0	626	5
22	0	0	730	9
22	0	0	1043	6
22	0	0	1304	10
23	0	0	313	8
23	0	0	626	5
23	0	0	1252	9
23	0	0	1878	6
24	0	0	313	8
24	0	0	626	5
24	0	0	1252	9
24	0	0	1826	6
25	0	0	313	8
25	0	0	626	5
25	0	0	887	9
25	0	0	1200	6
25	0	0	1461	10
26	0	0	313	8
26	0	0	626	5
26	0	0	1043	9
26	0	0	1356	6
26	0	0	1982	10
27	0	0	313	8
27	0	0	626	5
27	0	0	782	9
27	0	0	1095	6
27	0	0	1356	10
28	0	0	313	8
28	0	0	626	5
28	0	0	1304	9
28	0	0	2035	6
29	0	0	313	8
29	0	0	626	5
29	0	0	1148	9
29	0	0	1722	6
29	0	0	1982	10
30	0	0	313	8
30	0	0	626	5
30	0	0	730	9
30	0	0	1043	6
30	0	0	1304	10
31	0	0	313	8
31	0	0	626	5
31	0	0	782	9
31	0	0	1095	6
31	0	0	1356	10
32	0	0	313	8
32	0	0	626	5
32	0	0	678	9
32	0	0	991	6
32	0	0	1252	10
33	0	0	313	8
33	0	0	626	5
33	0	0	834	9
33	0	0	1148	6
33	0	0	1408	10
34	0	0	313	8
34	0	0	626	5
34	0	0	678	9
34	0	0	991	6
34	0	0	1252	10
35	0	0	313	8
35	0	0	626	5
35	0	0	991	9
35	0	0	1304	6
35	0	0	1669	10
36	0	0	313	8
36	0	0	626	5
36	0	0	1043	9
36	0	0	1408	6
37	0	0	313	8
37	0	0	626	5
37	0	0	678	9
37	0	0	991	6
37	0	0	1252	10
38	0	0	313	8
38	0	0	626	5
38	0	0	887	9
38	0	0	1200	6
38	0	0	1461	10
39	0	0	313	8
39	0	0	626	5
39	0	0	939	9
39	0	0	1252	6
39	0	0	1513	10
40	0	0	313	8
40	0	0	626	5
40	0	0	678	9
40	0	0	991	6
40	0	0	1252	10
41	0	0	313	8
41	0	0	626	5
41	0	0	1304	9
41	0	0	1982	6
42	0	0	313	8
42	0	0	626	5
42	0	0	939	9
42	0	0	1252	6
42	0	0	1513	10
43	0	0	313	8
43	0	0	626	5
43	0	0	678	9
43	0	0	991	6
43	0	0	1252	10
44	0	0	313	8
44	0	0	626	5
44	0	0	834	9
44	0	0	1148	6
44	0	0	1408	10
45	0	0	313	8
45	0	0	626	5
45	0	0	1148	9
45	0	0	1669	6
46	0	0	313	8
46	0	0	626	5
46	0	0	730	9
46	0	0	1043	6
46	0	0	1304	10
47	0	0	313	8
47	0	0	626	5
47	0	0	730	9
47	0	0	1043	6
47	0	0	1304	10
48	0	0	313	8
48	0	0	626	5
48	0	0	834	9
48	0	0	1148	6
48	0	0	1408	10
49	0	0	313	8
49	0	0	626	5
49	0	0	834	9
49	0	0	1148	6
49	0	0	1408	10
50	0	0	313	8
50	0	0	626	5
50	0	0	678	9
50	0	0	991	6
50	0	0	1252	10
51	0	0	313	8
51	0	0	626	5
51	0	0	782	9
51	0	0	1095	6
51	0	0	1356	10
52	0	0	313	8
52	0	0	626	5
52	0	0	1252	9
52	0	0	1826	6
53	0	0	313	8
53	0	0	626	5
53	0	0	1252	9
53	0	0	1982	6
54	0	0	313	8
54	0	0	626	5
54	0	0	730	9
54	0	0	1043	6
54	0	0	1304	10
55	0	0	313	8
55	0	0	626	5
55	0	0	834	9
55	0	0	1148	6
55	0	0	1408	10
56	0	0	313	8
56	0	0	626	5
56	0	0	678	9
56	0	0	991	6
56	0	0	1252	10
57	0	0	313	8
57	0	0	626	5
57	0	0	1043	9
57	0	0	1408	6
58	0	0	313	8
58	0	0	626	5
58	0	0	834	9
58	0	0	1148	6
58	0	0	1408	10
59	0	0	313	8
59	0	0	626	5
59	0	0	678	9
59	0	0	991	6
59	0	0	1252	10
60	0	0	313	8
60	0	0	626	5
60	0	0	1148	9
60	0	0	1617	6
61	0	0	313	8
61	0	0	626	5
61	0	0	730	9
61	0	0	1043	6
61	0	0	1304	10
62	0	0	313	8
62	0	0	626	5
62	0	0	730	9
62	0	0	1043	6
62	0	0	1304	10
63	0	0	313	8
63	0	0	626	5
63	0	0	1252	9
63	0	0	1826	6
64	0	0	313	8
64	0	0	626	5
64	0	0	1043	9
64	0	0	1408	6
65	0	0	313	8
65	0	0	626	5
65	0	0	991	9
65	0	0	1304	6
65	0	0	1669	10
66	0	0	313	8
66	0	0	626	5
66	0	0	1252	9
66	0	0	1774	6
67	0	0	313	8
67	0	0	626	5
67	0	0	782	9
67	0	0	1095	6
67	0	0	1356	10
68	0	0	313	8
68	0	0	626	5
68	0	0	730	9
68	0	0	1043	6
68	0	0	1304	10
69	0	0	313	8
69	0	0	626	5
69	0	0	1095	9
69	0	0	1513	6
70	0	0	313	8
70	0	0	626	5
70	0	0	730	9
70	0	0	1043	6
70	0	0	1304	10
71	0	0	313	8
71	0	0	626	5
71	0	0	782	9
71	0	0	1095	6
71	0	0	1356	10
72	0	0	313	8
72	0	0	626	5
72	0	0	1043	9
72	0	0	1408	6
72	0	0	2035	10
73	0	0	313	8
73	0	0	626	5
73	0	0	782	9
73	0	0	1095	6
73	0	0	1356	10
74	0	0	313	8
74	0	0	626	5
74	0	0	782	9
74	0	0	1095	6
74	0	0	1356	10
75	0	0	313	8
75	0	0	626	5
75	0	0	678	9
75	0	0	991	6
75	0	0	1252	10
76	0	0	313	8
76	0	0	626	5
76	0	0	834	9
76	0	0	1148	6
76	0	0	1408	10
77	0	0	313	8
77	0	0	626	5
77	0	0	991	9
77	0	0	1304	6
77	0	0	1617	10
78	0	0	313	8
78	0	0	626	5
78	0	0	1095	9
78	0	0	1565	6
79	0	0	313	8
79	0	0	626	5
79	0	0	1304	9
79	0	0	1982	6
80	0	0	313	8
80	0	0	626	5
80	0	0	834	9
80	0	0	1148	6
80	0	0	1408	10
81	0	0	313	8
81	0	0	626	5
81	0	0	887	9
81	0	0	1200	6
81	0	0	1461	10
82	0	0	313	8
82	0	0	626	5
82	0	0	1304	9
82	0	0	2035	6
83	0	0	313	8
83	0	0	626	5
83	0	0	834	9
83	0	0	1148	6
83	0	0	1408	10
84	0	0	313	8
84	0	0	626	5
84	0	0	887	9
84	0	0	1200	6
84	0	0	1461	10
85	0	0	313	8
85	0	0	626	5
85	0	0	1095	9
85	0	0	1565	6
86	0	0	313	8
86	0	0	626	5
86	0	0	1095	9
86	0	0	1565	6
87	0	0	313	8
87	0	0	626	5
87	0	0	991	9
87	0	0	1356	6
87	0	0	1930	10
88	0	0	313	8
88	0	0	626	5
88	0	0	939	9
88	0	0	1252	6
88	0	0	1565	10
89	0	0	313	8
89	0	0	626	5
89	0	0	939	9
89	0	0	1252	6
89	0	0	1513	10
90	0	0	313	8
90	0	0	626	5
90	0	0	1148	9
90	0	0	1669	6
91	0	0	313	8
91	0	0	626	5
91	0	0	678	9
91	0	0	991	6
91	0	0	1252	10
92	0	0	313	8
92	0	0	626	5
92	0	0	991	9
92	0	0	1304	6
92	0	0	1669	10
93	0	0	313	8
93	0	0	626	5
93	0	0	782	9
93	0	0	1095	6
93	0	0	1356	10
94	0	0	313	8
94	0	0	626	5
94	0	0	1043	9
94	0	0	1356	6
95	0	0	313	8
95	0	0	626	5
95	0	0	887	9
95	0	0	1200	6
95	0	0	1461	10
96	0	0	313	8
96	0	0	626	5
96	0	0	1148	9
96	0	0	1669	6
97	0	0	313	8
97	0	0	626	5
97	0	0	887	9
97	0	0	1200	6
97	0	0	1461	10
98	0	0	313	8
98	0	0	626	5
98	0	0	1043	9
98	0	0	1356	6
98	0	0	1617	10
99	0	0	313	8
99	0	0	626	5
99	0	0	887	9
99	0	0	1200	6
99	0	0	1461	10
100	0	0	313	8
100	0	0	626	5
100	0	0	678	9
100	0	0	991	6
100	0	0	1252	10
101	0	0	313	8
101	0	0	626	5
101	0	0	782	9
101	0	0	1095	6
101	0	0	1356	10
102	0	0	313	8
102	0	0	626	5
102	0	0	678	9
102	0	0	991	6
102	0	0	1252	10
103	0	0	313	8
103	0	0	626	5
103	0	0	730	9
103	0	0	1043	6
103	0	0	1304	10
104	0	0	313	8
104	0	0	626	5
104	0	0	1043	9
104	0	0	1461	6
105	0	0	313	8
105	0	0	626	5
105	0	0	1252	9
105	0	0	1982	6
106	0	0	313	8
106	0	0	626	5
106	0	0	1095	9
106	0	0	1513	6
107	0	0	313	8
107	0	0	626	5
107	0	0	1252	9
107	0	0	1930	6
108	0	0	313	8
108	0	0	626	5
108	0	0	678	9
108	0	0	991	6
108	0	0	1252	10
109	0	0	313	8
109	0	0	626	5
109	0	0	730	9
109	0	0	1043	6
109	0	0	1304	10
110	0	0	313	8
110	0	0	626	5
110	0	0	730	9
110	0	0	1043	6
110	0	0	1304	10
111	0	0	313	8
111	0	0	626	5
111	0	0	1148	9
111	0	0	1617	6
112	0	0	313	8
112	0	0	626	5
112	0	0	1252	9
112	0	0	1982	6
113	0	0	313	8
113	0	0	626	5
113	0	0	678	9
113	0	0	991	6
113	0	0	1252	10
114	0	0	313	8
114	0	0	626	5
114	0	0	1148	9
114	0	0	1669	6
115	0	0	313	8
115	0	0	626	5
115	0	0	939	9
115	0	0	1252	6
115	0	0	1513	10
116	0	0	313	8
116	0	0	626	5
116	0	0	678	9
116	0	0	991	6
116	0	0	1252	10
117	0	0	313	8
117	0	0	626	5
117	0	0	939	9
117	0	0	1252	6
117	0	0	1565	10
118	0	0	313	8
118	0	0	626	5
118	0	0	1043	9
118	0	0	1461	6
119	0	0	313	8
119	0	0	626	5
119	0	0	1043	9
119	0	0	1356	6
119	0	0	1617	10
120	0	0	313	8
120	0	0	626	5
120	0	0	939	9
120	0	0	1252	6
120	0	0	1565	10
121	0	0	313	8
121	0	0	626	5
121	0	0	834	9
121	0	0	1148	6
121	0	0	1408	10
122	0	0	313	8
122	0	0	626	5
122	0	0	1252	9
122	0	0	1774	6
123	0	0	313	8
123	0	0	626	5
123	0	0	1252	9
123	0	0	1982	6
124	0	0	313	8
124	0	0	626	5
124	0	0	1148	9
124	0	0	1617	6
125	0	0	313	8
125	0	0	626	5
125	0	0	678	9
125	0	0	991	6
125	0	0	1252	10
126	0	0	313	8
126	0	0	626	5
126	0	0	1252	9
126	0	0	1565	6
127	0	0	313	8
127	0	0	626	5
127	0	0	991	9
127	0	0	1356	6
127	0	0	1878	10
128	0	0	313	8
128	0	0	626	5
128	0	0	1304	9
128	0	0	1982	6
129	0	0	313	8
129	0	0	626	5
129	0	0	678	9
129	0	0	991	6
129	0	0	1252	10
130	0	0	313	8
130	0	0	626	5
130	0	0	1095	9
130	0	0	1513	6
131	0	0	313	8
131	0	0	626	5
131	0	0	782	9
131	0	0	1095	6
131	0	0	1356	10
132	0	0	313	8
132	0	0	626	5
132	0	0	730	9
132	0	0	1043	6
132	0	0	1304	10
133	0	0	313	8
133	0	0	626	5
133	0	0	939	9
133	0	0	1252	6
133	0	0	1565	10
134	0	0	313	8
134	0	0	626	5
134	0	0	730	9
134	0	0	1043	6
134	0	0	1304	10
135	0	0	313	8
135	0	0	626	5
135	0	0	782	9
135	0	0	1095	6
135	0	0	1356	10
136	0	0	313	8
136	0	0	626	5
136	0	0	1356	9
137	0	0	313	8
137	0	0	626	5
137	0	0	678	9
137	0	0	991	6
137	0	0	1252	10
138	0	0	313	8
138	0	0	626	5
138	0	0	834	9
138	0	0	1148	6
138	0	0	1408	10
139	0	0	313	8
139	0	0	626	5
139	0	0	1095	9
139	0	0	1513	6
140	0	0	313	8
140	0	0	626	5
140	0	0	730	9
140	0	0	1043	6
140	0	0	1304	10
141	0	0	313	8
141	0	0	626	5
141	0	0	730	9
141	0	0	1043	6
141	0	0	1304	10
142	0	0	313	8
142	0	0	626	5
142	0	0	678	9
142	0	0	991	6
142	0	0	1252	10
143	0	0	313	8
143	0	0	626	5
143	0	0	730	9
143	0	0	1043	6
143	0	0	1304	10
144	0	0	313	8
144	0	0	626	5
144	0	0	782	9
144	0	0	1095	6
144	0	0	1356	10
145	0	0	313	8
145	0	0	626	5
145	0	0	1095	9
145	0	0	1513	6
146	0	0	313	8
146	0	0	626	5
146	0	0	1095	9
146	0	0	1565	6
147	0	0	313	8
147	0	0	626	5
147	0	0	782	9
147	0	0	1095	6
147	0	0	1356	10
148	0	0	313	8
148	0	0	626	5
148	0	0	730	9
148	0	0	1043	6
148	0	0	1304	10
149	0	0	313	8
149	0	0	626	5
149	0	0	834	9
149	0	0	1148	6
149	0	0	1408	10
150	0	0	313	8
150	0	0	626	5
150	0	0	678	9
150	0	0	991	6
150	0	0	1252	10
151	0	0	313	8
151	0	0	626	5
151	0	0	782	9
151	0	0	1095	6
151	0	0	1356	10
152	0	0	313	8
152	0	0	626	5
152	0	0	991	9
152	0	0	1356	6
152	0	0	1774	10
153	0	0	313	8
153	0	0	626	5
153	0	0	678	9
153	0	0	991	6
153	0	0	1252	10
154	0	0	313	8
154	0	0	626	5
154	0	0	1252	9
154	0	0	1982	6
155	0	0	313	8
155	0	0	626	5
155	0	0	1148	9
155	0	0	1617	6
156	0	0	313	8
156	0	0	626	5
156	0	0	1252	9
156	0	0	1774	6
157	0	0	313	8
157	0	0	626	5
157	0	0	678	9
157	0	0	991	6
157	0	0	1252	10
158	0	0	313	8
158	0	0	626	5
158	0	0	782	9
158	0	0	1095	6
158	0	0	1356	10
159	0	0	313	8
159	0	0	626	5
159	0	0	678	9
159	0	0	991	6
159	0	0	1252	10
160	0	0	313	8
160	0	0	626	5
160	0	0	782	9
160	0	0	1095	6
160	0	0	1356	10
161	0	0	313	8
161	0	0	626	5
161	0	0	834	9
161	0	0	1148	6
161	0	0	1408	10
162	0	0	313	8
162	0	0	626	5
162	0	0	678	9
162	0	0	991	6
162	0	0	1252	10
163	0	0	313	8
163	0	0	626	5
163	0	0	1304	9
163	0	0	2035	6
164	0	0	313	8
164	0	0	626	5
164	0	0	834	9
164	0	0	1148	6
164	0	0	1408	10
165	0	0	313	8
165	0	0	626	5
165	0	0	730	9
165	0	0	1043	6
165	0	0	1304	10
166	0	0	313	8
166	0	0	626	5
166	0	0	1356	9
167	0	0	313	8
167	0	0	626	5
167	0	0	939	6
167	0	0	1043	9
167	0	0	1356	10
168	0	0	313	8
168	0	0	626	5
168	0	0	782	9
168	0	0	1095	6
168	0	0	1356	10
169	0	0	313	8
169	0	0	626	5
169	0	0	678	9
169	0	0	991	6
169	0	0	1252	10
170	0	0	313	8
170	0	0	626	5
170	0	0	730	9
170	0	0	1043	6
170	0	0	1304	10
171	0	0	313	8
171	0	0	626	5
171	0	0	730	9
171	0	0	1043	6
171	0	0	1304	10
172	0	0	313	8
172	0	0	626	5
172	0	0	1095	9
172	0	0	1565	6
173	0	0	313	8
173	0	0	626	5
173	0	0	1095	9
173	0	0	1513	6
173	0	0	1774	10
174	0	0	313	8
174	0	0	626	5
174	0	0	939	9
174	0	0	1304	6
174	0	0	1617	10
175	0	0	313	8
175	0	0	626	5
175	0	0	1252	9
175	0	0	1930	6
176	0	0	313	8
176	0	0	626	5
176	0	0	782	9
176	0	0	1095	6
176	0	0	1356	10
177	0	0	313	8
177	0	0	626	9
177	0	0	939	6
177	0	0	1200	10
178	0	0	313	8
178	0	0	626	5
178	0	0	782	9
178	0	0	1095	6
178	0	0	1356	10
179	0	0	313	8
179	0	0	626	5
179	0	0	1252	9
179	0	0	1982	6
180	0	0	313	8
180	0	0	626	5
180	0	0	834	9
180	0	0	1148	6
180	0	0	1408	10
181	0	0	313	8
181	0	0	626	5
181	0	0	834	9
181	0	0	1148	6
181	0	0	1408	10
182	0	0	313	8
182	0	0	626	5
182	0	0	887	9
182	0	0	1200	6
182	0	0	1461	10
183	0	0	313	8
183	0	0	626	5
183	0	0	1043	9
183	0	0	1408	6
183	0	0	2035	10
184	0	0	313	8
184	0	0	626	5
184	0	0	782	9
184	0	0	1095	6
184	0	0	1356	10
185	0	0	313	8
185	0	0	626	5
185	0	0	1043	9
185	0	0	1408	6
185	0	0	1982	10
186	0	0	313	8
186	0	0	626	5
186	0	0	939	9
186	0	0	1252	6
186	0	0	1513	10
187	0	0	313	8
187	0	0	626	5
187	0	0	678	9
187	0	0	991	6
187	0	0	1252	10
188	0	0	313	8
188	0	0	626	5
188	0	0	782	9
188	0	0	1095	6
188	0	0	1356	10
189	0	0	313	8
189	0	0	626	5
189	0	0	834	9
189	0	0	1148	6
189	0	0	1408	10
190	0	0	313	8
190	0	0	626	5
190	0	0	730	9
190	0	0	1043	6
190	0	0	1304	10
191	0	0	313	8
191	0	0	626	5
191	0	0	730	9
191	0	0	1043	6
191	0	0	1304	10
192	0	0	313	8
192	0	0	626	5
192	0	0	730	9
192	0	0	1043	6
192	0	0	1304	10
193	0	0	313	8
193	0	0	626	5
193	0	0	939	9
193	0	0	1252	6
193	0	0	1513	10
194	0	0	313	8
194	0	0	626	5
194	0	0	834	9
194	0	0	1148	6
194	0	0	1408	10
195	0	0	313	8
195	0	0	626	5
195	0	0	678	9
195	0	0	991	6
195	0	0	1252	10
196	0	0	313	8
196	0	0	626	5
196	0	0	887	9
196	0	0	1200	6
196	0	0	1461	10
197	0	0	313	8
197	0	0	626	5
197	0	0	834	9
197	0	0	1148	6
197	0	0	1408	10
198	0	0	313	8
198	0	0	626	5
198	0	0	678	9
198	0	0	991	6
198	0	0	1252	10
199	0	0	313	8
199	0	0	626	5
199	0	0	1043	9
199	0	0	1461	6
200	0	0	313	8
200	0	0	626	5
200	0	0	730	9
200	0	0	1043	6
200	0	0	1304	10
201	0	0	313	8
201	0	0	626	5
201	0	0	782	9
201	0	0	1095	6
201	0	0	1356	10
202	0	0	313	8
202	0	0	626	5
202	0	0	782	9
202	0	0	1095	6
202	0	0	1356	10
203	0	0	313	8
203	0	0	626	5
203	0	0	730	9
203	0	0	1043	6
203	0	0	1304	10
204	0	0	313	8
204	0	0	626	5
204	0	0	1095	9
204	0	0	1513	6
205	0	0	313	8
205	0	0	626	5
205	0	0	678	9
205	0	0	991	6
205	0	0	1252	10
206	0	0	313	8
206	0	0	626	5
206	0	0	782	9
206	0	0	1095	6
206	0	0	1356	10
207	0	0	313	8
207	0	0	626	5
207	0	0	1252	9
207	0	0	1565	6
207	0	0	1826	10
208	0	0	313	8
208	0	0	626	5
208	0	0	730	9
208	0	0	1043	6
208	0	0	1304	10
209	0	0	313	8
209	0	0	626	5
209	0	0	887	9
209	0	0	1200	6
209	0	0	1461	10
210	0	0	313	8
210	0	0	626	5
210	0	0	782	9
210	0	0	1095	6
210	0	0	1356	10
211	0	0	313	8
211	0	0	626	5
211	0	0	678	9
211	0	0	991	6
211	0	0	1252	10
212	0	0	313	8
212	0	0	626	5
212	0	0	782	9
212	0	0	1095	6
212	0	0	1356	10
213	0	0	313	8
213	0	0	626	5
213	0	0	730	9
213	0	0	1043	6
213	0	0	1304	10
214	0	0	313	8
214	0	0	626	5
214	0	0	1252	9
214	0	0	1930	6
215	0	0	313	8
215	0	0	626	5
215	0	0	782	9
215	0	0	1095	6
215	0	0	1356	10
216	0	0	313	8
216	0	0	626	5
216	0	0	1356	9
217	0	0	313	8
217	0	0	626	5
217	0	0	678	9
217	0	0	991	6
217	0	0	1252	10
218	0	0	313	8
218	0	0	626	5
218	0	0	991	9
218	0	0	1304	6
218	0	0	1669	10
219	0	0	313	8
219	0	0	626	5
219	0	0	834	9
219	0	0	1148	6
219	0	0	1408	10
220	0	0	313	8
220	0	0	626	5
220	0	0	939	9
220	0	0	1304	6
220	0	0	1617	10
221	0	0	313	8
221	0	0	626	5
221	0	0	1148	9
221	0	0	1617	6
222	0	0	313	8
222	0	0	626	5
222	0	0	1252	9
222	0	0	1878	6
223	0	0	313	8
223	0	0	626	5
223	0	0	1304	9
224	0	0	313	8
224	0	0	626	5
224	0	0	678	9
224	0	0	991	6
224	0	0	1252	10
225	0	0	313	8
225	0	0	626	5
225	0	0	939	9
225	0	0	1252	6
225	0	0	1513	10
226	0	0	313	8
226	0	0	626	5
226	0	0	1095	9
226	0	0	1513	6
227	0	0	313	8
227	0	0	626	5
227	0	0	834	9
227	0	0	1148	6
227	0	0	1408	10
228	0	0	313	8
228	0	0	626	5
228	0	0	678	9
228	0	0	991	6
228	0	0	1252	10
229	0	0	313	8
229	0	0	626	5
229	0	0	678	9
229	0	0	991	6
229	0	0	1252	10
230	0	0	313	8
230	0	0	626	5
230	0	0	1095	9
230	0	0	1408	6
231	0	0	313	8
231	0	0	626	5
231	0	0	678	9
231	0	0	991	6
231	0	0	1252	10
232	0	0	313	8
232	0	0	626	5
232	0	0	834	9
232	0	0	1148	6
232	0	0	1408	10
233	0	0	313	8
233	0	0	626	5
233	0	0	991	9
233	0	0	1304	6
233	0	0	1722	10
234	0	0	313	8
234	0	0	626	5
234	0	0	678	9
234	0	0	991	6
234	0	0	1252	10
235	0	0	313	8
235	0	0	626	5
235	0	0	678	9
235	0	0	991	6
235	0	0	1252	10
236	0	0	313	8
236	0	0	626	5
236	0	0	1252	9
236	0	0	1826	6
237	0	0	313	8
237	0	0	626	5
237	0	0	730	9
237	0	0	1043	6
237	0	0	1304	10
238	0	0	313	8
238	0	0	626	5
238	0	0	939	9
238	0	0	1252	6
238	0	0	1513	10
239	0	0	313	8
239	0	0	626	5
239	0	0	678	9
239	0	0	991	6
239	0	0	1252	10
240	0	0	313	8
240	0	0	626	5
240	0	0	782	9
240	0	0	1095	6
240	0	0	1356	10
241	0	0	313	8
241	0	0	626	5
241	0	0	782	9
241	0	0	1095	6
241	0	0	1356	10
242	0	0	313	8
242	0	0	626	5
242	0	0	834	9
242	0	0	1148	6
242	0	0	1408	10
243	0	0	313	8
243	0	0	626	5
243	0	0	887	9
243	0	0	1200	6
243	0	0	1461	10
244	0	0	313	8
244	0	0	626	5
244	0	0	834	9
244	0	0	1148	6
244	0	0	1408	10
245	0	0	313	8
245	0	0	626	5
245	0	0	782	9
245	0	0	1095	6
245	0	0	1356	10
246	0	0	313	8
246	0	0	626	5
246	0	0	782	9
246	0	0	1095	6
246	0	0	1356	10
247	0	0	313	8
247	0	0	626	5
247	0	0	991	9
247	0	0	1304	6
247	0	0	1669	10
248	0	0	313	8
248	0	0	626	5
248	0	0	834	9
248	0	0	1148	6
248	0	0	1408	10
249	0	0	313	8
249	0	0	626	5
249	0	0	678	9
249	0	0	991	6
249	0	0	1252	10
250	0	0	313	8
250	0	0	626	5
250	0	0	939	9
250	0	0	1252	6
250	0	0	1513	10
251	0	0	313	8
251	0	0	626	5
251	0	0	730	9
251	0	0	1043	6
251	0	0	1304	10
252	0	0	313	8
252	0	0	626	5
252	0	0	678	9
252	0	0	991	6
252	0	0	1252	10
253	0	0	313	8
253	0	0	626	5
253	0	0	782	9
253	0	0	1095	6
253	0	0	1356	10
254	0	0	313	8
254	0	0	626	5
254	0	0	1252	9
254	0	0	1982	6
255	0	0	313	8
255	0	0	626	5
255	0	0	1252	9
255	0	0	1982	6
256	0	0	313	8
256	0	0	626	5
256	0	0	730	9
256	0	0	1043	6
256	0	0	1304	10
257	0	0	313	8
257	0	0	626	5
257	0	0	730	9
257	0	0	1043	6
257	0	0	1304	10
258	0	0	313	8
258	0	0	626	5
258	0	0	678	9
258	0	0	991	6
258	0	0	1252	10
259	0	0	313	8
259	0	0	626	5
259	0	0	834	9
259	0	0	1148	6
259	0	0	1408	10
260	0	0	313	8
260	0	0	626	5
260	0	0	678	9
260	0	0	991	6
260	0	0	1252	10
261	0	0	313	8
261	0	0	626	5
261	0	0	782	9
261	0	0	1095	6
261	0	0	1356	10
262	0	0	313	8
262	0	0	626	5
262	0	0	939	9
262	0	0	1252	6
262	0	0	1617	10
263	0	0	313	8
263	0	0	626	5
263	0	0	1043	9
263	0	0	1461	6
264	0	0	313	8
264	0	0	626	5
264	0	0	939	9
264	0	0	1252	6
264	0	0	1565	10
265	0	0	313	8
265	0	0	626	5
265	0	0	678	9
265	0	0	991	6
265	0	0	1252	10
266	0	0	313	8
266	0	0	626	5
266	0	0	991	9
266	0	0	1304	6
266	0	0	1565	10
267	0	0	313	8
267	0	0	626	5
267	0	0	730	9
267	0	0	1043	6
267	0	0	1304	10
268	0	0	313	8
268	0	0	626	5
268	0	0	991	9
268	0	0	1304	6
268	0	0	1722	10
269	0	0	313	8
269	0	0	626	5
269	0	0	939	9
269	0	0	1252	6
269	0	0	1513	10
270	0	0	313	8
270	0	0	626	5
270	0	0	1356	9
271	0	0	313	8
271	0	0	626	5
271	0	0	730	9
271	0	0	1043	6
271	0	0	1304	10
272	0	0	313	8
272	0	0	626	5
272	0	0	939	9
272	0	0	1252	6
272	0	0	1513	10
273	0	0	313	8
273	0	0	626	5
273	0	0	730	9
273	0	0	1043	6
273	0	0	1304	10
274	0	0	313	8
274	0	0	626	5
274	0	0	991	9
274	0	0	1304	6
274	0	0	1565	10
275	0	0	313	8
275	0	0	626	5
275	0	0	834	9
275	0	0	1148	6
275	0	0	1408	10
276	0	0	313	8
276	0	0	626	5
276	0	0	1148	9
276	0	0	1669	6
277	0	0	313	8
277	0	0	626	5
277	0	0	1252	9
277	0	0	1826	6
278	0	0	313	8
278	0	0	626	5
278	0	0	939	9
278	0	0	1252	6
278	0	0	1513	10
279	0	0	313	8
279	0	0	626	5
279	0	0	782	9
279	0	0	1095	6
279	0	0	1356	10
280	0	0	313	8
280	0	0	626	5
280	0	0	730	9
280	0	0	1043	6
280	0	0	1304	10
281	0	0	313	8
281	0	0	626	5
281	0	0	730	9
281	0	0	1043	6
281	0	0	1304	10
282	0	0	313	8
282	0	0	626	5
282	0	0	887	9
282	0	0	1200	6
282	0	0	1461	10
283	0	0	313	8
283	0	0	626	5
283	0	0	1304	9
283	0	0	2035	6
284	0	0	313	8
284	0	0	626	5
284	0	0	730	9
284	0	0	1043	6
284	0	0	1304	10
285	0	0	313	8
285	0	0	626	5
285	0	0	730	9
285	0	0	1043	6
285	0	0	1304	10
286	0	0	313	8
286	0	0	626	5
286	0	0	730	9
286	0	0	1043	6
286	0	0	1304	10
287	0	0	313	8
287	0	0	626	5
287	0	0	678	9
287	0	0	991	6
287	0	0	1252	10
288	0	0	313	8
288	0	0	626	5
288	0	0	730	9
288	0	0	1043	6
288	0	0	1304	10
289	0	0	313	8
289	0	0	626	5
289	0	0	991	9
289	0	0	1356	6
289	0	0	1722	10
290	0	0	313	8
290	0	0	626	5
290	0	0	939	9
290	0	0	1252	6
290	0	0	1513	10
291	0	0	313	8
291	0	0	626	5
291	0	0	730	9
291	0	0	1043	6
291	0	0	1304	10
292	0	0	313	8
292	0	0	626	5
292	0	0	939	9
292	0	0	1200	10
293	0	0	313	8
293	0	0	626	5
293	0	0	834	9
293	0	0	1148	6
293	0	0	1408	10
294	0	0	313	8
294	0	0	626	5
294	0	0	939	9
294	0	0	1252	6
294	0	0	1513	10
295	0	0	313	8
295	0	0	626	5
295	0	0	678	9
295	0	0	991	6
295	0	0	1252	10
296	0	0	313	8
296	0	0	626	5
296	0	0	1252	9
296	0	0	1930	6
297	0	0	313	8
297	0	0	626	5
297	0	0	730	9
297	0	0	1043	6
297	0	0	1304	10
298	0	0	313	8
298	0	0	626	5
298	0	0	678	9
298	0	0	991	6
298	0	0	1252	10
299	0	0	313	8
299	0	0	626	5
299	0	0	887	9
299	0	0	1200	6
299	0	0	1461	10
300	0	0	313	8
300	0	0	626	5
300	0	0	730	9
300	0	0	1043	6
300	0	0	1304	10
301	0	0	313	8
301	0	0	626	5
301	0	0	730	9
301	0	0	1043	6
301	0	0	1304	10
302	0	0	313	8
302	0	0	626	5
302	0	0	730	9
302	0	0	1043	6
302	0	0	1304	10
303	0	0	313	8
303	0	0	626	5
303	0	0	678	9
303	0	0	991	6
303	0	0	1252	10
304	0	0	313	8
304	0	0	626	5
304	0	0	1043	9
304	0	0	1408	6
305	0	0	313	8
305	0	0	626	5
305	0	0	678	9
305	0	0	991	6
305	0	0	1252	10
306	0	0	313	8
306	0	0	626	5
306	0	0	834	9
306	0	0	1148	6
306	0	0	1408	10
307	0	0	313	8
307	0	0	626	5
307	0	0	678	9
307	0	0	991	6
307	0	0	1252	10
308	0	0	313	8
308	0	0	626	5
308	0	0	834	9
308	0	0	1148	6
308	0	0	1408	10
309	0	0	313	8
309	0	0	626	5
309	0	0	730	9
309	0	0	1043	6
309	0	0	1304	10
310	0	0	313	8
310	0	0	626	5
310	0	0	1304	9
310	0	0	1982	6
311	0	0	313	8
311	0	0	626	5
311	0	0	991	9
311	0	0	1356	6
311	0	0	1878	10
312	0	0	313	8
312	0	0	626	5
312	0	0	1252	9
312	0	0	1774	6
313	0	0	313	8
313	0	0	626	5
313	0	0	782	9
313	0	0	1095	6
313	0	0	1356	10
314	0	0	313	8
314	0	0	626	5
314	0	0	678	9
314	0	0	991	6
314	0	0	1252	10
315	0	0	313	8
315	0	0	626	5
315	0	0	887	9
315	0	0	1200	6
315	0	0	1461	10
316	0	0	313	8
316	0	0	626	5
316	0	0	1043	9
316	0	0	1408	6
317	0	0	313	8
317	0	0	626	5
317	0	0	730	9
317	0	0	1043	6
317	0	0	1304	10
318	0	0	313	8
318	0	0	626	5
318	0	0	678	9
318	0	0	991	6
318	0	0	1252	10
319	0	0	313	8
319	0	0	626	5
319	0	0	730	9
319	0	0	1043	6
319	0	0	1304	10
320	0	0	313	8
320	0	0	626	5
320	0	0	782	9
320	0	0	1095	6
320	0	0	1356	10
321	0	0	313	8
321	0	0	626	5
321	0	0	678	9
321	0	0	991	6
321	0	0	1252	10
322	0	0	313	8
322	0	0	626	5
322	0	0	887	9
322	0	0	1200	6
322	0	0	1461	10
323	0	0	313	8
323	0	0	626	5
323	0	0	834	9
323	0	0	1148	6
323	0	0	1408	10
324	0	0	313	8
324	0	0	626	5
324	0	0	730	9
324	0	0	1043	6
324	0	0	1304	10
325	0	0	313	8
325	0	0	626	5
325	0	0	991	9
325	0	0	1356	6
325	0	0	1617	10
326	0	0	313	8
326	0	0	626	5
326	0	0	1043	9
326	0	0	1356	6
326	0	0	1617	10
327	0	0	313	8
327	0	0	626	5
327	0	0	678	9
327	0	0	991	6
327	0	0	1252	10
328	0	0	313	8
328	0	0	626	5
328	0	0	730	9
328	0	0	1043	6
328	0	0	1304	10
329	0	0	313	8
329	0	0	626	5
329	0	0	1304	9
329	0	0	1982	6
330	0	0	313	8
330	0	0	626	5
330	0	0	678	9
330	0	0	991	6
330	0	0	1252	10
331	0	0	313	8
331	0	0	626	5
331	0	0	678	9
331	0	0	991	6
331	0	0	1252	10
332	0	0	313	8
332	0	0	626	5
332	0	0	730	9
332	0	0	1043	6
332	0	0	1304	10
333	0	0	313	8
333	0	0	626	5
333	0	0	678	9
333	0	0	991	6
333	0	0	1252	10
334	0	0	313	8
334	0	0	626	5
334	0	0	730	9
334	0	0	1043	6
334	0	0	1304	10
335	0	0	313	8
335	0	0	626	5
335	0	0	939	9
335	0	0	1252	6
335	0	0	1513	10
336	0	0	313	8
336	0	0	626	5
336	0	0	939	9
336	0	0	1252	6
336	0	0	1513	10
337	0	0	313	8
337	0	0	626	5
337	0	0	730	9
337	0	0	1043	6
337	0	0	1304	10
338	0	0	313	8
338	0	0	626	5
338	0	0	1200	9
338	0	0	1722	6
339	0	0	313	8
339	0	0	626	5
339	0	0	1095	9
339	0	0	1461	6
340	0	0	313	8
340	0	0	626	5
340	0	0	678	9
340	0	0	991	6
340	0	0	1252	10
341	0	0	313	8
341	0	0	626	5
341	0	0	678	9
341	0	0	991	6
341	0	0	1252	10
342	0	0	313	8
342	0	0	626	5
342	0	0	678	9
342	0	0	991	6
342	0	0	1252	10
343	0	0	313	8
343	0	0	626	5
343	0	0	730	9
343	0	0	1043	6
343	0	0	1304	10
344	0	0	313	8
344	0	0	626	5
344	0	0	678	9
344	0	0	991	6
344	0	0	1252	10
345	0	0	313	8
345	0	0	626	5
345	0	0	678	9
345	0	0	991	6
345	0	0	1252	10
346	0	0	313	8
346	0	0	626	5
346	0	0	678	9
346	0	0	991	6
346	0	0	1252	10
347	0	0	313	8
347	0	0	626	5
347	0	0	730	9
347	0	0	1043	6
347	0	0	1304	10
348	0	0	313	8
348	0	0	626	5
348	0	0	782	9
348	0	0	1095	6
348	0	0	1356	10
349	0	0	313	8
349	0	0	626	5
349	0	0	782	9
349	0	0	1095	6
349	0	0	1356	10
350	0	0	313	8
350	0	0	626	5
350	0	0	1252	9
350	0	0	1774	6
351	0	0	313	8
351	0	0	626	5
351	0	0	939	9
351	0	0	1252	6
351	0	0	1513	10
352	0	0	313	8
352	0	0	626	5
352	0	0	939	9
352	0	0	1252	6
352	0	0	1513	10
353	0	0	313	8
353	0	0	626	5
353	0	0	834	9
353	0	0	1148	6
353	0	0	1408	10
354	0	0	313	8
354	0	0	626	5
354	0	0	991	9
354	0	0	1356	6
354	0	0	1774	10
355	0	0	313	8
355	0	0	626	5
355	0	0	678	9
355	0	0	991	6
355	0	0	1252	10
356	0	0	313	8
356	0	0	626	5
356	0	0	730	9
356	0	0	1043	6
356	0	0	1304	10
357	0	0	313	8
357	0	0	626	5
357	0	0	1095	9
357	0	0	1408	6
357	0	0	1669	10
358	0	0	313	8
358	0	0	626	5
358	0	0	730	9
358	0	0	1043	6
358	0	0	1304	10
359	0	0	313	8
359	0	0	626	5
359	0	0	730	9
359	0	0	1043	6
359	0	0	1304	10
360	0	0	313	8
360	0	0	626	5
360	0	0	834	9
360	0	0	1148	6
360	0	0	1408	10
361	0	0	313	8
361	0	0	626	5
361	0	0	678	9
361	0	0	991	6
361	0	0	1252	10
362	0	0	313	8
362	0	0	626	5
362	0	0	834	9
362	0	0	1148	6
362	0	0	1408	10
363	0	0	313	8
363	0	0	626	5
363	0	0	730	9
363	0	0	1043	6
363	0	0	1304	10
364	0	0	313	8
364	0	0	626	5
364	0	0	782	9
364	0	0	1095	6
364	0	0	1356	10
365	0	0	313	8
365	0	0	626	5
365	0	0	1148	9
365	0	0	1617	6
366	0	0	313	8
366	0	0	626	5
366	0	0	678	9
366	0	0	991	6
366	0	0	1252	10
367	0	0	313	8
367	0	0	626	5
367	0	0	1095	9
367	0	0	1565	6
368	0	0	313	8
368	0	0	626	5
368	0	0	678	9
368	0	0	991	6
368	0	0	1252	10
369	0	0	313	8
369	0	0	626	5
369	0	0	939	9
369	0	0	1252	6
369	0	0	1513	10
370	0	0	313	8
370	0	0	626	5
370	0	0	730	9
370	0	0	1043	6
370	0	0	1304	10
371	0	0	313	8
371	0	0	626	5
371	0	0	678	9
371	0	0	991	6
371	0	0	1252	10
372	0	0	313	8
372	0	0	626	5
372	0	0	939	9
372	0	0	1252	6
372	0	0	1565	10
373	0	0	313	8
373	0	0	626	5
373	0	0	834	9
373	0	0	1148	6
373	0	0	1408	10
374	0	0	313	8
374	0	0	626	5
374	0	0	782	9
374	0	0	1095	6
374	0	0	1356	10
375	0	0	313	8
375	0	0	626	5
375	0	0	730	9
375	0	0	1043	6
375	0	0	1304	10
376	0	0	313	8
376	0	0	626	5
376	0	0	1252	9
376	0	0	1565	6
377	0	0	313	8
377	0	0	626	5
377	0	0	939	9
377	0	0	1252	6
377	0	0	1565	10
378	0	0	313	8
378	0	0	626	5
378	0	0	782	9
378	0	0	1095	6
378	0	0	1356	10
379	0	0	313	8
379	0	0	626	5
379	0	0	1252	9
379	0	0	1982	6
380	0	0	313	8
380	0	0	626	5
380	0	0	782	9
380	0	0	1095	6
380	0	0	1356	10
381	0	0	313	8
381	0	0	626	5
381	0	0	991	9
381	0	0	1356	6
381	0	0	1774	10
382	0	0	313	8
382	0	0	626	5
382	0	0	991	9
382	0	0	1356	6
382	0	0	1774	10
383	0	0	313	8
383	0	0	626	5
383	0	0	782	9
383	0	0	1095	6
383	0	0	1356	10
384	0	0	313	8
384	0	0	626	5
384	0	0	834	9
384	0	0	1148	6
384	0	0	1408	10
385	0	0	313	8
385	0	0	626	5
385	0	0	730	9
385	0	0	1043	6
385	0	0	1304	10
386	0	0	313	8
386	0	0	626	5
386	0	0	782	9
386	0	0	1095	6
386	0	0	1356	10
387	0	0	313	8
387	0	0	626	5
387	0	0	782	9
387	0	0	1095	6
387	0	0	1356	10
388	0	0	313	8
388	0	0	626	5
388	0	0	730	9
388	0	0	1043	6
388	0	0	1304	10
389	0	0	313	8
389	0	0	626	5
389	0	0	1252	9
389	0	0	1982	6
390	0	0	313	8
390	0	0	626	5
390	0	0	939	6
390	0	0	1043	9
390	0	0	1304	10
391	0	0	313	8
391	0	0	626	5
391	0	0	1043	9
391	0	0	1408	6
392	0	0	313	8
392	0	0	626	5
392	0	0	939	9
392	0	0	1252	6
392	0	0	1565	10
393	0	0	313	8
393	0	0	626	5
393	0	0	1252	9
393	0	0	1982	6
394	0	0	313	8
394	0	0	626	5
394	0	0	782	9
394	0	0	1095	6
394	0	0	1356	10
395	0	0	313	8
395	0	0	626	5
395	0	0	1148	9
395	0	0	1722	6
396	0	0	313	8
396	0	0	626	5
396	0	0	730	9
396	0	0	1043	6
396	0	0	1304	10
397	0	0	313	8
397	0	0	626	5
397	0	0	1200	9
397	0	0	1722	6
398	0	0	313	8
398	0	0	626	5
398	0	0	939	9
398	0	0	1252	6
398	0	0	1513	10
399	0	0	313	8
399	0	0	626	5
399	0	0	834	9
399	0	0	1148	6
399	0	0	1408	10
400	0	0	313	8
400	0	0	626	5
400	0	0	1043	9
400	0	0	1461	6
401	0	0	313	8
401	0	0	626	5
401	0	0	730	9
401	0	0	1043	6
401	0	0	1304	10
402	0	0	313	8
402	0	0	626	5
402	0	0	678	9
402	0	0	991	6
402	0	0	1252	10
403	0	0	313	8
403	0	0	626	5
403	0	0	834	9
403	0	0	1148	6
403	0	0	1408	10
404	0	0	313	8
404	0	0	626	5
404	0	0	1043	9
404	0	0	1408	6
404	0	0	1930	10
405	0	0	313	8
405	0	0	626	5
405	0	0	678	9
405	0	0	991	6
405	0	0	1252	10
406	0	0	313	8
406	0	0	626	5
406	0	0	730	9
406	0	0	1043	6
406	0	0	1304	10
407	0	0	313	8
407	0	0	626	5
407	0	0	834	9
407	0	0	1148	6
407	0	0	1408	10
408	0	0	313	8
408	0	0	626	5
408	0	0	782	9
408	0	0	1095	6
408	0	0	1356	10
409	0	0	313	8
409	0	0	626	5
409	0	0	782	9
409	0	0	1095	6
409	0	0	1356	10
410	0	0	313	8
410	0	0	626	5
410	0	0	887	9
410	0	0	1200	6
410	0	0	1461	10
411	0	0	313	8
411	0	0	626	5
411	0	0	1356	9
412	0	0	313	8
412	0	0	626	5
412	0	0	782	9
412	0	0	1095	6
412	0	0	1356	10
413	0	0	313	8
413	0	0	626	5
413	0	0	834	9
413	0	0	1148	6
413	0	0	1408	10
414	0	0	313	8
414	0	0	626	5
414	0	0	939	9
414	0	0	1252	6
414	0	0	1513	10
415	0	0	313	8
415	0	0	626	5
415	0	0	730	9
415	0	0	1043	6
415	0	0	1304	10
416	0	0	313	8
416	0	0	626	5
416	0	0	782	9
416	0	0	1095	6
416	0	0	1356	10
417	0	0	313	8
417	0	0	626	5
417	0	0	1200	9
417	0	0	1722	6
418	0	0	313	8
418	0	0	626	5
418	0	0	834	9
418	0	0	1148	6
418	0	0	1408	10
419	0	0	313	8
419	0	0	626	5
419	0	0	782	9
419	0	0	1095	6
419	0	0	1356	10
420	0	0	313	8
420	0	0	626	5
420	0	0	834	9
420	0	0	1148	6
420	0	0	1408	10
421	0	0	313	8
421	0	0	626	5
421	0	0	1095	9
421	0	0	1565	6
422	0	0	313	8
422	0	0	626	5
422	0	0	782	9
422	0	0	1095	6
422	0	0	1356	10
423	0	0	313	8
423	0	0	626	5
423	0	0	939	9
423	0	0	1252	6
423	0	0	1513	10
424	0	0	313	8
424	0	0	626	5
424	0	0	834	9
424	0	0	1148	6
424	0	0	1408	10
425	0	0	313	8
425	0	0	626	5
425	0	0	1252	9
425	0	0	1617	6
426	0	0	313	8
426	0	0	626	5
426	0	0	730	9
426	0	0	1043	6
426	0	0	1304	10
427	0	0	313	8
427	0	0	626	5
427	0	0	939	9
427	0	0	1252	6
427	0	0	1565	10
428	0	0	313	8
428	0	0	626	5
428	0	0	1043	9
428	0	0	1461	6
429	0	0	313	8
429	0	0	626	5
429	0	0	939	6
429	0	0	1200	10
429	0	0	1252	9
430	0	0	313	8
430	0	0	626	5
430	0	0	1252	9
430	0	0	1982	6
431	0	0	313	8
431	0	0	626	5
431	0	0	730	9
431	0	0	1043	6
431	0	0	1304	10
432	0	0	313	8
432	0	0	626	5
432	0	0	939	9
432	0	0	1252	6
432	0	0	1513	10
433	0	0	313	8
433	0	0	626	5
433	0	0	834	9
433	0	0	1148	6
433	0	0	1408	10
434	0	0	313	8
434	0	0	626	5
434	0	0	939	9
434	0	0	1252	6
434	0	0	1513	10
435	0	0	313	8
435	0	0	626	5
435	0	0	678	9
435	0	0	991	6
435	0	0	1252	10
436	0	0	313	8
436	0	0	626	5
436	0	0	678	9
436	0	0	991	6
436	0	0	1252	10
437	0	0	313	8
437	0	0	626	5
437	0	0	1095	9
437	0	0	1461	6
438	0	0	313	8
438	0	0	626	5
438	0	0	834	9
438	0	0	1148	6
438	0	0	1408	10
439	0	0	313	8
439	0	0	626	5
439	0	0	1095	9
439	0	0	1513	6
440	0	0	313	8
440	0	0	626	5
440	0	0	730	9
440	0	0	1043	6
440	0	0	1304	10
441	0	0	313	8
441	0	0	626	5
441	0	0	678	9
441	0	0	991	6
441	0	0	1252	10
442	0	0	313	8
442	0	0	626	5
442	0	0	678	9
442	0	0	991	6
442	0	0	1252	10
443	0	0	313	8
443	0	0	626	5
443	0	0	782	9
443	0	0	1095	6
443	0	0	1356	10
444	0	0	313	8
444	0	0	626	5
444	0	0	1148	9
444	0	0	1617	6
445	0	0	313	8
445	0	0	626	5
445	0	0	887	9
445	0	0	1200	6
445	0	0	1461	10
446	0	0	313	8
446	0	0	626	5
446	0	0	730	9
446	0	0	1043	6
446	0	0	1304	10
447	0	0	313	8
447	0	0	626	5
447	0	0	887	9
447	0	0	1200	6
447	0	0	1461	10
448	0	0	313	8
448	0	0	626	5
448	0	0	1252	9
448	0	0	1826	6
449	0	0	313	8
449	0	0	626	5
449	0	0	678	9
449	0	0	991	6
449	0	0	1252	10
450	0	0	313	8
450	0	0	626	5
450	0	0	730	9
450	0	0	1043	6
450	0	0	1304	10
451	0	0	313	8
451	0	0	626	5
451	0	0	730	9
451	0	0	1043	6
451	0	0	1304	10
452	0	0	313	8
452	0	0	626	5
452	0	0	1148	9
452	0	0	1565	6
453	0	0	313	8
453	0	0	626	5
453	0	0	678	9
453	0	0	991	6
453	0	0	1252	10
454	0	0	313	8
454	0	0	626	5
454	0	0	1095	9
454	0	0	1513	6
455	0	0	313	8
455	0	0	626	5
455	0	0	939	6
455	0	0	1252	9
455	0	0	1617	10
456	0	0	313	8
456	0	0	626	5
456	0	0	887	9
456	0	0	1200	6
456	0	0	1461	10
457	0	0	313	8
457	0	0	626	5
457	0	0	834	9
457	0	0	1148	6
457	0	0	1408	10
458	0	0	313	8
458	0	0	626	5
458	0	0	730	9
458	0	0	1043	6
458	0	0	1304	10
459	0	0	313	8
459	0	0	626	9
459	0	0	939	6
459	0	0	1200	10
460	0	0	313	8
460	0	0	626	5
460	0	0	730	9
460	0	0	1043	6
460	0	0	1304	10
461	0	0	313	8
461	0	0	626	5
461	0	0	991	9
461	0	0	1304	6
461	0	0	1722	10
462	0	0	313	8
462	0	0	626	5
462	0	0	678	9
462	0	0	991	6
462	0	0	1252	10
463	0	0	313	8
463	0	0	626	5
463	0	0	887	9
463	0	0	1200	6
463	0	0	1461	10
464	0	0	313	8
464	0	0	626	5
464	0	0	730	9
464	0	0	1043	6
464	0	0	1304	10
465	0	0	313	8
465	0	0	626	5
465	0	0	1095	9
465	0	0	1513	6
466	0	0	313	8
466	0	0	626	5
466	0	0	939	9
466	0	0	1252	6
466	0	0	1513	10
467	0	0	313	8
467	0	0	626	5
467	0	0	730	9
467	0	0	1043	6
467	0	0	1304	10
468	0	0	313	8
468	0	0	626	5
468	0	0	1043	9
468	0	0	1408	6
469	0	0	313	8
469	0	0	626	5
469	0	0	678	9
469	0	0	991	6
469	0	0	1252	10
470	0	0	313	8
470	0	0	626	5
470	0	0	730	9
470	0	0	1043	6
470	0	0	1304	10
471	0	0	313	8
471	0	0	626	5
471	0	0	1148	9
471	0	0	1669	6
472	0	0	313	8
472	0	0	626	5
472	0	0	834	9
472	0	0	1148	6
472	0	0	1408	10
473	0	0	313	8
473	0	0	626	5
473	0	0	1043	9
473	0	0	1408	6
473	0	0	2035	10
474	0	0	313	8
474	0	0	626	5
474	0	0	782	9
474	0	0	1095	6
474	0	0	1356	10
475	0	0	313	8
475	0	0	626	5
475	0	0	991	6
475	0	0	1148	9
475	0	0	1408	10
476	0	0	313	8
476	0	0	626	5
476	0	0	678	9
476	0	0	991	6
476	0	0	1252	10
477	0	0	313	8
477	0	0	626	5
477	0	0	730	9
477	0	0	1043	6
477	0	0	1304	10
478	0	0	313	8
478	0	0	626	5
478	0	0	1252	9
478	0	0	1722	6
479	0	0	313	8
479	0	0	626	5
479	0	0	730	9
479	0	0	1043	6
479	0	0	1304	10
480	0	0	313	8
480	0	0	626	5
480	0	0	782	9
480	0	0	1095	6
480	0	0	1356	10
481	0	0	313	8
481	0	0	626	5
481	0	0	991	9
481	0	0	1356	6
481	0	0	1774	10
482	0	0	313	8
482	0	0	626	5
482	0	0	887	9
482	0	0	1200	6
482	0	0	1461	10
483	0	0	313	8
483	0	0	626	5
483	0	0	991	9
483	0	0	1304	6
483	0	0	1669	10
484	0	0	313	8
484	0	0	626	5
484	0	0	782	9
484	0	0	1095	6
484	0	0	1356	10
485	0	0	313	8
485	0	0	626	5
485	0	0	834	9
485	0	0	1148	6
485	0	0	1408	10
486	0	0	313	8
486	0	0	626	5
486	0	0	1252	9
486	0	0	1565	6
486	0	0	1826	10
487	0	0	313	8
487	0	0	626	5
487	0	0	782	9
487	0	0	1095	6
487	0	0	1356	10
488	0	0	313	8
488	0	0	626	5
488	0	0	678	9
488	0	0	991	6
488	0	0	1252	10
489	0	0	313	8
489	0	0	626	5
489	0	0	730	9
489	0	0	1043	6
489	0	0	1304	10
490	0	0	313	8
490	0	0	626	5
490	0	0	834	9
490	0	0	1148	6
490	0	0	1408	10
491	0	0	313	8
491	0	0	626	5
491	0	0	991	9
491	0	0	1304	6
491	0	0	1617	10
492	0	0	313	8
492	0	0	626	5
492	0	0	678	9
492	0	0	991	6
492	0	0	1252	10
493	0	0	313	8
493	0	0	626	5
493	0	0	678	9
493	0	0	991	6
493	0	0	1252	10
494	0	0	313	8
494	0	0	626	5
494	0	0	782	9
494	0	0	1095	6
494	0	0	1356	10
495	0	0	313	8
495	0	0	626	5
495	0	0	1252	9
495	0	0	1982	6
496	0	0	313	8
496	0	0	626	5
496	0	0	678	9
496	0	0	991	6
496	0	0	1252	10
497	0	0	313	8
497	0	0	626	5
497	0	0	834	9
497	0	0	1148	6
497	0	0	1408	10
498	0	0	313	8
498	0	0	626	5
498	0	0	1095	6
498	0	0	1148	9
498	0	0	1408	10
499	0	0	313	8
499	0	0	626	5
499	0	0	730	9
499	0	0	1043	6
499	0	0	1304	10
500	0	0	313	8
500	0	0	626	5
500	0	0	834	9
500	0	0	1148	6
500	0	0	1408	10
501	0	0	313	8
501	0	0	626	5
501	0	0	1252	9
501	0	0	1774	6
501	0	0	2035	10
502	0	0	313	8
502	0	0	626	5
502	0	0	939	9
502	0	0	1252	6
502	0	0	1513	10
503	0	0	313	8
503	0	0	626	5
503	0	0	1252	9
503	0	0	1826	6
504	0	0	313	8
504	0	0	626	5
504	0	0	730	9
504	0	0	1043	6
504	0	0	1304	10
505	0	0	313	8
505	0	0	626	5
505	0	0	782	9
505	0	0	1095	6
505	0	0	1356	10
506	0	0	313	8
506	0	0	626	5
506	0	0	678	9
506	0	0	991	6
506	0	0	1252	10
507	0	0	313	8
507	0	0	626	5
507	0	0	1095	9
507	0	0	1513	6
508	0	0	313	8
508	0	0	626	5
508	0	0	1043	9
508	0	0	1461	6
509	0	0	313	8
509	0	0	626	5
509	0	0	1043	9
509	0	0	1356	6
509	0	0	1930	10
510	0	0	313	8
510	0	0	626	5
510	0	0	678	9
510	0	0	991	6
510	0	0	1252	10
511	0	0	313	8
511	0	0	626	5
511	0	0	939	9
511	0	0	1252	6
511	0	0	1513	10
512	0	0	313	8
512	0	0	626	5
512	0	0	1148	9
512	0	0	1722	6
513	0	0	313	8
513	0	0	626	5
513	0	0	678	9
513	0	0	991	6
513	0	0	1252	10
514	0	0	313	8
514	0	0	626	5
514	0	0	834	9
514	0	0	1148	6
514	0	0	1408	10
515	0	0	313	8
515	0	0	626	5
515	0	0	678	9
515	0	0	991	6
515	0	0	1252	10
516	0	0	313	8
516	0	0	626	5
516	0	0	730	9
516	0	0	1043	6
516	0	0	1304	10
517	0	0	313	8
517	0	0	626	5
517	0	0	887	9
517	0	0	1200	6
517	0	0	1461	10
518	0	0	313	8
518	0	0	626	5
518	0	0	1148	9
518	0	0	1461	6
519	0	0	313	8
519	0	0	626	5
519	0	0	730	9
519	0	0	1043	6
519	0	0	1304	10
520	0	0	313	8
520	0	0	626	5
520	0	0	1200	9
520	0	0	1722	6
521	0	0	313	8
521	0	0	626	5
521	0	0	730	9
521	0	0	1043	6
521	0	0	1304	10
522	0	0	313	8
522	0	0	626	5
522	0	0	1252	9
522	0	0	1982	6
523	0	0	313	8
523	0	0	626	5
523	0	0	678	9
523	0	0	991	6
523	0	0	1252	10
524	0	0	313	8
524	0	0	626	5
524	0	0	782	9
524	0	0	1095	6
524	0	0	1356	10
525	0	0	313	8
525	0	0	626	5
525	0	0	678	9
525	0	0	991	6
525	0	0	1252	10
526	0	0	313	8
526	0	0	626	5
526	0	0	782	9
526	0	0	1095	6
526	0	0	1356	10
527	0	0	313	8
527	0	0	626	5
527	0	0	730	9
527	0	0	1043	6
527	0	0	1304	10
528	0	0	313	8
528	0	0	626	5
528	0	0	678	9
528	0	0	991	6
528	0	0	1252	10
529	0	0	313	8
529	0	0	626	5
529	0	0	1356	9
530	0	0	313	8
530	0	0	626	5
530	0	0	730	9
530	0	0	1043	6
530	0	0	1304	10
531	0	0	313	8
531	0	0	626	5
531	0	0	887	9
531	0	0	1200	6
531	0	0	1461	10
532	0	0	313	8
532	0	0	626	5
532	0	0	991	9
532	0	0	1304	6
532	0	0	1617	10
533	0	0	313	8
533	0	0	626	5
533	0	0	1095	6
533	0	0	1252	9
534	0	0	313	8
534	0	0	626	5
534	0	0	939	9
534	0	0	1252	6
534	0	0	1513	10
535	0	0	313	8
535	0	0	626	5
535	0	0	834	9
535	0	0	1148	6
535	0	0	1408	10
536	0	0	313	8
536	0	0	626	5
536	0	0	678	9
536	0	0	991	6
536	0	0	1252	10
537	0	0	313	8
537	0	0	626	5
537	0	0	730	9
537	0	0	1043	6
537	0	0	1304	10
538	0	0	313	8
538	0	0	626	5
538	0	0	834	9
538	0	0	1148	6
538	0	0	1408	10
539	0	0	313	8
539	0	0	626	5
539	0	0	939	9
539	0	0	1252	6
539	0	0	1513	10
540	0	0	313	8
540	0	0	626	5
540	0	0	991	9
540	0	0	1356	6
540	0	0	1774	10
541	0	0	313	8
541	0	0	626	5
541	0	0	782	9
541	0	0	1095	6
541	0	0	1356	10
542	0	0	313	8
542	0	0	626	5
542	0	0	730	9
542	0	0	1043	6
542	0	0	1304	10
543	0	0	313	8
543	0	0	626	5
543	0	0	1304	9
543	0	0	1982	6
544	0	0	313	8
544	0	0	626	5
544	0	0	782	9
544	0	0	1095	6
544	0	0	1356	10
545	0	0	313	8
545	0	0	626	5
545	0	0	782	9
545	0	0	1095	6
545	0	0	1356	10
546	0	0	313	8
546	0	0	626	5
546	0	0	1095	9
546	0	0	1565	6
547	0	0	313	8
547	0	0	626	5
547	0	0	678	9
547	0	0	991	6
547	0	0	1252	10
548	0	0	313	8
548	0	0	626	5
548	0	0	991	9
548	0	0	1356	6
548	0	0	1930	10
549	0	0	313	8
549	0	0	626	5
549	0	0	678	9
549	0	0	991	6
549	0	0	1252	10
550	0	0	313	8
550	0	0	626	5
550	0	0	1252	9
550	0	0	1826	6
551	0	0	313	8
551	0	0	626	5
551	0	0	782	9
551	0	0	1095	6
551	0	0	1356	10
552	0	0	313	8
552	0	0	626	5
552	0	0	1252	9
552	0	0	1930	6
553	0	0	313	8
553	0	0	626	5
553	0	0	991	9
553	0	0	1356	6
553	0	0	1774	10
554	0	0	313	8
554	0	0	626	5
554	0	0	939	9
554	0	0	1252	6
554	0	0	1565	10
555	0	0	313	8
555	0	0	626	5
555	0	0	730	9
555	0	0	1043	6
555	0	0	1304	10
556	0	0	313	8
556	0	0	626	5
556	0	0	887	9
556	0	0	1200	6
556	0	0	1461	10
557	0	0	313	8
557	0	0	626	5
557	0	0	678	9
557	0	0	991	6
557	0	0	1252	10
558	0	0	313	8
558	0	0	626	5
558	0	0	678	9
558	0	0	991	6
558	0	0	1252	10
559	0	0	313	8
559	0	0	626	5
559	0	0	730	9
559	0	0	1043	6
559	0	0	1304	10
560	0	0	313	8
560	0	0	626	5
560	0	0	678	9
560	0	0	991	6
560	0	0	1252	10
561	0	0	313	8
561	0	0	626	5
561	0	0	1043	9
561	0	0	1408	6
561	0	0	1982	10
562	0	0	313	8
562	0	0	626	5
562	0	0	678	9
562	0	0	991	6
562	0	0	1252	10
563	0	0	313	8
563	0	0	626	5
563	0	0	730	9
563	0	0	1043	6
563	0	0	1304	10
564	0	0	313	8
564	0	0	626	5
564	0	0	1095	9
564	0	0	1513	6
565	0	0	313	8
565	0	0	626	5
565	0	0	1043	9
565	0	0	1408	6
566	0	0	313	8
566	0	0	626	5
566	0	0	782	9
566	0	0	1095	6
566	0	0	1356	10
567	0	0	313	8
567	0	0	626	5
567	0	0	939	9
567	0	0	1252	6
567	0	0	1565	10
568	0	0	313	8
568	0	0	626	5
568	0	0	678	9
568	0	0	991	6
568	0	0	1252	10
569	0	0	313	8
569	0	0	626	5
569	0	0	834	9
569	0	0	1148	6
569	0	0	1408	10
570	0	0	313	8
570	0	0	626	5
570	0	0	939	9
570	0	0	1252	6
570	0	0	1617	10
571	0	0	313	8
571	0	0	626	5
571	0	0	991	9
571	0	0	1304	6
571	0	0	1617	10
572	0	0	313	8
572	0	0	626	5
572	0	0	678	9
572	0	0	991	6
572	0	0	1252	10
573	0	0	313	8
573	0	0	626	5
573	0	0	1043	9
573	0	0	1408	6
574	0	0	313	8
574	0	0	626	5
574	0	0	678	9
574	0	0	991	6
574	0	0	1252	10
575	0	0	313	8
575	0	0	626	5
575	0	0	991	9
575	0	0	1304	6
575	0	0	1669	10
576	0	0	313	8
576	0	0	626	5
576	0	0	678	9
576	0	0	991	6
576	0	0	1252	10
577	0	0	313	8
577	0	0	626	5
577	0	0	678	9
577	0	0	991	6
577	0	0	1252	10
578	0	0	313	8
578	0	0	626	5
578	0	0	939	9
578	0	0	1252	6
578	0	0	1513	10
579	0	0	313	8
579	0	0	626	5
579	0	0	678	9
579	0	0	991	6
579	0	0	1252	10
580	0	0	313	8
580	0	0	626	5
580	0	0	782	9
580	0	0	1095	6
580	0	0	1356	10
581	0	0	313	8
581	0	0	626	5
581	0	0	678	9
581	0	0	991	6
581	0	0	1252	10
582	0	0	313	8
582	0	0	626	5
582	0	0	730	9
582	0	0	1043	6
582	0	0	1304	10
583	0	0	313	8
583	0	0	626	5
583	0	0	782	9
583	0	0	1095	6
583	0	0	1356	10
584	0	0	313	8
584	0	0	626	5
584	0	0	678	9
584	0	0	991	6
584	0	0	1252	10
585	0	0	313	8
585	0	0	626	5
585	0	0	991	9
585	0	0	1304	6
585	0	0	1722	10
586	0	0	313	8
586	0	0	626	5
586	0	0	678	9
586	0	0	991	6
586	0	0	1252	10
587	0	0	313	8
587	0	0	626	5
587	0	0	939	9
587	0	0	1252	6
587	0	0	1513	10
588	0	0	313	8
588	0	0	626	5
588	0	0	1095	9
588	0	0	1461	6
588	0	0	1722	10
589	0	0	313	8
589	0	0	626	5
589	0	0	939	9
589	0	0	1252	6
589	0	0	1513	10
590	0	0	313	8
590	0	0	626	5
590	0	0	782	9
590	0	0	1095	6
590	0	0	1356	10
591	0	0	313	8
591	0	0	626	5
591	0	0	939	9
591	0	0	1252	6
591	0	0	1565	10
592	0	0	313	8
592	0	0	626	5
592	0	0	678	9
592	0	0	991	6
592	0	0	1252	10
593	0	0	313	8
593	0	0	626	5
593	0	0	1095	9
593	0	0	1565	6
594	0	0	313	8
594	0	0	626	5
594	0	0	1200	9
594	0	0	1722	6
595	0	0	313	8
595	0	0	626	5
595	0	0	678	9
595	0	0	991	6
595	0	0	1252	10
596	0	0	313	8
596	0	0	626	5
596	0	0	782	9
596	0	0	1095	6
596	0	0	1356	10
597	0	0	313	8
597	0	0	626	5
597	0	0	782	9
597	0	0	1095	6
597	0	0	1356	10
598	0	0	313	8
598	0	0	626	5
598	0	0	782	9
598	0	0	1095	6
598	0	0	1356	10
599	0	0	313	8
599	0	0	626	5
599	0	0	939	6
599	0	0	1095	9
599	0	0	1461	10
600	0	0	313	8
600	0	0	626	5
600	0	0	834	9
600	0	0	1148	6
600	0	0	1408	10
601	0	0	313	8
601	0	0	626	5
601	0	0	730	9
601	0	0	1043	6
601	0	0	1304	10
602	0	0	313	8
602	0	0	626	5
602	0	0	730	9
602	0	0	1043	6
602	0	0	1304	10
603	0	0	313	8
603	0	0	626	5
603	0	0	782	9
603	0	0	1095	6
603	0	0	1356	10
604	0	0	313	8
604	0	0	626	5
604	0	0	678	9
604	0	0	991	6
604	0	0	1252	10
605	0	0	313	8
605	0	0	626	5
605	0	0	887	9
605	0	0	1200	6
605	0	0	1461	10
606	0	0	313	8
606	0	0	626	5
606	0	0	782	9
606	0	0	1095	6
606	0	0	1356	10
607	0	0	313	8
607	0	0	626	5
607	0	0	939	6
607	0	0	991	9
607	0	0	1252	10
608	0	0	313	8
608	0	0	626	5
608	0	0	887	9
608	0	0	1200	6
608	0	0	1461	10
609	0	0	313	8
609	0	0	626	5
609	0	0	834	9
609	0	0	1148	6
609	0	0	1408	10
610	0	0	313	8
610	0	0	626	5
610	0	0	1043	9
610	0	0	1408	6
611	0	0	313	8
611	0	0	626	5
611	0	0	678	9
611	0	0	991	6
611	0	0	1252	10
612	0	0	313	8
612	0	0	626	5
612	0	0	1043	9
612	0	0	1461	6
613	0	0	313	8
613	0	0	626	5
613	0	0	678	9
613	0	0	991	6
613	0	0	1252	10
614	0	0	313	8
614	0	0	626	5
614	0	0	782	9
614	0	0	1095	6
614	0	0	1356	10
615	0	0	313	8
615	0	0	626	5
615	0	0	782	9
615	0	0	1095	6
615	0	0	1356	10
616	0	0	313	8
616	0	0	626	5
616	0	0	678	9
616	0	0	991	6
616	0	0	1252	10
617	0	0	313	8
617	0	0	626	5
617	0	0	730	9
617	0	0	1043	6
617	0	0	1304	10
618	0	0	313	8
618	0	0	626	5
618	0	0	1095	9
618	0	0	1461	6
619	0	0	313	8
619	0	0	626	5
619	0	0	939	9
619	0	0	1252	6
619	0	0	1513	10
620	0	0	313	8
620	0	0	626	5
620	0	0	782	9
620	0	0	1095	6
620	0	0	1356	10
621	0	0	313	8
621	0	0	626	5
621	0	0	991	9
621	0	0	1304	6
621	0	0	1722	10
622	0	0	313	8
622	0	0	626	5
622	0	0	1304	9
623	0	0	313	8
623	0	0	626	5
623	0	0	1356	9
623	0	0	1722	6
624	0	0	313	8
624	0	0	626	5
624	0	0	730	9
624	0	0	1043	6
624	0	0	1304	10
625	0	0	313	8
625	0	0	626	5
625	0	0	939	9
625	0	0	1252	6
625	0	0	1513	10
626	0	0	313	8
626	0	0	626	5
626	0	0	939	9
626	0	0	1252	6
626	0	0	1513	10
627	0	0	313	8
627	0	0	626	5
627	0	0	782	9
627	0	0	1095	6
627	0	0	1356	10
628	0	0	313	8
628	0	0	626	5
628	0	0	1043	9
629	0	0	313	8
629	0	0	626	5
629	0	0	1356	9
630	0	0	313	8
630	0	0	626	5
630	0	0	730	9
630	0	0	1043	6
630	0	0	1304	10
631	0	0	313	8
631	0	0	626	5
631	0	0	1252	9
631	0	0	1982	6
632	0	0	313	8
632	0	0	626	5
632	0	0	782	9
632	0	0	1095	6
632	0	0	1356	10
633	0	0	313	8
633	0	0	626	5
633	0	0	834	9
633	0	0	1148	6
633	0	0	1408	10
634	0	0	313	8
634	0	0	626	5
634	0	0	678	9
634	0	0	991	6
634	0	0	1252	10
635	0	0	313	8
635	0	0	626	5
635	0	0	782	9
635	0	0	1095	6
635	0	0	1356	10
636	0	0	313	8
636	0	0	626	5
636	0	0	939	9
636	0	0	1252	6
636	0	0	1565	10
637	0	0	313	8
637	0	0	626	5
637	0	0	678	9
637	0	0	991	6
637	0	0	1252	10
638	0	0	313	8
638	0	0	626	5
638	0	0	678	9
638	0	0	991	6
638	0	0	1252	10
639	0	0	313	8
639	0	0	626	5
639	0	0	887	9
639	0	0	1200	6
639	0	0	1461	10
640	0	0	313	8
640	0	0	626	5
640	0	0	678	9
640	0	0	991	6
640	0	0	1252	10
641	0	0	313	8
641	0	0	626	5
641	0	0	730	9
641	0	0	1043	6
641	0	0	1304	10
642	0	0	313	8
642	0	0	626	5
642	0	0	1043	9
642	0	0	1461	6
643	0	0	313	8
643	0	0	626	5
643	0	0	782	9
643	0	0	1095	6
643	0	0	1356	10
644	0	0	313	8
644	0	0	626	5
644	0	0	834	9
644	0	0	1148	6
644	0	0	1408	10
645	0	0	313	8
645	0	0	626	5
645	0	0	1043	9
645	0	0	1461	6
646	0	0	313	8
646	0	0	626	5
646	0	0	782	9
646	0	0	1095	6
646	0	0	1356	10
647	0	0	313	8
647	0	0	626	5
647	0	0	678	9
647	0	0	991	6
647	0	0	1252	10
648	0	0	313	8
648	0	0	626	5
648	0	0	678	9
648	0	0	991	6
648	0	0	1252	10
649	0	0	313	8
649	0	0	626	5
649	0	0	678	9
649	0	0	991	6
649	0	0	1252	10
650	0	0	313	8
650	0	0	626	5
650	0	0	939	9
650	0	0	1252	6
650	0	0	1513	10
651	0	0	313	8
651	0	0	626	5
651	0	0	939	6
651	0	0	1148	9
651	0	0	1408	10
652	0	0	313	8
652	0	0	626	5
652	0	0	834	9
652	0	0	1148	6
652	0	0	1408	10
653	0	0	313	8
653	0	0	626	5
653	0	0	939	9
653	0	0	1252	6
653	0	0	1513	10
654	0	0	313	8
654	0	0	626	5
654	0	0	678	9
654	0	0	991	6
654	0	0	1252	10
655	0	0	313	8
655	0	0	626	5
655	0	0	678	9
655	0	0	991	6
655	0	0	1252	10
656	0	0	313	8
656	0	0	626	5
656	0	0	1148	9
656	0	0	1669	6
657	0	0	313	8
657	0	0	626	5
657	0	0	939	9
657	0	0	1252	6
657	0	0	1513	10
658	0	0	313	8
658	0	0	626	5
658	0	0	834	9
658	0	0	1148	6
658	0	0	1408	10
659	0	0	313	8
659	0	0	626	5
659	0	0	678	9
659	0	0	991	6
659	0	0	1252	10
660	0	0	313	8
660	0	0	626	5
660	0	0	678	9
660	0	0	991	6
660	0	0	1252	10
661	0	0	313	8
661	0	0	626	5
661	0	0	834	9
661	0	0	1148	6
661	0	0	1408	10
662	0	0	313	8
662	0	0	626	5
662	0	0	678	9
662	0	0	991	6
662	0	0	1252	10
663	0	0	313	8
663	0	0	626	5
663	0	0	678	9
663	0	0	991	6
663	0	0	1252	10
664	0	0	313	8
664	0	0	626	5
664	0	0	939	9
664	0	0	1252	6
664	0	0	1513	10
665	0	0	313	8
665	0	0	626	5
665	0	0	730	9
665	0	0	1043	6
665	0	0	1304	10
666	0	0	313	8
666	0	0	626	5
666	0	0	887	9
666	0	0	1200	6
666	0	0	1461	10
667	0	0	313	8
667	0	0	626	5
667	0	0	939	9
667	0	0	1252	6
667	0	0	1565	10
668	0	0	313	8
668	0	0	626	5
668	0	0	730	9
668	0	0	1043	6
668	0	0	1304	10
669	0	0	313	8
669	0	0	626	5
669	0	0	782	9
669	0	0	1095	6
669	0	0	1356	10
670	0	0	313	8
670	0	0	626	5
670	0	0	730	9
670	0	0	1043	6
670	0	0	1304	10
671	0	0	313	8
671	0	0	626	5
671	0	0	939	9
671	0	0	1252	6
671	0	0	1513	10
672	0	0	313	8
672	0	0	626	5
672	0	0	939	9
672	0	0	1252	6
672	0	0	1513	10
673	0	0	313	8
673	0	0	626	9
673	0	0	939	6
673	0	0	1200	10
674	0	0	313	8
674	0	0	626	5
674	0	0	678	9
674	0	0	991	6
674	0	0	1252	10
675	0	0	313	8
675	0	0	626	5
675	0	0	678	9
675	0	0	991	6
675	0	0	1252	10
676	0	0	313	8
676	0	0	626	5
676	0	0	1252	9
676	0	0	1982	6
677	0	0	313	8
677	0	0	626	5
677	0	0	834	9
677	0	0	1148	6
677	0	0	1408	10
678	0	0	313	8
678	0	0	626	5
678	0	0	1095	9
678	0	0	1356	10
679	0	0	313	8
679	0	0	626	5
679	0	0	730	9
679	0	0	1043	6
679	0	0	1304	10
680	0	0	313	8
680	0	0	626	5
680	0	0	1252	9
680	0	0	1982	6
681	0	0	313	8
681	0	0	626	9
681	0	0	939	6
681	0	0	1200	10
682	0	0	313	8
682	0	0	626	5
682	0	0	678	9
682	0	0	991	6
682	0	0	1252	10
683	0	0	313	8
683	0	0	626	5
683	0	0	991	9
683	0	0	1356	6
683	0	0	1878	10
684	0	0	313	8
684	0	0	626	5
684	0	0	678	9
684	0	0	991	6
684	0	0	1252	10
685	0	0	313	8
685	0	0	626	5
685	0	0	1304	9
686	0	0	313	8
686	0	0	626	5
686	0	0	939	6
686	0	0	991	9
686	0	0	1252	10
687	0	0	313	8
687	0	0	626	5
687	0	0	678	9
687	0	0	991	6
687	0	0	1252	10
688	0	0	313	8
688	0	0	626	5
688	0	0	782	9
688	0	0	1095	6
688	0	0	1356	10
689	0	0	313	8
689	0	0	626	5
689	0	0	678	9
689	0	0	991	6
689	0	0	1252	10
690	0	0	313	8
690	0	0	626	5
690	0	0	1148	9
690	0	0	1617	6
691	0	0	313	8
691	0	0	626	5
691	0	0	991	9
691	0	0	1304	6
691	0	0	1722	10
692	0	0	313	8
692	0	0	626	5
692	0	0	834	9
692	0	0	1148	6
692	0	0	1408	10
693	0	0	313	8
693	0	0	626	5
693	0	0	782	9
693	0	0	1095	6
693	0	0	1356	10
694	0	0	313	8
694	0	0	626	5
694	0	0	678	9
694	0	0	991	6
694	0	0	1252	10
695	0	0	313	8
695	0	0	626	5
695	0	0	939	9
695	0	0	1252	6
695	0	0	1513	10
696	0	0	313	8
696	0	0	626	5
696	0	0	730	9
696	0	0	1043	6
696	0	0	1304	10
697	0	0	313	8
697	0	0	626	5
697	0	0	1043	9
697	0	0	1461	6
698	0	0	313	8
698	0	0	626	5
698	0	0	678	9
698	0	0	991	6
698	0	0	1252	10
699	0	0	313	8
699	0	0	626	5
699	0	0	730	9
699	0	0	1043	6
699	0	0	1304	10
700	0	0	313	8
700	0	0	626	5
700	0	0	678	9
700	0	0	991	6
700	0	0	1252	10
701	0	0	313	8
701	0	0	626	5
701	0	0	887	9
701	0	0	1200	6
701	0	0	1461	10
702	0	0	313	8
702	0	0	626	5
702	0	0	782	9
702	0	0	1095	6
702	0	0	1356	10
703	0	0	313	8
703	0	0	626	5
703	0	0	834	9
703	0	0	1148	6
703	0	0	1408	10
704	0	0	313	8
704	0	0	626	5
704	0	0	887	9
704	0	0	1200	6
704	0	0	1461	10
705	0	0	313	8
705	0	0	626	5
705	0	0	991	9
705	0	0	1304	6
705	0	0	1669	10
706	0	0	313	8
706	0	0	626	5
706	0	0	730	9
706	0	0	1043	6
706	0	0	1304	10
707	0	0	313	8
707	0	0	626	5
707	0	0	678	9
707	0	0	991	6
707	0	0	1252	10
708	0	0	313	8
708	0	0	626	5
708	0	0	991	9
708	0	0	1304	6
708	0	0	1669	10
709	0	0	313	8
709	0	0	626	5
709	0	0	834	9
709	0	0	1148	6
709	0	0	1408	10
710	0	0	313	8
710	0	0	626	5
710	0	0	991	9
710	0	0	1304	6
710	0	0	1669	10
711	0	0	313	8
711	0	0	626	5
711	0	0	887	9
711	0	0	1200	6
711	0	0	1461	10
712	0	0	313	8
712	0	0	626	5
712	0	0	834	9
712	0	0	1148	6
712	0	0	1408	10
713	0	0	313	8
713	0	0	626	5
713	0	0	782	9
713	0	0	1095	6
713	0	0	1356	10
714	0	0	313	8
714	0	0	626	5
714	0	0	1095	9
714	0	0	1565	6
715	0	0	313	8
715	0	0	626	5
715	0	0	678	9
715	0	0	991	6
715	0	0	1252	10
716	0	0	313	8
716	0	0	626	5
716	0	0	1043	9
716	0	0	1408	6
717	0	0	313	8
717	0	0	626	5
717	0	0	939	9
717	0	0	1252	6
717	0	0	1617	10
718	0	0	313	8
718	0	0	626	5
718	0	0	730	9
718	0	0	1043	6
718	0	0	1304	10
719	0	0	313	8
719	0	0	626	5
719	0	0	939	9
719	0	0	1252	6
719	0	0	1617	10
720	0	0	313	8
720	0	0	626	5
720	0	0	834	9
720	0	0	1148	6
720	0	0	1408	10
721	0	0	313	8
721	0	0	626	5
721	0	0	782	9
721	0	0	1095	6
721	0	0	1356	10
722	0	0	313	8
722	0	0	626	5
722	0	0	730	9
722	0	0	1043	6
722	0	0	1304	10
723	0	0	313	8
723	0	0	626	5
723	0	0	782	9
723	0	0	1095	6
723	0	0	1356	10
724	0	0	313	8
724	0	0	626	5
724	0	0	782	9
724	0	0	1095	6
724	0	0	1356	10
725	0	0	313	8
725	0	0	626	5
725	0	0	678	9
725	0	0	991	6
725	0	0	1252	10
726	0	0	313	8
726	0	0	626	5
726	0	0	782	9
726	0	0	1095	6
726	0	0	1356	10
727	0	0	313	8
727	0	0	626	5
727	0	0	678	9
727	0	0	991	6
727	0	0	1252	10
728	0	0	313	8
728	0	0	626	5
728	0	0	991	9
728	0	0	1356	6
728	0	0	1878	10
729	0	0	313	8
729	0	0	626	5
729	0	0	1304	9
729	0	0	2035	6
730	0	0	313	8
730	0	0	626	5
730	0	0	939	9
730	0	0	1252	6
730	0	0	1565	10
731	0	0	313	8
731	0	0	626	5
731	0	0	939	9
731	0	0	1200	10
732	0	0	313	8
732	0	0	626	5
732	0	0	782	9
732	0	0	1095	6
732	0	0	1356	10
733	0	0	313	8
733	0	0	626	5
733	0	0	678	9
733	0	0	991	6
733	0	0	1252	10
734	0	0	313	8
734	0	0	626	5
734	0	0	939	9
734	0	0	1252	6
734	0	0	1513	10
735	0	0	313	8
735	0	0	626	5
735	0	0	887	9
735	0	0	1200	6
735	0	0	1461	10
736	0	0	313	8
736	0	0	626	5
736	0	0	834	9
736	0	0	1148	6
736	0	0	1408	10
737	0	0	313	8
737	0	0	626	5
737	0	0	1148	9
737	0	0	1669	6
738	0	0	313	8
738	0	0	626	5
738	0	0	887	9
738	0	0	1200	6
738	0	0	1461	10
739	0	0	313	8
739	0	0	626	5
739	0	0	1095	9
739	0	0	1565	6
740	0	0	313	8
740	0	0	626	5
740	0	0	678	9
740	0	0	991	6
740	0	0	1252	10
741	0	0	313	8
741	0	0	626	5
741	0	0	1148	9
741	0	0	1617	6
742	0	0	313	8
742	0	0	626	5
742	0	0	730	9
742	0	0	1043	6
742	0	0	1304	10
743	0	0	313	8
743	0	0	626	5
743	0	0	678	9
743	0	0	991	6
743	0	0	1252	10
744	0	0	313	8
744	0	0	626	5
744	0	0	834	9
744	0	0	1148	6
744	0	0	1408	10
745	0	0	313	8
745	0	0	626	5
745	0	0	834	9
745	0	0	1148	6
745	0	0	1408	10
746	0	0	313	8
746	0	0	626	5
746	0	0	991	9
746	0	0	1304	6
746	0	0	1722	10
747	0	0	313	8
747	0	0	626	5
747	0	0	834	9
747	0	0	1148	6
747	0	0	1408	10
748	0	0	313	8
748	0	0	626	5
748	0	0	678	9
748	0	0	991	6
748	0	0	1252	10
749	0	0	313	8
749	0	0	626	5
749	0	0	1356	9
750	0	0	313	8
750	0	0	626	5
750	0	0	939	9
750	0	0	1252	6
750	0	0	1513	10
751	0	0	313	8
751	0	0	626	5
751	0	0	1095	9
751	0	0	1513	6
752	0	0	313	8
752	0	0	626	5
752	0	0	730	9
752	0	0	1043	6
752	0	0	1304	10
753	0	0	313	8
753	0	0	626	5
753	0	0	730	9
753	0	0	1043	6
753	0	0	1304	10
754	0	0	313	8
754	0	0	626	5
754	0	0	887	9
754	0	0	1200	6
754	0	0	1461	10
755	0	0	313	8
755	0	0	626	5
755	0	0	730	9
755	0	0	1043	6
755	0	0	1304	10
756	0	0	313	8
756	0	0	626	5
756	0	0	939	9
756	0	0	1252	6
756	0	0	1513	10
757	0	0	313	8
757	0	0	626	5
757	0	0	782	9
757	0	0	1095	6
757	0	0	1356	10
758	0	0	313	8
758	0	0	626	5
758	0	0	730	9
758	0	0	1043	6
758	0	0	1304	10
759	0	0	313	8
759	0	0	626	5
759	0	0	730	9
759	0	0	1043	6
759	0	0	1304	10
760	0	0	313	8
760	0	0	626	5
760	0	0	678	9
760	0	0	991	6
760	0	0	1252	10
761	0	0	313	8
761	0	0	626	5
761	0	0	939	9
761	0	0	1252	6
761	0	0	1513	10
762	0	0	313	8
762	0	0	626	5
762	0	0	730	9
762	0	0	1043	6
762	0	0	1304	10
763	0	0	313	8
763	0	0	626	5
763	0	0	1200	9
763	0	0	1513	6
764	0	0	313	8
764	0	0	626	5
764	0	0	834	9
764	0	0	1148	6
764	0	0	1408	10
765	0	0	313	8
765	0	0	626	5
765	0	0	678	9
765	0	0	991	6
765	0	0	1252	10
766	0	0	313	8
766	0	0	626	5
766	0	0	678	9
766	0	0	991	6
766	0	0	1252	10
767	0	0	313	8
767	0	0	626	5
767	0	0	939	9
767	0	0	1252	6
767	0	0	1565	10
768	0	0	313	8
768	0	0	626	5
768	0	0	887	9
768	0	0	1200	6
768	0	0	1461	10
769	0	0	313	8
769	0	0	626	5
769	0	0	991	9
769	0	0	1304	6
769	0	0	1669	10
770	0	0	313	8
770	0	0	626	5
770	0	0	939	9
770	0	0	1252	6
770	0	0	1513	10
771	0	0	313	8
771	0	0	626	5
771	0	0	730	9
771	0	0	1043	6
771	0	0	1304	10
772	0	0	313	8
772	0	0	626	5
772	0	0	834	9
772	0	0	1148	6
772	0	0	1408	10
773	0	0	313	8
773	0	0	626	5
773	0	0	782	9
773	0	0	1095	6
773	0	0	1356	10
774	0	0	313	8
774	0	0	626	5
774	0	0	1252	9
774	0	0	1774	6
775	0	0	313	8
775	0	0	626	5
775	0	0	678	9
775	0	0	991	6
775	0	0	1252	10
776	0	0	313	8
776	0	0	626	5
776	0	0	782	9
776	0	0	1095	6
776	0	0	1356	10
777	0	0	313	8
777	0	0	626	5
777	0	0	1043	9
777	0	0	1408	6
777	0	0	1878	10
778	0	0	313	8
778	0	0	626	5
778	0	0	834	9
778	0	0	1148	6
778	0	0	1408	10
779	0	0	313	8
779	0	0	626	5
779	0	0	1148	9
779	0	0	1617	6
780	0	0	313	8
780	0	0	626	5
780	0	0	1148	9
780	0	0	1669	6
781	0	0	313	8
781	0	0	626	5
781	0	0	678	9
781	0	0	991	6
781	0	0	1252	10
782	0	0	313	8
782	0	0	626	5
782	0	0	678	9
782	0	0	991	6
782	0	0	1252	10
783	0	0	313	8
783	0	0	626	5
783	0	0	1304	9
783	0	0	2035	6
784	0	0	313	8
784	0	0	626	5
784	0	0	1304	9
785	0	0	313	8
785	0	0	626	5
785	0	0	782	9
785	0	0	1095	6
785	0	0	1356	10
786	0	0	313	8
786	0	0	626	5
786	0	0	1148	9
786	0	0	1669	6
787	0	0	313	8
787	0	0	626	5
787	0	0	730	9
787	0	0	1043	6
787	0	0	1304	10
788	0	0	313	8
788	0	0	626	5
788	0	0	939	9
788	0	0	1304	6
788	0	0	1617	10
789	0	0	313	8
789	0	0	626	5
789	0	0	730	9
789	0	0	1043	6
789	0	0	1304	10
790	0	0	313	8
790	0	0	626	5
790	0	0	834	9
790	0	0	1148	6
790	0	0	1408	10
791	0	0	313	8
791	0	0	626	5
791	0	0	1252	9
791	0	0	1826	6
792	0	0	313	8
792	0	0	626	5
792	0	0	730	9
792	0	0	1043	6
792	0	0	1304	10
793	0	0	313	8
793	0	0	626	5
793	0	0	730	9
793	0	0	1043	6
793	0	0	1304	10
794	0	0	313	8
794	0	0	626	5
794	0	0	939	9
794	0	0	1252	6
794	0	0	1513	10
795	0	0	313	8
795	0	0	626	5
795	0	0	939	9
795	0	0	1252	6
795	0	0	1565	10
796	0	0	313	8
796	0	0	626	5
796	0	0	678	9
796	0	0	991	6
796	0	0	1252	10
797	0	0	313	8
797	0	0	626	5
797	0	0	678	9
797	0	0	991	6
797	0	0	1252	10
798	0	0	313	8
798	0	0	626	5
798	0	0	1304	9
798	0	0	1982	6
799	0	0	313	8
799	0	0	626	5
799	0	0	730	9
799	0	0	1043	6
799	0	0	1304	10
800	0	0	313	8
800	0	0	626	5
800	0	0	730	9
800	0	0	1043	6
800	0	0	1304	10
801	0	0	313	8
801	0	0	626	5
801	0	0	1095	9
801	0	0	1565	6
801	0	0	1826	10
802	0	0	313	8
802	0	0	626	5
802	0	0	782	9
802	0	0	1095	6
802	0	0	1356	10
803	0	0	313	8
803	0	0	626	5
803	0	0	678	9
803	0	0	991	6
803	0	0	1252	10
804	0	0	313	8
804	0	0	626	5
804	0	0	678	9
804	0	0	991	6
804	0	0	1252	10
805	0	0	313	8
805	0	0	626	5
805	0	0	782	9
805	0	0	1095	6
805	0	0	1356	10
806	0	0	313	8
806	0	0	626	5
806	0	0	834	9
806	0	0	1148	6
806	0	0	1408	10
807	0	0	313	8
807	0	0	626	5
807	0	0	887	9
807	0	0	1200	6
807	0	0	1461	10
808	0	0	313	8
808	0	0	626	5
808	0	0	1148	9
808	0	0	1669	6
809	0	0	313	8
809	0	0	626	5
809	0	0	939	9
809	0	0	1252	6
809	0	0	1513	10
810	0	0	313	8
810	0	0	626	5
810	0	0	887	9
810	0	0	1200	6
810	0	0	1461	10
811	0	0	313	8
811	0	0	626	5
811	0	0	991	9
811	0	0	1356	6
811	0	0	1930	10
812	0	0	313	8
812	0	0	626	5
812	0	0	1043	9
812	0	0	1461	6
813	0	0	313	8
813	0	0	626	5
813	0	0	678	9
813	0	0	991	6
813	0	0	1252	10
814	0	0	313	8
814	0	0	626	5
814	0	0	1043	9
814	0	0	1461	6
815	0	0	313	8
815	0	0	626	5
815	0	0	1043	9
815	0	0	1461	6
816	0	0	313	8
816	0	0	626	5
816	0	0	1252	9
816	0	0	1982	6
817	0	0	313	8
817	0	0	626	5
817	0	0	678	9
817	0	0	991	6
817	0	0	1252	10
818	0	0	313	8
818	0	0	626	5
818	0	0	782	9
818	0	0	1095	6
818	0	0	1356	10
819	0	0	313	8
819	0	0	626	5
819	0	0	834	9
819	0	0	1148	6
819	0	0	1408	10
820	0	0	313	8
820	0	0	626	5
820	0	0	834	9
820	0	0	1148	6
820	0	0	1408	10
821	0	0	313	8
821	0	0	626	5
821	0	0	1252	9
821	0	0	1982	6
822	0	0	313	8
822	0	0	626	5
822	0	0	939	9
822	0	0	1252	6
822	0	0	1565	10
823	0	0	313	8
823	0	0	626	5
823	0	0	730	9
823	0	0	1043	6
823	0	0	1304	10
824	0	0	313	8
824	0	0	626	5
824	0	0	730	9
824	0	0	1043	6
824	0	0	1304	10
825	0	0	313	8
825	0	0	626	5
825	0	0	991	9
825	0	0	1356	6
825	0	0	1774	10
826	0	0	313	8
826	0	0	626	5
826	0	0	678	9
826	0	0	991	6
826	0	0	1252	10
827	0	0	313	8
827	0	0	626	5
827	0	0	939	9
827	0	0	1252	6
827	0	0	1513	10
828	0	0	313	8
828	0	0	626	5
828	0	0	730	9
828	0	0	1043	6
828	0	0	1304	10
829	0	0	313	8
829	0	0	626	5
829	0	0	730	9
829	0	0	1043	6
829	0	0	1304	10
830	0	0	313	8
830	0	0	626	5
830	0	0	939	9
830	0	0	1252	6
830	0	0	1513	10
831	0	0	313	8
831	0	0	626	5
831	0	0	730	9
831	0	0	1043	6
831	0	0	1304	10
832	0	0	313	8
832	0	0	626	5
832	0	0	887	9
832	0	0	1200	6
832	0	0	1461	10
833	0	0	313	8
833	0	0	626	5
833	0	0	1043	9
833	0	0	1356	6
833	0	0	1982	10
834	0	0	313	8
834	0	0	626	5
834	0	0	782	9
834	0	0	1095	6
834	0	0	1356	10
835	0	0	313	8
835	0	0	626	5
835	0	0	782	9
835	0	0	1095	6
835	0	0	1356	10
836	0	0	313	8
836	0	0	626	5
836	0	0	1304	9
837	0	0	313	8
837	0	0	626	5
837	0	0	1148	9
837	0	0	1617	6
838	0	0	313	8
838	0	0	626	5
838	0	0	678	9
838	0	0	991	6
838	0	0	1252	10
839	0	0	313	8
839	0	0	626	5
839	0	0	1148	9
839	0	0	1617	6
839	0	0	1878	10
840	0	0	313	8
840	0	0	626	5
840	0	0	730	9
840	0	0	1043	6
840	0	0	1304	10
841	0	0	313	8
841	0	0	626	5
841	0	0	678	9
841	0	0	991	6
841	0	0	1252	10
842	0	0	313	8
842	0	0	626	5
842	0	0	678	9
842	0	0	991	6
842	0	0	1252	10
843	0	0	313	8
843	0	0	626	5
843	0	0	1148	9
843	0	0	1617	6
844	0	0	313	8
844	0	0	626	5
844	0	0	991	9
844	0	0	1304	6
844	0	0	1565	10
845	0	0	313	8
845	0	0	626	5
845	0	0	939	9
845	0	0	1252	6
845	0	0	1513	10
846	0	0	313	8
846	0	0	626	5
846	0	0	678	9
846	0	0	991	6
846	0	0	1252	10
847	0	0	313	8
847	0	0	626	5
847	0	0	730	9
847	0	0	1043	6
847	0	0	1304	10
848	0	0	313	8
848	0	0	626	5
848	0	0	678	9
848	0	0	991	6
848	0	0	1252	10
849	0	0	313	8
849	0	0	626	5
849	0	0	678	9
849	0	0	991	6
849	0	0	1252	10
850	0	0	313	8
850	0	0	626	5
850	0	0	678	9
850	0	0	991	6
850	0	0	1252	10
851	0	0	313	8
851	0	0	626	5
851	0	0	730	9
851	0	0	1043	6
851	0	0	1304	10
852	0	0	313	8
852	0	0	626	5
852	0	0	834	9
852	0	0	1148	6
852	0	0	1408	10
853	0	0	313	8
853	0	0	626	5
853	0	0	1095	9
853	0	0	1513	6
854	0	0	313	8
854	0	0	626	5
854	0	0	834	9
854	0	0	1148	6
854	0	0	1408	10
855	0	0	313	8
855	0	0	626	5
855	0	0	678	9
855	0	0	991	6
855	0	0	1252	10
856	0	0	313	8
856	0	0	626	5
856	0	0	991	9
856	0	0	1304	6
856	0	0	1669	10
857	0	0	313	8
857	0	0	626	5
857	0	0	939	9
857	0	0	1252	6
857	0	0	1513	10
858	0	0	313	8
858	0	0	626	5
858	0	0	939	9
858	0	0	1252	6
858	0	0	1617	10
859	0	0	313	8
859	0	0	626	5
859	0	0	678	9
859	0	0	991	6
859	0	0	1252	10
860	0	0	313	8
860	0	0	626	5
860	0	0	1252	9
860	0	0	1982	6
861	0	0	313	8
861	0	0	626	5
861	0	0	939	9
861	0	0	1252	6
861	0	0	1513	10
862	0	0	313	8
862	0	0	626	5
862	0	0	939	9
862	0	0	1252	6
862	0	0	1513	10
863	0	0	313	8
863	0	0	626	5
863	0	0	730	9
863	0	0	1043	6
863	0	0	1304	10
864	0	0	313	8
864	0	0	626	5
864	0	0	1043	9
864	0	0	1461	6
864	0	0	1722	10
865	0	0	313	8
865	0	0	626	5
865	0	0	782	9
865	0	0	1095	6
865	0	0	1356	10
866	0	0	313	8
866	0	0	626	5
866	0	0	678	9
866	0	0	991	6
866	0	0	1252	10
867	0	0	313	8
867	0	0	626	5
867	0	0	991	9
867	0	0	1356	6
867	0	0	1930	10
868	0	0	313	8
868	0	0	626	5
868	0	0	887	9
868	0	0	1200	6
868	0	0	1461	10
869	0	0	313	8
869	0	0	626	5
869	0	0	939	9
869	0	0	1252	6
869	0	0	1513	10
870	0	0	313	8
870	0	0	626	5
870	0	0	1252	9
870	0	0	1878	6
871	0	0	313	8
871	0	0	626	5
871	0	0	782	9
871	0	0	1095	6
871	0	0	1356	10
872	0	0	313	8
872	0	0	626	5
872	0	0	678	9
872	0	0	991	6
872	0	0	1252	10
873	0	0	313	8
873	0	0	626	5
873	0	0	887	9
873	0	0	1200	6
873	0	0	1461	10
874	0	0	313	8
874	0	0	626	5
874	0	0	730	9
874	0	0	1043	6
874	0	0	1304	10
875	0	0	313	8
875	0	0	626	5
875	0	0	678	9
875	0	0	991	6
875	0	0	1252	10
876	0	0	313	8
876	0	0	626	5
876	0	0	834	9
876	0	0	1148	6
876	0	0	1408	10
877	0	0	313	8
877	0	0	626	5
877	0	0	1148	9
877	0	0	1617	6
878	0	0	313	8
878	0	0	626	5
878	0	0	730	9
878	0	0	1043	6
878	0	0	1304	10
879	0	0	313	8
879	0	0	626	5
879	0	0	939	9
879	0	0	1252	6
879	0	0	1565	10
880	0	0	313	8
880	0	0	626	5
880	0	0	834	9
880	0	0	1148	6
880	0	0	1408	10
881	0	0	313	8
881	0	0	626	5
881	0	0	678	9
881	0	0	991	6
881	0	0	1252	10
882	0	0	313	8
882	0	0	626	5
882	0	0	678	9
882	0	0	991	6
882	0	0	1252	10
883	0	0	313	8
883	0	0	626	5
883	0	0	939	9
883	0	0	1252	6
883	0	0	1617	10
884	0	0	313	8
884	0	0	626	5
884	0	0	887	9
884	0	0	1200	6
884	0	0	1461	10
885	0	0	313	8
885	0	0	626	5
885	0	0	678	9
885	0	0	991	6
885	0	0	1252	10
886	0	0	313	8
886	0	0	626	5
886	0	0	887	9
886	0	0	1200	6
886	0	0	1461	10
887	0	0	313	8
887	0	0	626	5
887	0	0	678	9
887	0	0	991	6
887	0	0	1252	10
888	0	0	313	8
888	0	0	626	5
888	0	0	782	9
888	0	0	1095	6
888	0	0	1356	10
889	0	0	313	8
889	0	0	626	5
889	0	0	730	9
889	0	0	1043	6
889	0	0	1304	10
890	0	0	313	8
890	0	0	626	5
890	0	0	678	9
890	0	0	991	6
890	0	0	1252	10
891	0	0	313	8
891	0	0	626	5
891	0	0	834	9
891	0	0	1148	6
891	0	0	1408	10
892	0	0	313	8
892	0	0	626	5
892	0	0	1148	9
892	0	0	1669	6
893	0	0	313	8
893	0	0	626	9
893	0	0	939	6
893	0	0	1200	10
894	0	0	313	8
894	0	0	626	5
894	0	0	834	9
894	0	0	1148	6
894	0	0	1408	10
895	0	0	313	8
895	0	0	626	5
895	0	0	678	9
895	0	0	991	6
895	0	0	1252	10
896	0	0	313	8
896	0	0	626	5
896	0	0	1095	9
896	0	0	1513	6
897	0	0	313	8
897	0	0	626	5
897	0	0	678	9
897	0	0	991	6
897	0	0	1252	10
898	0	0	313	8
898	0	0	626	5
898	0	0	939	9
898	0	0	1252	6
898	0	0	1513	10
899	0	0	313	8
899	0	0	626	5
899	0	0	939	9
899	0	0	1252	6
899	0	0	1513	10
900	0	0	313	8
900	0	0	626	5
900	0	0	1043	9
900	0	0	1408	6
900	0	0	2035	10
901	0	0	313	8
901	0	0	626	5
901	0	0	782	9
901	0	0	1095	6
901	0	0	1356	10
902	0	0	313	8
902	0	0	626	5
902	0	0	678	9
902	0	0	991	6
902	0	0	1252	10
903	0	0	313	8
903	0	0	626	5
903	0	0	834	9
903	0	0	1148	6
903	0	0	1408	10
904	0	0	313	8
904	0	0	626	5
904	0	0	730	9
904	0	0	1043	6
904	0	0	1304	10
905	0	0	313	8
905	0	0	626	5
905	0	0	782	9
905	0	0	1095	6
905	0	0	1356	10
906	0	0	313	8
906	0	0	626	5
906	0	0	1095	9
906	0	0	1565	10
907	0	0	313	8
907	0	0	626	5
907	0	0	782	9
907	0	0	1095	6
907	0	0	1356	10
908	0	0	313	8
908	0	0	626	5
908	0	0	678	9
908	0	0	991	6
908	0	0	1252	10
909	0	0	313	8
909	0	0	626	5
909	0	0	834	9
909	0	0	1148	6
909	0	0	1408	10
910	0	0	313	8
910	0	0	626	5
910	0	0	730	9
910	0	0	1043	6
910	0	0	1304	10
911	0	0	313	8
911	0	0	626	5
911	0	0	939	9
911	0	0	1252	6
911	0	0	1513	10
912	0	0	313	8
912	0	0	626	5
912	0	0	730	9
912	0	0	1043	6
912	0	0	1304	10
913	0	0	313	8
913	0	0	626	5
913	0	0	991	9
913	0	0	1304	6
913	0	0	1617	10
914	0	0	313	8
914	0	0	626	5
914	0	0	678	9
914	0	0	991	6
914	0	0	1252	10
915	0	0	313	8
915	0	0	626	5
915	0	0	782	9
915	0	0	1095	6
915	0	0	1356	10
916	0	0	313	8
916	0	0	626	5
916	0	0	678	9
916	0	0	991	6
916	0	0	1252	10
917	0	0	313	8
917	0	0	626	5
917	0	0	730	9
917	0	0	1043	6
917	0	0	1304	10
918	0	0	313	8
918	0	0	626	5
918	0	0	678	9
918	0	0	991	6
918	0	0	1252	10
919	0	0	313	8
919	0	0	626	5
919	0	0	730	9
919	0	0	1043	6
919	0	0	1304	10
920	0	0	313	8
920	0	0	626	5
920	0	0	730	9
920	0	0	1043	6
920	0	0	1304	10
921	0	0	313	8
921	0	0	626	5
921	0	0	1095	9
921	0	0	1461	6
922	0	0	313	8
922	0	0	626	5
922	0	0	834	9
922	0	0	1148	6
922	0	0	1408	10
923	0	0	313	8
923	0	0	626	5
923	0	0	1356	9
924	0	0	313	8
924	0	0	626	5
924	0	0	678	9
924	0	0	991	6
924	0	0	1252	10
925	0	0	313	8
925	0	0	626	5
925	0	0	1095	9
925	0	0	1565	6
926	0	0	313	8
926	0	0	626	5
926	0	0	834	9
926	0	0	1148	6
926	0	0	1408	10
927	0	0	313	8
927	0	0	626	5
927	0	0	887	9
927	0	0	1200	6
927	0	0	1461	10
928	0	0	313	8
928	0	0	626	5
928	0	0	730	9
928	0	0	1043	6
928	0	0	1304	10
929	0	0	313	8
929	0	0	626	5
929	0	0	834	9
929	0	0	1148	6
929	0	0	1408	10
930	0	0	313	8
930	0	0	626	5
930	0	0	1043	9
930	0	0	1356	6
930	0	0	1617	10
931	0	0	313	8
931	0	0	626	5
931	0	0	991	9
931	0	0	1356	6
931	0	0	1722	10
932	0	0	313	8
932	0	0	626	5
932	0	0	1095	9
932	0	0	1513	6
932	0	0	1774	10
933	0	0	313	8
933	0	0	626	5
933	0	0	678	9
933	0	0	991	6
933	0	0	1252	10
934	0	0	313	8
934	0	0	626	5
934	0	0	782	9
934	0	0	1095	6
934	0	0	1356	10
935	0	0	313	8
935	0	0	626	5
935	0	0	782	9
935	0	0	1095	6
935	0	0	1356	10
936	0	0	313	8
936	0	0	626	5
936	0	0	678	9
936	0	0	991	6
936	0	0	1252	10
937	0	0	313	8
937	0	0	626	5
937	0	0	678	9
937	0	0	991	6
937	0	0	1252	10
938	0	0	313	8
938	0	0	626	5
938	0	0	678	9
938	0	0	991	6
938	0	0	1252	10
939	0	0	313	8
939	0	0	626	5
939	0	0	939	9
939	0	0	1252	6
939	0	0	1513	10
940	0	0	313	8
940	0	0	626	5
940	0	0	834	9
940	0	0	1148	6
940	0	0	1408	10
941	0	0	313	8
941	0	0	626	5
941	0	0	991	9
941	0	0	1304	6
941	0	0	1774	10
942	0	0	313	8
942	0	0	626	5
942	0	0	834	9
942	0	0	1148	6
942	0	0	1408	10
943	0	0	313	8
943	0	0	626	5
943	0	0	939	9
943	0	0	1252	6
943	0	0	1513	10
944	0	0	313	8
944	0	0	626	5
944	0	0	939	9
944	0	0	1252	6
944	0	0	1513	10
945	0	0	313	8
945	0	0	626	5
945	0	0	1043	9
945	0	0	1356	6
945	0	0	1617	10
946	0	0	313	8
946	0	0	626	5
946	0	0	782	9
946	0	0	1095	6
946	0	0	1356	10
947	0	0	313	8
947	0	0	626	5
947	0	0	1095	9
947	0	0	1565	6
948	0	0	313	8
948	0	0	626	5
948	0	0	678	9
948	0	0	991	6
948	0	0	1252	10
949	0	0	313	8
949	0	0	626	5
949	0	0	1304	9
949	0	0	1982	6
950	0	0	313	8
950	0	0	626	5
950	0	0	1148	9
950	0	0	1617	6
951	0	0	313	8
951	0	0	626	5
951	0	0	991	9
951	0	0	1304	6
951	0	0	1722	10
952	0	0	313	8
952	0	0	626	5
952	0	0	730	9
952	0	0	1043	6
952	0	0	1304	10
953	0	0	313	8
953	0	0	626	5
953	0	0	730	9
953	0	0	1043	6
953	0	0	1304	10
954	0	0	313	8
954	0	0	626	5
954	0	0	678	9
954	0	0	991	6
954	0	0	1252	10
955	0	0	313	8
955	0	0	626	5
955	0	0	730	9
955	0	0	1043	6
955	0	0	1304	10
956	0	0	313	8
956	0	0	626	5
956	0	0	782	9
956	0	0	1095	6
956	0	0	1356	10
957	0	0	313	8
957	0	0	626	5
957	0	0	1043	9
957	0	0	1461	6
958	0	0	313	8
958	0	0	626	5
958	0	0	939	9
958	0	0	1252	6
958	0	0	1513	10
959	0	0	313	8
959	0	0	626	5
959	0	0	834	9
959	0	0	1148	6
959	0	0	1408	10
960	0	0	313	8
960	0	0	626	5
960	0	0	678	9
960	0	0	991	6
960	0	0	1252	10
961	0	0	313	8
961	0	0	626	5
961	0	0	730	9
961	0	0	1043	6
961	0	0	1304	10
962	0	0	313	8
962	0	0	626	5
962	0	0	1356	9
962	0	0	1774	6
962	0	0	2035	10
963	0	0	313	8
963	0	0	626	5
963	0	0	834	9
963	0	0	1148	6
963	0	0	1408	10
964	0	0	313	8
964	0	0	626	5
964	0	0	1356	9
965	0	0	313	8
965	0	0	626	5
965	0	0	730	9
965	0	0	1043	6
965	0	0	1304	10
966	0	0	313	8
966	0	0	626	5
966	0	0	730	9
966	0	0	1043	6
966	0	0	1304	10
967	0	0	313	8
967	0	0	626	5
967	0	0	678	9
967	0	0	991	6
967	0	0	1252	10
968	0	0	313	8
968	0	0	626	5
968	0	0	730	9
968	0	0	1043	6
968	0	0	1304	10
969	0	0	313	8
969	0	0	626	5
969	0	0	991	9
969	0	0	1304	6
969	0	0	1669	10
970	0	0	313	8
970	0	0	626	5
970	0	0	887	9
970	0	0	1200	6
970	0	0	1461	10
971	0	0	313	8
971	0	0	626	5
971	0	0	678	9
971	0	0	991	6
971	0	0	1252	10
972	0	0	313	8
972	0	0	626	5
972	0	0	1200	9
972	0	0	1722	6
973	0	0	313	8
973	0	0	626	5
973	0	0	1043	9
973	0	0	1408	6
974	0	0	313	8
974	0	0	626	5
974	0	0	991	9
974	0	0	1356	6
974	0	0	1878	10
975	0	0	313	8
975	0	0	626	5
975	0	0	1043	9
975	0	0	1461	6
976	0	0	313	8
976	0	0	626	5
976	0	0	782	9
976	0	0	1095	6
976	0	0	1356	10
977	0	0	313	8
977	0	0	626	5
977	0	0	939	9
977	0	0	1252	6
977	0	0	1513	10
978	0	0	313	8
978	0	0	626	5
978	0	0	678	9
978	0	0	991	6
978	0	0	1252	10
979	0	0	313	8
979	0	0	626	5
979	0	0	678	9
979	0	0	991	6
979	0	0	1252	10
980	0	0	313	8
980	0	0	626	5
980	0	0	887	9
980	0	0	1200	6
980	0	0	1461	10
981	0	0	313	8
981	0	0	626	5
981	0	0	939	9
981	0	0	1252	6
981	0	0	1513	10
982	0	0	313	8
982	0	0	626	5
982	0	0	782	9
982	0	0	1095	6
982	0	0	1356	10
983	0	0	313	8
983	0	0	626	5
983	0	0	939	9
983	0	0	1252	6
983	0	0	1513	10
984	0	0	313	8
984	0	0	626	5
984	0	0	991	9
984	0	0	1356	6
984	0	0	1774	10
985	0	0	313	8
985	0	0	626	5
985	0	0	991	9
985	0	0	1304	6
985	0	0	1617	10
986	0	0	313	8
986	0	0	626	5
986	0	0	678	9
986	0	0	991	6
986	0	0	1252	10
987	0	0	313	8
987	0	0	626	5
987	0	0	782	9
987	0	0	1095	6
987	0	0	1356	10
988	0	0	313	8
988	0	0	626	5
988	0	0	678	9
988	0	0	991	6
988	0	0	1252	10
989	0	0	313	8
989	0	0	626	5
989	0	0	782	9
989	0	0	1095	6
989	0	0	1356	10
990	0	0	313	8
990	0	0	626	5
990	0	0	1304	9
990	0	0	1774	6
991	0	0	313	8
991	0	0	626	5
991	0	0	782	9
991	0	0	1095	6
991	0	0	1356	10
992	0	0	313	8
992	0	0	626	5
992	0	0	678	9
992	0	0	991	6
992	0	0	1252	10
993	0	0	313	8
993	0	0	626	5
993	0	0	1095	9
993	0	0	1565	6
994	0	0	313	8
994	0	0	626	5
994	0	0	939	9
994	0	0	1252	6
994	0	0	1513	10
995	0	0	313	8
995	0	0	626	5
995	0	0	834	9
995	0	0	1148	6
995	0	0	1408	10
996	0	0	313	8
996	0	0	626	5
996	0	0	678	9
996	0	0	991	6
996	0	0	1252	10
997	0	0	313	8
997	0	0	626	5
997	0	0	834	9
997	0	0	1148	6
997	0	0	1408	10
998	0	0	313	8
998	0	0	626	5
998	0	0	678	9
998	0	0	991	6
998	0	0	1252	10
0	1	1	313	8
0	1	1	1043	9
1	1	1	313	8
1	1	1	834	9
2	1	1	313	8
2	1	1	887	9
3	1	1	313	8
3	1	1	991	9
4	1	1	313	8
4	1	1	939	9
5	1	1	313	8
5	1	1	939	9
6	1	1	313	8
6	1	1	1304	9
7	1	1	313	8
7	1	1	782	9
8	1	1	313	8
8	1	1	1304	9
9	1	1	313	8
9	1	1	939	9
10	1	1	313	8
10	1	1	678	9
11	1	1	313	8
11	1	1	1304	9
12	1	1	313	8
12	1	1	782	9
13	1	1	313	8
13	1	1	782	9
14	1	1	313	8
14	1	1	730	9
15	1	1	313	8
15	1	1	1304	9
16	1	1	313	8
16	1	1	1148	9
17	1	1	313	8
17	1	1	991	9
18	1	1	313	8
18	1	1	678	9
19	1	1	313	8
19	1	1	1095	9
20	1	1	313	8
20	1	1	1252	9
21	1	1	313	8
21	1	1	991	9
22	1	1	313	8
22	1	1	730	9
23	1	1	313	8
23	1	1	1252	9
24	1	1	313	8
24	1	1	1252	9
25	1	1	313	8
25	1	1	887	9
26	1	1	313	8
26	1	1	1043	9
27	1	1	313	8
27	1	1	782	9
28	1	1	313	8
28	1	1	1304	9
29	1	1	313	8
29	1	1	1148	9
30	1	1	313	8
30	1	1	730	9
31	1	1	313	8
31	1	1	782	9
32	1	1	313	8
32	1	1	678	9
33	1	1	313	8
33	1	1	834	9
34	1	1	313	8
34	1	1	678	9
35	1	1	313	8
35	1	1	991	9
36	1	1	313	8
36	1	1	1043	9
37	1	1	313	8
37	1	1	678	9
38	1	1	313	8
38	1	1	887	9
39	1	1	313	8
39	1	1	939	9
40	1	1	313	8
40	1	1	678	9
41	1	1	313	8
41	1	1	1304	9
42	1	1	313	8
42	1	1	939	9
43	1	1	313	8
43	1	1	678	9
44	1	1	313	8
44	1	1	834	9
45	1	1	313	8
45	1	1	1148	9
46	1	1	313	8
46	1	1	730	9
47	1	1	313	8
47	1	1	730	9
48	1	1	313	8
48	1	1	834	9
49	1	1	313	8
49	1	1	834	9
50	1	1	313	8
50	1	1	678	9
51	1	1	313	8
51	1	1	782	9
52	1	1	313	8
52	1	1	1252	9
53	1	1	313	8
53	1	1	1252	9
54	1	1	313	8
54	1	1	730	9
55	1	1	313	8
55	1	1	834	9
56	1	1	313	8
56	1	1	678	9
57	1	1	313	8
57	1	1	1043	9
58	1	1	313	8
58	1	1	834	9
59	1	1	313	8
59	1	1	678	9
60	1	1	313	8
60	1	1	1148	9
61	1	1	313	8
61	1	1	730	9
62	1	1	313	8
62	1	1	730	9
63	1	1	313	8
63	1	1	1252	9
64	1	1	313	8
64	1	1	1043	9
65	1	1	313	8
65	1	1	991	9
66	1	1	313	8
66	1	1	1252	9
67	1	1	313	8
67	1	1	782	9
68	1	1	313	8
68	1	1	730	9
69	1	1	313	8
69	1	1	1095	9
70	1	1	313	8
70	1	1	730	9
71	1	1	313	8
71	1	1	782	9
72	1	1	313	8
72	1	1	1043	9
73	1	1	313	8
73	1	1	782	9
74	1	1	313	8
74	1	1	782	9
75	1	1	313	8
75	1	1	678	9
76	1	1	313	8
76	1	1	834	9
77	1	1	313	8
77	1	1	991	9
78	1	1	313	8
78	1	1	1095	9
79	1	1	313	8
79	1	1	1304	9
80	1	1	313	8
80	1	1	834	9
81	1	1	313	8
81	1	1	887	9
82	1	1	313	8
82	1	1	1304	9
83	1	1	313	8
83	1	1	834	9
84	1	1	313	8
84	1	1	887	9
85	1	1	313	8
85	1	1	1095	9
86	1	1	313	8
86	1	1	1095	9
87	1	1	313	8
87	1	1	991	9
88	1	1	313	8
88	1	1	939	9
89	1	1	313	8
89	1	1	939	9
90	1	1	313	8
90	1	1	1148	9
91	1	1	313	8
91	1	1	678	9
92	1	1	313	8
92	1	1	991	9
93	1	1	313	8
93	1	1	782	9
94	1	1	313	8
94	1	1	1043	9
95	1	1	313	8
95	1	1	887	9
96	1	1	313	8
96	1	1	1148	9
97	1	1	313	8
97	1	1	887	9
98	1	1	313	8
98	1	1	1043	9
99	1	1	313	8
99	1	1	887	9
100	1	1	313	8
100	1	1	678	9
101	1	1	313	8
101	1	1	782	9
102	1	1	313	8
102	1	1	678	9
103	1	1	313	8
103	1	1	730	9
104	1	1	313	8
104	1	1	1043	9
105	1	1	313	8
105	1	1	1252	9
106	1	1	313	8
106	1	1	1095	9
107	1	1	313	8
107	1	1	1252	9
108	1	1	313	8
108	1	1	678	9
109	1	1	313	8
109	1	1	730	9
110	1	1	313	8
110	1	1	730	9
111	1	1	313	8
111	1	1	1148	9
112	1	1	313	8
112	1	1	1252	9
113	1	1	313	8
113	1	1	678	9
114	1	1	313	8
114	1	1	1148	9
115	1	1	313	8
115	1	1	939	9
116	1	1	313	8
116	1	1	678	9
117	1	1	313	8
117	1	1	939	9
118	1	1	313	8
118	1	1	1043	9
119	1	1	313	8
119	1	1	1043	9
120	1	1	313	8
120	1	1	939	9
121	1	1	313	8
121	1	1	834	9
122	1	1	313	8
122	1	1	1252	9
123	1	1	313	8
123	1	1	1252	9
124	1	1	313	8
124	1	1	1148	9
125	1	1	313	8
125	1	1	678	9
126	1	1	313	8
126	1	1	1252	9
127	1	1	313	8
127	1	1	991	9
128	1	1	313	8
128	1	1	1304	9
129	1	1	313	8
129	1	1	678	9
130	1	1	313	8
130	1	1	1095	9
131	1	1	313	8
131	1	1	782	9
132	1	1	313	8
132	1	1	730	9
133	1	1	313	8
133	1	1	939	9
134	1	1	313	8
134	1	1	730	9
135	1	1	313	8
135	1	1	782	9
136	1	1	313	8
136	1	1	1356	9
137	1	1	313	8
137	1	1	678	9
138	1	1	313	8
138	1	1	834	9
139	1	1	313	8
139	1	1	1095	9
140	1	1	313	8
140	1	1	730	9
141	1	1	313	8
141	1	1	730	9
142	1	1	313	8
142	1	1	678	9
143	1	1	313	8
143	1	1	730	9
144	1	1	313	8
144	1	1	782	9
145	1	1	313	8
145	1	1	1095	9
146	1	1	313	8
146	1	1	1095	9
147	1	1	313	8
147	1	1	782	9
148	1	1	313	8
148	1	1	730	9
149	1	1	313	8
149	1	1	834	9
150	1	1	313	8
150	1	1	678	9
151	1	1	313	8
151	1	1	782	9
152	1	1	313	8
152	1	1	991	9
153	1	1	313	8
153	1	1	678	9
154	1	1	313	8
154	1	1	1252	9
155	1	1	313	8
155	1	1	1148	9
156	1	1	313	8
156	1	1	1252	9
157	1	1	313	8
157	1	1	678	9
158	1	1	313	8
158	1	1	782	9
159	1	1	313	8
159	1	1	678	9
160	1	1	313	8
160	1	1	782	9
161	1	1	313	8
161	1	1	834	9
162	1	1	313	8
162	1	1	678	9
163	1	1	313	8
163	1	1	1304	9
164	1	1	313	8
164	1	1	834	9
165	1	1	313	8
165	1	1	730	9
166	1	1	313	8
166	1	1	1356	9
167	1	1	313	8
167	1	1	1043	9
168	1	1	313	8
168	1	1	782	9
169	1	1	313	8
169	1	1	678	9
170	1	1	313	8
170	1	1	730	9
171	1	1	313	8
171	1	1	730	9
172	1	1	313	8
172	1	1	1095	9
173	1	1	313	8
173	1	1	1095	9
174	1	1	313	8
174	1	1	939	9
175	1	1	313	8
175	1	1	1252	9
176	1	1	313	8
176	1	1	782	9
177	1	1	313	8
177	1	1	626	9
178	1	1	313	8
178	1	1	782	9
179	1	1	313	8
179	1	1	1252	9
180	1	1	313	8
180	1	1	834	9
181	1	1	313	8
181	1	1	834	9
182	1	1	313	8
182	1	1	887	9
183	1	1	313	8
183	1	1	1043	9
184	1	1	313	8
184	1	1	782	9
185	1	1	313	8
185	1	1	1043	9
186	1	1	313	8
186	1	1	939	9
187	1	1	313	8
187	1	1	678	9
188	1	1	313	8
188	1	1	782	9
189	1	1	313	8
189	1	1	834	9
190	1	1	313	8
190	1	1	730	9
191	1	1	313	8
191	1	1	730	9
192	1	1	313	8
192	1	1	730	9
193	1	1	313	8
193	1	1	939	9
194	1	1	313	8
194	1	1	834	9
195	1	1	313	8
195	1	1	678	9
196	1	1	313	8
196	1	1	887	9
197	1	1	313	8
197	1	1	834	9
198	1	1	313	8
198	1	1	678	9
199	1	1	313	8
199	1	1	1043	9
200	1	1	313	8
200	1	1	730	9
201	1	1	313	8
201	1	1	782	9
202	1	1	313	8
202	1	1	782	9
203	1	1	313	8
203	1	1	730	9
204	1	1	313	8
204	1	1	1095	9
205	1	1	313	8
205	1	1	678	9
206	1	1	313	8
206	1	1	782	9
207	1	1	313	8
207	1	1	1252	9
208	1	1	313	8
208	1	1	730	9
209	1	1	313	8
209	1	1	887	9
210	1	1	313	8
210	1	1	782	9
211	1	1	313	8
211	1	1	678	9
212	1	1	313	8
212	1	1	782	9
213	1	1	313	8
213	1	1	730	9
214	1	1	313	8
214	1	1	1252	9
215	1	1	313	8
215	1	1	782	9
216	1	1	313	8
216	1	1	1356	9
217	1	1	313	8
217	1	1	678	9
218	1	1	313	8
218	1	1	991	9
219	1	1	313	8
219	1	1	834	9
220	1	1	313	8
220	1	1	939	9
221	1	1	313	8
221	1	1	1148	9
222	1	1	313	8
222	1	1	1252	9
223	1	1	313	8
223	1	1	1304	9
224	1	1	313	8
224	1	1	678	9
225	1	1	313	8
225	1	1	939	9
226	1	1	313	8
226	1	1	1095	9
227	1	1	313	8
227	1	1	834	9
228	1	1	313	8
228	1	1	678	9
229	1	1	313	8
229	1	1	678	9
230	1	1	313	8
230	1	1	1095	9
231	1	1	313	8
231	1	1	678	9
232	1	1	313	8
232	1	1	834	9
233	1	1	313	8
233	1	1	991	9
234	1	1	313	8
234	1	1	678	9
235	1	1	313	8
235	1	1	678	9
236	1	1	313	8
236	1	1	1252	9
237	1	1	313	8
237	1	1	730	9
238	1	1	313	8
238	1	1	939	9
239	1	1	313	8
239	1	1	678	9
240	1	1	313	8
240	1	1	782	9
241	1	1	313	8
241	1	1	782	9
242	1	1	313	8
242	1	1	834	9
243	1	1	313	8
243	1	1	887	9
244	1	1	313	8
244	1	1	834	9
245	1	1	313	8
245	1	1	782	9
246	1	1	313	8
246	1	1	782	9
247	1	1	313	8
247	1	1	991	9
248	1	1	313	8
248	1	1	834	9
249	1	1	313	8
249	1	1	678	9
250	1	1	313	8
250	1	1	939	9
251	1	1	313	8
251	1	1	730	9
252	1	1	313	8
252	1	1	678	9
253	1	1	313	8
253	1	1	782	9
254	1	1	313	8
254	1	1	1252	9
255	1	1	313	8
255	1	1	1252	9
256	1	1	313	8
256	1	1	730	9
257	1	1	313	8
257	1	1	730	9
258	1	1	313	8
258	1	1	678	9
259	1	1	313	8
259	1	1	834	9
260	1	1	313	8
260	1	1	678	9
261	1	1	313	8
261	1	1	782	9
262	1	1	313	8
262	1	1	939	9
263	1	1	313	8
263	1	1	1043	9
264	1	1	313	8
264	1	1	939	9
265	1	1	313	8
265	1	1	678	9
266	1	1	313	8
266	1	1	991	9
267	1	1	313	8
267	1	1	730	9
268	1	1	313	8
268	1	1	991	9
269	1	1	313	8
269	1	1	939	9
270	1	1	313	8
270	1	1	1356	9
271	1	1	313	8
271	1	1	730	9
272	1	1	313	8
272	1	1	939	9
273	1	1	313	8
273	1	1	730	9
274	1	1	313	8
274	1	1	991	9
275	1	1	313	8
275	1	1	834	9
276	1	1	313	8
276	1	1	1148	9
277	1	1	313	8
277	1	1	1252	9
278	1	1	313	8
278	1	1	939	9
279	1	1	313	8
279	1	1	782	9
280	1	1	313	8
280	1	1	730	9
281	1	1	313	8
281	1	1	730	9
282	1	1	313	8
282	1	1	887	9
283	1	1	313	8
283	1	1	1304	9
284	1	1	313	8
284	1	1	730	9
285	1	1	313	8
285	1	1	730	9
286	1	1	313	8
286	1	1	730	9
287	1	1	313	8
287	1	1	678	9
288	1	1	313	8
288	1	1	730	9
289	1	1	313	8
289	1	1	991	9
290	1	1	313	8
290	1	1	939	9
291	1	1	313	8
291	1	1	730	9
292	1	1	313	8
292	1	1	939	9
293	1	1	313	8
293	1	1	834	9
294	1	1	313	8
294	1	1	939	9
295	1	1	313	8
295	1	1	678	9
296	1	1	313	8
296	1	1	1252	9
297	1	1	313	8
297	1	1	730	9
298	1	1	313	8
298	1	1	678	9
299	1	1	313	8
299	1	1	887	9
300	1	1	313	8
300	1	1	730	9
301	1	1	313	8
301	1	1	730	9
302	1	1	313	8
302	1	1	730	9
303	1	1	313	8
303	1	1	678	9
304	1	1	313	8
304	1	1	1043	9
305	1	1	313	8
305	1	1	678	9
306	1	1	313	8
306	1	1	834	9
307	1	1	313	8
307	1	1	678	9
308	1	1	313	8
308	1	1	834	9
309	1	1	313	8
309	1	1	730	9
310	1	1	313	8
310	1	1	1304	9
311	1	1	313	8
311	1	1	991	9
312	1	1	313	8
312	1	1	1252	9
313	1	1	313	8
313	1	1	782	9
314	1	1	313	8
314	1	1	678	9
315	1	1	313	8
315	1	1	887	9
316	1	1	313	8
316	1	1	1043	9
317	1	1	313	8
317	1	1	730	9
318	1	1	313	8
318	1	1	678	9
319	1	1	313	8
319	1	1	730	9
320	1	1	313	8
320	1	1	782	9
321	1	1	313	8
321	1	1	678	9
322	1	1	313	8
322	1	1	887	9
323	1	1	313	8
323	1	1	834	9
324	1	1	313	8
324	1	1	730	9
325	1	1	313	8
325	1	1	991	9
326	1	1	313	8
326	1	1	1043	9
327	1	1	313	8
327	1	1	678	9
328	1	1	313	8
328	1	1	730	9
329	1	1	313	8
329	1	1	1304	9
330	1	1	313	8
330	1	1	678	9
331	1	1	313	8
331	1	1	678	9
332	1	1	313	8
332	1	1	730	9
333	1	1	313	8
333	1	1	678	9
334	1	1	313	8
334	1	1	730	9
335	1	1	313	8
335	1	1	939	9
336	1	1	313	8
336	1	1	939	9
337	1	1	313	8
337	1	1	730	9
338	1	1	313	8
338	1	1	1200	9
339	1	1	313	8
339	1	1	1095	9
340	1	1	313	8
340	1	1	678	9
341	1	1	313	8
341	1	1	678	9
342	1	1	313	8
342	1	1	678	9
343	1	1	313	8
343	1	1	730	9
344	1	1	313	8
344	1	1	678	9
345	1	1	313	8
345	1	1	678	9
346	1	1	313	8
346	1	1	678	9
347	1	1	313	8
347	1	1	730	9
348	1	1	313	8
348	1	1	782	9
349	1	1	313	8
349	1	1	782	9
350	1	1	313	8
350	1	1	1252	9
351	1	1	313	8
351	1	1	939	9
352	1	1	313	8
352	1	1	939	9
353	1	1	313	8
353	1	1	834	9
354	1	1	313	8
354	1	1	991	9
355	1	1	313	8
355	1	1	678	9
356	1	1	313	8
356	1	1	730	9
357	1	1	313	8
357	1	1	1095	9
358	1	1	313	8
358	1	1	730	9
359	1	1	313	8
359	1	1	730	9
360	1	1	313	8
360	1	1	834	9
361	1	1	313	8
361	1	1	678	9
362	1	1	313	8
362	1	1	834	9
363	1	1	313	8
363	1	1	730	9
364	1	1	313	8
364	1	1	782	9
365	1	1	313	8
365	1	1	1148	9
366	1	1	313	8
366	1	1	678	9
367	1	1	313	8
367	1	1	1095	9
368	1	1	313	8
368	1	1	678	9
369	1	1	313	8
369	1	1	939	9
370	1	1	313	8
370	1	1	730	9
371	1	1	313	8
371	1	1	678	9
372	1	1	313	8
372	1	1	939	9
373	1	1	313	8
373	1	1	834	9
374	1	1	313	8
374	1	1	782	9
375	1	1	313	8
375	1	1	730	9
376	1	1	313	8
376	1	1	1252	9
377	1	1	313	8
377	1	1	939	9
378	1	1	313	8
378	1	1	782	9
379	1	1	313	8
379	1	1	1252	9
380	1	1	313	8
380	1	1	782	9
381	1	1	313	8
381	1	1	991	9
382	1	1	313	8
382	1	1	991	9
383	1	1	313	8
383	1	1	782	9
384	1	1	313	8
384	1	1	834	9
385	1	1	313	8
385	1	1	730	9
386	1	1	313	8
386	1	1	782	9
387	1	1	313	8
387	1	1	782	9
388	1	1	313	8
388	1	1	730	9
389	1	1	313	8
389	1	1	1252	9
390	1	1	313	8
390	1	1	1043	9
391	1	1	313	8
391	1	1	1043	9
392	1	1	313	8
392	1	1	939	9
393	1	1	313	8
393	1	1	1252	9
394	1	1	313	8
394	1	1	782	9
395	1	1	313	8
395	1	1	1148	9
396	1	1	313	8
396	1	1	730	9
397	1	1	313	8
397	1	1	1200	9
398	1	1	313	8
398	1	1	939	9
399	1	1	313	8
399	1	1	834	9
400	1	1	313	8
400	1	1	1043	9
401	1	1	313	8
401	1	1	730	9
402	1	1	313	8
402	1	1	678	9
403	1	1	313	8
403	1	1	834	9
404	1	1	313	8
404	1	1	1043	9
405	1	1	313	8
405	1	1	678	9
406	1	1	313	8
406	1	1	730	9
407	1	1	313	8
407	1	1	834	9
408	1	1	313	8
408	1	1	782	9
409	1	1	313	8
409	1	1	782	9
410	1	1	313	8
410	1	1	887	9
411	1	1	313	8
411	1	1	1356	9
412	1	1	313	8
412	1	1	782	9
413	1	1	313	8
413	1	1	834	9
414	1	1	313	8
414	1	1	939	9
415	1	1	313	8
415	1	1	730	9
416	1	1	313	8
416	1	1	782	9
417	1	1	313	8
417	1	1	1200	9
418	1	1	313	8
418	1	1	834	9
419	1	1	313	8
419	1	1	782	9
420	1	1	313	8
420	1	1	834	9
421	1	1	313	8
421	1	1	1095	9
422	1	1	313	8
422	1	1	782	9
423	1	1	313	8
423	1	1	939	9
424	1	1	313	8
424	1	1	834	9
425	1	1	313	8
425	1	1	1252	9
426	1	1	313	8
426	1	1	730	9
427	1	1	313	8
427	1	1	939	9
428	1	1	313	8
428	1	1	1043	9
429	1	1	313	8
429	1	1	1252	9
430	1	1	313	8
430	1	1	1252	9
431	1	1	313	8
431	1	1	730	9
432	1	1	313	8
432	1	1	939	9
433	1	1	313	8
433	1	1	834	9
434	1	1	313	8
434	1	1	939	9
435	1	1	313	8
435	1	1	678	9
436	1	1	313	8
436	1	1	678	9
437	1	1	313	8
437	1	1	1095	9
438	1	1	313	8
438	1	1	834	9
439	1	1	313	8
439	1	1	1095	9
440	1	1	313	8
440	1	1	730	9
441	1	1	313	8
441	1	1	678	9
442	1	1	313	8
442	1	1	678	9
443	1	1	313	8
443	1	1	782	9
444	1	1	313	8
444	1	1	1148	9
445	1	1	313	8
445	1	1	887	9
446	1	1	313	8
446	1	1	730	9
447	1	1	313	8
447	1	1	887	9
448	1	1	313	8
448	1	1	1252	9
449	1	1	313	8
449	1	1	678	9
450	1	1	313	8
450	1	1	730	9
451	1	1	313	8
451	1	1	730	9
452	1	1	313	8
452	1	1	1148	9
453	1	1	313	8
453	1	1	678	9
454	1	1	313	8
454	1	1	1095	9
455	1	1	313	8
455	1	1	1252	9
456	1	1	313	8
456	1	1	887	9
457	1	1	313	8
457	1	1	834	9
458	1	1	313	8
458	1	1	730	9
459	1	1	313	8
459	1	1	626	9
460	1	1	313	8
460	1	1	730	9
461	1	1	313	8
461	1	1	991	9
462	1	1	313	8
462	1	1	678	9
463	1	1	313	8
463	1	1	887	9
464	1	1	313	8
464	1	1	730	9
465	1	1	313	8
465	1	1	1095	9
466	1	1	313	8
466	1	1	939	9
467	1	1	313	8
467	1	1	730	9
468	1	1	313	8
468	1	1	1043	9
469	1	1	313	8
469	1	1	678	9
470	1	1	313	8
470	1	1	730	9
471	1	1	313	8
471	1	1	1148	9
472	1	1	313	8
472	1	1	834	9
473	1	1	313	8
473	1	1	1043	9
474	1	1	313	8
474	1	1	782	9
475	1	1	313	8
475	1	1	1148	9
476	1	1	313	8
476	1	1	678	9
477	1	1	313	8
477	1	1	730	9
478	1	1	313	8
478	1	1	1252	9
479	1	1	313	8
479	1	1	730	9
480	1	1	313	8
480	1	1	782	9
481	1	1	313	8
481	1	1	991	9
482	1	1	313	8
482	1	1	887	9
483	1	1	313	8
483	1	1	991	9
484	1	1	313	8
484	1	1	782	9
485	1	1	313	8
485	1	1	834	9
486	1	1	313	8
486	1	1	1252	9
487	1	1	313	8
487	1	1	782	9
488	1	1	313	8
488	1	1	678	9
489	1	1	313	8
489	1	1	730	9
490	1	1	313	8
490	1	1	834	9
491	1	1	313	8
491	1	1	991	9
492	1	1	313	8
492	1	1	678	9
493	1	1	313	8
493	1	1	678	9
494	1	1	313	8
494	1	1	782	9
495	1	1	313	8
495	1	1	1252	9
496	1	1	313	8
496	1	1	678	9
497	1	1	313	8
497	1	1	834	9
498	1	1	313	8
498	1	1	1148	9
499	1	1	313	8
499	1	1	730	9
500	1	1	313	8
500	1	1	834	9
501	1	1	313	8
501	1	1	1252	9
502	1	1	313	8
502	1	1	939	9
503	1	1	313	8
503	1	1	1252	9
504	1	1	313	8
504	1	1	730	9
505	1	1	313	8
505	1	1	782	9
506	1	1	313	8
506	1	1	678	9
507	1	1	313	8
507	1	1	1095	9
508	1	1	313	8
508	1	1	1043	9
509	1	1	313	8
509	1	1	1043	9
510	1	1	313	8
510	1	1	678	9
511	1	1	313	8
511	1	1	939	9
512	1	1	313	8
512	1	1	1148	9
513	1	1	313	8
513	1	1	678	9
514	1	1	313	8
514	1	1	834	9
515	1	1	313	8
515	1	1	678	9
516	1	1	313	8
516	1	1	730	9
517	1	1	313	8
517	1	1	887	9
518	1	1	313	8
518	1	1	1148	9
519	1	1	313	8
519	1	1	730	9
520	1	1	313	8
520	1	1	1200	9
521	1	1	313	8
521	1	1	730	9
522	1	1	313	8
522	1	1	1252	9
523	1	1	313	8
523	1	1	678	9
524	1	1	313	8
524	1	1	782	9
525	1	1	313	8
525	1	1	678	9
526	1	1	313	8
526	1	1	782	9
527	1	1	313	8
527	1	1	730	9
528	1	1	313	8
528	1	1	678	9
529	1	1	313	8
529	1	1	1356	9
530	1	1	313	8
530	1	1	730	9
531	1	1	313	8
531	1	1	887	9
532	1	1	313	8
532	1	1	991	9
533	1	1	313	8
533	1	1	1252	9
534	1	1	313	8
534	1	1	939	9
535	1	1	313	8
535	1	1	834	9
536	1	1	313	8
536	1	1	678	9
537	1	1	313	8
537	1	1	730	9
538	1	1	313	8
538	1	1	834	9
539	1	1	313	8
539	1	1	939	9
540	1	1	313	8
540	1	1	991	9
541	1	1	313	8
541	1	1	782	9
542	1	1	313	8
542	1	1	730	9
543	1	1	313	8
543	1	1	1304	9
544	1	1	313	8
544	1	1	782	9
545	1	1	313	8
545	1	1	782	9
546	1	1	313	8
546	1	1	1095	9
547	1	1	313	8
547	1	1	678	9
548	1	1	313	8
548	1	1	991	9
549	1	1	313	8
549	1	1	678	9
550	1	1	313	8
550	1	1	1252	9
551	1	1	313	8
551	1	1	782	9
552	1	1	313	8
552	1	1	1252	9
553	1	1	313	8
553	1	1	991	9
554	1	1	313	8
554	1	1	939	9
555	1	1	313	8
555	1	1	730	9
556	1	1	313	8
556	1	1	887	9
557	1	1	313	8
557	1	1	678	9
558	1	1	313	8
558	1	1	678	9
559	1	1	313	8
559	1	1	730	9
560	1	1	313	8
560	1	1	678	9
561	1	1	313	8
561	1	1	1043	9
562	1	1	313	8
562	1	1	678	9
563	1	1	313	8
563	1	1	730	9
564	1	1	313	8
564	1	1	1095	9
565	1	1	313	8
565	1	1	1043	9
566	1	1	313	8
566	1	1	782	9
567	1	1	313	8
567	1	1	939	9
568	1	1	313	8
568	1	1	678	9
569	1	1	313	8
569	1	1	834	9
570	1	1	313	8
570	1	1	939	9
571	1	1	313	8
571	1	1	991	9
572	1	1	313	8
572	1	1	678	9
573	1	1	313	8
573	1	1	1043	9
574	1	1	313	8
574	1	1	678	9
575	1	1	313	8
575	1	1	991	9
576	1	1	313	8
576	1	1	678	9
577	1	1	313	8
577	1	1	678	9
578	1	1	313	8
578	1	1	939	9
579	1	1	313	8
579	1	1	678	9
580	1	1	313	8
580	1	1	782	9
581	1	1	313	8
581	1	1	678	9
582	1	1	313	8
582	1	1	730	9
583	1	1	313	8
583	1	1	782	9
584	1	1	313	8
584	1	1	678	9
585	1	1	313	8
585	1	1	991	9
586	1	1	313	8
586	1	1	678	9
587	1	1	313	8
587	1	1	939	9
588	1	1	313	8
588	1	1	1095	9
589	1	1	313	8
589	1	1	939	9
590	1	1	313	8
590	1	1	782	9
591	1	1	313	8
591	1	1	939	9
592	1	1	313	8
592	1	1	678	9
593	1	1	313	8
593	1	1	1095	9
594	1	1	313	8
594	1	1	1200	9
595	1	1	313	8
595	1	1	678	9
596	1	1	313	8
596	1	1	782	9
597	1	1	313	8
597	1	1	782	9
598	1	1	313	8
598	1	1	782	9
599	1	1	313	8
599	1	1	1095	9
600	1	1	313	8
600	1	1	834	9
601	1	1	313	8
601	1	1	730	9
602	1	1	313	8
602	1	1	730	9
603	1	1	313	8
603	1	1	782	9
604	1	1	313	8
604	1	1	678	9
605	1	1	313	8
605	1	1	887	9
606	1	1	313	8
606	1	1	782	9
607	1	1	313	8
607	1	1	991	9
608	1	1	313	8
608	1	1	887	9
609	1	1	313	8
609	1	1	834	9
610	1	1	313	8
610	1	1	1043	9
611	1	1	313	8
611	1	1	678	9
612	1	1	313	8
612	1	1	1043	9
613	1	1	313	8
613	1	1	678	9
614	1	1	313	8
614	1	1	782	9
615	1	1	313	8
615	1	1	782	9
616	1	1	313	8
616	1	1	678	9
617	1	1	313	8
617	1	1	730	9
618	1	1	313	8
618	1	1	1095	9
619	1	1	313	8
619	1	1	939	9
620	1	1	313	8
620	1	1	782	9
621	1	1	313	8
621	1	1	991	9
622	1	1	313	8
622	1	1	1304	9
623	1	1	313	8
623	1	1	1356	9
624	1	1	313	8
624	1	1	730	9
625	1	1	313	8
625	1	1	939	9
626	1	1	313	8
626	1	1	939	9
627	1	1	313	8
627	1	1	782	9
628	1	1	313	8
628	1	1	1043	9
629	1	1	313	8
629	1	1	1356	9
630	1	1	313	8
630	1	1	730	9
631	1	1	313	8
631	1	1	1252	9
632	1	1	313	8
632	1	1	782	9
633	1	1	313	8
633	1	1	834	9
634	1	1	313	8
634	1	1	678	9
635	1	1	313	8
635	1	1	782	9
636	1	1	313	8
636	1	1	939	9
637	1	1	313	8
637	1	1	678	9
638	1	1	313	8
638	1	1	678	9
639	1	1	313	8
639	1	1	887	9
640	1	1	313	8
640	1	1	678	9
641	1	1	313	8
641	1	1	730	9
642	1	1	313	8
642	1	1	1043	9
643	1	1	313	8
643	1	1	782	9
644	1	1	313	8
644	1	1	834	9
645	1	1	313	8
645	1	1	1043	9
646	1	1	313	8
646	1	1	782	9
647	1	1	313	8
647	1	1	678	9
648	1	1	313	8
648	1	1	678	9
649	1	1	313	8
649	1	1	678	9
650	1	1	313	8
650	1	1	939	9
651	1	1	313	8
651	1	1	1148	9
652	1	1	313	8
652	1	1	834	9
653	1	1	313	8
653	1	1	939	9
654	1	1	313	8
654	1	1	678	9
655	1	1	313	8
655	1	1	678	9
656	1	1	313	8
656	1	1	1148	9
657	1	1	313	8
657	1	1	939	9
658	1	1	313	8
658	1	1	834	9
659	1	1	313	8
659	1	1	678	9
660	1	1	313	8
660	1	1	678	9
661	1	1	313	8
661	1	1	834	9
662	1	1	313	8
662	1	1	678	9
663	1	1	313	8
663	1	1	678	9
664	1	1	313	8
664	1	1	939	9
665	1	1	313	8
665	1	1	730	9
666	1	1	313	8
666	1	1	887	9
667	1	1	313	8
667	1	1	939	9
668	1	1	313	8
668	1	1	730	9
669	1	1	313	8
669	1	1	782	9
670	1	1	313	8
670	1	1	730	9
671	1	1	313	8
671	1	1	939	9
672	1	1	313	8
672	1	1	939	9
673	1	1	313	8
673	1	1	626	9
674	1	1	313	8
674	1	1	678	9
675	1	1	313	8
675	1	1	678	9
676	1	1	313	8
676	1	1	1252	9
677	1	1	313	8
677	1	1	834	9
678	1	1	313	8
678	1	1	1095	9
679	1	1	313	8
679	1	1	730	9
680	1	1	313	8
680	1	1	1252	9
681	1	1	313	8
681	1	1	626	9
682	1	1	313	8
682	1	1	678	9
683	1	1	313	8
683	1	1	991	9
684	1	1	313	8
684	1	1	678	9
685	1	1	313	8
685	1	1	1304	9
686	1	1	313	8
686	1	1	991	9
687	1	1	313	8
687	1	1	678	9
688	1	1	313	8
688	1	1	782	9
689	1	1	313	8
689	1	1	678	9
690	1	1	313	8
690	1	1	1148	9
691	1	1	313	8
691	1	1	991	9
692	1	1	313	8
692	1	1	834	9
693	1	1	313	8
693	1	1	782	9
694	1	1	313	8
694	1	1	678	9
695	1	1	313	8
695	1	1	939	9
696	1	1	313	8
696	1	1	730	9
697	1	1	313	8
697	1	1	1043	9
698	1	1	313	8
698	1	1	678	9
699	1	1	313	8
699	1	1	730	9
700	1	1	313	8
700	1	1	678	9
701	1	1	313	8
701	1	1	887	9
702	1	1	313	8
702	1	1	782	9
703	1	1	313	8
703	1	1	834	9
704	1	1	313	8
704	1	1	887	9
705	1	1	313	8
705	1	1	991	9
706	1	1	313	8
706	1	1	730	9
707	1	1	313	8
707	1	1	678	9
708	1	1	313	8
708	1	1	991	9
709	1	1	313	8
709	1	1	834	9
710	1	1	313	8
710	1	1	991	9
711	1	1	313	8
711	1	1	887	9
712	1	1	313	8
712	1	1	834	9
713	1	1	313	8
713	1	1	782	9
714	1	1	313	8
714	1	1	1095	9
715	1	1	313	8
715	1	1	678	9
716	1	1	313	8
716	1	1	1043	9
717	1	1	313	8
717	1	1	939	9
718	1	1	313	8
718	1	1	730	9
719	1	1	313	8
719	1	1	939	9
720	1	1	313	8
720	1	1	834	9
721	1	1	313	8
721	1	1	782	9
722	1	1	313	8
722	1	1	730	9
723	1	1	313	8
723	1	1	782	9
724	1	1	313	8
724	1	1	782	9
725	1	1	313	8
725	1	1	678	9
726	1	1	313	8
726	1	1	782	9
727	1	1	313	8
727	1	1	678	9
728	1	1	313	8
728	1	1	991	9
729	1	1	313	8
729	1	1	1304	9
730	1	1	313	8
730	1	1	939	9
731	1	1	313	8
731	1	1	939	9
732	1	1	313	8
732	1	1	782	9
733	1	1	313	8
733	1	1	678	9
734	1	1	313	8
734	1	1	939	9
735	1	1	313	8
735	1	1	887	9
736	1	1	313	8
736	1	1	834	9
737	1	1	313	8
737	1	1	1148	9
738	1	1	313	8
738	1	1	887	9
739	1	1	313	8
739	1	1	1095	9
740	1	1	313	8
740	1	1	678	9
741	1	1	313	8
741	1	1	1148	9
742	1	1	313	8
742	1	1	730	9
743	1	1	313	8
743	1	1	678	9
744	1	1	313	8
744	1	1	834	9
745	1	1	313	8
745	1	1	834	9
746	1	1	313	8
746	1	1	991	9
747	1	1	313	8
747	1	1	834	9
748	1	1	313	8
748	1	1	678	9
749	1	1	313	8
749	1	1	1356	9
750	1	1	313	8
750	1	1	939	9
751	1	1	313	8
751	1	1	1095	9
752	1	1	313	8
752	1	1	730	9
753	1	1	313	8
753	1	1	730	9
754	1	1	313	8
754	1	1	887	9
755	1	1	313	8
755	1	1	730	9
756	1	1	313	8
756	1	1	939	9
757	1	1	313	8
757	1	1	782	9
758	1	1	313	8
758	1	1	730	9
759	1	1	313	8
759	1	1	730	9
760	1	1	313	8
760	1	1	678	9
761	1	1	313	8
761	1	1	939	9
762	1	1	313	8
762	1	1	730	9
763	1	1	313	8
763	1	1	1200	9
764	1	1	313	8
764	1	1	834	9
765	1	1	313	8
765	1	1	678	9
766	1	1	313	8
766	1	1	678	9
767	1	1	313	8
767	1	1	939	9
768	1	1	313	8
768	1	1	887	9
769	1	1	313	8
769	1	1	991	9
770	1	1	313	8
770	1	1	939	9
771	1	1	313	8
771	1	1	730	9
772	1	1	313	8
772	1	1	834	9
773	1	1	313	8
773	1	1	782	9
774	1	1	313	8
774	1	1	1252	9
775	1	1	313	8
775	1	1	678	9
776	1	1	313	8
776	1	1	782	9
777	1	1	313	8
777	1	1	1043	9
778	1	1	313	8
778	1	1	834	9
779	1	1	313	8
779	1	1	1148	9
780	1	1	313	8
780	1	1	1148	9
781	1	1	313	8
781	1	1	678	9
782	1	1	313	8
782	1	1	678	9
783	1	1	313	8
783	1	1	1304	9
784	1	1	313	8
784	1	1	1304	9
785	1	1	313	8
785	1	1	782	9
786	1	1	313	8
786	1	1	1148	9
787	1	1	313	8
787	1	1	730	9
788	1	1	313	8
788	1	1	939	9
789	1	1	313	8
789	1	1	730	9
790	1	1	313	8
790	1	1	834	9
791	1	1	313	8
791	1	1	1252	9
792	1	1	313	8
792	1	1	730	9
793	1	1	313	8
793	1	1	730	9
794	1	1	313	8
794	1	1	939	9
795	1	1	313	8
795	1	1	939	9
796	1	1	313	8
796	1	1	678	9
797	1	1	313	8
797	1	1	678	9
798	1	1	313	8
798	1	1	1304	9
799	1	1	313	8
799	1	1	730	9
800	1	1	313	8
800	1	1	730	9
801	1	1	313	8
801	1	1	1095	9
802	1	1	313	8
802	1	1	782	9
803	1	1	313	8
803	1	1	678	9
804	1	1	313	8
804	1	1	678	9
805	1	1	313	8
805	1	1	782	9
806	1	1	313	8
806	1	1	834	9
807	1	1	313	8
807	1	1	887	9
808	1	1	313	8
808	1	1	1148	9
809	1	1	313	8
809	1	1	939	9
810	1	1	313	8
810	1	1	887	9
811	1	1	313	8
811	1	1	991	9
812	1	1	313	8
812	1	1	1043	9
813	1	1	313	8
813	1	1	678	9
814	1	1	313	8
814	1	1	1043	9
815	1	1	313	8
815	1	1	1043	9
816	1	1	313	8
816	1	1	1252	9
817	1	1	313	8
817	1	1	678	9
818	1	1	313	8
818	1	1	782	9
819	1	1	313	8
819	1	1	834	9
820	1	1	313	8
820	1	1	834	9
821	1	1	313	8
821	1	1	1252	9
822	1	1	313	8
822	1	1	939	9
823	1	1	313	8
823	1	1	730	9
824	1	1	313	8
824	1	1	730	9
825	1	1	313	8
825	1	1	991	9
826	1	1	313	8
826	1	1	678	9
827	1	1	313	8
827	1	1	939	9
828	1	1	313	8
828	1	1	730	9
829	1	1	313	8
829	1	1	730	9
830	1	1	313	8
830	1	1	939	9
831	1	1	313	8
831	1	1	730	9
832	1	1	313	8
832	1	1	887	9
833	1	1	313	8
833	1	1	1043	9
834	1	1	313	8
834	1	1	782	9
835	1	1	313	8
835	1	1	782	9
836	1	1	313	8
836	1	1	1304	9
837	1	1	313	8
837	1	1	1148	9
838	1	1	313	8
838	1	1	678	9
839	1	1	313	8
839	1	1	1148	9
840	1	1	313	8
840	1	1	730	9
841	1	1	313	8
841	1	1	678	9
842	1	1	313	8
842	1	1	678	9
843	1	1	313	8
843	1	1	1148	9
844	1	1	313	8
844	1	1	991	9
845	1	1	313	8
845	1	1	939	9
846	1	1	313	8
846	1	1	678	9
847	1	1	313	8
847	1	1	730	9
848	1	1	313	8
848	1	1	678	9
849	1	1	313	8
849	1	1	678	9
850	1	1	313	8
850	1	1	678	9
851	1	1	313	8
851	1	1	730	9
852	1	1	313	8
852	1	1	834	9
853	1	1	313	8
853	1	1	1095	9
854	1	1	313	8
854	1	1	834	9
855	1	1	313	8
855	1	1	678	9
856	1	1	313	8
856	1	1	991	9
857	1	1	313	8
857	1	1	939	9
858	1	1	313	8
858	1	1	939	9
859	1	1	313	8
859	1	1	678	9
860	1	1	313	8
860	1	1	1252	9
861	1	1	313	8
861	1	1	939	9
862	1	1	313	8
862	1	1	939	9
863	1	1	313	8
863	1	1	730	9
864	1	1	313	8
864	1	1	1043	9
865	1	1	313	8
865	1	1	782	9
866	1	1	313	8
866	1	1	678	9
867	1	1	313	8
867	1	1	991	9
868	1	1	313	8
868	1	1	887	9
869	1	1	313	8
869	1	1	939	9
870	1	1	313	8
870	1	1	1252	9
871	1	1	313	8
871	1	1	782	9
872	1	1	313	8
872	1	1	678	9
873	1	1	313	8
873	1	1	887	9
874	1	1	313	8
874	1	1	730	9
875	1	1	313	8
875	1	1	678	9
876	1	1	313	8
876	1	1	834	9
877	1	1	313	8
877	1	1	1148	9
878	1	1	313	8
878	1	1	730	9
879	1	1	313	8
879	1	1	939	9
880	1	1	313	8
880	1	1	834	9
881	1	1	313	8
881	1	1	678	9
882	1	1	313	8
882	1	1	678	9
883	1	1	313	8
883	1	1	939	9
884	1	1	313	8
884	1	1	887	9
885	1	1	313	8
885	1	1	678	9
886	1	1	313	8
886	1	1	887	9
887	1	1	313	8
887	1	1	678	9
888	1	1	313	8
888	1	1	782	9
889	1	1	313	8
889	1	1	730	9
890	1	1	313	8
890	1	1	678	9
891	1	1	313	8
891	1	1	834	9
892	1	1	313	8
892	1	1	1148	9
893	1	1	313	8
893	1	1	626	9
894	1	1	313	8
894	1	1	834	9
895	1	1	313	8
895	1	1	678	9
896	1	1	313	8
896	1	1	1095	9
897	1	1	313	8
897	1	1	678	9
898	1	1	313	8
898	1	1	939	9
899	1	1	313	8
899	1	1	939	9
900	1	1	313	8
900	1	1	1043	9
901	1	1	313	8
901	1	1	782	9
902	1	1	313	8
902	1	1	678	9
903	1	1	313	8
903	1	1	834	9
904	1	1	313	8
904	1	1	730	9
905	1	1	313	8
905	1	1	782	9
906	1	1	313	8
906	1	1	1095	9
907	1	1	313	8
907	1	1	782	9
908	1	1	313	8
908	1	1	678	9
909	1	1	313	8
909	1	1	834	9
910	1	1	313	8
910	1	1	730	9
911	1	1	313	8
911	1	1	939	9
912	1	1	313	8
912	1	1	730	9
913	1	1	313	8
913	1	1	991	9
914	1	1	313	8
914	1	1	678	9
915	1	1	313	8
915	1	1	782	9
916	1	1	313	8
916	1	1	678	9
917	1	1	313	8
917	1	1	730	9
918	1	1	313	8
918	1	1	678	9
919	1	1	313	8
919	1	1	730	9
920	1	1	313	8
920	1	1	730	9
921	1	1	313	8
921	1	1	1095	9
922	1	1	313	8
922	1	1	834	9
923	1	1	313	8
923	1	1	1356	9
924	1	1	313	8
924	1	1	678	9
925	1	1	313	8
925	1	1	1095	9
926	1	1	313	8
926	1	1	834	9
927	1	1	313	8
927	1	1	887	9
928	1	1	313	8
928	1	1	730	9
929	1	1	313	8
929	1	1	834	9
930	1	1	313	8
930	1	1	1043	9
931	1	1	313	8
931	1	1	991	9
932	1	1	313	8
932	1	1	1095	9
933	1	1	313	8
933	1	1	678	9
934	1	1	313	8
934	1	1	782	9
935	1	1	313	8
935	1	1	782	9
936	1	1	313	8
936	1	1	678	9
937	1	1	313	8
937	1	1	678	9
938	1	1	313	8
938	1	1	678	9
939	1	1	313	8
939	1	1	939	9
940	1	1	313	8
940	1	1	834	9
941	1	1	313	8
941	1	1	991	9
942	1	1	313	8
942	1	1	834	9
943	1	1	313	8
943	1	1	939	9
944	1	1	313	8
944	1	1	939	9
945	1	1	313	8
945	1	1	1043	9
946	1	1	313	8
946	1	1	782	9
947	1	1	313	8
947	1	1	1095	9
948	1	1	313	8
948	1	1	678	9
949	1	1	313	8
949	1	1	1304	9
950	1	1	313	8
950	1	1	1148	9
951	1	1	313	8
951	1	1	991	9
952	1	1	313	8
952	1	1	730	9
953	1	1	313	8
953	1	1	730	9
954	1	1	313	8
954	1	1	678	9
955	1	1	313	8
955	1	1	730	9
956	1	1	313	8
956	1	1	782	9
957	1	1	313	8
957	1	1	1043	9
958	1	1	313	8
958	1	1	939	9
959	1	1	313	8
959	1	1	834	9
960	1	1	313	8
960	1	1	678	9
961	1	1	313	8
961	1	1	730	9
962	1	1	313	8
962	1	1	1356	9
963	1	1	313	8
963	1	1	834	9
964	1	1	313	8
964	1	1	1356	9
965	1	1	313	8
965	1	1	730	9
966	1	1	313	8
966	1	1	730	9
967	1	1	313	8
967	1	1	678	9
968	1	1	313	8
968	1	1	730	9
969	1	1	313	8
969	1	1	991	9
970	1	1	313	8
970	1	1	887	9
971	1	1	313	8
971	1	1	678	9
972	1	1	313	8
972	1	1	1200	9
973	1	1	313	8
973	1	1	1043	9
974	1	1	313	8
974	1	1	991	9
975	1	1	313	8
975	1	1	1043	9
976	1	1	313	8
976	1	1	782	9
977	1	1	313	8
977	1	1	939	9
978	1	1	313	8
978	1	1	678	9
979	1	1	313	8
979	1	1	678	9
980	1	1	313	8
980	1	1	887	9
981	1	1	313	8
981	1	1	939	9
982	1	1	313	8
982	1	1	782	9
983	1	1	313	8
983	1	1	939	9
984	1	1	313	8
984	1	1	991	9
985	1	1	313	8
985	1	1	991	9
986	1	1	313	8
986	1	1	678	9
987	1	1	313	8
987	1	1	782	9
988	1	1	313	8
988	1	1	678	9
989	1	1	313	8
989	1	1	782	9
990	1	1	313	8
990	1	1	1304	9
991	1	1	313	8
991	1	1	782	9
992	1	1	313	8
992	1	1	678	9
993	1	1	313	8
993	1	1	1095	9
994	1	1	313	8
994	1	1	939	9
995	1	1	313	8
995	1	1	834	9
996	1	1	313	8
996	1	1	678	9
997	1	1	313	8
997	1	1	834	9
998	1	1	313	8
998	1	1	678	9
