Realization	utility	WSS	week	infra.
0	0	0	104	5
0	0	0	208	6
0	0	0	313	10
1	0	0	104	5
1	0	0	208	6
1	0	0	313	10
2	0	0	104	5
2	0	0	208	6
2	0	0	313	10
3	0	0	104	5
3	0	0	208	6
3	0	0	313	10
4	0	0	104	5
4	0	0	208	6
4	0	0	313	10
5	0	0	104	5
5	0	0	208	6
5	0	0	313	10
6	0	0	104	5
6	0	0	208	6
6	0	0	313	10
7	0	0	104	5
7	0	0	208	6
7	0	0	313	10
8	0	0	104	5
8	0	0	208	6
8	0	0	313	10
9	0	0	104	5
9	0	0	208	6
9	0	0	313	10
10	0	0	104	5
10	0	0	208	6
10	0	0	313	10
11	0	0	104	5
11	0	0	208	6
11	0	0	313	10
12	0	0	104	5
12	0	0	208	6
12	0	0	313	10
13	0	0	104	5
13	0	0	208	6
13	0	0	313	10
14	0	0	104	5
14	0	0	208	6
14	0	0	313	10
15	0	0	104	5
15	0	0	208	6
15	0	0	313	10
16	0	0	104	5
16	0	0	208	6
16	0	0	313	10
17	0	0	104	5
17	0	0	208	6
17	0	0	313	10
18	0	0	104	5
18	0	0	208	6
18	0	0	313	10
19	0	0	104	5
19	0	0	208	6
19	0	0	313	10
20	0	0	104	5
20	0	0	208	6
20	0	0	313	10
21	0	0	104	5
21	0	0	208	6
21	0	0	313	10
22	0	0	104	5
22	0	0	208	6
22	0	0	313	10
23	0	0	104	5
23	0	0	208	6
23	0	0	313	10
24	0	0	104	5
24	0	0	208	6
24	0	0	313	10
25	0	0	104	5
25	0	0	208	6
25	0	0	313	10
26	0	0	104	5
26	0	0	208	6
26	0	0	313	10
27	0	0	104	5
27	0	0	208	6
27	0	0	313	10
28	0	0	104	5
28	0	0	208	6
28	0	0	313	10
29	0	0	104	5
29	0	0	208	6
29	0	0	313	10
30	0	0	104	5
30	0	0	208	6
30	0	0	313	10
31	0	0	104	5
31	0	0	208	6
31	0	0	313	10
32	0	0	104	5
32	0	0	208	6
32	0	0	313	10
33	0	0	104	5
33	0	0	208	6
33	0	0	313	10
34	0	0	104	5
34	0	0	208	6
34	0	0	313	10
35	0	0	104	5
35	0	0	208	6
35	0	0	313	10
36	0	0	104	5
36	0	0	208	6
36	0	0	313	10
37	0	0	104	5
37	0	0	208	6
37	0	0	313	10
38	0	0	104	5
38	0	0	208	6
38	0	0	313	10
39	0	0	104	5
39	0	0	208	6
39	0	0	313	10
40	0	0	104	5
40	0	0	208	6
40	0	0	313	10
41	0	0	104	5
41	0	0	208	6
41	0	0	313	10
42	0	0	104	5
42	0	0	208	6
42	0	0	313	10
43	0	0	104	5
43	0	0	208	6
43	0	0	313	10
44	0	0	104	5
44	0	0	208	6
44	0	0	313	10
45	0	0	104	5
45	0	0	208	6
45	0	0	313	10
46	0	0	104	5
46	0	0	208	6
46	0	0	313	10
47	0	0	104	5
47	0	0	208	6
47	0	0	313	10
48	0	0	104	5
48	0	0	208	6
48	0	0	313	10
49	0	0	104	5
49	0	0	208	6
49	0	0	313	10
50	0	0	104	5
50	0	0	208	6
50	0	0	313	10
51	0	0	104	5
51	0	0	208	6
51	0	0	313	10
52	0	0	104	5
52	0	0	208	6
52	0	0	313	10
53	0	0	104	5
53	0	0	208	6
53	0	0	313	10
54	0	0	104	5
54	0	0	208	6
54	0	0	313	10
55	0	0	104	5
55	0	0	208	6
55	0	0	313	10
56	0	0	104	5
56	0	0	208	6
56	0	0	313	10
57	0	0	104	5
57	0	0	208	6
57	0	0	313	10
58	0	0	104	5
58	0	0	208	6
58	0	0	313	10
59	0	0	104	5
59	0	0	208	6
59	0	0	313	10
60	0	0	104	5
60	0	0	208	6
60	0	0	313	10
61	0	0	104	5
61	0	0	208	6
61	0	0	313	10
62	0	0	104	5
62	0	0	208	6
62	0	0	313	10
63	0	0	104	5
63	0	0	208	6
63	0	0	313	10
64	0	0	104	5
64	0	0	208	6
64	0	0	313	10
65	0	0	104	5
65	0	0	208	6
65	0	0	313	10
66	0	0	104	5
66	0	0	208	6
66	0	0	313	10
67	0	0	104	5
67	0	0	208	6
67	0	0	313	10
68	0	0	104	5
68	0	0	208	6
68	0	0	313	10
69	0	0	104	5
69	0	0	208	6
69	0	0	313	10
70	0	0	104	5
70	0	0	208	6
70	0	0	313	10
71	0	0	104	5
71	0	0	208	6
71	0	0	313	10
72	0	0	104	5
72	0	0	208	6
72	0	0	313	10
73	0	0	104	5
73	0	0	208	6
73	0	0	313	10
74	0	0	104	5
74	0	0	208	6
74	0	0	313	10
75	0	0	104	5
75	0	0	208	6
75	0	0	313	10
76	0	0	104	5
76	0	0	208	6
76	0	0	313	10
77	0	0	104	5
77	0	0	208	6
77	0	0	313	10
78	0	0	104	5
78	0	0	208	6
78	0	0	313	10
79	0	0	104	5
79	0	0	208	6
79	0	0	313	10
80	0	0	104	5
80	0	0	208	6
80	0	0	313	10
81	0	0	104	5
81	0	0	208	6
81	0	0	313	10
82	0	0	104	5
82	0	0	208	6
82	0	0	313	10
83	0	0	104	5
83	0	0	208	6
83	0	0	313	10
84	0	0	104	5
84	0	0	208	6
84	0	0	313	10
85	0	0	104	5
85	0	0	208	6
85	0	0	313	10
86	0	0	104	5
86	0	0	208	6
86	0	0	313	10
87	0	0	104	5
87	0	0	208	6
87	0	0	313	10
88	0	0	104	5
88	0	0	208	6
88	0	0	313	10
89	0	0	104	5
89	0	0	208	6
89	0	0	313	10
90	0	0	104	5
90	0	0	208	6
90	0	0	313	10
91	0	0	104	5
91	0	0	208	6
91	0	0	313	10
92	0	0	104	5
92	0	0	208	6
92	0	0	313	10
93	0	0	104	5
93	0	0	208	6
93	0	0	313	10
94	0	0	104	5
94	0	0	208	6
94	0	0	313	10
95	0	0	104	5
95	0	0	208	6
95	0	0	313	10
96	0	0	104	5
96	0	0	208	6
96	0	0	313	10
97	0	0	104	5
97	0	0	208	6
97	0	0	313	10
98	0	0	104	5
98	0	0	208	6
98	0	0	313	10
99	0	0	104	5
99	0	0	208	6
99	0	0	313	10
100	0	0	104	5
100	0	0	208	6
100	0	0	313	10
101	0	0	104	5
101	0	0	208	6
101	0	0	313	10
102	0	0	104	5
102	0	0	208	6
102	0	0	313	10
103	0	0	104	5
103	0	0	208	6
103	0	0	313	10
104	0	0	104	5
104	0	0	208	6
104	0	0	313	10
105	0	0	104	5
105	0	0	208	6
105	0	0	313	10
106	0	0	104	5
106	0	0	208	6
106	0	0	313	10
107	0	0	104	5
107	0	0	208	6
107	0	0	313	10
108	0	0	104	5
108	0	0	208	6
108	0	0	313	10
109	0	0	104	5
109	0	0	208	6
109	0	0	313	10
110	0	0	104	5
110	0	0	208	6
110	0	0	313	10
111	0	0	104	5
111	0	0	208	6
111	0	0	313	10
112	0	0	104	5
112	0	0	208	6
112	0	0	313	10
113	0	0	104	5
113	0	0	208	6
113	0	0	313	10
114	0	0	104	5
114	0	0	208	6
114	0	0	313	10
115	0	0	104	5
115	0	0	208	6
115	0	0	313	10
116	0	0	104	5
116	0	0	208	6
116	0	0	313	10
117	0	0	104	5
117	0	0	208	6
117	0	0	313	10
118	0	0	104	5
118	0	0	208	6
118	0	0	313	10
119	0	0	104	5
119	0	0	208	6
119	0	0	313	10
120	0	0	104	5
120	0	0	208	6
120	0	0	313	10
121	0	0	104	5
121	0	0	208	6
121	0	0	313	10
122	0	0	104	5
122	0	0	208	6
122	0	0	313	10
123	0	0	104	5
123	0	0	208	6
123	0	0	313	10
124	0	0	104	5
124	0	0	208	6
124	0	0	313	10
125	0	0	104	5
125	0	0	208	6
125	0	0	313	10
126	0	0	104	5
126	0	0	208	6
126	0	0	313	10
127	0	0	104	5
127	0	0	208	6
127	0	0	313	10
128	0	0	104	5
128	0	0	208	6
128	0	0	313	10
129	0	0	104	5
129	0	0	208	6
129	0	0	313	10
130	0	0	104	5
130	0	0	208	6
130	0	0	313	10
131	0	0	104	5
131	0	0	208	6
131	0	0	313	10
132	0	0	104	5
132	0	0	208	6
132	0	0	313	10
133	0	0	104	5
133	0	0	208	6
133	0	0	313	10
134	0	0	104	5
134	0	0	208	6
134	0	0	313	10
135	0	0	104	5
135	0	0	208	6
135	0	0	313	10
136	0	0	104	5
136	0	0	208	6
136	0	0	313	10
137	0	0	104	5
137	0	0	208	6
137	0	0	313	10
138	0	0	104	5
138	0	0	208	6
138	0	0	313	10
139	0	0	104	5
139	0	0	208	6
139	0	0	313	10
140	0	0	104	5
140	0	0	208	6
140	0	0	313	10
141	0	0	104	5
141	0	0	208	6
141	0	0	313	10
142	0	0	104	5
142	0	0	208	6
142	0	0	313	10
143	0	0	104	5
143	0	0	208	6
143	0	0	313	10
144	0	0	104	5
144	0	0	208	6
144	0	0	313	10
145	0	0	104	5
145	0	0	208	6
145	0	0	313	10
146	0	0	104	5
146	0	0	208	6
146	0	0	313	10
147	0	0	104	5
147	0	0	208	6
147	0	0	313	10
148	0	0	104	5
148	0	0	208	6
148	0	0	313	10
149	0	0	104	5
149	0	0	208	6
149	0	0	313	10
150	0	0	104	5
150	0	0	208	6
150	0	0	313	10
151	0	0	104	5
151	0	0	208	6
151	0	0	313	10
152	0	0	104	5
152	0	0	208	6
152	0	0	313	10
153	0	0	104	5
153	0	0	208	6
153	0	0	313	10
154	0	0	104	5
154	0	0	208	6
154	0	0	313	10
155	0	0	104	5
155	0	0	208	6
155	0	0	313	10
156	0	0	104	5
156	0	0	208	6
156	0	0	313	10
157	0	0	104	5
157	0	0	208	6
157	0	0	313	10
158	0	0	104	5
158	0	0	208	6
158	0	0	313	10
159	0	0	104	5
159	0	0	208	6
159	0	0	313	10
160	0	0	104	5
160	0	0	208	6
160	0	0	313	10
161	0	0	104	5
161	0	0	208	6
161	0	0	313	10
162	0	0	104	5
162	0	0	208	6
162	0	0	313	10
163	0	0	104	5
163	0	0	208	6
163	0	0	313	10
164	0	0	104	5
164	0	0	208	6
164	0	0	313	10
165	0	0	104	5
165	0	0	208	6
165	0	0	313	10
166	0	0	104	5
166	0	0	208	6
166	0	0	313	10
167	0	0	104	5
167	0	0	208	6
167	0	0	313	10
168	0	0	104	5
168	0	0	208	6
168	0	0	313	10
169	0	0	104	5
169	0	0	208	6
169	0	0	313	10
170	0	0	104	5
170	0	0	208	6
170	0	0	313	10
171	0	0	104	5
171	0	0	208	6
171	0	0	313	10
172	0	0	104	5
172	0	0	208	6
172	0	0	313	10
173	0	0	104	5
173	0	0	208	6
173	0	0	313	10
174	0	0	104	5
174	0	0	208	6
174	0	0	313	10
175	0	0	104	5
175	0	0	208	6
175	0	0	313	10
176	0	0	104	5
176	0	0	208	6
176	0	0	313	10
177	0	0	104	5
177	0	0	208	6
177	0	0	313	10
178	0	0	104	5
178	0	0	208	6
178	0	0	313	10
179	0	0	104	5
179	0	0	208	6
179	0	0	313	10
180	0	0	104	5
180	0	0	208	6
180	0	0	313	10
181	0	0	104	5
181	0	0	208	6
181	0	0	313	10
182	0	0	104	5
182	0	0	208	6
182	0	0	313	10
183	0	0	104	5
183	0	0	208	6
183	0	0	313	10
184	0	0	104	5
184	0	0	208	6
184	0	0	313	10
185	0	0	104	5
185	0	0	208	6
185	0	0	313	10
186	0	0	104	5
186	0	0	208	6
186	0	0	313	10
187	0	0	104	5
187	0	0	208	6
187	0	0	313	10
188	0	0	104	5
188	0	0	208	6
188	0	0	313	10
189	0	0	104	5
189	0	0	208	6
189	0	0	313	10
190	0	0	104	5
190	0	0	208	6
190	0	0	313	10
191	0	0	104	5
191	0	0	208	6
191	0	0	313	10
192	0	0	104	5
192	0	0	208	6
192	0	0	313	10
193	0	0	104	5
193	0	0	208	6
193	0	0	313	10
194	0	0	104	5
194	0	0	208	6
194	0	0	313	10
195	0	0	104	5
195	0	0	208	6
195	0	0	313	10
196	0	0	104	5
196	0	0	208	6
196	0	0	313	10
197	0	0	104	5
197	0	0	208	6
197	0	0	313	10
198	0	0	104	5
198	0	0	208	6
198	0	0	313	10
199	0	0	104	5
199	0	0	208	6
199	0	0	313	10
200	0	0	104	5
200	0	0	208	6
200	0	0	313	10
201	0	0	104	5
201	0	0	208	6
201	0	0	313	10
202	0	0	104	5
202	0	0	208	6
202	0	0	313	10
203	0	0	104	5
203	0	0	208	6
203	0	0	313	10
204	0	0	104	5
204	0	0	208	6
204	0	0	313	10
205	0	0	104	5
205	0	0	208	6
205	0	0	313	10
206	0	0	104	5
206	0	0	208	6
206	0	0	313	10
207	0	0	104	5
207	0	0	208	6
207	0	0	313	10
208	0	0	104	5
208	0	0	208	6
208	0	0	313	10
209	0	0	104	5
209	0	0	208	6
209	0	0	313	10
210	0	0	104	5
210	0	0	208	6
210	0	0	313	10
211	0	0	104	5
211	0	0	208	6
211	0	0	313	10
212	0	0	104	5
212	0	0	208	6
212	0	0	313	10
213	0	0	104	5
213	0	0	208	6
213	0	0	313	10
214	0	0	104	5
214	0	0	208	6
214	0	0	313	10
215	0	0	104	5
215	0	0	208	6
215	0	0	313	10
216	0	0	104	5
216	0	0	208	6
216	0	0	313	10
217	0	0	104	5
217	0	0	208	6
217	0	0	313	10
218	0	0	104	5
218	0	0	208	6
218	0	0	313	10
219	0	0	104	5
219	0	0	208	6
219	0	0	313	10
220	0	0	104	5
220	0	0	208	6
220	0	0	313	10
221	0	0	104	5
221	0	0	208	6
221	0	0	313	10
222	0	0	104	5
222	0	0	208	6
222	0	0	313	10
223	0	0	104	5
223	0	0	208	6
223	0	0	313	10
224	0	0	104	5
224	0	0	208	6
224	0	0	313	10
225	0	0	104	5
225	0	0	208	6
225	0	0	313	10
226	0	0	104	5
226	0	0	208	6
226	0	0	313	10
227	0	0	104	5
227	0	0	208	6
227	0	0	313	10
228	0	0	104	5
228	0	0	208	6
228	0	0	313	10
229	0	0	104	5
229	0	0	208	6
229	0	0	313	10
230	0	0	104	5
230	0	0	208	6
230	0	0	313	10
231	0	0	104	5
231	0	0	208	6
231	0	0	313	10
232	0	0	104	5
232	0	0	208	6
232	0	0	313	10
233	0	0	104	5
233	0	0	208	6
233	0	0	313	10
234	0	0	104	5
234	0	0	208	6
234	0	0	313	10
235	0	0	104	5
235	0	0	208	6
235	0	0	313	10
236	0	0	104	5
236	0	0	208	6
236	0	0	313	10
237	0	0	104	5
237	0	0	208	6
237	0	0	313	10
238	0	0	104	5
238	0	0	208	6
238	0	0	313	10
239	0	0	104	5
239	0	0	208	6
239	0	0	313	10
240	0	0	104	5
240	0	0	208	6
240	0	0	313	10
241	0	0	104	5
241	0	0	208	6
241	0	0	313	10
242	0	0	104	5
242	0	0	208	6
242	0	0	313	10
243	0	0	104	5
243	0	0	208	6
243	0	0	313	10
244	0	0	104	5
244	0	0	208	6
244	0	0	313	10
245	0	0	104	5
245	0	0	208	6
245	0	0	313	10
246	0	0	104	5
246	0	0	208	6
246	0	0	313	10
247	0	0	104	5
247	0	0	208	6
247	0	0	313	10
248	0	0	104	5
248	0	0	208	6
248	0	0	313	10
249	0	0	104	5
249	0	0	208	6
249	0	0	313	10
250	0	0	104	5
250	0	0	208	6
250	0	0	313	10
251	0	0	104	5
251	0	0	208	6
251	0	0	313	10
252	0	0	104	5
252	0	0	208	6
252	0	0	313	10
253	0	0	104	5
253	0	0	208	6
253	0	0	313	10
254	0	0	104	5
254	0	0	208	6
254	0	0	313	10
255	0	0	104	5
255	0	0	208	6
255	0	0	313	10
256	0	0	104	5
256	0	0	208	6
256	0	0	313	10
257	0	0	104	5
257	0	0	208	6
257	0	0	313	10
258	0	0	104	5
258	0	0	208	6
258	0	0	313	10
259	0	0	104	5
259	0	0	208	6
259	0	0	313	10
260	0	0	104	5
260	0	0	208	6
260	0	0	313	10
261	0	0	104	5
261	0	0	208	6
261	0	0	313	10
262	0	0	104	5
262	0	0	208	6
262	0	0	313	10
263	0	0	104	5
263	0	0	208	6
263	0	0	313	10
264	0	0	104	5
264	0	0	208	6
264	0	0	313	10
265	0	0	104	5
265	0	0	208	6
265	0	0	313	10
266	0	0	104	5
266	0	0	208	6
266	0	0	313	10
267	0	0	104	5
267	0	0	208	6
267	0	0	313	10
268	0	0	104	5
268	0	0	208	6
268	0	0	313	10
269	0	0	104	5
269	0	0	208	6
269	0	0	313	10
270	0	0	104	5
270	0	0	208	6
270	0	0	313	10
271	0	0	104	5
271	0	0	208	6
271	0	0	313	10
272	0	0	104	5
272	0	0	208	6
272	0	0	313	10
273	0	0	104	5
273	0	0	208	6
273	0	0	313	10
274	0	0	104	5
274	0	0	208	6
274	0	0	313	10
275	0	0	104	5
275	0	0	208	6
275	0	0	313	10
276	0	0	104	5
276	0	0	208	6
276	0	0	313	10
277	0	0	104	5
277	0	0	208	6
277	0	0	313	10
278	0	0	104	5
278	0	0	208	6
278	0	0	313	10
279	0	0	104	5
279	0	0	208	6
279	0	0	313	10
280	0	0	104	5
280	0	0	208	6
280	0	0	313	10
281	0	0	104	5
281	0	0	208	6
281	0	0	313	10
282	0	0	104	5
282	0	0	208	6
282	0	0	313	10
283	0	0	104	5
283	0	0	208	6
283	0	0	313	10
284	0	0	104	5
284	0	0	208	6
284	0	0	313	10
285	0	0	104	5
285	0	0	208	6
285	0	0	313	10
286	0	0	104	5
286	0	0	208	6
286	0	0	313	10
287	0	0	104	5
287	0	0	208	6
287	0	0	313	10
288	0	0	104	5
288	0	0	208	6
288	0	0	313	10
289	0	0	104	5
289	0	0	208	6
289	0	0	313	10
290	0	0	104	5
290	0	0	208	6
290	0	0	313	10
291	0	0	104	5
291	0	0	208	6
291	0	0	313	10
292	0	0	104	5
292	0	0	208	6
292	0	0	313	10
293	0	0	104	5
293	0	0	208	6
293	0	0	313	10
294	0	0	104	5
294	0	0	208	6
294	0	0	313	10
295	0	0	104	5
295	0	0	208	6
295	0	0	313	10
296	0	0	104	5
296	0	0	208	6
296	0	0	313	10
297	0	0	104	5
297	0	0	208	6
297	0	0	313	10
298	0	0	104	5
298	0	0	208	6
298	0	0	313	10
299	0	0	104	5
299	0	0	208	6
299	0	0	313	10
300	0	0	104	5
300	0	0	208	6
300	0	0	313	10
301	0	0	104	5
301	0	0	208	6
301	0	0	313	10
302	0	0	104	5
302	0	0	208	6
302	0	0	313	10
303	0	0	104	5
303	0	0	208	6
303	0	0	313	10
304	0	0	104	5
304	0	0	208	6
304	0	0	313	10
305	0	0	104	5
305	0	0	208	6
305	0	0	313	10
306	0	0	104	5
306	0	0	208	6
306	0	0	313	10
307	0	0	104	5
307	0	0	208	6
307	0	0	313	10
308	0	0	104	5
308	0	0	208	6
308	0	0	313	10
309	0	0	104	5
309	0	0	208	6
309	0	0	313	10
310	0	0	104	5
310	0	0	208	6
310	0	0	313	10
311	0	0	104	5
311	0	0	208	6
311	0	0	313	10
312	0	0	104	5
312	0	0	208	6
312	0	0	313	10
313	0	0	104	5
313	0	0	208	6
313	0	0	313	10
314	0	0	104	5
314	0	0	208	6
314	0	0	313	10
315	0	0	104	5
315	0	0	208	6
315	0	0	313	10
316	0	0	104	5
316	0	0	208	6
316	0	0	313	10
317	0	0	104	5
317	0	0	208	6
317	0	0	313	10
318	0	0	104	5
318	0	0	208	6
318	0	0	313	10
319	0	0	104	5
319	0	0	208	6
319	0	0	313	10
320	0	0	104	5
320	0	0	208	6
320	0	0	313	10
321	0	0	104	5
321	0	0	208	6
321	0	0	313	10
322	0	0	104	5
322	0	0	208	6
322	0	0	313	10
323	0	0	104	5
323	0	0	208	6
323	0	0	313	10
324	0	0	104	5
324	0	0	208	6
324	0	0	313	10
325	0	0	104	5
325	0	0	208	6
325	0	0	313	10
326	0	0	104	5
326	0	0	208	6
326	0	0	313	10
327	0	0	104	5
327	0	0	208	6
327	0	0	313	10
328	0	0	104	5
328	0	0	208	6
328	0	0	313	10
329	0	0	104	5
329	0	0	208	6
329	0	0	313	10
330	0	0	104	5
330	0	0	208	6
330	0	0	313	10
331	0	0	104	5
331	0	0	208	6
331	0	0	313	10
332	0	0	104	5
332	0	0	208	6
332	0	0	313	10
333	0	0	104	5
333	0	0	208	6
333	0	0	313	10
334	0	0	104	5
334	0	0	208	6
334	0	0	313	10
335	0	0	104	5
335	0	0	208	6
335	0	0	313	10
336	0	0	104	5
336	0	0	208	6
336	0	0	313	10
337	0	0	104	5
337	0	0	208	6
337	0	0	313	10
338	0	0	104	5
338	0	0	208	6
338	0	0	313	10
339	0	0	104	5
339	0	0	208	6
339	0	0	313	10
340	0	0	104	5
340	0	0	208	6
340	0	0	313	10
341	0	0	104	5
341	0	0	208	6
341	0	0	313	10
342	0	0	104	5
342	0	0	208	6
342	0	0	313	10
343	0	0	104	5
343	0	0	208	6
343	0	0	313	10
344	0	0	104	5
344	0	0	208	6
344	0	0	313	10
345	0	0	104	5
345	0	0	208	6
345	0	0	313	10
346	0	0	104	5
346	0	0	208	6
346	0	0	313	10
347	0	0	104	5
347	0	0	208	6
347	0	0	313	10
348	0	0	104	5
348	0	0	208	6
348	0	0	313	10
349	0	0	104	5
349	0	0	208	6
349	0	0	313	10
350	0	0	104	5
350	0	0	208	6
350	0	0	313	10
351	0	0	104	5
351	0	0	208	6
351	0	0	313	10
352	0	0	104	5
352	0	0	208	6
352	0	0	313	10
353	0	0	104	5
353	0	0	208	6
353	0	0	313	10
354	0	0	104	5
354	0	0	208	6
354	0	0	313	10
355	0	0	104	5
355	0	0	208	6
355	0	0	313	10
356	0	0	104	5
356	0	0	208	6
356	0	0	313	10
357	0	0	104	5
357	0	0	208	6
357	0	0	313	10
358	0	0	104	5
358	0	0	208	6
358	0	0	313	10
359	0	0	104	5
359	0	0	208	6
359	0	0	313	10
360	0	0	104	5
360	0	0	208	6
360	0	0	313	10
361	0	0	104	5
361	0	0	208	6
361	0	0	313	10
362	0	0	104	5
362	0	0	208	6
362	0	0	313	10
363	0	0	104	5
363	0	0	208	6
363	0	0	313	10
364	0	0	104	5
364	0	0	208	6
364	0	0	313	10
365	0	0	104	5
365	0	0	208	6
365	0	0	313	10
366	0	0	104	5
366	0	0	208	6
366	0	0	313	10
367	0	0	104	5
367	0	0	208	6
367	0	0	313	10
368	0	0	104	5
368	0	0	208	6
368	0	0	313	10
369	0	0	104	5
369	0	0	208	6
369	0	0	313	10
370	0	0	104	5
370	0	0	208	6
370	0	0	313	10
371	0	0	104	5
371	0	0	208	6
371	0	0	313	10
372	0	0	104	5
372	0	0	208	6
372	0	0	313	10
373	0	0	104	5
373	0	0	208	6
373	0	0	313	10
374	0	0	104	5
374	0	0	208	6
374	0	0	313	10
375	0	0	104	5
375	0	0	208	6
375	0	0	313	10
376	0	0	104	5
376	0	0	208	6
376	0	0	313	10
377	0	0	104	5
377	0	0	208	6
377	0	0	313	10
378	0	0	104	5
378	0	0	208	6
378	0	0	313	10
379	0	0	104	5
379	0	0	208	6
379	0	0	313	10
380	0	0	104	5
380	0	0	208	6
380	0	0	313	10
381	0	0	104	5
381	0	0	208	6
381	0	0	313	10
382	0	0	104	5
382	0	0	208	6
382	0	0	313	10
383	0	0	104	5
383	0	0	208	6
383	0	0	313	10
384	0	0	104	5
384	0	0	208	6
384	0	0	313	10
385	0	0	104	5
385	0	0	208	6
385	0	0	313	10
386	0	0	104	5
386	0	0	208	6
386	0	0	313	10
387	0	0	104	5
387	0	0	208	6
387	0	0	313	10
388	0	0	104	5
388	0	0	208	6
388	0	0	313	10
389	0	0	104	5
389	0	0	208	6
389	0	0	313	10
390	0	0	104	5
390	0	0	208	6
390	0	0	313	10
391	0	0	104	5
391	0	0	208	6
391	0	0	313	10
392	0	0	104	5
392	0	0	208	6
392	0	0	313	10
393	0	0	104	5
393	0	0	208	6
393	0	0	313	10
394	0	0	104	5
394	0	0	208	6
394	0	0	313	10
395	0	0	104	5
395	0	0	208	6
395	0	0	313	10
396	0	0	104	5
396	0	0	208	6
396	0	0	313	10
397	0	0	104	5
397	0	0	208	6
397	0	0	313	10
398	0	0	104	5
398	0	0	208	6
398	0	0	313	10
399	0	0	104	5
399	0	0	208	6
399	0	0	313	10
400	0	0	104	5
400	0	0	208	6
400	0	0	313	10
401	0	0	104	5
401	0	0	208	6
401	0	0	313	10
402	0	0	104	5
402	0	0	208	6
402	0	0	313	10
403	0	0	104	5
403	0	0	208	6
403	0	0	313	10
404	0	0	104	5
404	0	0	208	6
404	0	0	313	10
405	0	0	104	5
405	0	0	208	6
405	0	0	313	10
406	0	0	104	5
406	0	0	208	6
406	0	0	313	10
407	0	0	104	5
407	0	0	208	6
407	0	0	313	10
408	0	0	104	5
408	0	0	208	6
408	0	0	313	10
409	0	0	104	5
409	0	0	208	6
409	0	0	313	10
410	0	0	104	5
410	0	0	208	6
410	0	0	313	10
411	0	0	104	5
411	0	0	208	6
411	0	0	313	10
412	0	0	104	5
412	0	0	208	6
412	0	0	313	10
413	0	0	104	5
413	0	0	208	6
413	0	0	313	10
414	0	0	104	5
414	0	0	208	6
414	0	0	313	10
415	0	0	104	5
415	0	0	208	6
415	0	0	313	10
416	0	0	104	5
416	0	0	208	6
416	0	0	313	10
417	0	0	104	5
417	0	0	208	6
417	0	0	313	10
418	0	0	104	5
418	0	0	208	6
418	0	0	313	10
419	0	0	104	5
419	0	0	208	6
419	0	0	313	10
420	0	0	104	5
420	0	0	208	6
420	0	0	313	10
421	0	0	104	5
421	0	0	208	6
421	0	0	313	10
422	0	0	104	5
422	0	0	208	6
422	0	0	313	10
423	0	0	104	5
423	0	0	208	6
423	0	0	313	10
424	0	0	104	5
424	0	0	208	6
424	0	0	313	10
425	0	0	104	5
425	0	0	208	6
425	0	0	313	10
426	0	0	104	5
426	0	0	208	6
426	0	0	313	10
427	0	0	104	5
427	0	0	208	6
427	0	0	313	10
428	0	0	104	5
428	0	0	208	6
428	0	0	313	10
429	0	0	104	5
429	0	0	208	6
429	0	0	313	10
430	0	0	104	5
430	0	0	208	6
430	0	0	313	10
431	0	0	104	5
431	0	0	208	6
431	0	0	313	10
432	0	0	104	5
432	0	0	208	6
432	0	0	313	10
433	0	0	104	5
433	0	0	208	6
433	0	0	313	10
434	0	0	104	5
434	0	0	208	6
434	0	0	313	10
435	0	0	104	5
435	0	0	208	6
435	0	0	313	10
436	0	0	104	5
436	0	0	208	6
436	0	0	313	10
437	0	0	104	5
437	0	0	208	6
437	0	0	313	10
438	0	0	104	5
438	0	0	208	6
438	0	0	313	10
439	0	0	104	5
439	0	0	208	6
439	0	0	313	10
440	0	0	104	5
440	0	0	208	6
440	0	0	313	10
441	0	0	104	5
441	0	0	208	6
441	0	0	313	10
442	0	0	104	5
442	0	0	208	6
442	0	0	313	10
443	0	0	104	5
443	0	0	208	6
443	0	0	313	10
444	0	0	104	5
444	0	0	208	6
444	0	0	313	10
445	0	0	104	5
445	0	0	208	6
445	0	0	313	10
446	0	0	104	5
446	0	0	208	6
446	0	0	313	10
447	0	0	104	5
447	0	0	208	6
447	0	0	313	10
448	0	0	104	5
448	0	0	208	6
448	0	0	313	10
449	0	0	104	5
449	0	0	208	6
449	0	0	313	10
450	0	0	104	5
450	0	0	208	6
450	0	0	313	10
451	0	0	104	5
451	0	0	208	6
451	0	0	313	10
452	0	0	104	5
452	0	0	208	6
452	0	0	313	10
453	0	0	104	5
453	0	0	208	6
453	0	0	313	10
454	0	0	104	5
454	0	0	208	6
454	0	0	313	10
455	0	0	104	5
455	0	0	208	6
455	0	0	313	10
456	0	0	104	5
456	0	0	208	6
456	0	0	313	10
457	0	0	104	5
457	0	0	208	6
457	0	0	313	10
458	0	0	104	5
458	0	0	208	6
458	0	0	313	10
459	0	0	104	5
459	0	0	208	6
459	0	0	313	10
460	0	0	104	5
460	0	0	208	6
460	0	0	313	10
461	0	0	104	5
461	0	0	208	6
461	0	0	313	10
462	0	0	104	5
462	0	0	208	6
462	0	0	313	10
463	0	0	104	5
463	0	0	208	6
463	0	0	313	10
464	0	0	104	5
464	0	0	208	6
464	0	0	313	10
465	0	0	104	5
465	0	0	208	6
465	0	0	313	10
466	0	0	104	5
466	0	0	208	6
466	0	0	313	10
467	0	0	104	5
467	0	0	208	6
467	0	0	313	10
468	0	0	104	5
468	0	0	208	6
468	0	0	313	10
469	0	0	104	5
469	0	0	208	6
469	0	0	313	10
470	0	0	104	5
470	0	0	208	6
470	0	0	313	10
471	0	0	104	5
471	0	0	208	6
471	0	0	313	10
472	0	0	104	5
472	0	0	208	6
472	0	0	313	10
473	0	0	104	5
473	0	0	208	6
473	0	0	313	10
474	0	0	104	5
474	0	0	208	6
474	0	0	313	10
475	0	0	104	5
475	0	0	208	6
475	0	0	313	10
476	0	0	104	5
476	0	0	208	6
476	0	0	313	10
477	0	0	104	5
477	0	0	208	6
477	0	0	313	10
478	0	0	104	5
478	0	0	208	6
478	0	0	313	10
479	0	0	104	5
479	0	0	208	6
479	0	0	313	10
480	0	0	104	5
480	0	0	208	6
480	0	0	313	10
481	0	0	104	5
481	0	0	208	6
481	0	0	313	10
482	0	0	104	5
482	0	0	208	6
482	0	0	313	10
483	0	0	104	5
483	0	0	208	6
483	0	0	313	10
484	0	0	104	5
484	0	0	208	6
484	0	0	313	10
485	0	0	104	5
485	0	0	208	6
485	0	0	313	10
486	0	0	104	5
486	0	0	208	6
486	0	0	313	10
487	0	0	104	5
487	0	0	208	6
487	0	0	313	10
488	0	0	104	5
488	0	0	208	6
488	0	0	313	10
489	0	0	104	5
489	0	0	208	6
489	0	0	313	10
490	0	0	104	5
490	0	0	208	6
490	0	0	313	10
491	0	0	104	5
491	0	0	208	6
491	0	0	313	10
492	0	0	104	5
492	0	0	208	6
492	0	0	313	10
493	0	0	104	5
493	0	0	208	6
493	0	0	313	10
494	0	0	104	5
494	0	0	208	6
494	0	0	313	10
495	0	0	104	5
495	0	0	208	6
495	0	0	313	10
496	0	0	104	5
496	0	0	208	6
496	0	0	313	10
497	0	0	104	5
497	0	0	208	6
497	0	0	313	10
498	0	0	104	5
498	0	0	208	6
498	0	0	313	10
499	0	0	104	5
499	0	0	208	6
499	0	0	313	10
500	0	0	104	5
500	0	0	208	6
500	0	0	313	10
501	0	0	104	5
501	0	0	208	6
501	0	0	313	10
502	0	0	104	5
502	0	0	208	6
502	0	0	313	10
503	0	0	104	5
503	0	0	208	6
503	0	0	313	10
504	0	0	104	5
504	0	0	208	6
504	0	0	313	10
505	0	0	104	5
505	0	0	208	6
505	0	0	313	10
506	0	0	104	5
506	0	0	208	6
506	0	0	313	10
507	0	0	104	5
507	0	0	208	6
507	0	0	313	10
508	0	0	104	5
508	0	0	208	6
508	0	0	313	10
509	0	0	104	5
509	0	0	208	6
509	0	0	313	10
510	0	0	104	5
510	0	0	208	6
510	0	0	313	10
511	0	0	104	5
511	0	0	208	6
511	0	0	313	10
512	0	0	104	5
512	0	0	208	6
512	0	0	313	10
513	0	0	104	5
513	0	0	208	6
513	0	0	313	10
514	0	0	104	5
514	0	0	208	6
514	0	0	313	10
515	0	0	104	5
515	0	0	208	6
515	0	0	313	10
516	0	0	104	5
516	0	0	208	6
516	0	0	313	10
517	0	0	104	5
517	0	0	208	6
517	0	0	313	10
518	0	0	104	5
518	0	0	208	6
518	0	0	313	10
519	0	0	104	5
519	0	0	208	6
519	0	0	313	10
520	0	0	104	5
520	0	0	208	6
520	0	0	313	10
521	0	0	104	5
521	0	0	208	6
521	0	0	313	10
522	0	0	104	5
522	0	0	208	6
522	0	0	313	10
523	0	0	104	5
523	0	0	208	6
523	0	0	313	10
524	0	0	104	5
524	0	0	208	6
524	0	0	313	10
525	0	0	104	5
525	0	0	208	6
525	0	0	313	10
526	0	0	104	5
526	0	0	208	6
526	0	0	313	10
527	0	0	104	5
527	0	0	208	6
527	0	0	313	10
528	0	0	104	5
528	0	0	208	6
528	0	0	313	10
529	0	0	104	5
529	0	0	208	6
529	0	0	313	10
530	0	0	104	5
530	0	0	208	6
530	0	0	313	10
531	0	0	104	5
531	0	0	208	6
531	0	0	313	10
532	0	0	104	5
532	0	0	208	6
532	0	0	313	10
533	0	0	104	5
533	0	0	208	6
533	0	0	313	10
534	0	0	104	5
534	0	0	208	6
534	0	0	313	10
535	0	0	104	5
535	0	0	208	6
535	0	0	313	10
536	0	0	104	5
536	0	0	208	6
536	0	0	313	10
537	0	0	104	5
537	0	0	208	6
537	0	0	313	10
538	0	0	104	5
538	0	0	208	6
538	0	0	313	10
539	0	0	104	5
539	0	0	208	6
539	0	0	313	10
540	0	0	104	5
540	0	0	208	6
540	0	0	313	10
541	0	0	104	5
541	0	0	208	6
541	0	0	313	10
542	0	0	104	5
542	0	0	208	6
542	0	0	313	10
543	0	0	104	5
543	0	0	208	6
543	0	0	313	10
544	0	0	104	5
544	0	0	208	6
544	0	0	313	10
545	0	0	104	5
545	0	0	208	6
545	0	0	313	10
546	0	0	104	5
546	0	0	208	6
546	0	0	313	10
547	0	0	104	5
547	0	0	208	6
547	0	0	313	10
548	0	0	104	5
548	0	0	208	6
548	0	0	313	10
549	0	0	104	5
549	0	0	208	6
549	0	0	313	10
550	0	0	104	5
550	0	0	208	6
550	0	0	313	10
551	0	0	104	5
551	0	0	208	6
551	0	0	313	10
552	0	0	104	5
552	0	0	208	6
552	0	0	313	10
553	0	0	104	5
553	0	0	208	6
553	0	0	313	10
554	0	0	104	5
554	0	0	208	6
554	0	0	313	10
555	0	0	104	5
555	0	0	208	6
555	0	0	313	10
556	0	0	104	5
556	0	0	208	6
556	0	0	313	10
557	0	0	104	5
557	0	0	208	6
557	0	0	313	10
558	0	0	104	5
558	0	0	208	6
558	0	0	313	10
559	0	0	104	5
559	0	0	208	6
559	0	0	313	10
560	0	0	104	5
560	0	0	208	6
560	0	0	313	10
561	0	0	104	5
561	0	0	208	6
561	0	0	313	10
562	0	0	104	5
562	0	0	208	6
562	0	0	313	10
563	0	0	104	5
563	0	0	208	6
563	0	0	313	10
564	0	0	104	5
564	0	0	208	6
564	0	0	313	10
565	0	0	104	5
565	0	0	208	6
565	0	0	313	10
566	0	0	104	5
566	0	0	208	6
566	0	0	313	10
567	0	0	104	5
567	0	0	208	6
567	0	0	313	10
568	0	0	104	5
568	0	0	208	6
568	0	0	313	10
569	0	0	104	5
569	0	0	208	6
569	0	0	313	10
570	0	0	104	5
570	0	0	208	6
570	0	0	313	10
571	0	0	104	5
571	0	0	208	6
571	0	0	313	10
572	0	0	104	5
572	0	0	208	6
572	0	0	313	10
573	0	0	104	5
573	0	0	208	6
573	0	0	313	10
574	0	0	104	5
574	0	0	208	6
574	0	0	313	10
575	0	0	104	5
575	0	0	208	6
575	0	0	313	10
576	0	0	104	5
576	0	0	208	6
576	0	0	313	10
577	0	0	104	5
577	0	0	208	6
577	0	0	313	10
578	0	0	104	5
578	0	0	208	6
578	0	0	313	10
579	0	0	104	5
579	0	0	208	6
579	0	0	313	10
580	0	0	104	5
580	0	0	208	6
580	0	0	313	10
581	0	0	104	5
581	0	0	208	6
581	0	0	313	10
582	0	0	104	5
582	0	0	208	6
582	0	0	313	10
583	0	0	104	5
583	0	0	208	6
583	0	0	313	10
584	0	0	104	5
584	0	0	208	6
584	0	0	313	10
585	0	0	104	5
585	0	0	208	6
585	0	0	313	10
586	0	0	104	5
586	0	0	208	6
586	0	0	313	10
587	0	0	104	5
587	0	0	208	6
587	0	0	313	10
588	0	0	104	5
588	0	0	208	6
588	0	0	313	10
589	0	0	104	5
589	0	0	208	6
589	0	0	313	10
590	0	0	104	5
590	0	0	208	6
590	0	0	313	10
591	0	0	104	5
591	0	0	208	6
591	0	0	313	10
592	0	0	104	5
592	0	0	208	6
592	0	0	313	10
593	0	0	104	5
593	0	0	208	6
593	0	0	313	10
594	0	0	104	5
594	0	0	208	6
594	0	0	313	10
595	0	0	104	5
595	0	0	208	6
595	0	0	313	10
596	0	0	104	5
596	0	0	208	6
596	0	0	313	10
597	0	0	104	5
597	0	0	208	6
597	0	0	313	10
598	0	0	104	5
598	0	0	208	6
598	0	0	313	10
599	0	0	104	5
599	0	0	208	6
599	0	0	313	10
600	0	0	104	5
600	0	0	208	6
600	0	0	313	10
601	0	0	104	5
601	0	0	208	6
601	0	0	313	10
602	0	0	104	5
602	0	0	208	6
602	0	0	313	10
603	0	0	104	5
603	0	0	208	6
603	0	0	313	10
604	0	0	104	5
604	0	0	208	6
604	0	0	313	10
605	0	0	104	5
605	0	0	208	6
605	0	0	313	10
606	0	0	104	5
606	0	0	208	6
606	0	0	313	10
607	0	0	104	5
607	0	0	208	6
607	0	0	313	10
608	0	0	104	5
608	0	0	208	6
608	0	0	313	10
609	0	0	104	5
609	0	0	208	6
609	0	0	313	10
610	0	0	104	5
610	0	0	208	6
610	0	0	313	10
611	0	0	104	5
611	0	0	208	6
611	0	0	313	10
612	0	0	104	5
612	0	0	208	6
612	0	0	313	10
613	0	0	104	5
613	0	0	208	6
613	0	0	313	10
614	0	0	104	5
614	0	0	208	6
614	0	0	313	10
615	0	0	104	5
615	0	0	208	6
615	0	0	313	10
616	0	0	104	5
616	0	0	208	6
616	0	0	313	10
617	0	0	104	5
617	0	0	208	6
617	0	0	313	10
618	0	0	104	5
618	0	0	208	6
618	0	0	313	10
619	0	0	104	5
619	0	0	208	6
619	0	0	313	10
620	0	0	104	5
620	0	0	208	6
620	0	0	313	10
621	0	0	104	5
621	0	0	208	6
621	0	0	313	10
622	0	0	104	5
622	0	0	208	6
622	0	0	313	10
623	0	0	104	5
623	0	0	208	6
623	0	0	313	10
624	0	0	104	5
624	0	0	208	6
624	0	0	313	10
625	0	0	104	5
625	0	0	208	6
625	0	0	313	10
626	0	0	104	5
626	0	0	208	6
626	0	0	313	10
627	0	0	104	5
627	0	0	208	6
627	0	0	313	10
628	0	0	104	5
628	0	0	208	6
628	0	0	313	10
629	0	0	104	5
629	0	0	208	6
629	0	0	313	10
630	0	0	104	5
630	0	0	208	6
630	0	0	313	10
631	0	0	104	5
631	0	0	208	6
631	0	0	313	10
632	0	0	104	5
632	0	0	208	6
632	0	0	313	10
633	0	0	104	5
633	0	0	208	6
633	0	0	313	10
634	0	0	104	5
634	0	0	208	6
634	0	0	313	10
635	0	0	104	5
635	0	0	208	6
635	0	0	313	10
636	0	0	104	5
636	0	0	208	6
636	0	0	313	10
637	0	0	104	5
637	0	0	208	6
637	0	0	313	10
638	0	0	104	5
638	0	0	208	6
638	0	0	313	10
639	0	0	104	5
639	0	0	208	6
639	0	0	313	10
640	0	0	104	5
640	0	0	208	6
640	0	0	313	10
641	0	0	104	5
641	0	0	208	6
641	0	0	313	10
642	0	0	104	5
642	0	0	208	6
642	0	0	313	10
643	0	0	104	5
643	0	0	208	6
643	0	0	313	10
644	0	0	104	5
644	0	0	208	6
644	0	0	313	10
645	0	0	104	5
645	0	0	208	6
645	0	0	313	10
646	0	0	104	5
646	0	0	208	6
646	0	0	313	10
647	0	0	104	5
647	0	0	208	6
647	0	0	313	10
648	0	0	104	5
648	0	0	208	6
648	0	0	313	10
649	0	0	104	5
649	0	0	208	6
649	0	0	313	10
650	0	0	104	5
650	0	0	208	6
650	0	0	313	10
651	0	0	104	5
651	0	0	208	6
651	0	0	313	10
652	0	0	104	5
652	0	0	208	6
652	0	0	313	10
653	0	0	104	5
653	0	0	208	6
653	0	0	313	10
654	0	0	104	5
654	0	0	208	6
654	0	0	313	10
655	0	0	104	5
655	0	0	208	6
655	0	0	313	10
656	0	0	104	5
656	0	0	208	6
656	0	0	313	10
657	0	0	104	5
657	0	0	208	6
657	0	0	313	10
658	0	0	104	5
658	0	0	208	6
658	0	0	313	10
659	0	0	104	5
659	0	0	208	6
659	0	0	313	10
660	0	0	104	5
660	0	0	208	6
660	0	0	313	10
661	0	0	104	5
661	0	0	208	6
661	0	0	313	10
662	0	0	104	5
662	0	0	208	6
662	0	0	313	10
663	0	0	104	5
663	0	0	208	6
663	0	0	313	10
664	0	0	104	5
664	0	0	208	6
664	0	0	313	10
665	0	0	104	5
665	0	0	208	6
665	0	0	313	10
666	0	0	104	5
666	0	0	208	6
666	0	0	313	10
667	0	0	104	5
667	0	0	208	6
667	0	0	313	10
668	0	0	104	5
668	0	0	208	6
668	0	0	313	10
669	0	0	104	5
669	0	0	208	6
669	0	0	313	10
670	0	0	104	5
670	0	0	208	6
670	0	0	313	10
671	0	0	104	5
671	0	0	208	6
671	0	0	313	10
672	0	0	104	5
672	0	0	208	6
672	0	0	313	10
673	0	0	104	5
673	0	0	208	6
673	0	0	313	10
674	0	0	104	5
674	0	0	208	6
674	0	0	313	10
675	0	0	104	5
675	0	0	208	6
675	0	0	313	10
676	0	0	104	5
676	0	0	208	6
676	0	0	313	10
677	0	0	104	5
677	0	0	208	6
677	0	0	313	10
678	0	0	104	5
678	0	0	208	6
678	0	0	313	10
679	0	0	104	5
679	0	0	208	6
679	0	0	313	10
680	0	0	104	5
680	0	0	208	6
680	0	0	313	10
681	0	0	104	5
681	0	0	208	6
681	0	0	313	10
682	0	0	104	5
682	0	0	208	6
682	0	0	313	10
683	0	0	104	5
683	0	0	208	6
683	0	0	313	10
684	0	0	104	5
684	0	0	208	6
684	0	0	313	10
685	0	0	104	5
685	0	0	208	6
685	0	0	313	10
686	0	0	104	5
686	0	0	208	6
686	0	0	313	10
687	0	0	104	5
687	0	0	208	6
687	0	0	313	10
688	0	0	104	5
688	0	0	208	6
688	0	0	313	10
689	0	0	104	5
689	0	0	208	6
689	0	0	313	10
690	0	0	104	5
690	0	0	208	6
690	0	0	313	10
691	0	0	104	5
691	0	0	208	6
691	0	0	313	10
692	0	0	104	5
692	0	0	208	6
692	0	0	313	10
693	0	0	104	5
693	0	0	208	6
693	0	0	313	10
694	0	0	104	5
694	0	0	208	6
694	0	0	313	10
695	0	0	104	5
695	0	0	208	6
695	0	0	313	10
696	0	0	104	5
696	0	0	208	6
696	0	0	313	10
697	0	0	104	5
697	0	0	208	6
697	0	0	313	10
698	0	0	104	5
698	0	0	208	6
698	0	0	313	10
699	0	0	104	5
699	0	0	208	6
699	0	0	313	10
700	0	0	104	5
700	0	0	208	6
700	0	0	313	10
701	0	0	104	5
701	0	0	208	6
701	0	0	313	10
702	0	0	104	5
702	0	0	208	6
702	0	0	313	10
703	0	0	104	5
703	0	0	208	6
703	0	0	313	10
704	0	0	104	5
704	0	0	208	6
704	0	0	313	10
705	0	0	104	5
705	0	0	208	6
705	0	0	313	10
706	0	0	104	5
706	0	0	208	6
706	0	0	313	10
707	0	0	104	5
707	0	0	208	6
707	0	0	313	10
708	0	0	104	5
708	0	0	208	6
708	0	0	313	10
709	0	0	104	5
709	0	0	208	6
709	0	0	313	10
710	0	0	104	5
710	0	0	208	6
710	0	0	313	10
711	0	0	104	5
711	0	0	208	6
711	0	0	313	10
712	0	0	104	5
712	0	0	208	6
712	0	0	313	10
713	0	0	104	5
713	0	0	208	6
713	0	0	313	10
714	0	0	104	5
714	0	0	208	6
714	0	0	313	10
715	0	0	104	5
715	0	0	208	6
715	0	0	313	10
716	0	0	104	5
716	0	0	208	6
716	0	0	313	10
717	0	0	104	5
717	0	0	208	6
717	0	0	313	10
718	0	0	104	5
718	0	0	208	6
718	0	0	313	10
719	0	0	104	5
719	0	0	208	6
719	0	0	313	10
720	0	0	104	5
720	0	0	208	6
720	0	0	313	10
721	0	0	104	5
721	0	0	208	6
721	0	0	313	10
722	0	0	104	5
722	0	0	208	6
722	0	0	313	10
723	0	0	104	5
723	0	0	208	6
723	0	0	313	10
724	0	0	104	5
724	0	0	208	6
724	0	0	313	10
725	0	0	104	5
725	0	0	208	6
725	0	0	313	10
726	0	0	104	5
726	0	0	208	6
726	0	0	313	10
727	0	0	104	5
727	0	0	208	6
727	0	0	313	10
728	0	0	104	5
728	0	0	208	6
728	0	0	313	10
729	0	0	104	5
729	0	0	208	6
729	0	0	313	10
730	0	0	104	5
730	0	0	208	6
730	0	0	313	10
731	0	0	104	5
731	0	0	208	6
731	0	0	313	10
732	0	0	104	5
732	0	0	208	6
732	0	0	313	10
733	0	0	104	5
733	0	0	208	6
733	0	0	313	10
734	0	0	104	5
734	0	0	208	6
734	0	0	313	10
735	0	0	104	5
735	0	0	208	6
735	0	0	313	10
736	0	0	104	5
736	0	0	208	6
736	0	0	313	10
737	0	0	104	5
737	0	0	208	6
737	0	0	313	10
738	0	0	104	5
738	0	0	208	6
738	0	0	313	10
739	0	0	104	5
739	0	0	208	6
739	0	0	313	10
740	0	0	104	5
740	0	0	208	6
740	0	0	313	10
741	0	0	104	5
741	0	0	208	6
741	0	0	313	10
742	0	0	104	5
742	0	0	208	6
742	0	0	313	10
743	0	0	104	5
743	0	0	208	6
743	0	0	313	10
744	0	0	104	5
744	0	0	208	6
744	0	0	313	10
745	0	0	104	5
745	0	0	208	6
745	0	0	313	10
746	0	0	104	5
746	0	0	208	6
746	0	0	313	10
747	0	0	104	5
747	0	0	208	6
747	0	0	313	10
748	0	0	104	5
748	0	0	208	6
748	0	0	313	10
749	0	0	104	5
749	0	0	208	6
749	0	0	313	10
750	0	0	104	5
750	0	0	208	6
750	0	0	313	10
751	0	0	104	5
751	0	0	208	6
751	0	0	313	10
752	0	0	104	5
752	0	0	208	6
752	0	0	313	10
753	0	0	104	5
753	0	0	208	6
753	0	0	313	10
754	0	0	104	5
754	0	0	208	6
754	0	0	313	10
755	0	0	104	5
755	0	0	208	6
755	0	0	313	10
756	0	0	104	5
756	0	0	208	6
756	0	0	313	10
757	0	0	104	5
757	0	0	208	6
757	0	0	313	10
758	0	0	104	5
758	0	0	208	6
758	0	0	313	10
759	0	0	104	5
759	0	0	208	6
759	0	0	313	10
760	0	0	104	5
760	0	0	208	6
760	0	0	313	10
761	0	0	104	5
761	0	0	208	6
761	0	0	313	10
762	0	0	104	5
762	0	0	208	6
762	0	0	313	10
763	0	0	104	5
763	0	0	208	6
763	0	0	313	10
764	0	0	104	5
764	0	0	208	6
764	0	0	313	10
765	0	0	104	5
765	0	0	208	6
765	0	0	313	10
766	0	0	104	5
766	0	0	208	6
766	0	0	313	10
767	0	0	104	5
767	0	0	208	6
767	0	0	313	10
768	0	0	104	5
768	0	0	208	6
768	0	0	313	10
769	0	0	104	5
769	0	0	208	6
769	0	0	313	10
770	0	0	104	5
770	0	0	208	6
770	0	0	313	10
771	0	0	104	5
771	0	0	208	6
771	0	0	313	10
772	0	0	104	5
772	0	0	208	6
772	0	0	313	10
773	0	0	104	5
773	0	0	208	6
773	0	0	313	10
774	0	0	104	5
774	0	0	208	6
774	0	0	313	10
775	0	0	104	5
775	0	0	208	6
775	0	0	313	10
776	0	0	104	5
776	0	0	208	6
776	0	0	313	10
777	0	0	104	5
777	0	0	208	6
777	0	0	313	10
778	0	0	104	5
778	0	0	208	6
778	0	0	313	10
779	0	0	104	5
779	0	0	208	6
779	0	0	313	10
780	0	0	104	5
780	0	0	208	6
780	0	0	313	10
781	0	0	104	5
781	0	0	208	6
781	0	0	313	10
782	0	0	104	5
782	0	0	208	6
782	0	0	313	10
783	0	0	104	5
783	0	0	208	6
783	0	0	313	10
784	0	0	104	5
784	0	0	208	6
784	0	0	313	10
785	0	0	104	5
785	0	0	208	6
785	0	0	313	10
786	0	0	104	5
786	0	0	208	6
786	0	0	313	10
787	0	0	104	5
787	0	0	208	6
787	0	0	313	10
788	0	0	104	5
788	0	0	208	6
788	0	0	313	10
789	0	0	104	5
789	0	0	208	6
789	0	0	313	10
790	0	0	104	5
790	0	0	208	6
790	0	0	313	10
791	0	0	104	5
791	0	0	208	6
791	0	0	313	10
792	0	0	104	5
792	0	0	208	6
792	0	0	313	10
793	0	0	104	5
793	0	0	208	6
793	0	0	313	10
794	0	0	104	5
794	0	0	208	6
794	0	0	313	10
795	0	0	104	5
795	0	0	208	6
795	0	0	313	10
796	0	0	104	5
796	0	0	208	6
796	0	0	313	10
797	0	0	104	5
797	0	0	208	6
797	0	0	313	10
798	0	0	104	5
798	0	0	208	6
798	0	0	313	10
799	0	0	104	5
799	0	0	208	6
799	0	0	313	10
800	0	0	104	5
800	0	0	208	6
800	0	0	313	10
801	0	0	104	5
801	0	0	208	6
801	0	0	313	10
802	0	0	104	5
802	0	0	208	6
802	0	0	313	10
803	0	0	104	5
803	0	0	208	6
803	0	0	313	10
804	0	0	104	5
804	0	0	208	6
804	0	0	313	10
805	0	0	104	5
805	0	0	208	6
805	0	0	313	10
806	0	0	104	5
806	0	0	208	6
806	0	0	313	10
807	0	0	104	5
807	0	0	208	6
807	0	0	313	10
808	0	0	104	5
808	0	0	208	6
808	0	0	313	10
809	0	0	104	5
809	0	0	208	6
809	0	0	313	10
810	0	0	104	5
810	0	0	208	6
810	0	0	313	10
811	0	0	104	5
811	0	0	208	6
811	0	0	313	10
812	0	0	104	5
812	0	0	208	6
812	0	0	313	10
813	0	0	104	5
813	0	0	208	6
813	0	0	313	10
814	0	0	104	5
814	0	0	208	6
814	0	0	313	10
815	0	0	104	5
815	0	0	208	6
815	0	0	313	10
816	0	0	104	5
816	0	0	208	6
816	0	0	313	10
817	0	0	104	5
817	0	0	208	6
817	0	0	313	10
818	0	0	104	5
818	0	0	208	6
818	0	0	313	10
819	0	0	104	5
819	0	0	208	6
819	0	0	313	10
820	0	0	104	5
820	0	0	208	6
820	0	0	313	10
821	0	0	104	5
821	0	0	208	6
821	0	0	313	10
822	0	0	104	5
822	0	0	208	6
822	0	0	313	10
823	0	0	104	5
823	0	0	208	6
823	0	0	313	10
824	0	0	104	5
824	0	0	208	6
824	0	0	313	10
825	0	0	104	5
825	0	0	208	6
825	0	0	313	10
826	0	0	104	5
826	0	0	208	6
826	0	0	313	10
827	0	0	104	5
827	0	0	208	6
827	0	0	313	10
828	0	0	104	5
828	0	0	208	6
828	0	0	313	10
829	0	0	104	5
829	0	0	208	6
829	0	0	313	10
830	0	0	104	5
830	0	0	208	6
830	0	0	313	10
831	0	0	104	5
831	0	0	208	6
831	0	0	313	10
832	0	0	104	5
832	0	0	208	6
832	0	0	313	10
833	0	0	104	5
833	0	0	208	6
833	0	0	313	10
834	0	0	104	5
834	0	0	208	6
834	0	0	313	10
835	0	0	104	5
835	0	0	208	6
835	0	0	313	10
836	0	0	104	5
836	0	0	208	6
836	0	0	313	10
837	0	0	104	5
837	0	0	208	6
837	0	0	313	10
838	0	0	104	5
838	0	0	208	6
838	0	0	313	10
839	0	0	104	5
839	0	0	208	6
839	0	0	313	10
840	0	0	104	5
840	0	0	208	6
840	0	0	313	10
841	0	0	104	5
841	0	0	208	6
841	0	0	313	10
842	0	0	104	5
842	0	0	208	6
842	0	0	313	10
843	0	0	104	5
843	0	0	208	6
843	0	0	313	10
844	0	0	104	5
844	0	0	208	6
844	0	0	313	10
845	0	0	104	5
845	0	0	208	6
845	0	0	313	10
846	0	0	104	5
846	0	0	208	6
846	0	0	313	10
847	0	0	104	5
847	0	0	208	6
847	0	0	313	10
848	0	0	104	5
848	0	0	208	6
848	0	0	313	10
849	0	0	104	5
849	0	0	208	6
849	0	0	313	10
850	0	0	104	5
850	0	0	208	6
850	0	0	313	10
851	0	0	104	5
851	0	0	208	6
851	0	0	313	10
852	0	0	104	5
852	0	0	208	6
852	0	0	313	10
853	0	0	104	5
853	0	0	208	6
853	0	0	313	10
854	0	0	104	5
854	0	0	208	6
854	0	0	313	10
855	0	0	104	5
855	0	0	208	6
855	0	0	313	10
856	0	0	104	5
856	0	0	208	6
856	0	0	313	10
857	0	0	104	5
857	0	0	208	6
857	0	0	313	10
858	0	0	104	5
858	0	0	208	6
858	0	0	313	10
859	0	0	104	5
859	0	0	208	6
859	0	0	313	10
860	0	0	104	5
860	0	0	208	6
860	0	0	313	10
861	0	0	104	5
861	0	0	208	6
861	0	0	313	10
862	0	0	104	5
862	0	0	208	6
862	0	0	313	10
863	0	0	104	5
863	0	0	208	6
863	0	0	313	10
864	0	0	104	5
864	0	0	208	6
864	0	0	313	10
865	0	0	104	5
865	0	0	208	6
865	0	0	313	10
866	0	0	104	5
866	0	0	208	6
866	0	0	313	10
867	0	0	104	5
867	0	0	208	6
867	0	0	313	10
868	0	0	104	5
868	0	0	208	6
868	0	0	313	10
869	0	0	104	5
869	0	0	208	6
869	0	0	313	10
870	0	0	104	5
870	0	0	208	6
870	0	0	313	10
871	0	0	104	5
871	0	0	208	6
871	0	0	313	10
872	0	0	104	5
872	0	0	208	6
872	0	0	313	10
873	0	0	104	5
873	0	0	208	6
873	0	0	313	10
874	0	0	104	5
874	0	0	208	6
874	0	0	313	10
875	0	0	104	5
875	0	0	208	6
875	0	0	313	10
876	0	0	104	5
876	0	0	208	6
876	0	0	313	10
877	0	0	104	5
877	0	0	208	6
877	0	0	313	10
878	0	0	104	5
878	0	0	208	6
878	0	0	313	10
879	0	0	104	5
879	0	0	208	6
879	0	0	313	10
880	0	0	104	5
880	0	0	208	6
880	0	0	313	10
881	0	0	104	5
881	0	0	208	6
881	0	0	313	10
882	0	0	104	5
882	0	0	208	6
882	0	0	313	10
883	0	0	104	5
883	0	0	208	6
883	0	0	313	10
884	0	0	104	5
884	0	0	208	6
884	0	0	313	10
885	0	0	104	5
885	0	0	208	6
885	0	0	313	10
886	0	0	104	5
886	0	0	208	6
886	0	0	313	10
887	0	0	104	5
887	0	0	208	6
887	0	0	313	10
888	0	0	104	5
888	0	0	208	6
888	0	0	313	10
889	0	0	104	5
889	0	0	208	6
889	0	0	313	10
890	0	0	104	5
890	0	0	208	6
890	0	0	313	10
891	0	0	104	5
891	0	0	208	6
891	0	0	313	10
892	0	0	104	5
892	0	0	208	6
892	0	0	313	10
893	0	0	104	5
893	0	0	208	6
893	0	0	313	10
894	0	0	104	5
894	0	0	208	6
894	0	0	313	10
895	0	0	104	5
895	0	0	208	6
895	0	0	313	10
896	0	0	104	5
896	0	0	208	6
896	0	0	313	10
897	0	0	104	5
897	0	0	208	6
897	0	0	313	10
898	0	0	104	5
898	0	0	208	6
898	0	0	313	10
899	0	0	104	5
899	0	0	208	6
899	0	0	313	10
900	0	0	104	5
900	0	0	208	6
900	0	0	313	10
901	0	0	104	5
901	0	0	208	6
901	0	0	313	10
902	0	0	104	5
902	0	0	208	6
902	0	0	313	10
903	0	0	104	5
903	0	0	208	6
903	0	0	313	10
904	0	0	104	5
904	0	0	208	6
904	0	0	313	10
905	0	0	104	5
905	0	0	208	6
905	0	0	313	10
906	0	0	104	5
906	0	0	208	6
906	0	0	313	10
907	0	0	104	5
907	0	0	208	6
907	0	0	313	10
908	0	0	104	5
908	0	0	208	6
908	0	0	313	10
909	0	0	104	5
909	0	0	208	6
909	0	0	313	10
910	0	0	104	5
910	0	0	208	6
910	0	0	313	10
911	0	0	104	5
911	0	0	208	6
911	0	0	313	10
912	0	0	104	5
912	0	0	208	6
912	0	0	313	10
913	0	0	104	5
913	0	0	208	6
913	0	0	313	10
914	0	0	104	5
914	0	0	208	6
914	0	0	313	10
915	0	0	104	5
915	0	0	208	6
915	0	0	313	10
916	0	0	104	5
916	0	0	208	6
916	0	0	313	10
917	0	0	104	5
917	0	0	208	6
917	0	0	313	10
918	0	0	104	5
918	0	0	208	6
918	0	0	313	10
919	0	0	104	5
919	0	0	208	6
919	0	0	313	10
920	0	0	104	5
920	0	0	208	6
920	0	0	313	10
921	0	0	104	5
921	0	0	208	6
921	0	0	313	10
922	0	0	104	5
922	0	0	208	6
922	0	0	313	10
923	0	0	104	5
923	0	0	208	6
923	0	0	313	10
924	0	0	104	5
924	0	0	208	6
924	0	0	313	10
925	0	0	104	5
925	0	0	208	6
925	0	0	313	10
926	0	0	104	5
926	0	0	208	6
926	0	0	313	10
927	0	0	104	5
927	0	0	208	6
927	0	0	313	10
928	0	0	104	5
928	0	0	208	6
928	0	0	313	10
929	0	0	104	5
929	0	0	208	6
929	0	0	313	10
930	0	0	104	5
930	0	0	208	6
930	0	0	313	10
931	0	0	104	5
931	0	0	208	6
931	0	0	313	10
932	0	0	104	5
932	0	0	208	6
932	0	0	313	10
933	0	0	104	5
933	0	0	208	6
933	0	0	313	10
934	0	0	104	5
934	0	0	208	6
934	0	0	313	10
935	0	0	104	5
935	0	0	208	6
935	0	0	313	10
936	0	0	104	5
936	0	0	208	6
936	0	0	313	10
937	0	0	104	5
937	0	0	208	6
937	0	0	313	10
938	0	0	104	5
938	0	0	208	6
938	0	0	313	10
939	0	0	104	5
939	0	0	208	6
939	0	0	313	10
940	0	0	104	5
940	0	0	208	6
940	0	0	313	10
941	0	0	104	5
941	0	0	208	6
941	0	0	313	10
942	0	0	104	5
942	0	0	208	6
942	0	0	313	10
943	0	0	104	5
943	0	0	208	6
943	0	0	313	10
944	0	0	104	5
944	0	0	208	6
944	0	0	313	10
945	0	0	104	5
945	0	0	208	6
945	0	0	313	10
946	0	0	104	5
946	0	0	208	6
946	0	0	313	10
947	0	0	104	5
947	0	0	208	6
947	0	0	313	10
948	0	0	104	5
948	0	0	208	6
948	0	0	313	10
949	0	0	104	5
949	0	0	208	6
949	0	0	313	10
950	0	0	104	5
950	0	0	208	6
950	0	0	313	10
951	0	0	104	5
951	0	0	208	6
951	0	0	313	10
952	0	0	104	5
952	0	0	208	6
952	0	0	313	10
953	0	0	104	5
953	0	0	208	6
953	0	0	313	10
954	0	0	104	5
954	0	0	208	6
954	0	0	313	10
955	0	0	104	5
955	0	0	208	6
955	0	0	313	10
956	0	0	104	5
956	0	0	208	6
956	0	0	313	10
957	0	0	104	5
957	0	0	208	6
957	0	0	313	10
958	0	0	104	5
958	0	0	208	6
958	0	0	313	10
959	0	0	104	5
959	0	0	208	6
959	0	0	313	10
960	0	0	104	5
960	0	0	208	6
960	0	0	313	10
961	0	0	104	5
961	0	0	208	6
961	0	0	313	10
962	0	0	104	5
962	0	0	208	6
962	0	0	313	10
963	0	0	104	5
963	0	0	208	6
963	0	0	313	10
964	0	0	104	5
964	0	0	208	6
964	0	0	313	10
965	0	0	104	5
965	0	0	208	6
965	0	0	313	10
966	0	0	104	5
966	0	0	208	6
966	0	0	313	10
967	0	0	104	5
967	0	0	208	6
967	0	0	313	10
968	0	0	104	5
968	0	0	208	6
968	0	0	313	10
969	0	0	104	5
969	0	0	208	6
969	0	0	313	10
970	0	0	104	5
970	0	0	208	6
970	0	0	313	10
971	0	0	104	5
971	0	0	208	6
971	0	0	313	10
972	0	0	104	5
972	0	0	208	6
972	0	0	313	10
973	0	0	104	5
973	0	0	208	6
973	0	0	313	10
974	0	0	104	5
974	0	0	208	6
974	0	0	313	10
975	0	0	104	5
975	0	0	208	6
975	0	0	313	10
976	0	0	104	5
976	0	0	208	6
976	0	0	313	10
977	0	0	104	5
977	0	0	208	6
977	0	0	313	10
978	0	0	104	5
978	0	0	208	6
978	0	0	313	10
979	0	0	104	5
979	0	0	208	6
979	0	0	313	10
980	0	0	104	5
980	0	0	208	6
980	0	0	313	10
981	0	0	104	5
981	0	0	208	6
981	0	0	313	10
982	0	0	104	5
982	0	0	208	6
982	0	0	313	10
983	0	0	104	5
983	0	0	208	6
983	0	0	313	10
984	0	0	104	5
984	0	0	208	6
984	0	0	313	10
985	0	0	104	5
985	0	0	208	6
985	0	0	313	10
986	0	0	104	5
986	0	0	208	6
986	0	0	313	10
987	0	0	104	5
987	0	0	208	6
987	0	0	313	10
988	0	0	104	5
988	0	0	208	6
988	0	0	313	10
989	0	0	104	5
989	0	0	208	6
989	0	0	313	10
990	0	0	104	5
990	0	0	208	6
990	0	0	313	10
991	0	0	104	5
991	0	0	208	6
991	0	0	313	10
992	0	0	104	5
992	0	0	208	6
992	0	0	313	10
993	0	0	104	5
993	0	0	208	6
993	0	0	313	10
994	0	0	104	5
994	0	0	208	6
994	0	0	313	10
995	0	0	104	5
995	0	0	208	6
995	0	0	313	10
996	0	0	104	5
996	0	0	208	6
996	0	0	313	10
997	0	0	104	5
997	0	0	208	6
997	0	0	313	10
998	0	0	104	5
998	0	0	208	6
998	0	0	313	10
0	1	1	104	8
0	1	1	208	9
1	1	1	104	8
1	1	1	208	9
2	1	1	104	8
2	1	1	208	9
3	1	1	104	8
3	1	1	208	9
4	1	1	104	8
4	1	1	208	9
5	1	1	104	8
5	1	1	208	9
6	1	1	104	8
6	1	1	208	9
7	1	1	104	8
7	1	1	208	9
8	1	1	104	8
8	1	1	208	9
9	1	1	104	8
9	1	1	208	9
10	1	1	104	8
10	1	1	208	9
11	1	1	104	8
11	1	1	208	9
12	1	1	104	8
12	1	1	208	9
13	1	1	104	8
13	1	1	208	9
14	1	1	104	8
14	1	1	208	9
15	1	1	104	8
15	1	1	208	9
16	1	1	104	8
16	1	1	208	9
17	1	1	104	8
17	1	1	208	9
18	1	1	104	8
18	1	1	208	9
19	1	1	104	8
19	1	1	208	9
20	1	1	104	8
20	1	1	208	9
21	1	1	104	8
21	1	1	208	9
22	1	1	104	8
22	1	1	208	9
23	1	1	104	8
23	1	1	208	9
24	1	1	104	8
24	1	1	208	9
25	1	1	104	8
25	1	1	208	9
26	1	1	104	8
26	1	1	208	9
27	1	1	104	8
27	1	1	208	9
28	1	1	104	8
28	1	1	208	9
29	1	1	104	8
29	1	1	208	9
30	1	1	104	8
30	1	1	208	9
31	1	1	104	8
31	1	1	208	9
32	1	1	104	8
32	1	1	208	9
33	1	1	104	8
33	1	1	208	9
34	1	1	104	8
34	1	1	208	9
35	1	1	104	8
35	1	1	208	9
36	1	1	104	8
36	1	1	208	9
37	1	1	104	8
37	1	1	208	9
38	1	1	104	8
38	1	1	208	9
39	1	1	104	8
39	1	1	208	9
40	1	1	104	8
40	1	1	208	9
41	1	1	104	8
41	1	1	208	9
42	1	1	104	8
42	1	1	208	9
43	1	1	104	8
43	1	1	208	9
44	1	1	104	8
44	1	1	208	9
45	1	1	104	8
45	1	1	208	9
46	1	1	104	8
46	1	1	208	9
47	1	1	104	8
47	1	1	208	9
48	1	1	104	8
48	1	1	208	9
49	1	1	104	8
49	1	1	208	9
50	1	1	104	8
50	1	1	208	9
51	1	1	104	8
51	1	1	208	9
52	1	1	104	8
52	1	1	208	9
53	1	1	104	8
53	1	1	208	9
54	1	1	104	8
54	1	1	208	9
55	1	1	104	8
55	1	1	208	9
56	1	1	104	8
56	1	1	208	9
57	1	1	104	8
57	1	1	208	9
58	1	1	104	8
58	1	1	208	9
59	1	1	104	8
59	1	1	208	9
60	1	1	104	8
60	1	1	208	9
61	1	1	104	8
61	1	1	208	9
62	1	1	104	8
62	1	1	208	9
63	1	1	104	8
63	1	1	208	9
64	1	1	104	8
64	1	1	208	9
65	1	1	104	8
65	1	1	208	9
66	1	1	104	8
66	1	1	208	9
67	1	1	104	8
67	1	1	208	9
68	1	1	104	8
68	1	1	208	9
69	1	1	104	8
69	1	1	208	9
70	1	1	104	8
70	1	1	208	9
71	1	1	104	8
71	1	1	208	9
72	1	1	104	8
72	1	1	208	9
73	1	1	104	8
73	1	1	208	9
74	1	1	104	8
74	1	1	208	9
75	1	1	104	8
75	1	1	208	9
76	1	1	104	8
76	1	1	208	9
77	1	1	104	8
77	1	1	208	9
78	1	1	104	8
78	1	1	208	9
79	1	1	104	8
79	1	1	208	9
80	1	1	104	8
80	1	1	208	9
81	1	1	104	8
81	1	1	208	9
82	1	1	104	8
82	1	1	208	9
83	1	1	104	8
83	1	1	208	9
84	1	1	104	8
84	1	1	208	9
85	1	1	104	8
85	1	1	208	9
86	1	1	104	8
86	1	1	208	9
87	1	1	104	8
87	1	1	208	9
88	1	1	104	8
88	1	1	208	9
89	1	1	104	8
89	1	1	208	9
90	1	1	104	8
90	1	1	208	9
91	1	1	104	8
91	1	1	208	9
92	1	1	104	8
92	1	1	208	9
93	1	1	104	8
93	1	1	208	9
94	1	1	104	8
94	1	1	208	9
95	1	1	104	8
95	1	1	208	9
96	1	1	104	8
96	1	1	208	9
97	1	1	104	8
97	1	1	208	9
98	1	1	104	8
98	1	1	208	9
99	1	1	104	8
99	1	1	208	9
100	1	1	104	8
100	1	1	208	9
101	1	1	104	8
101	1	1	208	9
102	1	1	104	8
102	1	1	208	9
103	1	1	104	8
103	1	1	208	9
104	1	1	104	8
104	1	1	208	9
105	1	1	104	8
105	1	1	208	9
106	1	1	104	8
106	1	1	208	9
107	1	1	104	8
107	1	1	208	9
108	1	1	104	8
108	1	1	208	9
109	1	1	104	8
109	1	1	208	9
110	1	1	104	8
110	1	1	208	9
111	1	1	104	8
111	1	1	208	9
112	1	1	104	8
112	1	1	208	9
113	1	1	104	8
113	1	1	208	9
114	1	1	104	8
114	1	1	208	9
115	1	1	104	8
115	1	1	208	9
116	1	1	104	8
116	1	1	208	9
117	1	1	104	8
117	1	1	208	9
118	1	1	104	8
118	1	1	208	9
119	1	1	104	8
119	1	1	208	9
120	1	1	104	8
120	1	1	208	9
121	1	1	104	8
121	1	1	208	9
122	1	1	104	8
122	1	1	208	9
123	1	1	104	8
123	1	1	208	9
124	1	1	104	8
124	1	1	208	9
125	1	1	104	8
125	1	1	208	9
126	1	1	104	8
126	1	1	208	9
127	1	1	104	8
127	1	1	208	9
128	1	1	104	8
128	1	1	208	9
129	1	1	104	8
129	1	1	208	9
130	1	1	104	8
130	1	1	208	9
131	1	1	104	8
131	1	1	208	9
132	1	1	104	8
132	1	1	208	9
133	1	1	104	8
133	1	1	208	9
134	1	1	104	8
134	1	1	208	9
135	1	1	104	8
135	1	1	208	9
136	1	1	104	8
136	1	1	208	9
137	1	1	104	8
137	1	1	208	9
138	1	1	104	8
138	1	1	208	9
139	1	1	104	8
139	1	1	208	9
140	1	1	104	8
140	1	1	208	9
141	1	1	104	8
141	1	1	208	9
142	1	1	104	8
142	1	1	208	9
143	1	1	104	8
143	1	1	208	9
144	1	1	104	8
144	1	1	208	9
145	1	1	104	8
145	1	1	208	9
146	1	1	104	8
146	1	1	208	9
147	1	1	104	8
147	1	1	208	9
148	1	1	104	8
148	1	1	208	9
149	1	1	104	8
149	1	1	208	9
150	1	1	104	8
150	1	1	208	9
151	1	1	104	8
151	1	1	208	9
152	1	1	104	8
152	1	1	208	9
153	1	1	104	8
153	1	1	208	9
154	1	1	104	8
154	1	1	208	9
155	1	1	104	8
155	1	1	208	9
156	1	1	104	8
156	1	1	208	9
157	1	1	104	8
157	1	1	208	9
158	1	1	104	8
158	1	1	208	9
159	1	1	104	8
159	1	1	208	9
160	1	1	104	8
160	1	1	208	9
161	1	1	104	8
161	1	1	208	9
162	1	1	104	8
162	1	1	208	9
163	1	1	104	8
163	1	1	208	9
164	1	1	104	8
164	1	1	208	9
165	1	1	104	8
165	1	1	208	9
166	1	1	104	8
166	1	1	208	9
167	1	1	104	8
167	1	1	208	9
168	1	1	104	8
168	1	1	208	9
169	1	1	104	8
169	1	1	208	9
170	1	1	104	8
170	1	1	208	9
171	1	1	104	8
171	1	1	208	9
172	1	1	104	8
172	1	1	208	9
173	1	1	104	8
173	1	1	208	9
174	1	1	104	8
174	1	1	208	9
175	1	1	104	8
175	1	1	208	9
176	1	1	104	8
176	1	1	208	9
177	1	1	104	8
177	1	1	208	9
178	1	1	104	8
178	1	1	208	9
179	1	1	104	8
179	1	1	208	9
180	1	1	104	8
180	1	1	208	9
181	1	1	104	8
181	1	1	208	9
182	1	1	104	8
182	1	1	208	9
183	1	1	104	8
183	1	1	208	9
184	1	1	104	8
184	1	1	208	9
185	1	1	104	8
185	1	1	208	9
186	1	1	104	8
186	1	1	208	9
187	1	1	104	8
187	1	1	208	9
188	1	1	104	8
188	1	1	208	9
189	1	1	104	8
189	1	1	208	9
190	1	1	104	8
190	1	1	208	9
191	1	1	104	8
191	1	1	208	9
192	1	1	104	8
192	1	1	208	9
193	1	1	104	8
193	1	1	208	9
194	1	1	104	8
194	1	1	208	9
195	1	1	104	8
195	1	1	208	9
196	1	1	104	8
196	1	1	208	9
197	1	1	104	8
197	1	1	208	9
198	1	1	104	8
198	1	1	208	9
199	1	1	104	8
199	1	1	208	9
200	1	1	104	8
200	1	1	208	9
201	1	1	104	8
201	1	1	208	9
202	1	1	104	8
202	1	1	208	9
203	1	1	104	8
203	1	1	208	9
204	1	1	104	8
204	1	1	208	9
205	1	1	104	8
205	1	1	208	9
206	1	1	104	8
206	1	1	208	9
207	1	1	104	8
207	1	1	208	9
208	1	1	104	8
208	1	1	208	9
209	1	1	104	8
209	1	1	208	9
210	1	1	104	8
210	1	1	208	9
211	1	1	104	8
211	1	1	208	9
212	1	1	104	8
212	1	1	208	9
213	1	1	104	8
213	1	1	208	9
214	1	1	104	8
214	1	1	208	9
215	1	1	104	8
215	1	1	208	9
216	1	1	104	8
216	1	1	208	9
217	1	1	104	8
217	1	1	208	9
218	1	1	104	8
218	1	1	208	9
219	1	1	104	8
219	1	1	208	9
220	1	1	104	8
220	1	1	208	9
221	1	1	104	8
221	1	1	208	9
222	1	1	104	8
222	1	1	208	9
223	1	1	104	8
223	1	1	208	9
224	1	1	104	8
224	1	1	208	9
225	1	1	104	8
225	1	1	208	9
226	1	1	104	8
226	1	1	208	9
227	1	1	104	8
227	1	1	208	9
228	1	1	104	8
228	1	1	208	9
229	1	1	104	8
229	1	1	208	9
230	1	1	104	8
230	1	1	208	9
231	1	1	104	8
231	1	1	208	9
232	1	1	104	8
232	1	1	208	9
233	1	1	104	8
233	1	1	208	9
234	1	1	104	8
234	1	1	208	9
235	1	1	104	8
235	1	1	208	9
236	1	1	104	8
236	1	1	208	9
237	1	1	104	8
237	1	1	208	9
238	1	1	104	8
238	1	1	208	9
239	1	1	104	8
239	1	1	208	9
240	1	1	104	8
240	1	1	208	9
241	1	1	104	8
241	1	1	208	9
242	1	1	104	8
242	1	1	208	9
243	1	1	104	8
243	1	1	208	9
244	1	1	104	8
244	1	1	208	9
245	1	1	104	8
245	1	1	208	9
246	1	1	104	8
246	1	1	208	9
247	1	1	104	8
247	1	1	208	9
248	1	1	104	8
248	1	1	208	9
249	1	1	104	8
249	1	1	208	9
250	1	1	104	8
250	1	1	208	9
251	1	1	104	8
251	1	1	208	9
252	1	1	104	8
252	1	1	208	9
253	1	1	104	8
253	1	1	208	9
254	1	1	104	8
254	1	1	208	9
255	1	1	104	8
255	1	1	208	9
256	1	1	104	8
256	1	1	208	9
257	1	1	104	8
257	1	1	208	9
258	1	1	104	8
258	1	1	208	9
259	1	1	104	8
259	1	1	208	9
260	1	1	104	8
260	1	1	208	9
261	1	1	104	8
261	1	1	208	9
262	1	1	104	8
262	1	1	208	9
263	1	1	104	8
263	1	1	208	9
264	1	1	104	8
264	1	1	208	9
265	1	1	104	8
265	1	1	208	9
266	1	1	104	8
266	1	1	208	9
267	1	1	104	8
267	1	1	208	9
268	1	1	104	8
268	1	1	208	9
269	1	1	104	8
269	1	1	208	9
270	1	1	104	8
270	1	1	208	9
271	1	1	104	8
271	1	1	208	9
272	1	1	104	8
272	1	1	208	9
273	1	1	104	8
273	1	1	208	9
274	1	1	104	8
274	1	1	208	9
275	1	1	104	8
275	1	1	208	9
276	1	1	104	8
276	1	1	208	9
277	1	1	104	8
277	1	1	208	9
278	1	1	104	8
278	1	1	208	9
279	1	1	104	8
279	1	1	208	9
280	1	1	104	8
280	1	1	208	9
281	1	1	104	8
281	1	1	208	9
282	1	1	104	8
282	1	1	208	9
283	1	1	104	8
283	1	1	208	9
284	1	1	104	8
284	1	1	208	9
285	1	1	104	8
285	1	1	208	9
286	1	1	104	8
286	1	1	208	9
287	1	1	104	8
287	1	1	208	9
288	1	1	104	8
288	1	1	208	9
289	1	1	104	8
289	1	1	208	9
290	1	1	104	8
290	1	1	208	9
291	1	1	104	8
291	1	1	208	9
292	1	1	104	8
292	1	1	208	9
293	1	1	104	8
293	1	1	208	9
294	1	1	104	8
294	1	1	208	9
295	1	1	104	8
295	1	1	208	9
296	1	1	104	8
296	1	1	208	9
297	1	1	104	8
297	1	1	208	9
298	1	1	104	8
298	1	1	208	9
299	1	1	104	8
299	1	1	208	9
300	1	1	104	8
300	1	1	208	9
301	1	1	104	8
301	1	1	208	9
302	1	1	104	8
302	1	1	208	9
303	1	1	104	8
303	1	1	208	9
304	1	1	104	8
304	1	1	208	9
305	1	1	104	8
305	1	1	208	9
306	1	1	104	8
306	1	1	208	9
307	1	1	104	8
307	1	1	208	9
308	1	1	104	8
308	1	1	208	9
309	1	1	104	8
309	1	1	208	9
310	1	1	104	8
310	1	1	208	9
311	1	1	104	8
311	1	1	208	9
312	1	1	104	8
312	1	1	208	9
313	1	1	104	8
313	1	1	208	9
314	1	1	104	8
314	1	1	208	9
315	1	1	104	8
315	1	1	208	9
316	1	1	104	8
316	1	1	208	9
317	1	1	104	8
317	1	1	208	9
318	1	1	104	8
318	1	1	208	9
319	1	1	104	8
319	1	1	208	9
320	1	1	104	8
320	1	1	208	9
321	1	1	104	8
321	1	1	208	9
322	1	1	104	8
322	1	1	208	9
323	1	1	104	8
323	1	1	208	9
324	1	1	104	8
324	1	1	208	9
325	1	1	104	8
325	1	1	208	9
326	1	1	104	8
326	1	1	208	9
327	1	1	104	8
327	1	1	208	9
328	1	1	104	8
328	1	1	208	9
329	1	1	104	8
329	1	1	208	9
330	1	1	104	8
330	1	1	208	9
331	1	1	104	8
331	1	1	208	9
332	1	1	104	8
332	1	1	208	9
333	1	1	104	8
333	1	1	208	9
334	1	1	104	8
334	1	1	208	9
335	1	1	104	8
335	1	1	208	9
336	1	1	104	8
336	1	1	208	9
337	1	1	104	8
337	1	1	208	9
338	1	1	104	8
338	1	1	208	9
339	1	1	104	8
339	1	1	208	9
340	1	1	104	8
340	1	1	208	9
341	1	1	104	8
341	1	1	208	9
342	1	1	104	8
342	1	1	208	9
343	1	1	104	8
343	1	1	208	9
344	1	1	104	8
344	1	1	208	9
345	1	1	104	8
345	1	1	208	9
346	1	1	104	8
346	1	1	208	9
347	1	1	104	8
347	1	1	208	9
348	1	1	104	8
348	1	1	208	9
349	1	1	104	8
349	1	1	208	9
350	1	1	104	8
350	1	1	208	9
351	1	1	104	8
351	1	1	208	9
352	1	1	104	8
352	1	1	208	9
353	1	1	104	8
353	1	1	208	9
354	1	1	104	8
354	1	1	208	9
355	1	1	104	8
355	1	1	208	9
356	1	1	104	8
356	1	1	208	9
357	1	1	104	8
357	1	1	208	9
358	1	1	104	8
358	1	1	208	9
359	1	1	104	8
359	1	1	208	9
360	1	1	104	8
360	1	1	208	9
361	1	1	104	8
361	1	1	208	9
362	1	1	104	8
362	1	1	208	9
363	1	1	104	8
363	1	1	208	9
364	1	1	104	8
364	1	1	208	9
365	1	1	104	8
365	1	1	208	9
366	1	1	104	8
366	1	1	208	9
367	1	1	104	8
367	1	1	208	9
368	1	1	104	8
368	1	1	208	9
369	1	1	104	8
369	1	1	208	9
370	1	1	104	8
370	1	1	208	9
371	1	1	104	8
371	1	1	208	9
372	1	1	104	8
372	1	1	208	9
373	1	1	104	8
373	1	1	208	9
374	1	1	104	8
374	1	1	208	9
375	1	1	104	8
375	1	1	208	9
376	1	1	104	8
376	1	1	208	9
377	1	1	104	8
377	1	1	208	9
378	1	1	104	8
378	1	1	208	9
379	1	1	104	8
379	1	1	208	9
380	1	1	104	8
380	1	1	208	9
381	1	1	104	8
381	1	1	208	9
382	1	1	104	8
382	1	1	208	9
383	1	1	104	8
383	1	1	208	9
384	1	1	104	8
384	1	1	208	9
385	1	1	104	8
385	1	1	208	9
386	1	1	104	8
386	1	1	208	9
387	1	1	104	8
387	1	1	208	9
388	1	1	104	8
388	1	1	208	9
389	1	1	104	8
389	1	1	208	9
390	1	1	104	8
390	1	1	208	9
391	1	1	104	8
391	1	1	208	9
392	1	1	104	8
392	1	1	208	9
393	1	1	104	8
393	1	1	208	9
394	1	1	104	8
394	1	1	208	9
395	1	1	104	8
395	1	1	208	9
396	1	1	104	8
396	1	1	208	9
397	1	1	104	8
397	1	1	208	9
398	1	1	104	8
398	1	1	208	9
399	1	1	104	8
399	1	1	208	9
400	1	1	104	8
400	1	1	208	9
401	1	1	104	8
401	1	1	208	9
402	1	1	104	8
402	1	1	208	9
403	1	1	104	8
403	1	1	208	9
404	1	1	104	8
404	1	1	208	9
405	1	1	104	8
405	1	1	208	9
406	1	1	104	8
406	1	1	208	9
407	1	1	104	8
407	1	1	208	9
408	1	1	104	8
408	1	1	208	9
409	1	1	104	8
409	1	1	208	9
410	1	1	104	8
410	1	1	208	9
411	1	1	104	8
411	1	1	208	9
412	1	1	104	8
412	1	1	208	9
413	1	1	104	8
413	1	1	208	9
414	1	1	104	8
414	1	1	208	9
415	1	1	104	8
415	1	1	208	9
416	1	1	104	8
416	1	1	208	9
417	1	1	104	8
417	1	1	208	9
418	1	1	104	8
418	1	1	208	9
419	1	1	104	8
419	1	1	208	9
420	1	1	104	8
420	1	1	208	9
421	1	1	104	8
421	1	1	208	9
422	1	1	104	8
422	1	1	208	9
423	1	1	104	8
423	1	1	208	9
424	1	1	104	8
424	1	1	208	9
425	1	1	104	8
425	1	1	208	9
426	1	1	104	8
426	1	1	208	9
427	1	1	104	8
427	1	1	208	9
428	1	1	104	8
428	1	1	208	9
429	1	1	104	8
429	1	1	208	9
430	1	1	104	8
430	1	1	208	9
431	1	1	104	8
431	1	1	208	9
432	1	1	104	8
432	1	1	208	9
433	1	1	104	8
433	1	1	208	9
434	1	1	104	8
434	1	1	208	9
435	1	1	104	8
435	1	1	208	9
436	1	1	104	8
436	1	1	208	9
437	1	1	104	8
437	1	1	208	9
438	1	1	104	8
438	1	1	208	9
439	1	1	104	8
439	1	1	208	9
440	1	1	104	8
440	1	1	208	9
441	1	1	104	8
441	1	1	208	9
442	1	1	104	8
442	1	1	208	9
443	1	1	104	8
443	1	1	208	9
444	1	1	104	8
444	1	1	208	9
445	1	1	104	8
445	1	1	208	9
446	1	1	104	8
446	1	1	208	9
447	1	1	104	8
447	1	1	208	9
448	1	1	104	8
448	1	1	208	9
449	1	1	104	8
449	1	1	208	9
450	1	1	104	8
450	1	1	208	9
451	1	1	104	8
451	1	1	208	9
452	1	1	104	8
452	1	1	208	9
453	1	1	104	8
453	1	1	208	9
454	1	1	104	8
454	1	1	208	9
455	1	1	104	8
455	1	1	208	9
456	1	1	104	8
456	1	1	208	9
457	1	1	104	8
457	1	1	208	9
458	1	1	104	8
458	1	1	208	9
459	1	1	104	8
459	1	1	208	9
460	1	1	104	8
460	1	1	208	9
461	1	1	104	8
461	1	1	208	9
462	1	1	104	8
462	1	1	208	9
463	1	1	104	8
463	1	1	208	9
464	1	1	104	8
464	1	1	208	9
465	1	1	104	8
465	1	1	208	9
466	1	1	104	8
466	1	1	208	9
467	1	1	104	8
467	1	1	208	9
468	1	1	104	8
468	1	1	208	9
469	1	1	104	8
469	1	1	208	9
470	1	1	104	8
470	1	1	208	9
471	1	1	104	8
471	1	1	208	9
472	1	1	104	8
472	1	1	208	9
473	1	1	104	8
473	1	1	208	9
474	1	1	104	8
474	1	1	208	9
475	1	1	104	8
475	1	1	208	9
476	1	1	104	8
476	1	1	208	9
477	1	1	104	8
477	1	1	208	9
478	1	1	104	8
478	1	1	208	9
479	1	1	104	8
479	1	1	208	9
480	1	1	104	8
480	1	1	208	9
481	1	1	104	8
481	1	1	208	9
482	1	1	104	8
482	1	1	208	9
483	1	1	104	8
483	1	1	208	9
484	1	1	104	8
484	1	1	208	9
485	1	1	104	8
485	1	1	208	9
486	1	1	104	8
486	1	1	208	9
487	1	1	104	8
487	1	1	208	9
488	1	1	104	8
488	1	1	208	9
489	1	1	104	8
489	1	1	208	9
490	1	1	104	8
490	1	1	208	9
491	1	1	104	8
491	1	1	208	9
492	1	1	104	8
492	1	1	208	9
493	1	1	104	8
493	1	1	208	9
494	1	1	104	8
494	1	1	208	9
495	1	1	104	8
495	1	1	208	9
496	1	1	104	8
496	1	1	208	9
497	1	1	104	8
497	1	1	208	9
498	1	1	104	8
498	1	1	208	9
499	1	1	104	8
499	1	1	208	9
500	1	1	104	8
500	1	1	208	9
501	1	1	104	8
501	1	1	208	9
502	1	1	104	8
502	1	1	208	9
503	1	1	104	8
503	1	1	208	9
504	1	1	104	8
504	1	1	208	9
505	1	1	104	8
505	1	1	208	9
506	1	1	104	8
506	1	1	208	9
507	1	1	104	8
507	1	1	208	9
508	1	1	104	8
508	1	1	208	9
509	1	1	104	8
509	1	1	208	9
510	1	1	104	8
510	1	1	208	9
511	1	1	104	8
511	1	1	208	9
512	1	1	104	8
512	1	1	208	9
513	1	1	104	8
513	1	1	208	9
514	1	1	104	8
514	1	1	208	9
515	1	1	104	8
515	1	1	208	9
516	1	1	104	8
516	1	1	208	9
517	1	1	104	8
517	1	1	208	9
518	1	1	104	8
518	1	1	208	9
519	1	1	104	8
519	1	1	208	9
520	1	1	104	8
520	1	1	208	9
521	1	1	104	8
521	1	1	208	9
522	1	1	104	8
522	1	1	208	9
523	1	1	104	8
523	1	1	208	9
524	1	1	104	8
524	1	1	208	9
525	1	1	104	8
525	1	1	208	9
526	1	1	104	8
526	1	1	208	9
527	1	1	104	8
527	1	1	208	9
528	1	1	104	8
528	1	1	208	9
529	1	1	104	8
529	1	1	208	9
530	1	1	104	8
530	1	1	208	9
531	1	1	104	8
531	1	1	208	9
532	1	1	104	8
532	1	1	208	9
533	1	1	104	8
533	1	1	208	9
534	1	1	104	8
534	1	1	208	9
535	1	1	104	8
535	1	1	208	9
536	1	1	104	8
536	1	1	208	9
537	1	1	104	8
537	1	1	208	9
538	1	1	104	8
538	1	1	208	9
539	1	1	104	8
539	1	1	208	9
540	1	1	104	8
540	1	1	208	9
541	1	1	104	8
541	1	1	208	9
542	1	1	104	8
542	1	1	208	9
543	1	1	104	8
543	1	1	208	9
544	1	1	104	8
544	1	1	208	9
545	1	1	104	8
545	1	1	208	9
546	1	1	104	8
546	1	1	208	9
547	1	1	104	8
547	1	1	208	9
548	1	1	104	8
548	1	1	208	9
549	1	1	104	8
549	1	1	208	9
550	1	1	104	8
550	1	1	208	9
551	1	1	104	8
551	1	1	208	9
552	1	1	104	8
552	1	1	208	9
553	1	1	104	8
553	1	1	208	9
554	1	1	104	8
554	1	1	208	9
555	1	1	104	8
555	1	1	208	9
556	1	1	104	8
556	1	1	208	9
557	1	1	104	8
557	1	1	208	9
558	1	1	104	8
558	1	1	208	9
559	1	1	104	8
559	1	1	208	9
560	1	1	104	8
560	1	1	208	9
561	1	1	104	8
561	1	1	208	9
562	1	1	104	8
562	1	1	208	9
563	1	1	104	8
563	1	1	208	9
564	1	1	104	8
564	1	1	208	9
565	1	1	104	8
565	1	1	208	9
566	1	1	104	8
566	1	1	208	9
567	1	1	104	8
567	1	1	208	9
568	1	1	104	8
568	1	1	208	9
569	1	1	104	8
569	1	1	208	9
570	1	1	104	8
570	1	1	208	9
571	1	1	104	8
571	1	1	208	9
572	1	1	104	8
572	1	1	208	9
573	1	1	104	8
573	1	1	208	9
574	1	1	104	8
574	1	1	208	9
575	1	1	104	8
575	1	1	208	9
576	1	1	104	8
576	1	1	208	9
577	1	1	104	8
577	1	1	208	9
578	1	1	104	8
578	1	1	208	9
579	1	1	104	8
579	1	1	208	9
580	1	1	104	8
580	1	1	208	9
581	1	1	104	8
581	1	1	208	9
582	1	1	104	8
582	1	1	208	9
583	1	1	104	8
583	1	1	208	9
584	1	1	104	8
584	1	1	208	9
585	1	1	104	8
585	1	1	208	9
586	1	1	104	8
586	1	1	208	9
587	1	1	104	8
587	1	1	208	9
588	1	1	104	8
588	1	1	208	9
589	1	1	104	8
589	1	1	208	9
590	1	1	104	8
590	1	1	208	9
591	1	1	104	8
591	1	1	208	9
592	1	1	104	8
592	1	1	208	9
593	1	1	104	8
593	1	1	208	9
594	1	1	104	8
594	1	1	208	9
595	1	1	104	8
595	1	1	208	9
596	1	1	104	8
596	1	1	208	9
597	1	1	104	8
597	1	1	208	9
598	1	1	104	8
598	1	1	208	9
599	1	1	104	8
599	1	1	208	9
600	1	1	104	8
600	1	1	208	9
601	1	1	104	8
601	1	1	208	9
602	1	1	104	8
602	1	1	208	9
603	1	1	104	8
603	1	1	208	9
604	1	1	104	8
604	1	1	208	9
605	1	1	104	8
605	1	1	208	9
606	1	1	104	8
606	1	1	208	9
607	1	1	104	8
607	1	1	208	9
608	1	1	104	8
608	1	1	208	9
609	1	1	104	8
609	1	1	208	9
610	1	1	104	8
610	1	1	208	9
611	1	1	104	8
611	1	1	208	9
612	1	1	104	8
612	1	1	208	9
613	1	1	104	8
613	1	1	208	9
614	1	1	104	8
614	1	1	208	9
615	1	1	104	8
615	1	1	208	9
616	1	1	104	8
616	1	1	208	9
617	1	1	104	8
617	1	1	208	9
618	1	1	104	8
618	1	1	208	9
619	1	1	104	8
619	1	1	208	9
620	1	1	104	8
620	1	1	208	9
621	1	1	104	8
621	1	1	208	9
622	1	1	104	8
622	1	1	208	9
623	1	1	104	8
623	1	1	208	9
624	1	1	104	8
624	1	1	208	9
625	1	1	104	8
625	1	1	208	9
626	1	1	104	8
626	1	1	208	9
627	1	1	104	8
627	1	1	208	9
628	1	1	104	8
628	1	1	208	9
629	1	1	104	8
629	1	1	208	9
630	1	1	104	8
630	1	1	208	9
631	1	1	104	8
631	1	1	208	9
632	1	1	104	8
632	1	1	208	9
633	1	1	104	8
633	1	1	208	9
634	1	1	104	8
634	1	1	208	9
635	1	1	104	8
635	1	1	208	9
636	1	1	104	8
636	1	1	208	9
637	1	1	104	8
637	1	1	208	9
638	1	1	104	8
638	1	1	208	9
639	1	1	104	8
639	1	1	208	9
640	1	1	104	8
640	1	1	208	9
641	1	1	104	8
641	1	1	208	9
642	1	1	104	8
642	1	1	208	9
643	1	1	104	8
643	1	1	208	9
644	1	1	104	8
644	1	1	208	9
645	1	1	104	8
645	1	1	208	9
646	1	1	104	8
646	1	1	208	9
647	1	1	104	8
647	1	1	208	9
648	1	1	104	8
648	1	1	208	9
649	1	1	104	8
649	1	1	208	9
650	1	1	104	8
650	1	1	208	9
651	1	1	104	8
651	1	1	208	9
652	1	1	104	8
652	1	1	208	9
653	1	1	104	8
653	1	1	208	9
654	1	1	104	8
654	1	1	208	9
655	1	1	104	8
655	1	1	208	9
656	1	1	104	8
656	1	1	208	9
657	1	1	104	8
657	1	1	208	9
658	1	1	104	8
658	1	1	208	9
659	1	1	104	8
659	1	1	208	9
660	1	1	104	8
660	1	1	208	9
661	1	1	104	8
661	1	1	208	9
662	1	1	104	8
662	1	1	208	9
663	1	1	104	8
663	1	1	208	9
664	1	1	104	8
664	1	1	208	9
665	1	1	104	8
665	1	1	208	9
666	1	1	104	8
666	1	1	208	9
667	1	1	104	8
667	1	1	208	9
668	1	1	104	8
668	1	1	208	9
669	1	1	104	8
669	1	1	208	9
670	1	1	104	8
670	1	1	208	9
671	1	1	104	8
671	1	1	208	9
672	1	1	104	8
672	1	1	208	9
673	1	1	104	8
673	1	1	208	9
674	1	1	104	8
674	1	1	208	9
675	1	1	104	8
675	1	1	208	9
676	1	1	104	8
676	1	1	208	9
677	1	1	104	8
677	1	1	208	9
678	1	1	104	8
678	1	1	208	9
679	1	1	104	8
679	1	1	208	9
680	1	1	104	8
680	1	1	208	9
681	1	1	104	8
681	1	1	208	9
682	1	1	104	8
682	1	1	208	9
683	1	1	104	8
683	1	1	208	9
684	1	1	104	8
684	1	1	208	9
685	1	1	104	8
685	1	1	208	9
686	1	1	104	8
686	1	1	208	9
687	1	1	104	8
687	1	1	208	9
688	1	1	104	8
688	1	1	208	9
689	1	1	104	8
689	1	1	208	9
690	1	1	104	8
690	1	1	208	9
691	1	1	104	8
691	1	1	208	9
692	1	1	104	8
692	1	1	208	9
693	1	1	104	8
693	1	1	208	9
694	1	1	104	8
694	1	1	208	9
695	1	1	104	8
695	1	1	208	9
696	1	1	104	8
696	1	1	208	9
697	1	1	104	8
697	1	1	208	9
698	1	1	104	8
698	1	1	208	9
699	1	1	104	8
699	1	1	208	9
700	1	1	104	8
700	1	1	208	9
701	1	1	104	8
701	1	1	208	9
702	1	1	104	8
702	1	1	208	9
703	1	1	104	8
703	1	1	208	9
704	1	1	104	8
704	1	1	208	9
705	1	1	104	8
705	1	1	208	9
706	1	1	104	8
706	1	1	208	9
707	1	1	104	8
707	1	1	208	9
708	1	1	104	8
708	1	1	208	9
709	1	1	104	8
709	1	1	208	9
710	1	1	104	8
710	1	1	208	9
711	1	1	104	8
711	1	1	208	9
712	1	1	104	8
712	1	1	208	9
713	1	1	104	8
713	1	1	208	9
714	1	1	104	8
714	1	1	208	9
715	1	1	104	8
715	1	1	208	9
716	1	1	104	8
716	1	1	208	9
717	1	1	104	8
717	1	1	208	9
718	1	1	104	8
718	1	1	208	9
719	1	1	104	8
719	1	1	208	9
720	1	1	104	8
720	1	1	208	9
721	1	1	104	8
721	1	1	208	9
722	1	1	104	8
722	1	1	208	9
723	1	1	104	8
723	1	1	208	9
724	1	1	104	8
724	1	1	208	9
725	1	1	104	8
725	1	1	208	9
726	1	1	104	8
726	1	1	208	9
727	1	1	104	8
727	1	1	208	9
728	1	1	104	8
728	1	1	208	9
729	1	1	104	8
729	1	1	208	9
730	1	1	104	8
730	1	1	208	9
731	1	1	104	8
731	1	1	208	9
732	1	1	104	8
732	1	1	208	9
733	1	1	104	8
733	1	1	208	9
734	1	1	104	8
734	1	1	208	9
735	1	1	104	8
735	1	1	208	9
736	1	1	104	8
736	1	1	208	9
737	1	1	104	8
737	1	1	208	9
738	1	1	104	8
738	1	1	208	9
739	1	1	104	8
739	1	1	208	9
740	1	1	104	8
740	1	1	208	9
741	1	1	104	8
741	1	1	208	9
742	1	1	104	8
742	1	1	208	9
743	1	1	104	8
743	1	1	208	9
744	1	1	104	8
744	1	1	208	9
745	1	1	104	8
745	1	1	208	9
746	1	1	104	8
746	1	1	208	9
747	1	1	104	8
747	1	1	208	9
748	1	1	104	8
748	1	1	208	9
749	1	1	104	8
749	1	1	208	9
750	1	1	104	8
750	1	1	208	9
751	1	1	104	8
751	1	1	208	9
752	1	1	104	8
752	1	1	208	9
753	1	1	104	8
753	1	1	208	9
754	1	1	104	8
754	1	1	208	9
755	1	1	104	8
755	1	1	208	9
756	1	1	104	8
756	1	1	208	9
757	1	1	104	8
757	1	1	208	9
758	1	1	104	8
758	1	1	208	9
759	1	1	104	8
759	1	1	208	9
760	1	1	104	8
760	1	1	208	9
761	1	1	104	8
761	1	1	208	9
762	1	1	104	8
762	1	1	208	9
763	1	1	104	8
763	1	1	208	9
764	1	1	104	8
764	1	1	208	9
765	1	1	104	8
765	1	1	208	9
766	1	1	104	8
766	1	1	208	9
767	1	1	104	8
767	1	1	208	9
768	1	1	104	8
768	1	1	208	9
769	1	1	104	8
769	1	1	208	9
770	1	1	104	8
770	1	1	208	9
771	1	1	104	8
771	1	1	208	9
772	1	1	104	8
772	1	1	208	9
773	1	1	104	8
773	1	1	208	9
774	1	1	104	8
774	1	1	208	9
775	1	1	104	8
775	1	1	208	9
776	1	1	104	8
776	1	1	208	9
777	1	1	104	8
777	1	1	208	9
778	1	1	104	8
778	1	1	208	9
779	1	1	104	8
779	1	1	208	9
780	1	1	104	8
780	1	1	208	9
781	1	1	104	8
781	1	1	208	9
782	1	1	104	8
782	1	1	208	9
783	1	1	104	8
783	1	1	208	9
784	1	1	104	8
784	1	1	208	9
785	1	1	104	8
785	1	1	208	9
786	1	1	104	8
786	1	1	208	9
787	1	1	104	8
787	1	1	208	9
788	1	1	104	8
788	1	1	208	9
789	1	1	104	8
789	1	1	208	9
790	1	1	104	8
790	1	1	208	9
791	1	1	104	8
791	1	1	208	9
792	1	1	104	8
792	1	1	208	9
793	1	1	104	8
793	1	1	208	9
794	1	1	104	8
794	1	1	208	9
795	1	1	104	8
795	1	1	208	9
796	1	1	104	8
796	1	1	208	9
797	1	1	104	8
797	1	1	208	9
798	1	1	104	8
798	1	1	208	9
799	1	1	104	8
799	1	1	208	9
800	1	1	104	8
800	1	1	208	9
801	1	1	104	8
801	1	1	208	9
802	1	1	104	8
802	1	1	208	9
803	1	1	104	8
803	1	1	208	9
804	1	1	104	8
804	1	1	208	9
805	1	1	104	8
805	1	1	208	9
806	1	1	104	8
806	1	1	208	9
807	1	1	104	8
807	1	1	208	9
808	1	1	104	8
808	1	1	208	9
809	1	1	104	8
809	1	1	208	9
810	1	1	104	8
810	1	1	208	9
811	1	1	104	8
811	1	1	208	9
812	1	1	104	8
812	1	1	208	9
813	1	1	104	8
813	1	1	208	9
814	1	1	104	8
814	1	1	208	9
815	1	1	104	8
815	1	1	208	9
816	1	1	104	8
816	1	1	208	9
817	1	1	104	8
817	1	1	208	9
818	1	1	104	8
818	1	1	208	9
819	1	1	104	8
819	1	1	208	9
820	1	1	104	8
820	1	1	208	9
821	1	1	104	8
821	1	1	208	9
822	1	1	104	8
822	1	1	208	9
823	1	1	104	8
823	1	1	208	9
824	1	1	104	8
824	1	1	208	9
825	1	1	104	8
825	1	1	208	9
826	1	1	104	8
826	1	1	208	9
827	1	1	104	8
827	1	1	208	9
828	1	1	104	8
828	1	1	208	9
829	1	1	104	8
829	1	1	208	9
830	1	1	104	8
830	1	1	208	9
831	1	1	104	8
831	1	1	208	9
832	1	1	104	8
832	1	1	208	9
833	1	1	104	8
833	1	1	208	9
834	1	1	104	8
834	1	1	208	9
835	1	1	104	8
835	1	1	208	9
836	1	1	104	8
836	1	1	208	9
837	1	1	104	8
837	1	1	208	9
838	1	1	104	8
838	1	1	208	9
839	1	1	104	8
839	1	1	208	9
840	1	1	104	8
840	1	1	208	9
841	1	1	104	8
841	1	1	208	9
842	1	1	104	8
842	1	1	208	9
843	1	1	104	8
843	1	1	208	9
844	1	1	104	8
844	1	1	208	9
845	1	1	104	8
845	1	1	208	9
846	1	1	104	8
846	1	1	208	9
847	1	1	104	8
847	1	1	208	9
848	1	1	104	8
848	1	1	208	9
849	1	1	104	8
849	1	1	208	9
850	1	1	104	8
850	1	1	208	9
851	1	1	104	8
851	1	1	208	9
852	1	1	104	8
852	1	1	208	9
853	1	1	104	8
853	1	1	208	9
854	1	1	104	8
854	1	1	208	9
855	1	1	104	8
855	1	1	208	9
856	1	1	104	8
856	1	1	208	9
857	1	1	104	8
857	1	1	208	9
858	1	1	104	8
858	1	1	208	9
859	1	1	104	8
859	1	1	208	9
860	1	1	104	8
860	1	1	208	9
861	1	1	104	8
861	1	1	208	9
862	1	1	104	8
862	1	1	208	9
863	1	1	104	8
863	1	1	208	9
864	1	1	104	8
864	1	1	208	9
865	1	1	104	8
865	1	1	208	9
866	1	1	104	8
866	1	1	208	9
867	1	1	104	8
867	1	1	208	9
868	1	1	104	8
868	1	1	208	9
869	1	1	104	8
869	1	1	208	9
870	1	1	104	8
870	1	1	208	9
871	1	1	104	8
871	1	1	208	9
872	1	1	104	8
872	1	1	208	9
873	1	1	104	8
873	1	1	208	9
874	1	1	104	8
874	1	1	208	9
875	1	1	104	8
875	1	1	208	9
876	1	1	104	8
876	1	1	208	9
877	1	1	104	8
877	1	1	208	9
878	1	1	104	8
878	1	1	208	9
879	1	1	104	8
879	1	1	208	9
880	1	1	104	8
880	1	1	208	9
881	1	1	104	8
881	1	1	208	9
882	1	1	104	8
882	1	1	208	9
883	1	1	104	8
883	1	1	208	9
884	1	1	104	8
884	1	1	208	9
885	1	1	104	8
885	1	1	208	9
886	1	1	104	8
886	1	1	208	9
887	1	1	104	8
887	1	1	208	9
888	1	1	104	8
888	1	1	208	9
889	1	1	104	8
889	1	1	208	9
890	1	1	104	8
890	1	1	208	9
891	1	1	104	8
891	1	1	208	9
892	1	1	104	8
892	1	1	208	9
893	1	1	104	8
893	1	1	208	9
894	1	1	104	8
894	1	1	208	9
895	1	1	104	8
895	1	1	208	9
896	1	1	104	8
896	1	1	208	9
897	1	1	104	8
897	1	1	208	9
898	1	1	104	8
898	1	1	208	9
899	1	1	104	8
899	1	1	208	9
900	1	1	104	8
900	1	1	208	9
901	1	1	104	8
901	1	1	208	9
902	1	1	104	8
902	1	1	208	9
903	1	1	104	8
903	1	1	208	9
904	1	1	104	8
904	1	1	208	9
905	1	1	104	8
905	1	1	208	9
906	1	1	104	8
906	1	1	208	9
907	1	1	104	8
907	1	1	208	9
908	1	1	104	8
908	1	1	208	9
909	1	1	104	8
909	1	1	208	9
910	1	1	104	8
910	1	1	208	9
911	1	1	104	8
911	1	1	208	9
912	1	1	104	8
912	1	1	208	9
913	1	1	104	8
913	1	1	208	9
914	1	1	104	8
914	1	1	208	9
915	1	1	104	8
915	1	1	208	9
916	1	1	104	8
916	1	1	208	9
917	1	1	104	8
917	1	1	208	9
918	1	1	104	8
918	1	1	208	9
919	1	1	104	8
919	1	1	208	9
920	1	1	104	8
920	1	1	208	9
921	1	1	104	8
921	1	1	208	9
922	1	1	104	8
922	1	1	208	9
923	1	1	104	8
923	1	1	208	9
924	1	1	104	8
924	1	1	208	9
925	1	1	104	8
925	1	1	208	9
926	1	1	104	8
926	1	1	208	9
927	1	1	104	8
927	1	1	208	9
928	1	1	104	8
928	1	1	208	9
929	1	1	104	8
929	1	1	208	9
930	1	1	104	8
930	1	1	208	9
931	1	1	104	8
931	1	1	208	9
932	1	1	104	8
932	1	1	208	9
933	1	1	104	8
933	1	1	208	9
934	1	1	104	8
934	1	1	208	9
935	1	1	104	8
935	1	1	208	9
936	1	1	104	8
936	1	1	208	9
937	1	1	104	8
937	1	1	208	9
938	1	1	104	8
938	1	1	208	9
939	1	1	104	8
939	1	1	208	9
940	1	1	104	8
940	1	1	208	9
941	1	1	104	8
941	1	1	208	9
942	1	1	104	8
942	1	1	208	9
943	1	1	104	8
943	1	1	208	9
944	1	1	104	8
944	1	1	208	9
945	1	1	104	8
945	1	1	208	9
946	1	1	104	8
946	1	1	208	9
947	1	1	104	8
947	1	1	208	9
948	1	1	104	8
948	1	1	208	9
949	1	1	104	8
949	1	1	208	9
950	1	1	104	8
950	1	1	208	9
951	1	1	104	8
951	1	1	208	9
952	1	1	104	8
952	1	1	208	9
953	1	1	104	8
953	1	1	208	9
954	1	1	104	8
954	1	1	208	9
955	1	1	104	8
955	1	1	208	9
956	1	1	104	8
956	1	1	208	9
957	1	1	104	8
957	1	1	208	9
958	1	1	104	8
958	1	1	208	9
959	1	1	104	8
959	1	1	208	9
960	1	1	104	8
960	1	1	208	9
961	1	1	104	8
961	1	1	208	9
962	1	1	104	8
962	1	1	208	9
963	1	1	104	8
963	1	1	208	9
964	1	1	104	8
964	1	1	208	9
965	1	1	104	8
965	1	1	208	9
966	1	1	104	8
966	1	1	208	9
967	1	1	104	8
967	1	1	208	9
968	1	1	104	8
968	1	1	208	9
969	1	1	104	8
969	1	1	208	9
970	1	1	104	8
970	1	1	208	9
971	1	1	104	8
971	1	1	208	9
972	1	1	104	8
972	1	1	208	9
973	1	1	104	8
973	1	1	208	9
974	1	1	104	8
974	1	1	208	9
975	1	1	104	8
975	1	1	208	9
976	1	1	104	8
976	1	1	208	9
977	1	1	104	8
977	1	1	208	9
978	1	1	104	8
978	1	1	208	9
979	1	1	104	8
979	1	1	208	9
980	1	1	104	8
980	1	1	208	9
981	1	1	104	8
981	1	1	208	9
982	1	1	104	8
982	1	1	208	9
983	1	1	104	8
983	1	1	208	9
984	1	1	104	8
984	1	1	208	9
985	1	1	104	8
985	1	1	208	9
986	1	1	104	8
986	1	1	208	9
987	1	1	104	8
987	1	1	208	9
988	1	1	104	8
988	1	1	208	9
989	1	1	104	8
989	1	1	208	9
990	1	1	104	8
990	1	1	208	9
991	1	1	104	8
991	1	1	208	9
992	1	1	104	8
992	1	1	208	9
993	1	1	104	8
993	1	1	208	9
994	1	1	104	8
994	1	1	208	9
995	1	1	104	8
995	1	1	208	9
996	1	1	104	8
996	1	1	208	9
997	1	1	104	8
997	1	1	208	9
998	1	1	104	8
998	1	1	208	9
