Realization	utility	WSS	week	infra.
0	0	0	417	7
0	0	0	1200	8
1	0	0	365	7
1	0	0	939	8
1	0	0	1774	9
2	0	0	365	7
2	0	0	991	8
3	0	0	417	7
3	0	0	1148	8
4	0	0	417	7
4	0	0	1095	8
5	0	0	417	7
5	0	0	1043	8
6	0	0	469	7
6	0	0	1565	8
7	0	0	365	7
7	0	0	887	8
7	0	0	1513	9
8	0	0	469	7
8	0	0	1617	8
9	0	0	365	7
9	0	0	991	8
10	0	0	313	7
10	0	0	730	8
10	0	0	1148	9
11	0	0	469	7
11	0	0	1565	8
12	0	0	365	7
12	0	0	834	8
12	0	0	1461	9
13	0	0	365	7
13	0	0	887	8
13	0	0	1513	9
14	0	0	365	7
14	0	0	834	8
14	0	0	1304	9
15	0	0	469	7
15	0	0	1565	8
16	0	0	417	7
16	0	0	1356	8
17	0	0	417	7
17	0	0	1148	8
18	0	0	313	7
18	0	0	730	8
18	0	0	1148	9
19	0	0	417	7
19	0	0	1252	8
20	0	0	469	7
20	0	0	1513	8
21	0	0	417	7
21	0	0	1095	8
22	0	0	365	7
22	0	0	834	8
22	0	0	1356	9
23	0	0	417	7
23	0	0	1408	8
24	0	0	417	7
24	0	0	1408	8
25	0	0	365	7
25	0	0	991	8
26	0	0	417	7
26	0	0	1148	8
27	0	0	365	7
27	0	0	834	8
27	0	0	1461	9
28	0	0	469	7
28	0	0	1565	8
29	0	0	417	7
29	0	0	1356	8
30	0	0	365	7
30	0	0	834	8
30	0	0	1356	9
31	0	0	365	7
31	0	0	887	8
31	0	0	1513	9
32	0	0	313	7
32	0	0	730	8
32	0	0	1148	9
33	0	0	365	7
33	0	0	939	8
33	0	0	1826	9
34	0	0	313	7
34	0	0	730	8
34	0	0	1095	9
35	0	0	417	7
35	0	0	1095	8
36	0	0	417	7
36	0	0	1200	8
37	0	0	313	7
37	0	0	730	8
37	0	0	1095	9
38	0	0	365	7
38	0	0	991	8
39	0	0	365	7
39	0	0	991	8
40	0	0	365	7
40	0	0	782	8
40	0	0	1200	9
41	0	0	469	7
41	0	0	1565	8
42	0	0	365	7
42	0	0	1043	8
43	0	0	313	7
43	0	0	730	8
43	0	0	1148	9
44	0	0	365	7
44	0	0	939	8
44	0	0	1930	9
45	0	0	417	7
45	0	0	1356	8
46	0	0	365	7
46	0	0	782	8
46	0	0	1252	9
47	0	0	365	7
47	0	0	834	8
47	0	0	1356	9
48	0	0	365	7
48	0	0	939	8
48	0	0	1617	9
49	0	0	365	7
49	0	0	939	8
49	0	0	1826	9
50	0	0	313	7
50	0	0	730	8
50	0	0	1095	9
51	0	0	365	7
51	0	0	834	8
51	0	0	1461	9
52	0	0	417	7
52	0	0	1408	8
53	0	0	469	7
53	0	0	1513	8
54	0	0	365	7
54	0	0	834	8
54	0	0	1356	9
55	0	0	365	7
55	0	0	939	8
55	0	0	1878	9
56	0	0	313	7
56	0	0	730	8
56	0	0	1095	9
57	0	0	417	7
57	0	0	1200	8
58	0	0	365	7
58	0	0	939	8
58	0	0	1878	9
59	0	0	313	7
59	0	0	730	8
59	0	0	1095	9
60	0	0	417	7
60	0	0	1304	8
61	0	0	365	7
61	0	0	834	8
61	0	0	1408	9
62	0	0	365	7
62	0	0	834	8
62	0	0	1356	9
63	0	0	417	7
63	0	0	1408	8
64	0	0	417	7
64	0	0	1200	8
65	0	0	417	7
65	0	0	1095	8
66	0	0	417	7
66	0	0	1408	8
67	0	0	365	7
67	0	0	834	8
67	0	0	1408	9
68	0	0	365	7
68	0	0	834	8
68	0	0	1356	9
69	0	0	417	7
69	0	0	1252	8
70	0	0	365	7
70	0	0	834	8
70	0	0	1356	9
71	0	0	365	7
71	0	0	834	8
71	0	0	1461	9
72	0	0	417	7
72	0	0	1200	8
73	0	0	365	7
73	0	0	887	8
73	0	0	1513	9
74	0	0	365	7
74	0	0	887	8
74	0	0	1565	9
75	0	0	365	7
75	0	0	782	8
75	0	0	1200	9
76	0	0	365	7
76	0	0	939	8
76	0	0	1774	9
77	0	0	417	7
77	0	0	1095	8
78	0	0	417	7
78	0	0	1252	8
79	0	0	469	7
79	0	0	1565	8
80	0	0	365	7
80	0	0	939	8
80	0	0	1774	9
81	0	0	365	7
81	0	0	991	8
82	0	0	469	7
82	0	0	1565	8
83	0	0	365	7
83	0	0	887	8
83	0	0	1617	9
84	0	0	365	7
84	0	0	991	8
85	0	0	417	7
85	0	0	1304	8
86	0	0	417	7
86	0	0	1252	8
87	0	0	417	7
87	0	0	1148	8
88	0	0	417	7
88	0	0	1095	8
89	0	0	365	7
89	0	0	991	8
90	0	0	417	7
90	0	0	1304	8
91	0	0	313	7
91	0	0	730	8
91	0	0	1095	9
92	0	0	417	7
92	0	0	1095	8
93	0	0	365	7
93	0	0	834	8
93	0	0	1461	9
94	0	0	417	7
94	0	0	1200	8
95	0	0	365	7
95	0	0	991	8
96	0	0	417	7
96	0	0	1356	8
97	0	0	365	7
97	0	0	991	8
98	0	0	417	7
98	0	0	1200	8
99	0	0	365	7
99	0	0	991	8
100	0	0	313	7
100	0	0	730	8
100	0	0	1148	9
101	0	0	365	7
101	0	0	834	8
101	0	0	1408	9
102	0	0	365	7
102	0	0	782	8
102	0	0	1200	9
103	0	0	365	7
103	0	0	834	8
103	0	0	1356	9
104	0	0	417	7
104	0	0	1252	8
105	0	0	417	7
105	0	0	1513	8
106	0	0	417	7
106	0	0	1252	8
107	0	0	417	7
107	0	0	1461	8
108	0	0	313	7
108	0	0	730	8
108	0	0	1095	9
109	0	0	365	7
109	0	0	782	8
109	0	0	1304	9
110	0	0	365	7
110	0	0	834	8
110	0	0	1356	9
111	0	0	417	7
111	0	0	1304	8
112	0	0	469	7
112	0	0	1513	8
113	0	0	365	7
113	0	0	782	8
113	0	0	1200	9
114	0	0	417	7
114	0	0	1356	8
115	0	0	365	7
115	0	0	1043	8
116	0	0	313	7
116	0	0	730	8
116	0	0	1095	9
117	0	0	417	7
117	0	0	1095	8
118	0	0	417	7
118	0	0	1200	8
119	0	0	417	7
119	0	0	1148	8
120	0	0	417	7
120	0	0	1095	8
121	0	0	365	7
121	0	0	939	8
121	0	0	1669	9
122	0	0	417	7
122	0	0	1408	8
123	0	0	417	7
123	0	0	1513	8
124	0	0	417	7
124	0	0	1304	8
125	0	0	365	7
125	0	0	782	8
125	0	0	1200	9
126	0	0	417	7
126	0	0	1461	8
127	0	0	417	7
127	0	0	1148	8
128	0	0	469	7
128	0	0	1565	8
129	0	0	313	7
129	0	0	730	8
129	0	0	1148	9
130	0	0	417	7
130	0	0	1252	8
131	0	0	365	7
131	0	0	887	8
131	0	0	1565	9
132	0	0	365	7
132	0	0	834	8
132	0	0	1356	9
133	0	0	417	7
133	0	0	1095	8
134	0	0	365	7
134	0	0	834	8
134	0	0	1356	9
135	0	0	365	7
135	0	0	834	8
135	0	0	1408	9
136	0	0	469	7
136	0	0	1617	8
137	0	0	313	7
137	0	0	730	8
137	0	0	1095	9
138	0	0	365	7
138	0	0	939	8
138	0	0	1617	9
139	0	0	417	7
139	0	0	1252	8
140	0	0	365	7
140	0	0	834	8
140	0	0	1356	9
141	0	0	365	7
141	0	0	782	8
141	0	0	1304	9
142	0	0	365	7
142	0	0	730	8
142	0	0	1200	9
143	0	0	365	7
143	0	0	834	8
143	0	0	1356	9
144	0	0	365	7
144	0	0	887	8
144	0	0	1565	9
145	0	0	417	7
145	0	0	1252	8
146	0	0	417	7
146	0	0	1304	8
147	0	0	365	7
147	0	0	834	8
147	0	0	1461	9
148	0	0	365	7
148	0	0	782	8
148	0	0	1252	9
149	0	0	365	7
149	0	0	939	8
149	0	0	1930	9
150	0	0	313	7
150	0	0	730	8
150	0	0	1095	9
151	0	0	365	7
151	0	0	887	8
151	0	0	1617	9
152	0	0	417	7
152	0	0	1148	8
153	0	0	313	7
153	0	0	730	8
153	0	0	1095	9
154	0	0	469	7
154	0	0	1565	8
155	0	0	417	7
155	0	0	1304	8
156	0	0	417	7
156	0	0	1408	8
157	0	0	365	7
157	0	0	782	8
157	0	0	1200	9
158	0	0	365	7
158	0	0	887	8
158	0	0	1513	9
159	0	0	313	7
159	0	0	730	8
159	0	0	1095	9
160	0	0	365	7
160	0	0	834	8
160	0	0	1461	9
161	0	0	365	7
161	0	0	939	8
161	0	0	1617	9
162	0	0	313	7
162	0	0	730	8
162	0	0	1148	9
163	0	0	469	7
163	0	0	1565	8
164	0	0	365	7
164	0	0	939	8
164	0	0	1669	9
165	0	0	365	7
165	0	0	834	8
165	0	0	1356	9
166	0	0	469	7
166	0	0	1617	8
167	0	0	417	7
167	0	0	1148	8
168	0	0	365	7
168	0	0	834	8
168	0	0	1408	9
169	0	0	365	7
169	0	0	730	8
169	0	0	1200	9
170	0	0	365	7
170	0	0	782	8
170	0	0	1252	9
171	0	0	365	7
171	0	0	782	8
171	0	0	1304	9
172	0	0	417	7
172	0	0	1304	8
173	0	0	417	7
173	0	0	1252	8
174	0	0	417	7
174	0	0	1095	8
175	0	0	417	7
175	0	0	1461	8
176	0	0	365	7
176	0	0	887	8
176	0	0	1513	9
177	0	0	313	7
177	0	0	730	8
177	0	0	1043	9
178	0	0	365	7
178	0	0	887	8
178	0	0	1617	9
179	0	0	469	7
179	0	0	1513	8
180	0	0	365	7
180	0	0	939	8
180	0	0	1878	9
181	0	0	365	7
181	0	0	939	8
181	0	0	1774	9
182	0	0	365	7
182	0	0	991	8
183	0	0	417	7
183	0	0	1148	8
184	0	0	365	7
184	0	0	887	8
184	0	0	1565	9
185	0	0	417	7
185	0	0	1148	8
186	0	0	365	7
186	0	0	991	8
187	0	0	313	7
187	0	0	730	8
187	0	0	1095	9
188	0	0	365	7
188	0	0	887	8
188	0	0	1513	9
189	0	0	365	7
189	0	0	939	8
189	0	0	1617	9
190	0	0	365	7
190	0	0	782	8
190	0	0	1252	9
191	0	0	365	7
191	0	0	782	8
191	0	0	1252	9
192	0	0	365	7
192	0	0	782	8
192	0	0	1252	9
193	0	0	365	7
193	0	0	1043	8
194	0	0	365	7
194	0	0	939	8
194	0	0	1669	9
195	0	0	365	7
195	0	0	782	8
195	0	0	1200	9
196	0	0	365	7
196	0	0	991	8
197	0	0	365	7
197	0	0	939	8
197	0	0	1617	9
198	0	0	313	7
198	0	0	730	8
198	0	0	1148	9
199	0	0	417	7
199	0	0	1200	8
200	0	0	365	7
200	0	0	834	8
200	0	0	1304	9
201	0	0	365	7
201	0	0	887	8
201	0	0	1513	9
202	0	0	365	7
202	0	0	887	8
202	0	0	1565	9
203	0	0	365	7
203	0	0	782	8
203	0	0	1304	9
204	0	0	417	7
204	0	0	1252	8
205	0	0	313	7
205	0	0	730	8
205	0	0	1148	9
206	0	0	365	7
206	0	0	887	8
206	0	0	1513	9
207	0	0	417	7
207	0	0	1408	8
208	0	0	365	7
208	0	0	834	8
208	0	0	1356	9
209	0	0	365	7
209	0	0	991	8
210	0	0	365	7
210	0	0	834	8
210	0	0	1408	9
211	0	0	365	7
211	0	0	782	8
211	0	0	1200	9
212	0	0	365	7
212	0	0	834	8
212	0	0	1461	9
213	0	0	365	7
213	0	0	834	8
213	0	0	1356	9
214	0	0	417	7
214	0	0	1461	8
215	0	0	365	7
215	0	0	834	8
215	0	0	1408	9
216	0	0	469	7
216	0	0	1617	8
217	0	0	313	7
217	0	0	730	8
217	0	0	1148	9
218	0	0	417	7
218	0	0	1095	8
219	0	0	365	7
219	0	0	939	8
219	0	0	1930	9
220	0	0	417	7
220	0	0	1095	8
221	0	0	417	7
221	0	0	1304	8
222	0	0	417	7
222	0	0	1461	8
223	0	0	469	7
223	0	0	1565	8
224	0	0	313	7
224	0	0	730	8
224	0	0	1095	9
225	0	0	365	7
225	0	0	991	8
226	0	0	417	7
226	0	0	1252	8
227	0	0	365	7
227	0	0	939	8
227	0	0	1774	9
228	0	0	313	7
228	0	0	730	8
228	0	0	1148	9
229	0	0	313	7
229	0	0	730	8
229	0	0	1095	9
230	0	0	417	7
230	0	0	1252	8
231	0	0	313	7
231	0	0	730	8
231	0	0	1148	9
232	0	0	365	7
232	0	0	939	8
232	0	0	1930	9
233	0	0	417	7
233	0	0	1095	8
234	0	0	365	7
234	0	0	782	8
234	0	0	1200	9
235	0	0	313	7
235	0	0	730	8
235	0	0	1095	9
236	0	0	417	7
236	0	0	1408	8
237	0	0	365	7
237	0	0	782	8
237	0	0	1252	9
238	0	0	365	7
238	0	0	1043	8
239	0	0	313	7
239	0	0	730	8
239	0	0	1043	9
240	0	0	365	7
240	0	0	887	8
240	0	0	1617	9
241	0	0	365	7
241	0	0	834	8
241	0	0	1408	9
242	0	0	365	7
242	0	0	939	8
242	0	0	1826	9
243	0	0	365	7
243	0	0	991	8
244	0	0	365	7
244	0	0	939	8
244	0	0	1774	9
245	0	0	365	7
245	0	0	887	8
245	0	0	1565	9
246	0	0	365	7
246	0	0	834	8
246	0	0	1461	9
247	0	0	417	7
247	0	0	1095	8
248	0	0	365	7
248	0	0	939	8
248	0	0	1826	9
249	0	0	313	7
249	0	0	730	8
249	0	0	1043	9
250	0	0	365	7
250	0	0	1043	8
251	0	0	365	7
251	0	0	782	8
251	0	0	1252	9
252	0	0	313	7
252	0	0	730	8
252	0	0	1095	9
253	0	0	365	7
253	0	0	834	8
253	0	0	1461	9
254	0	0	469	7
254	0	0	1565	8
255	0	0	469	7
255	0	0	1565	8
256	0	0	365	7
256	0	0	782	8
256	0	0	1304	9
257	0	0	365	7
257	0	0	834	8
257	0	0	1356	9
258	0	0	365	7
258	0	0	782	8
258	0	0	1200	9
259	0	0	365	7
259	0	0	939	8
259	0	0	1878	9
260	0	0	313	7
260	0	0	730	8
260	0	0	1148	9
261	0	0	365	7
261	0	0	834	8
261	0	0	1408	9
262	0	0	417	7
262	0	0	1095	8
263	0	0	417	7
263	0	0	1252	8
264	0	0	365	7
264	0	0	1043	8
265	0	0	313	7
265	0	0	730	8
265	0	0	1095	9
266	0	0	417	7
266	0	0	1095	8
267	0	0	365	7
267	0	0	782	8
267	0	0	1304	9
268	0	0	417	7
268	0	0	1148	8
269	0	0	365	7
269	0	0	1043	8
270	0	0	469	7
270	0	0	1617	8
271	0	0	365	7
271	0	0	782	8
271	0	0	1304	9
272	0	0	365	7
272	0	0	1043	8
273	0	0	365	7
273	0	0	782	8
273	0	0	1252	9
274	0	0	417	7
274	0	0	1095	8
275	0	0	365	7
275	0	0	939	8
275	0	0	1617	9
276	0	0	417	7
276	0	0	1356	8
277	0	0	417	7
277	0	0	1408	8
278	0	0	365	7
278	0	0	1043	8
279	0	0	365	7
279	0	0	887	8
279	0	0	1617	9
280	0	0	365	7
280	0	0	782	8
280	0	0	1252	9
281	0	0	365	7
281	0	0	834	8
281	0	0	1356	9
282	0	0	365	7
282	0	0	991	8
283	0	0	469	7
283	0	0	1565	8
284	0	0	365	7
284	0	0	782	8
284	0	0	1200	9
285	0	0	365	7
285	0	0	782	8
285	0	0	1252	9
286	0	0	365	7
286	0	0	782	8
286	0	0	1304	9
287	0	0	365	7
287	0	0	730	8
287	0	0	1200	9
288	0	0	365	7
288	0	0	834	8
288	0	0	1408	9
289	0	0	417	7
289	0	0	1148	8
290	0	0	365	7
290	0	0	991	8
291	0	0	365	7
291	0	0	782	8
291	0	0	1200	9
292	0	0	365	7
292	0	0	1043	8
293	0	0	365	7
293	0	0	939	8
293	0	0	1826	9
294	0	0	365	7
294	0	0	1043	8
295	0	0	313	7
295	0	0	730	8
295	0	0	1043	9
296	0	0	417	7
296	0	0	1461	8
297	0	0	365	7
297	0	0	782	8
297	0	0	1252	9
298	0	0	313	7
298	0	0	730	8
298	0	0	1095	9
299	0	0	365	7
299	0	0	991	8
300	0	0	365	7
300	0	0	782	8
300	0	0	1252	9
301	0	0	365	7
301	0	0	782	8
301	0	0	1304	9
302	0	0	365	7
302	0	0	782	8
302	0	0	1304	9
303	0	0	365	7
303	0	0	782	8
303	0	0	1200	9
304	0	0	417	7
304	0	0	1200	8
305	0	0	365	7
305	0	0	730	8
305	0	0	1200	9
306	0	0	365	7
306	0	0	939	8
306	0	0	1930	9
307	0	0	313	7
307	0	0	730	8
307	0	0	1043	9
308	0	0	365	7
308	0	0	939	8
308	0	0	1669	9
309	0	0	365	7
309	0	0	834	8
309	0	0	1356	9
310	0	0	469	7
310	0	0	1565	8
311	0	0	417	7
311	0	0	1148	8
312	0	0	417	7
312	0	0	1408	8
313	0	0	365	7
313	0	0	834	8
313	0	0	1461	9
314	0	0	313	7
314	0	0	730	8
314	0	0	1095	9
315	0	0	365	7
315	0	0	991	8
316	0	0	417	7
316	0	0	1200	8
317	0	0	365	7
317	0	0	782	8
317	0	0	1200	9
318	0	0	313	7
318	0	0	730	8
318	0	0	1148	9
319	0	0	365	7
319	0	0	782	8
319	0	0	1252	9
320	0	0	365	7
320	0	0	834	8
320	0	0	1461	9
321	0	0	365	7
321	0	0	782	8
321	0	0	1200	9
322	0	0	365	7
322	0	0	991	8
323	0	0	365	7
323	0	0	939	8
323	0	0	1722	9
324	0	0	365	7
324	0	0	782	8
324	0	0	1252	9
325	0	0	417	7
325	0	0	1148	8
326	0	0	417	7
326	0	0	1148	8
327	0	0	313	7
327	0	0	730	8
327	0	0	1095	9
328	0	0	365	7
328	0	0	782	8
328	0	0	1252	9
329	0	0	469	7
329	0	0	1565	8
330	0	0	313	7
330	0	0	730	8
330	0	0	1095	9
331	0	0	365	7
331	0	0	782	8
331	0	0	1200	9
332	0	0	365	7
332	0	0	834	8
332	0	0	1356	9
333	0	0	313	7
333	0	0	730	8
333	0	0	1095	9
334	0	0	365	7
334	0	0	782	8
334	0	0	1252	9
335	0	0	365	7
335	0	0	1043	8
336	0	0	365	7
336	0	0	1043	8
337	0	0	365	7
337	0	0	834	8
337	0	0	1304	9
338	0	0	417	7
338	0	0	1356	8
339	0	0	417	7
339	0	0	1252	8
340	0	0	313	7
340	0	0	730	8
340	0	0	1095	9
341	0	0	313	7
341	0	0	730	8
341	0	0	1095	9
342	0	0	313	7
342	0	0	730	8
342	0	0	1148	9
343	0	0	365	7
343	0	0	782	8
343	0	0	1252	9
344	0	0	313	7
344	0	0	730	8
344	0	0	1148	9
345	0	0	313	7
345	0	0	730	8
345	0	0	1148	9
346	0	0	365	7
346	0	0	730	8
346	0	0	1200	9
347	0	0	365	7
347	0	0	782	8
347	0	0	1304	9
348	0	0	365	7
348	0	0	834	8
348	0	0	1461	9
349	0	0	365	7
349	0	0	887	8
349	0	0	1513	9
350	0	0	417	7
350	0	0	1408	8
351	0	0	365	7
351	0	0	991	8
352	0	0	365	7
352	0	0	1043	8
353	0	0	365	7
353	0	0	939	8
353	0	0	1617	9
354	0	0	417	7
354	0	0	1148	8
355	0	0	365	7
355	0	0	730	8
355	0	0	1200	9
356	0	0	365	7
356	0	0	782	8
356	0	0	1304	9
357	0	0	417	7
357	0	0	1252	8
358	0	0	365	7
358	0	0	782	8
358	0	0	1252	9
359	0	0	365	7
359	0	0	834	8
359	0	0	1356	9
360	0	0	365	7
360	0	0	939	8
360	0	0	1826	9
361	0	0	313	7
361	0	0	730	8
361	0	0	1095	9
362	0	0	365	7
362	0	0	939	8
362	0	0	1878	9
363	0	0	365	7
363	0	0	834	8
363	0	0	1356	9
364	0	0	365	7
364	0	0	834	8
364	0	0	1461	9
365	0	0	417	7
365	0	0	1304	8
366	0	0	365	7
366	0	0	782	8
366	0	0	1200	9
367	0	0	417	7
367	0	0	1304	8
368	0	0	365	7
368	0	0	782	8
368	0	0	1200	9
369	0	0	365	7
369	0	0	1043	8
370	0	0	365	7
370	0	0	782	8
370	0	0	1252	9
371	0	0	313	7
371	0	0	730	8
371	0	0	1095	9
372	0	0	365	7
372	0	0	1043	8
373	0	0	365	7
373	0	0	939	8
373	0	0	1826	9
374	0	0	365	7
374	0	0	887	8
374	0	0	1565	9
375	0	0	365	7
375	0	0	782	8
375	0	0	1200	9
376	0	0	417	7
376	0	0	1408	8
377	0	0	417	7
377	0	0	1095	8
378	0	0	365	7
378	0	0	887	8
378	0	0	1565	9
379	0	0	469	7
379	0	0	1565	8
380	0	0	365	7
380	0	0	887	8
380	0	0	1565	9
381	0	0	417	7
381	0	0	1148	8
382	0	0	417	7
382	0	0	1148	8
383	0	0	365	7
383	0	0	887	8
383	0	0	1513	9
384	0	0	365	7
384	0	0	939	8
384	0	0	1826	9
385	0	0	365	7
385	0	0	782	8
385	0	0	1252	9
386	0	0	365	7
386	0	0	834	8
386	0	0	1408	9
387	0	0	365	7
387	0	0	887	8
387	0	0	1565	9
388	0	0	365	7
388	0	0	782	8
388	0	0	1252	9
389	0	0	469	7
389	0	0	1513	8
390	0	0	417	7
390	0	0	1200	8
391	0	0	417	7
391	0	0	1200	8
392	0	0	417	7
392	0	0	1043	8
393	0	0	469	7
393	0	0	1513	8
394	0	0	365	7
394	0	0	834	8
394	0	0	1461	9
395	0	0	417	7
395	0	0	1356	8
396	0	0	365	7
396	0	0	782	8
396	0	0	1200	9
397	0	0	417	7
397	0	0	1356	8
398	0	0	365	7
398	0	0	1043	8
399	0	0	365	7
399	0	0	939	8
399	0	0	1669	9
400	0	0	417	7
400	0	0	1252	8
401	0	0	365	7
401	0	0	782	8
401	0	0	1252	9
402	0	0	313	7
402	0	0	730	8
402	0	0	1148	9
403	0	0	365	7
403	0	0	939	8
403	0	0	1826	9
404	0	0	417	7
404	0	0	1148	8
405	0	0	313	7
405	0	0	730	8
405	0	0	1095	9
406	0	0	365	7
406	0	0	782	8
406	0	0	1304	9
407	0	0	365	7
407	0	0	939	8
407	0	0	1826	9
408	0	0	365	7
408	0	0	887	8
408	0	0	1565	9
409	0	0	365	7
409	0	0	834	8
409	0	0	1513	9
410	0	0	365	7
410	0	0	939	8
410	0	0	2035	9
411	0	0	469	7
411	0	0	1617	8
412	0	0	365	7
412	0	0	887	8
412	0	0	1565	9
413	0	0	365	7
413	0	0	939	8
413	0	0	1878	9
414	0	0	365	7
414	0	0	1043	8
415	0	0	365	7
415	0	0	782	8
415	0	0	1304	9
416	0	0	365	7
416	0	0	887	8
416	0	0	1513	9
417	0	0	417	7
417	0	0	1356	8
418	0	0	365	7
418	0	0	939	8
418	0	0	1826	9
419	0	0	365	7
419	0	0	834	8
419	0	0	1408	9
420	0	0	365	7
420	0	0	939	8
420	0	0	1774	9
421	0	0	417	7
421	0	0	1304	8
422	0	0	365	7
422	0	0	887	8
422	0	0	1565	9
423	0	0	365	7
423	0	0	1043	8
424	0	0	365	7
424	0	0	939	8
424	0	0	1774	9
425	0	0	417	7
425	0	0	1461	8
426	0	0	365	7
426	0	0	782	8
426	0	0	1252	9
427	0	0	365	7
427	0	0	1043	8
428	0	0	417	7
428	0	0	1252	8
429	0	0	417	7
429	0	0	1408	8
430	0	0	469	7
430	0	0	1565	8
431	0	0	365	7
431	0	0	782	8
431	0	0	1252	9
432	0	0	365	7
432	0	0	1043	8
433	0	0	365	7
433	0	0	939	8
433	0	0	1826	9
434	0	0	365	7
434	0	0	1043	8
435	0	0	365	7
435	0	0	782	8
435	0	0	1200	9
436	0	0	313	7
436	0	0	730	8
436	0	0	1148	9
437	0	0	417	7
437	0	0	1252	8
438	0	0	365	7
438	0	0	939	8
438	0	0	1669	9
439	0	0	417	7
439	0	0	1252	8
440	0	0	365	7
440	0	0	834	8
440	0	0	1304	9
441	0	0	313	7
441	0	0	730	8
441	0	0	1148	9
442	0	0	313	7
442	0	0	730	8
442	0	0	1095	9
443	0	0	365	7
443	0	0	834	8
443	0	0	1408	9
444	0	0	417	7
444	0	0	1304	8
445	0	0	365	7
445	0	0	991	8
446	0	0	365	7
446	0	0	834	8
446	0	0	1304	9
447	0	0	365	7
447	0	0	991	8
448	0	0	417	7
448	0	0	1408	8
449	0	0	365	7
449	0	0	782	8
449	0	0	1200	9
450	0	0	365	7
450	0	0	834	8
450	0	0	1304	9
451	0	0	365	7
451	0	0	834	8
451	0	0	1356	9
452	0	0	417	7
452	0	0	1304	8
453	0	0	365	7
453	0	0	782	8
453	0	0	1200	9
454	0	0	417	7
454	0	0	1252	8
455	0	0	417	7
455	0	0	1461	8
456	0	0	365	7
456	0	0	991	8
457	0	0	365	7
457	0	0	939	8
457	0	0	1878	9
458	0	0	365	7
458	0	0	834	8
458	0	0	1408	9
459	0	0	313	7
459	0	0	730	8
459	0	0	1043	9
460	0	0	365	7
460	0	0	834	8
460	0	0	1356	9
461	0	0	417	7
461	0	0	1095	8
462	0	0	365	7
462	0	0	782	8
462	0	0	1200	9
463	0	0	365	7
463	0	0	991	8
464	0	0	365	7
464	0	0	834	8
464	0	0	1304	9
465	0	0	417	7
465	0	0	1252	8
466	0	0	365	7
466	0	0	991	8
467	0	0	365	7
467	0	0	782	8
467	0	0	1252	9
468	0	0	417	7
468	0	0	1200	8
469	0	0	313	7
469	0	0	730	8
469	0	0	1095	9
470	0	0	365	7
470	0	0	782	8
470	0	0	1304	9
471	0	0	417	7
471	0	0	1356	8
472	0	0	365	7
472	0	0	939	8
472	0	0	1617	9
473	0	0	417	7
473	0	0	1148	8
474	0	0	365	7
474	0	0	887	8
474	0	0	1565	9
475	0	0	417	7
475	0	0	1356	8
476	0	0	365	7
476	0	0	782	8
476	0	0	1200	9
477	0	0	365	7
477	0	0	782	8
477	0	0	1304	9
478	0	0	417	7
478	0	0	1408	8
479	0	0	365	7
479	0	0	834	8
479	0	0	1356	9
480	0	0	365	7
480	0	0	887	8
480	0	0	1565	9
481	0	0	417	7
481	0	0	1148	8
482	0	0	365	7
482	0	0	991	8
483	0	0	417	7
483	0	0	1095	8
484	0	0	365	7
484	0	0	834	8
484	0	0	1461	9
485	0	0	365	7
485	0	0	939	8
485	0	0	1774	9
486	0	0	469	7
486	0	0	1513	8
487	0	0	365	7
487	0	0	887	8
487	0	0	1565	9
488	0	0	313	7
488	0	0	730	8
488	0	0	1095	9
489	0	0	365	7
489	0	0	834	8
489	0	0	1356	9
490	0	0	365	7
490	0	0	939	8
490	0	0	1774	9
491	0	0	417	7
491	0	0	1095	8
492	0	0	313	7
492	0	0	730	8
492	0	0	1095	9
493	0	0	365	7
493	0	0	782	8
493	0	0	1200	9
494	0	0	365	7
494	0	0	887	8
494	0	0	1565	9
495	0	0	417	7
495	0	0	1513	8
496	0	0	313	7
496	0	0	730	8
496	0	0	1095	9
497	0	0	365	7
497	0	0	939	8
497	0	0	1930	9
498	0	0	417	7
498	0	0	1304	8
499	0	0	365	7
499	0	0	782	8
499	0	0	1252	9
500	0	0	365	7
500	0	0	939	8
500	0	0	1930	9
501	0	0	417	7
501	0	0	1408	8
502	0	0	365	7
502	0	0	1043	8
503	0	0	417	7
503	0	0	1408	8
504	0	0	365	7
504	0	0	782	8
504	0	0	1304	9
505	0	0	365	7
505	0	0	834	8
505	0	0	1461	9
506	0	0	313	7
506	0	0	730	8
506	0	0	1148	9
507	0	0	417	7
507	0	0	1252	8
508	0	0	417	7
508	0	0	1252	8
509	0	0	417	7
509	0	0	1148	8
510	0	0	313	7
510	0	0	730	8
510	0	0	1148	9
511	0	0	365	7
511	0	0	1043	8
512	0	0	417	7
512	0	0	1356	8
513	0	0	313	7
513	0	0	730	8
513	0	0	1148	9
514	0	0	365	7
514	0	0	939	8
514	0	0	1826	9
515	0	0	313	7
515	0	0	730	8
515	0	0	1095	9
516	0	0	365	7
516	0	0	834	8
516	0	0	1304	9
517	0	0	365	7
517	0	0	991	8
518	0	0	417	7
518	0	0	1356	8
519	0	0	365	7
519	0	0	782	8
519	0	0	1252	9
520	0	0	417	7
520	0	0	1356	8
521	0	0	365	7
521	0	0	834	8
521	0	0	1408	9
522	0	0	417	7
522	0	0	1513	8
523	0	0	365	7
523	0	0	730	8
523	0	0	1200	9
524	0	0	365	7
524	0	0	887	8
524	0	0	1513	9
525	0	0	313	7
525	0	0	730	8
525	0	0	1043	9
526	0	0	365	7
526	0	0	887	8
526	0	0	1513	9
527	0	0	365	7
527	0	0	782	8
527	0	0	1252	9
528	0	0	313	7
528	0	0	730	8
528	0	0	1095	9
529	0	0	469	7
529	0	0	1617	8
530	0	0	365	7
530	0	0	834	8
530	0	0	1356	9
531	0	0	365	7
531	0	0	991	8
532	0	0	417	7
532	0	0	1095	8
533	0	0	417	7
533	0	0	1408	8
534	0	0	365	7
534	0	0	1043	8
535	0	0	365	7
535	0	0	939	8
535	0	0	1878	9
536	0	0	365	7
536	0	0	782	8
536	0	0	1200	9
537	0	0	365	7
537	0	0	834	8
537	0	0	1304	9
538	0	0	365	7
538	0	0	939	8
538	0	0	1669	9
539	0	0	365	7
539	0	0	1043	8
540	0	0	417	7
540	0	0	1148	8
541	0	0	365	7
541	0	0	887	8
541	0	0	1513	9
542	0	0	365	7
542	0	0	782	8
542	0	0	1252	9
543	0	0	469	7
543	0	0	1565	8
544	0	0	365	7
544	0	0	887	8
544	0	0	1513	9
545	0	0	365	7
545	0	0	834	8
545	0	0	1461	9
546	0	0	417	7
546	0	0	1252	8
547	0	0	313	7
547	0	0	730	8
547	0	0	1148	9
548	0	0	417	7
548	0	0	1148	8
549	0	0	365	7
549	0	0	782	8
549	0	0	1200	9
550	0	0	417	7
550	0	0	1408	8
551	0	0	365	7
551	0	0	834	8
551	0	0	1461	9
552	0	0	417	7
552	0	0	1513	8
553	0	0	417	7
553	0	0	1148	8
554	0	0	417	7
554	0	0	1095	8
555	0	0	365	7
555	0	0	782	8
555	0	0	1252	9
556	0	0	365	7
556	0	0	939	8
556	0	0	1930	9
557	0	0	313	7
557	0	0	730	8
557	0	0	1095	9
558	0	0	313	7
558	0	0	730	8
558	0	0	1095	9
559	0	0	365	7
559	0	0	834	8
559	0	0	1356	9
560	0	0	313	7
560	0	0	730	8
560	0	0	1148	9
561	0	0	417	7
561	0	0	1148	8
562	0	0	365	7
562	0	0	730	8
562	0	0	1200	9
563	0	0	365	7
563	0	0	782	8
563	0	0	1252	9
564	0	0	417	7
564	0	0	1252	8
565	0	0	417	7
565	0	0	1200	8
566	0	0	365	7
566	0	0	887	8
566	0	0	1513	9
567	0	0	417	7
567	0	0	1095	8
568	0	0	313	7
568	0	0	730	8
568	0	0	1095	9
569	0	0	365	7
569	0	0	939	8
569	0	0	1826	9
570	0	0	417	7
570	0	0	1095	8
571	0	0	417	7
571	0	0	1095	8
572	0	0	313	7
572	0	0	730	8
572	0	0	1043	9
573	0	0	417	7
573	0	0	1148	8
574	0	0	313	7
574	0	0	730	8
574	0	0	1095	9
575	0	0	417	7
575	0	0	1095	8
576	0	0	313	7
576	0	0	730	8
576	0	0	1095	9
577	0	0	365	7
577	0	0	782	8
577	0	0	1200	9
578	0	0	365	7
578	0	0	1043	8
579	0	0	313	7
579	0	0	730	8
579	0	0	1148	9
580	0	0	365	7
580	0	0	834	8
580	0	0	1408	9
581	0	0	365	7
581	0	0	730	8
581	0	0	1200	9
582	0	0	365	7
582	0	0	782	8
582	0	0	1304	9
583	0	0	365	7
583	0	0	834	8
583	0	0	1408	9
584	0	0	365	7
584	0	0	782	8
584	0	0	1200	9
585	0	0	417	7
585	0	0	1148	8
586	0	0	313	7
586	0	0	730	8
586	0	0	1148	9
587	0	0	365	7
587	0	0	991	8
588	0	0	417	7
588	0	0	1252	8
589	0	0	365	7
589	0	0	1043	8
590	0	0	365	7
590	0	0	887	8
590	0	0	1513	9
591	0	0	417	7
591	0	0	1043	8
592	0	0	313	7
592	0	0	730	8
592	0	0	1095	9
593	0	0	417	7
593	0	0	1304	8
594	0	0	417	7
594	0	0	1356	8
595	0	0	365	7
595	0	0	782	8
595	0	0	1200	9
596	0	0	365	7
596	0	0	887	8
596	0	0	1565	9
597	0	0	365	7
597	0	0	887	8
597	0	0	1513	9
598	0	0	365	7
598	0	0	834	8
598	0	0	1461	9
599	0	0	417	7
599	0	0	1252	8
600	0	0	365	7
600	0	0	939	8
600	0	0	1617	9
601	0	0	365	7
601	0	0	782	8
601	0	0	1304	9
602	0	0	365	7
602	0	0	834	8
602	0	0	1356	9
603	0	0	365	7
603	0	0	887	8
603	0	0	1513	9
604	0	0	313	7
604	0	0	730	8
604	0	0	1095	9
605	0	0	365	7
605	0	0	991	8
606	0	0	365	7
606	0	0	834	8
606	0	0	1461	9
607	0	0	417	7
607	0	0	1095	8
608	0	0	365	7
608	0	0	991	8
609	0	0	365	7
609	0	0	939	8
609	0	0	1669	9
610	0	0	417	7
610	0	0	1200	8
611	0	0	313	7
611	0	0	730	8
611	0	0	1043	9
612	0	0	417	7
612	0	0	1252	8
613	0	0	313	7
613	0	0	730	8
613	0	0	1148	9
614	0	0	365	7
614	0	0	887	8
614	0	0	1513	9
615	0	0	365	7
615	0	0	887	8
615	0	0	1513	9
616	0	0	313	7
616	0	0	730	8
616	0	0	1095	9
617	0	0	365	7
617	0	0	782	8
617	0	0	1304	9
618	0	0	417	7
618	0	0	1252	8
619	0	0	365	7
619	0	0	1043	8
620	0	0	365	7
620	0	0	887	8
620	0	0	1513	9
621	0	0	417	7
621	0	0	1095	8
622	0	0	469	7
622	0	0	1565	8
623	0	0	469	7
623	0	0	1617	8
624	0	0	365	7
624	0	0	834	8
624	0	0	1304	9
625	0	0	365	7
625	0	0	991	8
626	0	0	365	7
626	0	0	991	8
627	0	0	365	7
627	0	0	887	8
627	0	0	1565	9
628	0	0	417	7
628	0	0	1200	8
629	0	0	469	7
629	0	0	1617	8
630	0	0	365	7
630	0	0	834	8
630	0	0	1304	9
631	0	0	469	7
631	0	0	1513	8
632	0	0	365	7
632	0	0	887	8
632	0	0	1513	9
633	0	0	365	7
633	0	0	939	8
633	0	0	1826	9
634	0	0	313	7
634	0	0	730	8
634	0	0	1043	9
635	0	0	365	7
635	0	0	834	8
635	0	0	1461	9
636	0	0	365	7
636	0	0	1043	8
637	0	0	313	7
637	0	0	730	8
637	0	0	1095	9
638	0	0	365	7
638	0	0	730	8
638	0	0	1200	9
639	0	0	365	7
639	0	0	991	8
640	0	0	365	7
640	0	0	782	8
640	0	0	1200	9
641	0	0	365	7
641	0	0	782	8
641	0	0	1200	9
642	0	0	417	7
642	0	0	1252	8
643	0	0	365	7
643	0	0	887	8
643	0	0	1565	9
644	0	0	365	7
644	0	0	939	8
644	0	0	1617	9
645	0	0	417	7
645	0	0	1252	8
646	0	0	365	7
646	0	0	887	8
646	0	0	1513	9
647	0	0	313	7
647	0	0	730	8
647	0	0	1148	9
648	0	0	313	7
648	0	0	730	8
648	0	0	1095	9
649	0	0	313	7
649	0	0	730	8
649	0	0	1095	9
650	0	0	365	7
650	0	0	1043	8
651	0	0	417	7
651	0	0	1304	8
652	0	0	365	7
652	0	0	939	8
652	0	0	1722	9
653	0	0	365	7
653	0	0	1043	8
654	0	0	313	7
654	0	0	730	8
654	0	0	1095	9
655	0	0	313	7
655	0	0	730	8
655	0	0	1095	9
656	0	0	417	7
656	0	0	1356	8
657	0	0	365	7
657	0	0	991	8
658	0	0	365	7
658	0	0	887	8
658	0	0	1617	9
659	0	0	313	7
659	0	0	730	8
659	0	0	1095	9
660	0	0	313	7
660	0	0	730	8
660	0	0	1095	9
661	0	0	365	7
661	0	0	939	8
661	0	0	1669	9
662	0	0	313	7
662	0	0	730	8
662	0	0	1095	9
663	0	0	313	7
663	0	0	730	8
663	0	0	1095	9
664	0	0	365	7
664	0	0	1043	8
665	0	0	365	7
665	0	0	782	8
665	0	0	1304	9
666	0	0	365	7
666	0	0	991	8
667	0	0	417	7
667	0	0	1095	8
668	0	0	365	7
668	0	0	782	8
668	0	0	1252	9
669	0	0	365	7
669	0	0	887	8
669	0	0	1513	9
670	0	0	365	7
670	0	0	782	8
670	0	0	1304	9
671	0	0	365	7
671	0	0	991	8
672	0	0	365	7
672	0	0	1043	8
673	0	0	313	7
673	0	0	730	8
673	0	0	1043	9
674	0	0	365	7
674	0	0	782	8
674	0	0	1200	9
675	0	0	365	7
675	0	0	730	8
675	0	0	1200	9
676	0	0	417	7
676	0	0	1513	8
677	0	0	365	7
677	0	0	939	8
677	0	0	1774	9
678	0	0	417	7
678	0	0	1252	8
679	0	0	365	7
679	0	0	782	8
679	0	0	1252	9
680	0	0	469	7
680	0	0	1513	8
681	0	0	313	7
681	0	0	730	8
681	0	0	1043	9
682	0	0	313	7
682	0	0	730	8
682	0	0	1148	9
683	0	0	417	7
683	0	0	1148	8
684	0	0	365	7
684	0	0	730	8
684	0	0	1200	9
685	0	0	469	7
685	0	0	1565	8
686	0	0	417	7
686	0	0	1095	8
687	0	0	365	7
687	0	0	782	8
687	0	0	1200	9
688	0	0	365	7
688	0	0	834	8
688	0	0	1408	9
689	0	0	365	7
689	0	0	730	8
689	0	0	1200	9
690	0	0	417	7
690	0	0	1304	8
691	0	0	417	7
691	0	0	1148	8
692	0	0	365	7
692	0	0	939	8
692	0	0	1878	9
693	0	0	365	7
693	0	0	887	8
693	0	0	1565	9
694	0	0	313	7
694	0	0	730	8
694	0	0	1095	9
695	0	0	365	7
695	0	0	1043	8
696	0	0	365	7
696	0	0	834	8
696	0	0	1304	9
697	0	0	417	7
697	0	0	1252	8
698	0	0	313	7
698	0	0	730	8
698	0	0	1148	9
699	0	0	365	7
699	0	0	782	8
699	0	0	1252	9
700	0	0	313	7
700	0	0	730	8
700	0	0	1095	9
701	0	0	365	7
701	0	0	991	8
702	0	0	365	7
702	0	0	834	8
702	0	0	1461	9
703	0	0	365	7
703	0	0	939	8
703	0	0	1826	9
704	0	0	365	7
704	0	0	991	8
705	0	0	417	7
705	0	0	1095	8
706	0	0	365	7
706	0	0	782	8
706	0	0	1252	9
707	0	0	313	7
707	0	0	730	8
707	0	0	1095	9
708	0	0	417	7
708	0	0	1095	8
709	0	0	365	7
709	0	0	939	8
709	0	0	1774	9
710	0	0	417	7
710	0	0	1095	8
711	0	0	365	7
711	0	0	991	8
712	0	0	365	7
712	0	0	939	8
712	0	0	1617	9
713	0	0	365	7
713	0	0	834	8
713	0	0	1461	9
714	0	0	417	7
714	0	0	1252	8
715	0	0	313	7
715	0	0	730	8
715	0	0	1095	9
716	0	0	417	7
716	0	0	1200	8
717	0	0	417	7
717	0	0	1095	8
718	0	0	365	7
718	0	0	834	8
718	0	0	1356	9
719	0	0	417	7
719	0	0	1095	8
720	0	0	365	7
720	0	0	939	8
720	0	0	1669	9
721	0	0	365	7
721	0	0	887	8
721	0	0	1513	9
722	0	0	365	7
722	0	0	782	8
722	0	0	1304	9
723	0	0	365	7
723	0	0	834	8
723	0	0	1461	9
724	0	0	365	7
724	0	0	887	8
724	0	0	1513	9
725	0	0	313	7
725	0	0	730	8
725	0	0	1095	9
726	0	0	365	7
726	0	0	834	8
726	0	0	1513	9
727	0	0	365	7
727	0	0	782	8
727	0	0	1200	9
728	0	0	417	7
728	0	0	1148	8
729	0	0	469	7
729	0	0	1565	8
730	0	0	417	7
730	0	0	1043	8
731	0	0	417	7
731	0	0	1095	8
732	0	0	365	7
732	0	0	834	8
732	0	0	1461	9
733	0	0	313	7
733	0	0	730	8
733	0	0	1148	9
734	0	0	365	7
734	0	0	1043	8
735	0	0	365	7
735	0	0	991	8
736	0	0	365	7
736	0	0	939	8
736	0	0	1878	9
737	0	0	417	7
737	0	0	1356	8
738	0	0	365	7
738	0	0	991	8
739	0	0	417	7
739	0	0	1304	8
740	0	0	313	7
740	0	0	730	8
740	0	0	1148	9
741	0	0	417	7
741	0	0	1304	8
742	0	0	365	7
742	0	0	782	8
742	0	0	1252	9
743	0	0	313	7
743	0	0	730	8
743	0	0	1148	9
744	0	0	365	7
744	0	0	939	8
744	0	0	1826	9
745	0	0	365	7
745	0	0	939	8
745	0	0	1826	9
746	0	0	417	7
746	0	0	1148	8
747	0	0	365	7
747	0	0	939	8
747	0	0	1826	9
748	0	0	313	7
748	0	0	730	8
748	0	0	1095	9
749	0	0	469	7
749	0	0	1617	8
750	0	0	365	7
750	0	0	1043	8
751	0	0	417	7
751	0	0	1252	8
752	0	0	365	7
752	0	0	834	8
752	0	0	1356	9
753	0	0	365	7
753	0	0	834	8
753	0	0	1304	9
754	0	0	365	7
754	0	0	991	8
755	0	0	365	7
755	0	0	834	8
755	0	0	1356	9
756	0	0	365	7
756	0	0	991	8
757	0	0	365	7
757	0	0	834	8
757	0	0	1408	9
758	0	0	365	7
758	0	0	782	8
758	0	0	1252	9
759	0	0	365	7
759	0	0	782	8
759	0	0	1252	9
760	0	0	313	7
760	0	0	730	8
760	0	0	1148	9
761	0	0	365	7
761	0	0	991	8
762	0	0	365	7
762	0	0	782	8
762	0	0	1252	9
763	0	0	417	7
763	0	0	1356	8
764	0	0	365	7
764	0	0	939	8
764	0	0	1669	9
765	0	0	365	7
765	0	0	782	8
765	0	0	1200	9
766	0	0	313	7
766	0	0	730	8
766	0	0	1095	9
767	0	0	417	7
767	0	0	1043	8
768	0	0	365	7
768	0	0	991	8
769	0	0	417	7
769	0	0	1095	8
770	0	0	365	7
770	0	0	1043	8
771	0	0	365	7
771	0	0	782	8
771	0	0	1252	9
772	0	0	365	7
772	0	0	939	8
772	0	0	1826	9
773	0	0	365	7
773	0	0	887	8
773	0	0	1513	9
774	0	0	417	7
774	0	0	1408	8
775	0	0	313	7
775	0	0	730	8
775	0	0	1095	9
776	0	0	365	7
776	0	0	887	8
776	0	0	1513	9
777	0	0	417	7
777	0	0	1200	8
778	0	0	365	7
778	0	0	939	8
778	0	0	1669	9
779	0	0	417	7
779	0	0	1304	8
780	0	0	417	7
780	0	0	1356	8
781	0	0	313	7
781	0	0	730	8
781	0	0	1148	9
782	0	0	313	7
782	0	0	730	8
782	0	0	1095	9
783	0	0	469	7
783	0	0	1565	8
784	0	0	469	7
784	0	0	1617	8
785	0	0	365	7
785	0	0	887	8
785	0	0	1513	9
786	0	0	417	7
786	0	0	1356	8
787	0	0	365	7
787	0	0	782	8
787	0	0	1252	9
788	0	0	417	7
788	0	0	1095	8
789	0	0	365	7
789	0	0	834	8
789	0	0	1356	9
790	0	0	365	7
790	0	0	939	8
790	0	0	1722	9
791	0	0	417	7
791	0	0	1408	8
792	0	0	365	7
792	0	0	782	8
792	0	0	1252	9
793	0	0	365	7
793	0	0	782	8
793	0	0	1252	9
794	0	0	365	7
794	0	0	991	8
795	0	0	417	7
795	0	0	1095	8
796	0	0	365	7
796	0	0	782	8
796	0	0	1200	9
797	0	0	313	7
797	0	0	730	8
797	0	0	1148	9
798	0	0	469	7
798	0	0	1565	8
799	0	0	365	7
799	0	0	834	8
799	0	0	1356	9
800	0	0	365	7
800	0	0	782	8
800	0	0	1252	9
801	0	0	417	7
801	0	0	1304	8
802	0	0	365	7
802	0	0	887	8
802	0	0	1513	9
803	0	0	313	7
803	0	0	730	8
803	0	0	1148	9
804	0	0	313	7
804	0	0	730	8
804	0	0	1148	9
805	0	0	365	7
805	0	0	834	8
805	0	0	1408	9
806	0	0	365	7
806	0	0	939	8
806	0	0	1774	9
807	0	0	365	7
807	0	0	991	8
808	0	0	417	7
808	0	0	1304	8
809	0	0	365	7
809	0	0	991	8
810	0	0	365	7
810	0	0	991	8
811	0	0	417	7
811	0	0	1148	8
812	0	0	417	7
812	0	0	1252	8
813	0	0	365	7
813	0	0	782	8
813	0	0	1200	9
814	0	0	417	7
814	0	0	1200	8
815	0	0	417	7
815	0	0	1252	8
816	0	0	469	7
816	0	0	1513	8
817	0	0	365	7
817	0	0	782	8
817	0	0	1200	9
818	0	0	365	7
818	0	0	834	8
818	0	0	1461	9
819	0	0	365	7
819	0	0	939	8
819	0	0	1722	9
820	0	0	365	7
820	0	0	939	8
820	0	0	1722	9
821	0	0	469	7
821	0	0	1513	8
822	0	0	365	7
822	0	0	1043	8
823	0	0	365	7
823	0	0	782	8
823	0	0	1304	9
824	0	0	365	7
824	0	0	782	8
824	0	0	1252	9
825	0	0	417	7
825	0	0	1148	8
826	0	0	313	7
826	0	0	730	8
826	0	0	1095	9
827	0	0	365	7
827	0	0	1043	8
828	0	0	365	7
828	0	0	782	8
828	0	0	1200	9
829	0	0	365	7
829	0	0	834	8
829	0	0	1408	9
830	0	0	365	7
830	0	0	991	8
831	0	0	365	7
831	0	0	782	8
831	0	0	1252	9
832	0	0	365	7
832	0	0	939	8
833	0	0	417	7
833	0	0	1148	8
834	0	0	365	7
834	0	0	887	8
834	0	0	1513	9
835	0	0	365	7
835	0	0	834	8
835	0	0	1408	9
836	0	0	469	7
836	0	0	1565	8
837	0	0	417	7
837	0	0	1304	8
838	0	0	313	7
838	0	0	730	8
838	0	0	1095	9
839	0	0	417	7
839	0	0	1356	8
840	0	0	365	7
840	0	0	782	8
840	0	0	1304	9
841	0	0	313	7
841	0	0	730	8
841	0	0	1148	9
842	0	0	313	7
842	0	0	730	8
842	0	0	1148	9
843	0	0	417	7
843	0	0	1304	8
844	0	0	417	7
844	0	0	1095	8
845	0	0	365	7
845	0	0	1043	8
846	0	0	365	7
846	0	0	782	8
846	0	0	1200	9
847	0	0	365	7
847	0	0	782	8
847	0	0	1252	9
848	0	0	313	7
848	0	0	730	8
848	0	0	1095	9
849	0	0	365	7
849	0	0	782	8
849	0	0	1200	9
850	0	0	365	7
850	0	0	782	8
850	0	0	1200	9
851	0	0	365	7
851	0	0	834	8
851	0	0	1356	9
852	0	0	365	7
852	0	0	939	8
852	0	0	1826	9
853	0	0	417	7
853	0	0	1252	8
854	0	0	365	7
854	0	0	939	8
854	0	0	1669	9
855	0	0	365	7
855	0	0	782	8
855	0	0	1200	9
856	0	0	417	7
856	0	0	1095	8
857	0	0	365	7
857	0	0	991	8
858	0	0	417	7
858	0	0	1095	8
859	0	0	313	7
859	0	0	730	8
859	0	0	1148	9
860	0	0	469	7
860	0	0	1513	8
861	0	0	365	7
861	0	0	1043	8
862	0	0	365	7
862	0	0	1043	8
863	0	0	365	7
863	0	0	782	8
863	0	0	1304	9
864	0	0	417	7
864	0	0	1252	8
865	0	0	365	7
865	0	0	834	8
865	0	0	1408	9
866	0	0	313	7
866	0	0	730	8
866	0	0	1095	9
867	0	0	417	7
867	0	0	1148	8
868	0	0	365	7
868	0	0	991	8
869	0	0	365	7
869	0	0	1043	8
870	0	0	417	7
870	0	0	1408	8
871	0	0	365	7
871	0	0	887	8
871	0	0	1617	9
872	0	0	313	7
872	0	0	730	8
872	0	0	1095	9
873	0	0	365	7
873	0	0	991	8
874	0	0	365	7
874	0	0	834	8
874	0	0	1356	9
875	0	0	313	7
875	0	0	730	8
875	0	0	1148	9
876	0	0	365	7
876	0	0	939	8
876	0	0	1669	9
877	0	0	417	7
877	0	0	1304	8
878	0	0	365	7
878	0	0	834	8
878	0	0	1356	9
879	0	0	417	7
879	0	0	1095	8
880	0	0	365	7
880	0	0	939	8
880	0	0	1617	9
881	0	0	313	7
881	0	0	730	8
881	0	0	1095	9
882	0	0	313	7
882	0	0	730	8
882	0	0	1095	9
883	0	0	417	7
883	0	0	1095	8
884	0	0	365	7
884	0	0	991	8
885	0	0	313	7
885	0	0	730	8
885	0	0	1148	9
886	0	0	365	7
886	0	0	991	8
887	0	0	313	7
887	0	0	730	8
887	0	0	1095	9
888	0	0	365	7
888	0	0	887	8
888	0	0	1565	9
889	0	0	365	7
889	0	0	834	8
889	0	0	1356	9
890	0	0	365	7
890	0	0	782	8
890	0	0	1200	9
891	0	0	365	7
891	0	0	939	8
891	0	0	1774	9
892	0	0	417	7
892	0	0	1356	8
893	0	0	313	7
893	0	0	730	8
893	0	0	1043	9
894	0	0	365	7
894	0	0	939	8
894	0	0	1669	9
895	0	0	313	7
895	0	0	730	8
895	0	0	1043	9
896	0	0	417	7
896	0	0	1252	8
897	0	0	365	7
897	0	0	782	8
897	0	0	1200	9
898	0	0	365	7
898	0	0	1043	8
899	0	0	365	7
899	0	0	991	8
900	0	0	417	7
900	0	0	1200	8
901	0	0	365	7
901	0	0	834	8
901	0	0	1461	9
902	0	0	365	7
902	0	0	782	8
902	0	0	1200	9
903	0	0	365	7
903	0	0	939	8
903	0	0	1878	9
904	0	0	365	7
904	0	0	782	8
904	0	0	1200	9
905	0	0	365	7
905	0	0	887	8
905	0	0	1513	9
906	0	0	417	7
906	0	0	1252	8
907	0	0	365	7
907	0	0	887	8
907	0	0	1513	9
908	0	0	365	7
908	0	0	782	8
908	0	0	1200	9
909	0	0	365	7
909	0	0	939	8
909	0	0	1774	9
910	0	0	365	7
910	0	0	782	8
910	0	0	1252	9
911	0	0	365	7
911	0	0	1043	8
912	0	0	365	7
912	0	0	782	8
912	0	0	1304	9
913	0	0	417	7
913	0	0	1095	8
914	0	0	313	7
914	0	0	730	8
914	0	0	1148	9
915	0	0	365	7
915	0	0	887	8
915	0	0	1513	9
916	0	0	365	7
916	0	0	730	8
916	0	0	1200	9
917	0	0	365	7
917	0	0	834	8
917	0	0	1304	9
918	0	0	365	7
918	0	0	782	8
918	0	0	1200	9
919	0	0	365	7
919	0	0	782	8
919	0	0	1252	9
920	0	0	365	7
920	0	0	782	8
920	0	0	1200	9
921	0	0	417	7
921	0	0	1252	8
922	0	0	365	7
922	0	0	939	8
922	0	0	1669	9
923	0	0	469	7
923	0	0	1617	8
924	0	0	365	7
924	0	0	782	8
924	0	0	1200	9
925	0	0	417	7
925	0	0	1304	8
926	0	0	365	7
926	0	0	939	8
926	0	0	1669	9
927	0	0	365	7
927	0	0	991	8
928	0	0	365	7
928	0	0	782	8
928	0	0	1200	9
929	0	0	365	7
929	0	0	939	8
929	0	0	1669	9
930	0	0	417	7
930	0	0	1200	8
931	0	0	417	7
931	0	0	1148	8
932	0	0	417	7
932	0	0	1252	8
933	0	0	365	7
933	0	0	730	8
933	0	0	1148	9
934	0	0	365	7
934	0	0	887	8
934	0	0	1565	9
935	0	0	365	7
935	0	0	887	8
935	0	0	1565	9
936	0	0	313	7
936	0	0	730	8
936	0	0	1095	9
937	0	0	313	7
937	0	0	730	8
937	0	0	1148	9
938	0	0	313	7
938	0	0	730	8
938	0	0	1095	9
939	0	0	365	7
939	0	0	1043	8
940	0	0	365	7
940	0	0	939	8
940	0	0	1826	9
941	0	0	417	7
941	0	0	1148	8
942	0	0	365	7
942	0	0	939	8
942	0	0	1669	9
943	0	0	365	7
943	0	0	1043	8
944	0	0	365	7
944	0	0	991	8
945	0	0	417	7
945	0	0	1200	8
946	0	0	365	7
946	0	0	834	8
946	0	0	1461	9
947	0	0	417	7
947	0	0	1252	8
948	0	0	365	7
948	0	0	730	8
948	0	0	1200	9
949	0	0	469	7
949	0	0	1565	8
950	0	0	417	7
950	0	0	1304	8
951	0	0	417	7
951	0	0	1148	8
952	0	0	365	7
952	0	0	782	8
952	0	0	1200	9
953	0	0	365	7
953	0	0	834	8
953	0	0	1356	9
954	0	0	365	7
954	0	0	730	8
954	0	0	1200	9
955	0	0	365	7
955	0	0	834	8
955	0	0	1356	9
956	0	0	365	7
956	0	0	834	8
956	0	0	1461	9
957	0	0	417	7
957	0	0	1252	8
958	0	0	365	7
958	0	0	1043	8
959	0	0	365	7
959	0	0	887	8
959	0	0	1617	9
960	0	0	313	7
960	0	0	730	8
960	0	0	1095	9
961	0	0	365	7
961	0	0	782	8
961	0	0	1304	9
962	0	0	469	7
962	0	0	1617	8
963	0	0	365	7
963	0	0	939	8
963	0	0	1826	9
964	0	0	469	7
964	0	0	1617	8
965	0	0	365	7
965	0	0	782	8
965	0	0	1304	9
966	0	0	365	7
966	0	0	782	8
966	0	0	1304	9
967	0	0	313	7
967	0	0	730	8
967	0	0	1095	9
968	0	0	365	7
968	0	0	782	8
968	0	0	1252	9
969	0	0	417	7
969	0	0	1095	8
970	0	0	365	7
970	0	0	939	8
970	0	0	1930	9
971	0	0	365	7
971	0	0	782	8
971	0	0	1200	9
972	0	0	417	7
972	0	0	1356	8
973	0	0	417	7
973	0	0	1200	8
974	0	0	417	7
974	0	0	1148	8
975	0	0	417	7
975	0	0	1252	8
976	0	0	365	7
976	0	0	887	8
976	0	0	1513	9
977	0	0	365	7
977	0	0	991	8
978	0	0	313	7
978	0	0	730	8
978	0	0	1095	9
979	0	0	313	7
979	0	0	730	8
979	0	0	1148	9
980	0	0	365	7
980	0	0	991	8
981	0	0	365	7
981	0	0	1043	8
982	0	0	365	7
982	0	0	887	8
982	0	0	1565	9
983	0	0	365	7
983	0	0	991	8
984	0	0	417	7
984	0	0	1148	8
985	0	0	417	7
985	0	0	1148	8
986	0	0	313	7
986	0	0	730	8
986	0	0	1148	9
987	0	0	365	7
987	0	0	834	8
987	0	0	1461	9
988	0	0	365	7
988	0	0	782	8
988	0	0	1200	9
989	0	0	365	7
989	0	0	834	8
989	0	0	1461	9
990	0	0	469	7
990	0	0	1565	8
991	0	0	365	7
991	0	0	887	8
991	0	0	1617	9
992	0	0	313	7
992	0	0	730	8
992	0	0	1148	9
993	0	0	417	7
993	0	0	1304	8
994	0	0	365	7
994	0	0	1043	8
995	0	0	365	7
995	0	0	939	8
995	0	0	1774	9
996	0	0	313	7
996	0	0	730	8
996	0	0	1095	9
997	0	0	365	7
997	0	0	939	8
997	0	0	1617	9
998	0	0	365	7
998	0	0	782	8
998	0	0	1200	9
0	1	1	417	7
0	1	1	1200	8
1	1	1	365	7
1	1	1	939	8
1	1	1	1774	9
2	1	1	365	7
2	1	1	991	8
3	1	1	417	7
3	1	1	1148	8
4	1	1	417	7
4	1	1	1095	8
5	1	1	417	7
5	1	1	1043	8
6	1	1	469	7
6	1	1	1565	8
7	1	1	365	7
7	1	1	887	8
7	1	1	1513	9
8	1	1	469	7
8	1	1	1617	8
9	1	1	365	7
9	1	1	991	8
10	1	1	313	7
10	1	1	730	8
10	1	1	1148	9
11	1	1	469	7
11	1	1	1565	8
12	1	1	365	7
12	1	1	834	8
12	1	1	1461	9
13	1	1	365	7
13	1	1	887	8
13	1	1	1513	9
14	1	1	365	7
14	1	1	834	8
14	1	1	1304	9
15	1	1	469	7
15	1	1	1565	8
16	1	1	417	7
16	1	1	1356	8
17	1	1	417	7
17	1	1	1148	8
18	1	1	313	7
18	1	1	730	8
18	1	1	1148	9
19	1	1	417	7
19	1	1	1252	8
20	1	1	469	7
20	1	1	1513	8
21	1	1	417	7
21	1	1	1095	8
22	1	1	365	7
22	1	1	834	8
22	1	1	1356	9
23	1	1	417	7
23	1	1	1408	8
24	1	1	417	7
24	1	1	1408	8
25	1	1	365	7
25	1	1	991	8
26	1	1	417	7
26	1	1	1148	8
27	1	1	365	7
27	1	1	834	8
27	1	1	1461	9
28	1	1	469	7
28	1	1	1565	8
29	1	1	417	7
29	1	1	1356	8
30	1	1	365	7
30	1	1	834	8
30	1	1	1356	9
31	1	1	365	7
31	1	1	887	8
31	1	1	1513	9
32	1	1	313	7
32	1	1	730	8
32	1	1	1148	9
33	1	1	365	7
33	1	1	939	8
33	1	1	1826	9
34	1	1	313	7
34	1	1	730	8
34	1	1	1095	9
35	1	1	417	7
35	1	1	1095	8
36	1	1	417	7
36	1	1	1200	8
37	1	1	313	7
37	1	1	730	8
37	1	1	1095	9
38	1	1	365	7
38	1	1	991	8
39	1	1	365	7
39	1	1	991	8
40	1	1	365	7
40	1	1	782	8
40	1	1	1200	9
41	1	1	469	7
41	1	1	1565	8
42	1	1	365	7
42	1	1	1043	8
43	1	1	313	7
43	1	1	730	8
43	1	1	1148	9
44	1	1	365	7
44	1	1	939	8
44	1	1	1930	9
45	1	1	417	7
45	1	1	1356	8
46	1	1	365	7
46	1	1	782	8
46	1	1	1252	9
47	1	1	365	7
47	1	1	834	8
47	1	1	1356	9
48	1	1	365	7
48	1	1	939	8
48	1	1	1617	9
49	1	1	365	7
49	1	1	939	8
49	1	1	1826	9
50	1	1	313	7
50	1	1	730	8
50	1	1	1095	9
51	1	1	365	7
51	1	1	834	8
51	1	1	1461	9
52	1	1	417	7
52	1	1	1408	8
53	1	1	469	7
53	1	1	1513	8
54	1	1	365	7
54	1	1	834	8
54	1	1	1356	9
55	1	1	365	7
55	1	1	939	8
55	1	1	1878	9
56	1	1	313	7
56	1	1	730	8
56	1	1	1095	9
57	1	1	417	7
57	1	1	1200	8
58	1	1	365	7
58	1	1	939	8
58	1	1	1878	9
59	1	1	313	7
59	1	1	730	8
59	1	1	1095	9
60	1	1	417	7
60	1	1	1304	8
61	1	1	365	7
61	1	1	834	8
61	1	1	1408	9
62	1	1	365	7
62	1	1	834	8
62	1	1	1356	9
63	1	1	417	7
63	1	1	1408	8
64	1	1	417	7
64	1	1	1200	8
65	1	1	417	7
65	1	1	1095	8
66	1	1	417	7
66	1	1	1408	8
67	1	1	365	7
67	1	1	834	8
67	1	1	1408	9
68	1	1	365	7
68	1	1	834	8
68	1	1	1356	9
69	1	1	417	7
69	1	1	1252	8
70	1	1	365	7
70	1	1	834	8
70	1	1	1356	9
71	1	1	365	7
71	1	1	834	8
71	1	1	1461	9
72	1	1	417	7
72	1	1	1200	8
73	1	1	365	7
73	1	1	887	8
73	1	1	1513	9
74	1	1	365	7
74	1	1	887	8
74	1	1	1565	9
75	1	1	365	7
75	1	1	782	8
75	1	1	1200	9
76	1	1	365	7
76	1	1	939	8
76	1	1	1774	9
77	1	1	417	7
77	1	1	1095	8
78	1	1	417	7
78	1	1	1252	8
79	1	1	469	7
79	1	1	1565	8
80	1	1	365	7
80	1	1	939	8
80	1	1	1774	9
81	1	1	365	7
81	1	1	991	8
82	1	1	469	7
82	1	1	1565	8
83	1	1	365	7
83	1	1	887	8
83	1	1	1617	9
84	1	1	365	7
84	1	1	991	8
85	1	1	417	7
85	1	1	1304	8
86	1	1	417	7
86	1	1	1252	8
87	1	1	417	7
87	1	1	1148	8
88	1	1	417	7
88	1	1	1095	8
89	1	1	365	7
89	1	1	991	8
90	1	1	417	7
90	1	1	1304	8
91	1	1	313	7
91	1	1	730	8
91	1	1	1095	9
92	1	1	417	7
92	1	1	1095	8
93	1	1	365	7
93	1	1	834	8
93	1	1	1461	9
94	1	1	417	7
94	1	1	1200	8
95	1	1	365	7
95	1	1	991	8
96	1	1	417	7
96	1	1	1356	8
97	1	1	365	7
97	1	1	991	8
98	1	1	417	7
98	1	1	1200	8
99	1	1	365	7
99	1	1	991	8
100	1	1	313	7
100	1	1	730	8
100	1	1	1148	9
101	1	1	365	7
101	1	1	834	8
101	1	1	1408	9
102	1	1	365	7
102	1	1	782	8
102	1	1	1200	9
103	1	1	365	7
103	1	1	834	8
103	1	1	1356	9
104	1	1	417	7
104	1	1	1252	8
105	1	1	417	7
105	1	1	1513	8
106	1	1	417	7
106	1	1	1252	8
107	1	1	417	7
107	1	1	1461	8
108	1	1	313	7
108	1	1	730	8
108	1	1	1095	9
109	1	1	365	7
109	1	1	782	8
109	1	1	1304	9
110	1	1	365	7
110	1	1	834	8
110	1	1	1356	9
111	1	1	417	7
111	1	1	1304	8
112	1	1	469	7
112	1	1	1513	8
113	1	1	365	7
113	1	1	782	8
113	1	1	1200	9
114	1	1	417	7
114	1	1	1356	8
115	1	1	365	7
115	1	1	1043	8
116	1	1	313	7
116	1	1	730	8
116	1	1	1095	9
117	1	1	417	7
117	1	1	1095	8
118	1	1	417	7
118	1	1	1200	8
119	1	1	417	7
119	1	1	1148	8
120	1	1	417	7
120	1	1	1095	8
121	1	1	365	7
121	1	1	939	8
121	1	1	1669	9
122	1	1	417	7
122	1	1	1408	8
123	1	1	417	7
123	1	1	1513	8
124	1	1	417	7
124	1	1	1304	8
125	1	1	365	7
125	1	1	782	8
125	1	1	1200	9
126	1	1	417	7
126	1	1	1461	8
127	1	1	417	7
127	1	1	1148	8
128	1	1	469	7
128	1	1	1565	8
129	1	1	313	7
129	1	1	730	8
129	1	1	1148	9
130	1	1	417	7
130	1	1	1252	8
131	1	1	365	7
131	1	1	887	8
131	1	1	1565	9
132	1	1	365	7
132	1	1	834	8
132	1	1	1356	9
133	1	1	417	7
133	1	1	1095	8
134	1	1	365	7
134	1	1	834	8
134	1	1	1356	9
135	1	1	365	7
135	1	1	834	8
135	1	1	1408	9
136	1	1	469	7
136	1	1	1617	8
137	1	1	313	7
137	1	1	730	8
137	1	1	1095	9
138	1	1	365	7
138	1	1	939	8
138	1	1	1617	9
139	1	1	417	7
139	1	1	1252	8
140	1	1	365	7
140	1	1	834	8
140	1	1	1356	9
141	1	1	365	7
141	1	1	782	8
141	1	1	1304	9
142	1	1	365	7
142	1	1	730	8
142	1	1	1200	9
143	1	1	365	7
143	1	1	834	8
143	1	1	1356	9
144	1	1	365	7
144	1	1	887	8
144	1	1	1565	9
145	1	1	417	7
145	1	1	1252	8
146	1	1	417	7
146	1	1	1304	8
147	1	1	365	7
147	1	1	834	8
147	1	1	1461	9
148	1	1	365	7
148	1	1	782	8
148	1	1	1252	9
149	1	1	365	7
149	1	1	939	8
149	1	1	1930	9
150	1	1	313	7
150	1	1	730	8
150	1	1	1095	9
151	1	1	365	7
151	1	1	887	8
151	1	1	1617	9
152	1	1	417	7
152	1	1	1148	8
153	1	1	313	7
153	1	1	730	8
153	1	1	1095	9
154	1	1	469	7
154	1	1	1565	8
155	1	1	417	7
155	1	1	1304	8
156	1	1	417	7
156	1	1	1408	8
157	1	1	365	7
157	1	1	782	8
157	1	1	1200	9
158	1	1	365	7
158	1	1	887	8
158	1	1	1513	9
159	1	1	313	7
159	1	1	730	8
159	1	1	1095	9
160	1	1	365	7
160	1	1	834	8
160	1	1	1461	9
161	1	1	365	7
161	1	1	939	8
161	1	1	1617	9
162	1	1	313	7
162	1	1	730	8
162	1	1	1148	9
163	1	1	469	7
163	1	1	1565	8
164	1	1	365	7
164	1	1	939	8
164	1	1	1669	9
165	1	1	365	7
165	1	1	834	8
165	1	1	1356	9
166	1	1	469	7
166	1	1	1617	8
167	1	1	417	7
167	1	1	1148	8
168	1	1	365	7
168	1	1	834	8
168	1	1	1408	9
169	1	1	365	7
169	1	1	730	8
169	1	1	1200	9
170	1	1	365	7
170	1	1	782	8
170	1	1	1252	9
171	1	1	365	7
171	1	1	782	8
171	1	1	1304	9
172	1	1	417	7
172	1	1	1304	8
173	1	1	417	7
173	1	1	1252	8
174	1	1	417	7
174	1	1	1095	8
175	1	1	417	7
175	1	1	1461	8
176	1	1	365	7
176	1	1	887	8
176	1	1	1513	9
177	1	1	313	7
177	1	1	730	8
177	1	1	1043	9
178	1	1	365	7
178	1	1	887	8
178	1	1	1617	9
179	1	1	469	7
179	1	1	1513	8
180	1	1	365	7
180	1	1	939	8
180	1	1	1878	9
181	1	1	365	7
181	1	1	939	8
181	1	1	1774	9
182	1	1	365	7
182	1	1	991	8
183	1	1	417	7
183	1	1	1148	8
184	1	1	365	7
184	1	1	887	8
184	1	1	1565	9
185	1	1	417	7
185	1	1	1148	8
186	1	1	365	7
186	1	1	991	8
187	1	1	313	7
187	1	1	730	8
187	1	1	1095	9
188	1	1	365	7
188	1	1	887	8
188	1	1	1513	9
189	1	1	365	7
189	1	1	939	8
189	1	1	1617	9
190	1	1	365	7
190	1	1	782	8
190	1	1	1252	9
191	1	1	365	7
191	1	1	782	8
191	1	1	1252	9
192	1	1	365	7
192	1	1	782	8
192	1	1	1252	9
193	1	1	365	7
193	1	1	1043	8
194	1	1	365	7
194	1	1	939	8
194	1	1	1669	9
195	1	1	365	7
195	1	1	782	8
195	1	1	1200	9
196	1	1	365	7
196	1	1	991	8
197	1	1	365	7
197	1	1	939	8
197	1	1	1617	9
198	1	1	313	7
198	1	1	730	8
198	1	1	1148	9
199	1	1	417	7
199	1	1	1200	8
200	1	1	365	7
200	1	1	834	8
200	1	1	1304	9
201	1	1	365	7
201	1	1	887	8
201	1	1	1513	9
202	1	1	365	7
202	1	1	887	8
202	1	1	1565	9
203	1	1	365	7
203	1	1	782	8
203	1	1	1304	9
204	1	1	417	7
204	1	1	1252	8
205	1	1	313	7
205	1	1	730	8
205	1	1	1148	9
206	1	1	365	7
206	1	1	887	8
206	1	1	1513	9
207	1	1	417	7
207	1	1	1408	8
208	1	1	365	7
208	1	1	834	8
208	1	1	1356	9
209	1	1	365	7
209	1	1	991	8
210	1	1	365	7
210	1	1	834	8
210	1	1	1408	9
211	1	1	365	7
211	1	1	782	8
211	1	1	1200	9
212	1	1	365	7
212	1	1	834	8
212	1	1	1461	9
213	1	1	365	7
213	1	1	834	8
213	1	1	1356	9
214	1	1	417	7
214	1	1	1461	8
215	1	1	365	7
215	1	1	834	8
215	1	1	1408	9
216	1	1	469	7
216	1	1	1617	8
217	1	1	313	7
217	1	1	730	8
217	1	1	1148	9
218	1	1	417	7
218	1	1	1095	8
219	1	1	365	7
219	1	1	939	8
219	1	1	1930	9
220	1	1	417	7
220	1	1	1095	8
221	1	1	417	7
221	1	1	1304	8
222	1	1	417	7
222	1	1	1461	8
223	1	1	469	7
223	1	1	1565	8
224	1	1	313	7
224	1	1	730	8
224	1	1	1095	9
225	1	1	365	7
225	1	1	991	8
226	1	1	417	7
226	1	1	1252	8
227	1	1	365	7
227	1	1	939	8
227	1	1	1774	9
228	1	1	313	7
228	1	1	730	8
228	1	1	1148	9
229	1	1	313	7
229	1	1	730	8
229	1	1	1095	9
230	1	1	417	7
230	1	1	1252	8
231	1	1	313	7
231	1	1	730	8
231	1	1	1148	9
232	1	1	365	7
232	1	1	939	8
232	1	1	1930	9
233	1	1	417	7
233	1	1	1095	8
234	1	1	365	7
234	1	1	782	8
234	1	1	1200	9
235	1	1	313	7
235	1	1	730	8
235	1	1	1095	9
236	1	1	417	7
236	1	1	1408	8
237	1	1	365	7
237	1	1	782	8
237	1	1	1252	9
238	1	1	365	7
238	1	1	1043	8
239	1	1	313	7
239	1	1	730	8
239	1	1	1043	9
240	1	1	365	7
240	1	1	887	8
240	1	1	1617	9
241	1	1	365	7
241	1	1	834	8
241	1	1	1408	9
242	1	1	365	7
242	1	1	939	8
242	1	1	1826	9
243	1	1	365	7
243	1	1	991	8
244	1	1	365	7
244	1	1	939	8
244	1	1	1774	9
245	1	1	365	7
245	1	1	887	8
245	1	1	1565	9
246	1	1	365	7
246	1	1	834	8
246	1	1	1461	9
247	1	1	417	7
247	1	1	1095	8
248	1	1	365	7
248	1	1	939	8
248	1	1	1826	9
249	1	1	313	7
249	1	1	730	8
249	1	1	1043	9
250	1	1	365	7
250	1	1	1043	8
251	1	1	365	7
251	1	1	782	8
251	1	1	1252	9
252	1	1	313	7
252	1	1	730	8
252	1	1	1095	9
253	1	1	365	7
253	1	1	834	8
253	1	1	1461	9
254	1	1	469	7
254	1	1	1565	8
255	1	1	469	7
255	1	1	1565	8
256	1	1	365	7
256	1	1	782	8
256	1	1	1304	9
257	1	1	365	7
257	1	1	834	8
257	1	1	1356	9
258	1	1	365	7
258	1	1	782	8
258	1	1	1200	9
259	1	1	365	7
259	1	1	939	8
259	1	1	1878	9
260	1	1	313	7
260	1	1	730	8
260	1	1	1148	9
261	1	1	365	7
261	1	1	834	8
261	1	1	1408	9
262	1	1	417	7
262	1	1	1095	8
263	1	1	417	7
263	1	1	1252	8
264	1	1	365	7
264	1	1	1043	8
265	1	1	313	7
265	1	1	730	8
265	1	1	1095	9
266	1	1	417	7
266	1	1	1095	8
267	1	1	365	7
267	1	1	782	8
267	1	1	1304	9
268	1	1	417	7
268	1	1	1148	8
269	1	1	365	7
269	1	1	1043	8
270	1	1	469	7
270	1	1	1617	8
271	1	1	365	7
271	1	1	782	8
271	1	1	1304	9
272	1	1	365	7
272	1	1	1043	8
273	1	1	365	7
273	1	1	782	8
273	1	1	1252	9
274	1	1	417	7
274	1	1	1095	8
275	1	1	365	7
275	1	1	939	8
275	1	1	1617	9
276	1	1	417	7
276	1	1	1356	8
277	1	1	417	7
277	1	1	1408	8
278	1	1	365	7
278	1	1	1043	8
279	1	1	365	7
279	1	1	887	8
279	1	1	1617	9
280	1	1	365	7
280	1	1	782	8
280	1	1	1252	9
281	1	1	365	7
281	1	1	834	8
281	1	1	1356	9
282	1	1	365	7
282	1	1	991	8
283	1	1	469	7
283	1	1	1565	8
284	1	1	365	7
284	1	1	782	8
284	1	1	1200	9
285	1	1	365	7
285	1	1	782	8
285	1	1	1252	9
286	1	1	365	7
286	1	1	782	8
286	1	1	1304	9
287	1	1	365	7
287	1	1	730	8
287	1	1	1200	9
288	1	1	365	7
288	1	1	834	8
288	1	1	1408	9
289	1	1	417	7
289	1	1	1148	8
290	1	1	365	7
290	1	1	991	8
291	1	1	365	7
291	1	1	782	8
291	1	1	1200	9
292	1	1	365	7
292	1	1	1043	8
293	1	1	365	7
293	1	1	939	8
293	1	1	1826	9
294	1	1	365	7
294	1	1	1043	8
295	1	1	313	7
295	1	1	730	8
295	1	1	1043	9
296	1	1	417	7
296	1	1	1461	8
297	1	1	365	7
297	1	1	782	8
297	1	1	1252	9
298	1	1	313	7
298	1	1	730	8
298	1	1	1095	9
299	1	1	365	7
299	1	1	991	8
300	1	1	365	7
300	1	1	782	8
300	1	1	1252	9
301	1	1	365	7
301	1	1	782	8
301	1	1	1304	9
302	1	1	365	7
302	1	1	782	8
302	1	1	1304	9
303	1	1	365	7
303	1	1	782	8
303	1	1	1200	9
304	1	1	417	7
304	1	1	1200	8
305	1	1	365	7
305	1	1	730	8
305	1	1	1200	9
306	1	1	365	7
306	1	1	939	8
306	1	1	1930	9
307	1	1	313	7
307	1	1	730	8
307	1	1	1043	9
308	1	1	365	7
308	1	1	939	8
308	1	1	1669	9
309	1	1	365	7
309	1	1	834	8
309	1	1	1356	9
310	1	1	469	7
310	1	1	1565	8
311	1	1	417	7
311	1	1	1148	8
312	1	1	417	7
312	1	1	1408	8
313	1	1	365	7
313	1	1	834	8
313	1	1	1461	9
314	1	1	313	7
314	1	1	730	8
314	1	1	1095	9
315	1	1	365	7
315	1	1	991	8
316	1	1	417	7
316	1	1	1200	8
317	1	1	365	7
317	1	1	782	8
317	1	1	1200	9
318	1	1	313	7
318	1	1	730	8
318	1	1	1148	9
319	1	1	365	7
319	1	1	782	8
319	1	1	1252	9
320	1	1	365	7
320	1	1	834	8
320	1	1	1461	9
321	1	1	365	7
321	1	1	782	8
321	1	1	1200	9
322	1	1	365	7
322	1	1	991	8
323	1	1	365	7
323	1	1	939	8
323	1	1	1722	9
324	1	1	365	7
324	1	1	782	8
324	1	1	1252	9
325	1	1	417	7
325	1	1	1148	8
326	1	1	417	7
326	1	1	1148	8
327	1	1	313	7
327	1	1	730	8
327	1	1	1095	9
328	1	1	365	7
328	1	1	782	8
328	1	1	1252	9
329	1	1	469	7
329	1	1	1565	8
330	1	1	313	7
330	1	1	730	8
330	1	1	1095	9
331	1	1	365	7
331	1	1	782	8
331	1	1	1200	9
332	1	1	365	7
332	1	1	834	8
332	1	1	1356	9
333	1	1	313	7
333	1	1	730	8
333	1	1	1095	9
334	1	1	365	7
334	1	1	782	8
334	1	1	1252	9
335	1	1	365	7
335	1	1	1043	8
336	1	1	365	7
336	1	1	1043	8
337	1	1	365	7
337	1	1	834	8
337	1	1	1304	9
338	1	1	417	7
338	1	1	1356	8
339	1	1	417	7
339	1	1	1252	8
340	1	1	313	7
340	1	1	730	8
340	1	1	1095	9
341	1	1	313	7
341	1	1	730	8
341	1	1	1095	9
342	1	1	313	7
342	1	1	730	8
342	1	1	1148	9
343	1	1	365	7
343	1	1	782	8
343	1	1	1252	9
344	1	1	313	7
344	1	1	730	8
344	1	1	1148	9
345	1	1	313	7
345	1	1	730	8
345	1	1	1148	9
346	1	1	365	7
346	1	1	730	8
346	1	1	1200	9
347	1	1	365	7
347	1	1	782	8
347	1	1	1304	9
348	1	1	365	7
348	1	1	834	8
348	1	1	1461	9
349	1	1	365	7
349	1	1	887	8
349	1	1	1513	9
350	1	1	417	7
350	1	1	1408	8
351	1	1	365	7
351	1	1	991	8
352	1	1	365	7
352	1	1	1043	8
353	1	1	365	7
353	1	1	939	8
353	1	1	1617	9
354	1	1	417	7
354	1	1	1148	8
355	1	1	365	7
355	1	1	730	8
355	1	1	1200	9
356	1	1	365	7
356	1	1	782	8
356	1	1	1304	9
357	1	1	417	7
357	1	1	1252	8
358	1	1	365	7
358	1	1	782	8
358	1	1	1252	9
359	1	1	365	7
359	1	1	834	8
359	1	1	1356	9
360	1	1	365	7
360	1	1	939	8
360	1	1	1826	9
361	1	1	313	7
361	1	1	730	8
361	1	1	1095	9
362	1	1	365	7
362	1	1	939	8
362	1	1	1878	9
363	1	1	365	7
363	1	1	834	8
363	1	1	1356	9
364	1	1	365	7
364	1	1	834	8
364	1	1	1461	9
365	1	1	417	7
365	1	1	1304	8
366	1	1	365	7
366	1	1	782	8
366	1	1	1200	9
367	1	1	417	7
367	1	1	1304	8
368	1	1	365	7
368	1	1	782	8
368	1	1	1200	9
369	1	1	365	7
369	1	1	1043	8
370	1	1	365	7
370	1	1	782	8
370	1	1	1252	9
371	1	1	313	7
371	1	1	730	8
371	1	1	1095	9
372	1	1	365	7
372	1	1	1043	8
373	1	1	365	7
373	1	1	939	8
373	1	1	1826	9
374	1	1	365	7
374	1	1	887	8
374	1	1	1565	9
375	1	1	365	7
375	1	1	782	8
375	1	1	1200	9
376	1	1	417	7
376	1	1	1408	8
377	1	1	417	7
377	1	1	1095	8
378	1	1	365	7
378	1	1	887	8
378	1	1	1565	9
379	1	1	469	7
379	1	1	1565	8
380	1	1	365	7
380	1	1	887	8
380	1	1	1565	9
381	1	1	417	7
381	1	1	1148	8
382	1	1	417	7
382	1	1	1148	8
383	1	1	365	7
383	1	1	887	8
383	1	1	1513	9
384	1	1	365	7
384	1	1	939	8
384	1	1	1826	9
385	1	1	365	7
385	1	1	782	8
385	1	1	1252	9
386	1	1	365	7
386	1	1	834	8
386	1	1	1408	9
387	1	1	365	7
387	1	1	887	8
387	1	1	1565	9
388	1	1	365	7
388	1	1	782	8
388	1	1	1252	9
389	1	1	469	7
389	1	1	1513	8
390	1	1	417	7
390	1	1	1200	8
391	1	1	417	7
391	1	1	1200	8
392	1	1	417	7
392	1	1	1043	8
393	1	1	469	7
393	1	1	1513	8
394	1	1	365	7
394	1	1	834	8
394	1	1	1461	9
395	1	1	417	7
395	1	1	1356	8
396	1	1	365	7
396	1	1	782	8
396	1	1	1200	9
397	1	1	417	7
397	1	1	1356	8
398	1	1	365	7
398	1	1	1043	8
399	1	1	365	7
399	1	1	939	8
399	1	1	1669	9
400	1	1	417	7
400	1	1	1252	8
401	1	1	365	7
401	1	1	782	8
401	1	1	1252	9
402	1	1	313	7
402	1	1	730	8
402	1	1	1148	9
403	1	1	365	7
403	1	1	939	8
403	1	1	1826	9
404	1	1	417	7
404	1	1	1148	8
405	1	1	313	7
405	1	1	730	8
405	1	1	1095	9
406	1	1	365	7
406	1	1	782	8
406	1	1	1304	9
407	1	1	365	7
407	1	1	939	8
407	1	1	1826	9
408	1	1	365	7
408	1	1	887	8
408	1	1	1565	9
409	1	1	365	7
409	1	1	834	8
409	1	1	1513	9
410	1	1	365	7
410	1	1	939	8
410	1	1	2035	9
411	1	1	469	7
411	1	1	1617	8
412	1	1	365	7
412	1	1	887	8
412	1	1	1565	9
413	1	1	365	7
413	1	1	939	8
413	1	1	1878	9
414	1	1	365	7
414	1	1	1043	8
415	1	1	365	7
415	1	1	782	8
415	1	1	1304	9
416	1	1	365	7
416	1	1	887	8
416	1	1	1513	9
417	1	1	417	7
417	1	1	1356	8
418	1	1	365	7
418	1	1	939	8
418	1	1	1826	9
419	1	1	365	7
419	1	1	834	8
419	1	1	1408	9
420	1	1	365	7
420	1	1	939	8
420	1	1	1774	9
421	1	1	417	7
421	1	1	1304	8
422	1	1	365	7
422	1	1	887	8
422	1	1	1565	9
423	1	1	365	7
423	1	1	1043	8
424	1	1	365	7
424	1	1	939	8
424	1	1	1774	9
425	1	1	417	7
425	1	1	1461	8
426	1	1	365	7
426	1	1	782	8
426	1	1	1252	9
427	1	1	365	7
427	1	1	1043	8
428	1	1	417	7
428	1	1	1252	8
429	1	1	417	7
429	1	1	1408	8
430	1	1	469	7
430	1	1	1565	8
431	1	1	365	7
431	1	1	782	8
431	1	1	1252	9
432	1	1	365	7
432	1	1	1043	8
433	1	1	365	7
433	1	1	939	8
433	1	1	1826	9
434	1	1	365	7
434	1	1	1043	8
435	1	1	365	7
435	1	1	782	8
435	1	1	1200	9
436	1	1	313	7
436	1	1	730	8
436	1	1	1148	9
437	1	1	417	7
437	1	1	1252	8
438	1	1	365	7
438	1	1	939	8
438	1	1	1669	9
439	1	1	417	7
439	1	1	1252	8
440	1	1	365	7
440	1	1	834	8
440	1	1	1304	9
441	1	1	313	7
441	1	1	730	8
441	1	1	1148	9
442	1	1	313	7
442	1	1	730	8
442	1	1	1095	9
443	1	1	365	7
443	1	1	834	8
443	1	1	1408	9
444	1	1	417	7
444	1	1	1304	8
445	1	1	365	7
445	1	1	991	8
446	1	1	365	7
446	1	1	834	8
446	1	1	1304	9
447	1	1	365	7
447	1	1	991	8
448	1	1	417	7
448	1	1	1408	8
449	1	1	365	7
449	1	1	782	8
449	1	1	1200	9
450	1	1	365	7
450	1	1	834	8
450	1	1	1304	9
451	1	1	365	7
451	1	1	834	8
451	1	1	1356	9
452	1	1	417	7
452	1	1	1304	8
453	1	1	365	7
453	1	1	782	8
453	1	1	1200	9
454	1	1	417	7
454	1	1	1252	8
455	1	1	417	7
455	1	1	1461	8
456	1	1	365	7
456	1	1	991	8
457	1	1	365	7
457	1	1	939	8
457	1	1	1878	9
458	1	1	365	7
458	1	1	834	8
458	1	1	1408	9
459	1	1	313	7
459	1	1	730	8
459	1	1	1043	9
460	1	1	365	7
460	1	1	834	8
460	1	1	1356	9
461	1	1	417	7
461	1	1	1095	8
462	1	1	365	7
462	1	1	782	8
462	1	1	1200	9
463	1	1	365	7
463	1	1	991	8
464	1	1	365	7
464	1	1	834	8
464	1	1	1304	9
465	1	1	417	7
465	1	1	1252	8
466	1	1	365	7
466	1	1	991	8
467	1	1	365	7
467	1	1	782	8
467	1	1	1252	9
468	1	1	417	7
468	1	1	1200	8
469	1	1	313	7
469	1	1	730	8
469	1	1	1095	9
470	1	1	365	7
470	1	1	782	8
470	1	1	1304	9
471	1	1	417	7
471	1	1	1356	8
472	1	1	365	7
472	1	1	939	8
472	1	1	1617	9
473	1	1	417	7
473	1	1	1148	8
474	1	1	365	7
474	1	1	887	8
474	1	1	1565	9
475	1	1	417	7
475	1	1	1356	8
476	1	1	365	7
476	1	1	782	8
476	1	1	1200	9
477	1	1	365	7
477	1	1	782	8
477	1	1	1304	9
478	1	1	417	7
478	1	1	1408	8
479	1	1	365	7
479	1	1	834	8
479	1	1	1356	9
480	1	1	365	7
480	1	1	887	8
480	1	1	1565	9
481	1	1	417	7
481	1	1	1148	8
482	1	1	365	7
482	1	1	991	8
483	1	1	417	7
483	1	1	1095	8
484	1	1	365	7
484	1	1	834	8
484	1	1	1461	9
485	1	1	365	7
485	1	1	939	8
485	1	1	1774	9
486	1	1	469	7
486	1	1	1513	8
487	1	1	365	7
487	1	1	887	8
487	1	1	1565	9
488	1	1	313	7
488	1	1	730	8
488	1	1	1095	9
489	1	1	365	7
489	1	1	834	8
489	1	1	1356	9
490	1	1	365	7
490	1	1	939	8
490	1	1	1774	9
491	1	1	417	7
491	1	1	1095	8
492	1	1	313	7
492	1	1	730	8
492	1	1	1095	9
493	1	1	365	7
493	1	1	782	8
493	1	1	1200	9
494	1	1	365	7
494	1	1	887	8
494	1	1	1565	9
495	1	1	417	7
495	1	1	1513	8
496	1	1	313	7
496	1	1	730	8
496	1	1	1095	9
497	1	1	365	7
497	1	1	939	8
497	1	1	1930	9
498	1	1	417	7
498	1	1	1304	8
499	1	1	365	7
499	1	1	782	8
499	1	1	1252	9
500	1	1	365	7
500	1	1	939	8
500	1	1	1930	9
501	1	1	417	7
501	1	1	1408	8
502	1	1	365	7
502	1	1	1043	8
503	1	1	417	7
503	1	1	1408	8
504	1	1	365	7
504	1	1	782	8
504	1	1	1304	9
505	1	1	365	7
505	1	1	834	8
505	1	1	1461	9
506	1	1	313	7
506	1	1	730	8
506	1	1	1148	9
507	1	1	417	7
507	1	1	1252	8
508	1	1	417	7
508	1	1	1252	8
509	1	1	417	7
509	1	1	1148	8
510	1	1	313	7
510	1	1	730	8
510	1	1	1148	9
511	1	1	365	7
511	1	1	1043	8
512	1	1	417	7
512	1	1	1356	8
513	1	1	313	7
513	1	1	730	8
513	1	1	1148	9
514	1	1	365	7
514	1	1	939	8
514	1	1	1826	9
515	1	1	313	7
515	1	1	730	8
515	1	1	1095	9
516	1	1	365	7
516	1	1	834	8
516	1	1	1304	9
517	1	1	365	7
517	1	1	991	8
518	1	1	417	7
518	1	1	1356	8
519	1	1	365	7
519	1	1	782	8
519	1	1	1252	9
520	1	1	417	7
520	1	1	1356	8
521	1	1	365	7
521	1	1	834	8
521	1	1	1408	9
522	1	1	417	7
522	1	1	1513	8
523	1	1	365	7
523	1	1	730	8
523	1	1	1200	9
524	1	1	365	7
524	1	1	887	8
524	1	1	1513	9
525	1	1	313	7
525	1	1	730	8
525	1	1	1043	9
526	1	1	365	7
526	1	1	887	8
526	1	1	1513	9
527	1	1	365	7
527	1	1	782	8
527	1	1	1252	9
528	1	1	313	7
528	1	1	730	8
528	1	1	1095	9
529	1	1	469	7
529	1	1	1617	8
530	1	1	365	7
530	1	1	834	8
530	1	1	1356	9
531	1	1	365	7
531	1	1	991	8
532	1	1	417	7
532	1	1	1095	8
533	1	1	417	7
533	1	1	1408	8
534	1	1	365	7
534	1	1	1043	8
535	1	1	365	7
535	1	1	939	8
535	1	1	1878	9
536	1	1	365	7
536	1	1	782	8
536	1	1	1200	9
537	1	1	365	7
537	1	1	834	8
537	1	1	1304	9
538	1	1	365	7
538	1	1	939	8
538	1	1	1669	9
539	1	1	365	7
539	1	1	1043	8
540	1	1	417	7
540	1	1	1148	8
541	1	1	365	7
541	1	1	887	8
541	1	1	1513	9
542	1	1	365	7
542	1	1	782	8
542	1	1	1252	9
543	1	1	469	7
543	1	1	1565	8
544	1	1	365	7
544	1	1	887	8
544	1	1	1513	9
545	1	1	365	7
545	1	1	834	8
545	1	1	1461	9
546	1	1	417	7
546	1	1	1252	8
547	1	1	313	7
547	1	1	730	8
547	1	1	1148	9
548	1	1	417	7
548	1	1	1148	8
549	1	1	365	7
549	1	1	782	8
549	1	1	1200	9
550	1	1	417	7
550	1	1	1408	8
551	1	1	365	7
551	1	1	834	8
551	1	1	1461	9
552	1	1	417	7
552	1	1	1513	8
553	1	1	417	7
553	1	1	1148	8
554	1	1	417	7
554	1	1	1095	8
555	1	1	365	7
555	1	1	782	8
555	1	1	1252	9
556	1	1	365	7
556	1	1	939	8
556	1	1	1930	9
557	1	1	313	7
557	1	1	730	8
557	1	1	1095	9
558	1	1	313	7
558	1	1	730	8
558	1	1	1095	9
559	1	1	365	7
559	1	1	834	8
559	1	1	1356	9
560	1	1	313	7
560	1	1	730	8
560	1	1	1148	9
561	1	1	417	7
561	1	1	1148	8
562	1	1	365	7
562	1	1	730	8
562	1	1	1200	9
563	1	1	365	7
563	1	1	782	8
563	1	1	1252	9
564	1	1	417	7
564	1	1	1252	8
565	1	1	417	7
565	1	1	1200	8
566	1	1	365	7
566	1	1	887	8
566	1	1	1513	9
567	1	1	417	7
567	1	1	1095	8
568	1	1	313	7
568	1	1	730	8
568	1	1	1095	9
569	1	1	365	7
569	1	1	939	8
569	1	1	1826	9
570	1	1	417	7
570	1	1	1095	8
571	1	1	417	7
571	1	1	1095	8
572	1	1	313	7
572	1	1	730	8
572	1	1	1043	9
573	1	1	417	7
573	1	1	1148	8
574	1	1	313	7
574	1	1	730	8
574	1	1	1095	9
575	1	1	417	7
575	1	1	1095	8
576	1	1	313	7
576	1	1	730	8
576	1	1	1095	9
577	1	1	365	7
577	1	1	782	8
577	1	1	1200	9
578	1	1	365	7
578	1	1	1043	8
579	1	1	313	7
579	1	1	730	8
579	1	1	1148	9
580	1	1	365	7
580	1	1	834	8
580	1	1	1408	9
581	1	1	365	7
581	1	1	730	8
581	1	1	1200	9
582	1	1	365	7
582	1	1	782	8
582	1	1	1304	9
583	1	1	365	7
583	1	1	834	8
583	1	1	1408	9
584	1	1	365	7
584	1	1	782	8
584	1	1	1200	9
585	1	1	417	7
585	1	1	1148	8
586	1	1	313	7
586	1	1	730	8
586	1	1	1148	9
587	1	1	365	7
587	1	1	991	8
588	1	1	417	7
588	1	1	1252	8
589	1	1	365	7
589	1	1	1043	8
590	1	1	365	7
590	1	1	887	8
590	1	1	1513	9
591	1	1	417	7
591	1	1	1043	8
592	1	1	313	7
592	1	1	730	8
592	1	1	1095	9
593	1	1	417	7
593	1	1	1304	8
594	1	1	417	7
594	1	1	1356	8
595	1	1	365	7
595	1	1	782	8
595	1	1	1200	9
596	1	1	365	7
596	1	1	887	8
596	1	1	1565	9
597	1	1	365	7
597	1	1	887	8
597	1	1	1513	9
598	1	1	365	7
598	1	1	834	8
598	1	1	1461	9
599	1	1	417	7
599	1	1	1252	8
600	1	1	365	7
600	1	1	939	8
600	1	1	1617	9
601	1	1	365	7
601	1	1	782	8
601	1	1	1304	9
602	1	1	365	7
602	1	1	834	8
602	1	1	1356	9
603	1	1	365	7
603	1	1	887	8
603	1	1	1513	9
604	1	1	313	7
604	1	1	730	8
604	1	1	1095	9
605	1	1	365	7
605	1	1	991	8
606	1	1	365	7
606	1	1	834	8
606	1	1	1461	9
607	1	1	417	7
607	1	1	1095	8
608	1	1	365	7
608	1	1	991	8
609	1	1	365	7
609	1	1	939	8
609	1	1	1669	9
610	1	1	417	7
610	1	1	1200	8
611	1	1	313	7
611	1	1	730	8
611	1	1	1043	9
612	1	1	417	7
612	1	1	1252	8
613	1	1	313	7
613	1	1	730	8
613	1	1	1148	9
614	1	1	365	7
614	1	1	887	8
614	1	1	1513	9
615	1	1	365	7
615	1	1	887	8
615	1	1	1513	9
616	1	1	313	7
616	1	1	730	8
616	1	1	1095	9
617	1	1	365	7
617	1	1	782	8
617	1	1	1304	9
618	1	1	417	7
618	1	1	1252	8
619	1	1	365	7
619	1	1	1043	8
620	1	1	365	7
620	1	1	887	8
620	1	1	1513	9
621	1	1	417	7
621	1	1	1095	8
622	1	1	469	7
622	1	1	1565	8
623	1	1	469	7
623	1	1	1617	8
624	1	1	365	7
624	1	1	834	8
624	1	1	1304	9
625	1	1	365	7
625	1	1	991	8
626	1	1	365	7
626	1	1	991	8
627	1	1	365	7
627	1	1	887	8
627	1	1	1565	9
628	1	1	417	7
628	1	1	1200	8
629	1	1	469	7
629	1	1	1617	8
630	1	1	365	7
630	1	1	834	8
630	1	1	1304	9
631	1	1	469	7
631	1	1	1513	8
632	1	1	365	7
632	1	1	887	8
632	1	1	1513	9
633	1	1	365	7
633	1	1	939	8
633	1	1	1826	9
634	1	1	313	7
634	1	1	730	8
634	1	1	1043	9
635	1	1	365	7
635	1	1	834	8
635	1	1	1461	9
636	1	1	365	7
636	1	1	1043	8
637	1	1	313	7
637	1	1	730	8
637	1	1	1095	9
638	1	1	365	7
638	1	1	730	8
638	1	1	1200	9
639	1	1	365	7
639	1	1	991	8
640	1	1	365	7
640	1	1	782	8
640	1	1	1200	9
641	1	1	365	7
641	1	1	782	8
641	1	1	1200	9
642	1	1	417	7
642	1	1	1252	8
643	1	1	365	7
643	1	1	887	8
643	1	1	1565	9
644	1	1	365	7
644	1	1	939	8
644	1	1	1617	9
645	1	1	417	7
645	1	1	1252	8
646	1	1	365	7
646	1	1	887	8
646	1	1	1513	9
647	1	1	313	7
647	1	1	730	8
647	1	1	1148	9
648	1	1	313	7
648	1	1	730	8
648	1	1	1095	9
649	1	1	313	7
649	1	1	730	8
649	1	1	1095	9
650	1	1	365	7
650	1	1	1043	8
651	1	1	417	7
651	1	1	1304	8
652	1	1	365	7
652	1	1	939	8
652	1	1	1722	9
653	1	1	365	7
653	1	1	1043	8
654	1	1	313	7
654	1	1	730	8
654	1	1	1095	9
655	1	1	313	7
655	1	1	730	8
655	1	1	1095	9
656	1	1	417	7
656	1	1	1356	8
657	1	1	365	7
657	1	1	991	8
658	1	1	365	7
658	1	1	887	8
658	1	1	1617	9
659	1	1	313	7
659	1	1	730	8
659	1	1	1095	9
660	1	1	313	7
660	1	1	730	8
660	1	1	1095	9
661	1	1	365	7
661	1	1	939	8
661	1	1	1669	9
662	1	1	313	7
662	1	1	730	8
662	1	1	1095	9
663	1	1	313	7
663	1	1	730	8
663	1	1	1095	9
664	1	1	365	7
664	1	1	1043	8
665	1	1	365	7
665	1	1	782	8
665	1	1	1304	9
666	1	1	365	7
666	1	1	991	8
667	1	1	417	7
667	1	1	1095	8
668	1	1	365	7
668	1	1	782	8
668	1	1	1252	9
669	1	1	365	7
669	1	1	887	8
669	1	1	1513	9
670	1	1	365	7
670	1	1	782	8
670	1	1	1304	9
671	1	1	365	7
671	1	1	991	8
672	1	1	365	7
672	1	1	1043	8
673	1	1	313	7
673	1	1	730	8
673	1	1	1043	9
674	1	1	365	7
674	1	1	782	8
674	1	1	1200	9
675	1	1	365	7
675	1	1	730	8
675	1	1	1200	9
676	1	1	417	7
676	1	1	1513	8
677	1	1	365	7
677	1	1	939	8
677	1	1	1774	9
678	1	1	417	7
678	1	1	1252	8
679	1	1	365	7
679	1	1	782	8
679	1	1	1252	9
680	1	1	469	7
680	1	1	1513	8
681	1	1	313	7
681	1	1	730	8
681	1	1	1043	9
682	1	1	313	7
682	1	1	730	8
682	1	1	1148	9
683	1	1	417	7
683	1	1	1148	8
684	1	1	365	7
684	1	1	730	8
684	1	1	1200	9
685	1	1	469	7
685	1	1	1565	8
686	1	1	417	7
686	1	1	1095	8
687	1	1	365	7
687	1	1	782	8
687	1	1	1200	9
688	1	1	365	7
688	1	1	834	8
688	1	1	1408	9
689	1	1	365	7
689	1	1	730	8
689	1	1	1200	9
690	1	1	417	7
690	1	1	1304	8
691	1	1	417	7
691	1	1	1148	8
692	1	1	365	7
692	1	1	939	8
692	1	1	1878	9
693	1	1	365	7
693	1	1	887	8
693	1	1	1565	9
694	1	1	313	7
694	1	1	730	8
694	1	1	1095	9
695	1	1	365	7
695	1	1	1043	8
696	1	1	365	7
696	1	1	834	8
696	1	1	1304	9
697	1	1	417	7
697	1	1	1252	8
698	1	1	313	7
698	1	1	730	8
698	1	1	1148	9
699	1	1	365	7
699	1	1	782	8
699	1	1	1252	9
700	1	1	313	7
700	1	1	730	8
700	1	1	1095	9
701	1	1	365	7
701	1	1	991	8
702	1	1	365	7
702	1	1	834	8
702	1	1	1461	9
703	1	1	365	7
703	1	1	939	8
703	1	1	1826	9
704	1	1	365	7
704	1	1	991	8
705	1	1	417	7
705	1	1	1095	8
706	1	1	365	7
706	1	1	782	8
706	1	1	1252	9
707	1	1	313	7
707	1	1	730	8
707	1	1	1095	9
708	1	1	417	7
708	1	1	1095	8
709	1	1	365	7
709	1	1	939	8
709	1	1	1774	9
710	1	1	417	7
710	1	1	1095	8
711	1	1	365	7
711	1	1	991	8
712	1	1	365	7
712	1	1	939	8
712	1	1	1617	9
713	1	1	365	7
713	1	1	834	8
713	1	1	1461	9
714	1	1	417	7
714	1	1	1252	8
715	1	1	313	7
715	1	1	730	8
715	1	1	1095	9
716	1	1	417	7
716	1	1	1200	8
717	1	1	417	7
717	1	1	1095	8
718	1	1	365	7
718	1	1	834	8
718	1	1	1356	9
719	1	1	417	7
719	1	1	1095	8
720	1	1	365	7
720	1	1	939	8
720	1	1	1669	9
721	1	1	365	7
721	1	1	887	8
721	1	1	1513	9
722	1	1	365	7
722	1	1	782	8
722	1	1	1304	9
723	1	1	365	7
723	1	1	834	8
723	1	1	1461	9
724	1	1	365	7
724	1	1	887	8
724	1	1	1513	9
725	1	1	313	7
725	1	1	730	8
725	1	1	1095	9
726	1	1	365	7
726	1	1	834	8
726	1	1	1513	9
727	1	1	365	7
727	1	1	782	8
727	1	1	1200	9
728	1	1	417	7
728	1	1	1148	8
729	1	1	469	7
729	1	1	1565	8
730	1	1	417	7
730	1	1	1043	8
731	1	1	417	7
731	1	1	1095	8
732	1	1	365	7
732	1	1	834	8
732	1	1	1461	9
733	1	1	313	7
733	1	1	730	8
733	1	1	1148	9
734	1	1	365	7
734	1	1	1043	8
735	1	1	365	7
735	1	1	991	8
736	1	1	365	7
736	1	1	939	8
736	1	1	1878	9
737	1	1	417	7
737	1	1	1356	8
738	1	1	365	7
738	1	1	991	8
739	1	1	417	7
739	1	1	1304	8
740	1	1	313	7
740	1	1	730	8
740	1	1	1148	9
741	1	1	417	7
741	1	1	1304	8
742	1	1	365	7
742	1	1	782	8
742	1	1	1252	9
743	1	1	313	7
743	1	1	730	8
743	1	1	1148	9
744	1	1	365	7
744	1	1	939	8
744	1	1	1826	9
745	1	1	365	7
745	1	1	939	8
745	1	1	1826	9
746	1	1	417	7
746	1	1	1148	8
747	1	1	365	7
747	1	1	939	8
747	1	1	1826	9
748	1	1	313	7
748	1	1	730	8
748	1	1	1095	9
749	1	1	469	7
749	1	1	1617	8
750	1	1	365	7
750	1	1	1043	8
751	1	1	417	7
751	1	1	1252	8
752	1	1	365	7
752	1	1	834	8
752	1	1	1356	9
753	1	1	365	7
753	1	1	834	8
753	1	1	1304	9
754	1	1	365	7
754	1	1	991	8
755	1	1	365	7
755	1	1	834	8
755	1	1	1356	9
756	1	1	365	7
756	1	1	991	8
757	1	1	365	7
757	1	1	834	8
757	1	1	1408	9
758	1	1	365	7
758	1	1	782	8
758	1	1	1252	9
759	1	1	365	7
759	1	1	782	8
759	1	1	1252	9
760	1	1	313	7
760	1	1	730	8
760	1	1	1148	9
761	1	1	365	7
761	1	1	991	8
762	1	1	365	7
762	1	1	782	8
762	1	1	1252	9
763	1	1	417	7
763	1	1	1356	8
764	1	1	365	7
764	1	1	939	8
764	1	1	1669	9
765	1	1	365	7
765	1	1	782	8
765	1	1	1200	9
766	1	1	313	7
766	1	1	730	8
766	1	1	1095	9
767	1	1	417	7
767	1	1	1043	8
768	1	1	365	7
768	1	1	991	8
769	1	1	417	7
769	1	1	1095	8
770	1	1	365	7
770	1	1	1043	8
771	1	1	365	7
771	1	1	782	8
771	1	1	1252	9
772	1	1	365	7
772	1	1	939	8
772	1	1	1826	9
773	1	1	365	7
773	1	1	887	8
773	1	1	1513	9
774	1	1	417	7
774	1	1	1408	8
775	1	1	313	7
775	1	1	730	8
775	1	1	1095	9
776	1	1	365	7
776	1	1	887	8
776	1	1	1513	9
777	1	1	417	7
777	1	1	1200	8
778	1	1	365	7
778	1	1	939	8
778	1	1	1669	9
779	1	1	417	7
779	1	1	1304	8
780	1	1	417	7
780	1	1	1356	8
781	1	1	313	7
781	1	1	730	8
781	1	1	1148	9
782	1	1	313	7
782	1	1	730	8
782	1	1	1095	9
783	1	1	469	7
783	1	1	1565	8
784	1	1	469	7
784	1	1	1617	8
785	1	1	365	7
785	1	1	887	8
785	1	1	1513	9
786	1	1	417	7
786	1	1	1356	8
787	1	1	365	7
787	1	1	782	8
787	1	1	1252	9
788	1	1	417	7
788	1	1	1095	8
789	1	1	365	7
789	1	1	834	8
789	1	1	1356	9
790	1	1	365	7
790	1	1	939	8
790	1	1	1722	9
791	1	1	417	7
791	1	1	1408	8
792	1	1	365	7
792	1	1	782	8
792	1	1	1252	9
793	1	1	365	7
793	1	1	782	8
793	1	1	1252	9
794	1	1	365	7
794	1	1	991	8
795	1	1	417	7
795	1	1	1095	8
796	1	1	365	7
796	1	1	782	8
796	1	1	1200	9
797	1	1	313	7
797	1	1	730	8
797	1	1	1148	9
798	1	1	469	7
798	1	1	1565	8
799	1	1	365	7
799	1	1	834	8
799	1	1	1356	9
800	1	1	365	7
800	1	1	782	8
800	1	1	1252	9
801	1	1	417	7
801	1	1	1304	8
802	1	1	365	7
802	1	1	887	8
802	1	1	1513	9
803	1	1	313	7
803	1	1	730	8
803	1	1	1148	9
804	1	1	313	7
804	1	1	730	8
804	1	1	1148	9
805	1	1	365	7
805	1	1	834	8
805	1	1	1408	9
806	1	1	365	7
806	1	1	939	8
806	1	1	1774	9
807	1	1	365	7
807	1	1	991	8
808	1	1	417	7
808	1	1	1304	8
809	1	1	365	7
809	1	1	991	8
810	1	1	365	7
810	1	1	991	8
811	1	1	417	7
811	1	1	1148	8
812	1	1	417	7
812	1	1	1252	8
813	1	1	365	7
813	1	1	782	8
813	1	1	1200	9
814	1	1	417	7
814	1	1	1200	8
815	1	1	417	7
815	1	1	1252	8
816	1	1	469	7
816	1	1	1513	8
817	1	1	365	7
817	1	1	782	8
817	1	1	1200	9
818	1	1	365	7
818	1	1	834	8
818	1	1	1461	9
819	1	1	365	7
819	1	1	939	8
819	1	1	1722	9
820	1	1	365	7
820	1	1	939	8
820	1	1	1722	9
821	1	1	469	7
821	1	1	1513	8
822	1	1	365	7
822	1	1	1043	8
823	1	1	365	7
823	1	1	782	8
823	1	1	1304	9
824	1	1	365	7
824	1	1	782	8
824	1	1	1252	9
825	1	1	417	7
825	1	1	1148	8
826	1	1	313	7
826	1	1	730	8
826	1	1	1095	9
827	1	1	365	7
827	1	1	1043	8
828	1	1	365	7
828	1	1	782	8
828	1	1	1200	9
829	1	1	365	7
829	1	1	834	8
829	1	1	1408	9
830	1	1	365	7
830	1	1	991	8
831	1	1	365	7
831	1	1	782	8
831	1	1	1252	9
832	1	1	365	7
832	1	1	939	8
833	1	1	417	7
833	1	1	1148	8
834	1	1	365	7
834	1	1	887	8
834	1	1	1513	9
835	1	1	365	7
835	1	1	834	8
835	1	1	1408	9
836	1	1	469	7
836	1	1	1565	8
837	1	1	417	7
837	1	1	1304	8
838	1	1	313	7
838	1	1	730	8
838	1	1	1095	9
839	1	1	417	7
839	1	1	1356	8
840	1	1	365	7
840	1	1	782	8
840	1	1	1304	9
841	1	1	313	7
841	1	1	730	8
841	1	1	1148	9
842	1	1	313	7
842	1	1	730	8
842	1	1	1148	9
843	1	1	417	7
843	1	1	1304	8
844	1	1	417	7
844	1	1	1095	8
845	1	1	365	7
845	1	1	1043	8
846	1	1	365	7
846	1	1	782	8
846	1	1	1200	9
847	1	1	365	7
847	1	1	782	8
847	1	1	1252	9
848	1	1	313	7
848	1	1	730	8
848	1	1	1095	9
849	1	1	365	7
849	1	1	782	8
849	1	1	1200	9
850	1	1	365	7
850	1	1	782	8
850	1	1	1200	9
851	1	1	365	7
851	1	1	834	8
851	1	1	1356	9
852	1	1	365	7
852	1	1	939	8
852	1	1	1826	9
853	1	1	417	7
853	1	1	1252	8
854	1	1	365	7
854	1	1	939	8
854	1	1	1669	9
855	1	1	365	7
855	1	1	782	8
855	1	1	1200	9
856	1	1	417	7
856	1	1	1095	8
857	1	1	365	7
857	1	1	991	8
858	1	1	417	7
858	1	1	1095	8
859	1	1	313	7
859	1	1	730	8
859	1	1	1148	9
860	1	1	469	7
860	1	1	1513	8
861	1	1	365	7
861	1	1	1043	8
862	1	1	365	7
862	1	1	1043	8
863	1	1	365	7
863	1	1	782	8
863	1	1	1304	9
864	1	1	417	7
864	1	1	1252	8
865	1	1	365	7
865	1	1	834	8
865	1	1	1408	9
866	1	1	313	7
866	1	1	730	8
866	1	1	1095	9
867	1	1	417	7
867	1	1	1148	8
868	1	1	365	7
868	1	1	991	8
869	1	1	365	7
869	1	1	1043	8
870	1	1	417	7
870	1	1	1408	8
871	1	1	365	7
871	1	1	887	8
871	1	1	1617	9
872	1	1	313	7
872	1	1	730	8
872	1	1	1095	9
873	1	1	365	7
873	1	1	991	8
874	1	1	365	7
874	1	1	834	8
874	1	1	1356	9
875	1	1	313	7
875	1	1	730	8
875	1	1	1148	9
876	1	1	365	7
876	1	1	939	8
876	1	1	1669	9
877	1	1	417	7
877	1	1	1304	8
878	1	1	365	7
878	1	1	834	8
878	1	1	1356	9
879	1	1	417	7
879	1	1	1095	8
880	1	1	365	7
880	1	1	939	8
880	1	1	1617	9
881	1	1	313	7
881	1	1	730	8
881	1	1	1095	9
882	1	1	313	7
882	1	1	730	8
882	1	1	1095	9
883	1	1	417	7
883	1	1	1095	8
884	1	1	365	7
884	1	1	991	8
885	1	1	313	7
885	1	1	730	8
885	1	1	1148	9
886	1	1	365	7
886	1	1	991	8
887	1	1	313	7
887	1	1	730	8
887	1	1	1095	9
888	1	1	365	7
888	1	1	887	8
888	1	1	1565	9
889	1	1	365	7
889	1	1	834	8
889	1	1	1356	9
890	1	1	365	7
890	1	1	782	8
890	1	1	1200	9
891	1	1	365	7
891	1	1	939	8
891	1	1	1774	9
892	1	1	417	7
892	1	1	1356	8
893	1	1	313	7
893	1	1	730	8
893	1	1	1043	9
894	1	1	365	7
894	1	1	939	8
894	1	1	1669	9
895	1	1	313	7
895	1	1	730	8
895	1	1	1043	9
896	1	1	417	7
896	1	1	1252	8
897	1	1	365	7
897	1	1	782	8
897	1	1	1200	9
898	1	1	365	7
898	1	1	1043	8
899	1	1	365	7
899	1	1	991	8
900	1	1	417	7
900	1	1	1200	8
901	1	1	365	7
901	1	1	834	8
901	1	1	1461	9
902	1	1	365	7
902	1	1	782	8
902	1	1	1200	9
903	1	1	365	7
903	1	1	939	8
903	1	1	1878	9
904	1	1	365	7
904	1	1	782	8
904	1	1	1200	9
905	1	1	365	7
905	1	1	887	8
905	1	1	1513	9
906	1	1	417	7
906	1	1	1252	8
907	1	1	365	7
907	1	1	887	8
907	1	1	1513	9
908	1	1	365	7
908	1	1	782	8
908	1	1	1200	9
909	1	1	365	7
909	1	1	939	8
909	1	1	1774	9
910	1	1	365	7
910	1	1	782	8
910	1	1	1252	9
911	1	1	365	7
911	1	1	1043	8
912	1	1	365	7
912	1	1	782	8
912	1	1	1304	9
913	1	1	417	7
913	1	1	1095	8
914	1	1	313	7
914	1	1	730	8
914	1	1	1148	9
915	1	1	365	7
915	1	1	887	8
915	1	1	1513	9
916	1	1	365	7
916	1	1	730	8
916	1	1	1200	9
917	1	1	365	7
917	1	1	834	8
917	1	1	1304	9
918	1	1	365	7
918	1	1	782	8
918	1	1	1200	9
919	1	1	365	7
919	1	1	782	8
919	1	1	1252	9
920	1	1	365	7
920	1	1	782	8
920	1	1	1200	9
921	1	1	417	7
921	1	1	1252	8
922	1	1	365	7
922	1	1	939	8
922	1	1	1669	9
923	1	1	469	7
923	1	1	1617	8
924	1	1	365	7
924	1	1	782	8
924	1	1	1200	9
925	1	1	417	7
925	1	1	1304	8
926	1	1	365	7
926	1	1	939	8
926	1	1	1669	9
927	1	1	365	7
927	1	1	991	8
928	1	1	365	7
928	1	1	782	8
928	1	1	1200	9
929	1	1	365	7
929	1	1	939	8
929	1	1	1669	9
930	1	1	417	7
930	1	1	1200	8
931	1	1	417	7
931	1	1	1148	8
932	1	1	417	7
932	1	1	1252	8
933	1	1	365	7
933	1	1	730	8
933	1	1	1148	9
934	1	1	365	7
934	1	1	887	8
934	1	1	1565	9
935	1	1	365	7
935	1	1	887	8
935	1	1	1565	9
936	1	1	313	7
936	1	1	730	8
936	1	1	1095	9
937	1	1	313	7
937	1	1	730	8
937	1	1	1148	9
938	1	1	313	7
938	1	1	730	8
938	1	1	1095	9
939	1	1	365	7
939	1	1	1043	8
940	1	1	365	7
940	1	1	939	8
940	1	1	1826	9
941	1	1	417	7
941	1	1	1148	8
942	1	1	365	7
942	1	1	939	8
942	1	1	1669	9
943	1	1	365	7
943	1	1	1043	8
944	1	1	365	7
944	1	1	991	8
945	1	1	417	7
945	1	1	1200	8
946	1	1	365	7
946	1	1	834	8
946	1	1	1461	9
947	1	1	417	7
947	1	1	1252	8
948	1	1	365	7
948	1	1	730	8
948	1	1	1200	9
949	1	1	469	7
949	1	1	1565	8
950	1	1	417	7
950	1	1	1304	8
951	1	1	417	7
951	1	1	1148	8
952	1	1	365	7
952	1	1	782	8
952	1	1	1200	9
953	1	1	365	7
953	1	1	834	8
953	1	1	1356	9
954	1	1	365	7
954	1	1	730	8
954	1	1	1200	9
955	1	1	365	7
955	1	1	834	8
955	1	1	1356	9
956	1	1	365	7
956	1	1	834	8
956	1	1	1461	9
957	1	1	417	7
957	1	1	1252	8
958	1	1	365	7
958	1	1	1043	8
959	1	1	365	7
959	1	1	887	8
959	1	1	1617	9
960	1	1	313	7
960	1	1	730	8
960	1	1	1095	9
961	1	1	365	7
961	1	1	782	8
961	1	1	1304	9
962	1	1	469	7
962	1	1	1617	8
963	1	1	365	7
963	1	1	939	8
963	1	1	1826	9
964	1	1	469	7
964	1	1	1617	8
965	1	1	365	7
965	1	1	782	8
965	1	1	1304	9
966	1	1	365	7
966	1	1	782	8
966	1	1	1304	9
967	1	1	313	7
967	1	1	730	8
967	1	1	1095	9
968	1	1	365	7
968	1	1	782	8
968	1	1	1252	9
969	1	1	417	7
969	1	1	1095	8
970	1	1	365	7
970	1	1	939	8
970	1	1	1930	9
971	1	1	365	7
971	1	1	782	8
971	1	1	1200	9
972	1	1	417	7
972	1	1	1356	8
973	1	1	417	7
973	1	1	1200	8
974	1	1	417	7
974	1	1	1148	8
975	1	1	417	7
975	1	1	1252	8
976	1	1	365	7
976	1	1	887	8
976	1	1	1513	9
977	1	1	365	7
977	1	1	991	8
978	1	1	313	7
978	1	1	730	8
978	1	1	1095	9
979	1	1	313	7
979	1	1	730	8
979	1	1	1148	9
980	1	1	365	7
980	1	1	991	8
981	1	1	365	7
981	1	1	1043	8
982	1	1	365	7
982	1	1	887	8
982	1	1	1565	9
983	1	1	365	7
983	1	1	991	8
984	1	1	417	7
984	1	1	1148	8
985	1	1	417	7
985	1	1	1148	8
986	1	1	313	7
986	1	1	730	8
986	1	1	1148	9
987	1	1	365	7
987	1	1	834	8
987	1	1	1461	9
988	1	1	365	7
988	1	1	782	8
988	1	1	1200	9
989	1	1	365	7
989	1	1	834	8
989	1	1	1461	9
990	1	1	469	7
990	1	1	1565	8
991	1	1	365	7
991	1	1	887	8
991	1	1	1617	9
992	1	1	313	7
992	1	1	730	8
992	1	1	1148	9
993	1	1	417	7
993	1	1	1304	8
994	1	1	365	7
994	1	1	1043	8
995	1	1	365	7
995	1	1	939	8
995	1	1	1774	9
996	1	1	313	7
996	1	1	730	8
996	1	1	1095	9
997	1	1	365	7
997	1	1	939	8
997	1	1	1617	9
998	1	1	365	7
998	1	1	782	8
998	1	1	1200	9
