Realization	utility	WSS	week	infra.
10	0	0	1513	6
18	0	0	1565	6
32	0	0	1565	6
34	0	0	1461	6
37	0	0	1461	6
40	0	0	1669	6
43	0	0	1565	6
46	0	0	1774	6
50	0	0	1513	6
56	0	0	1461	6
59	0	0	1513	6
75	0	0	1669	6
91	0	0	1513	6
100	0	0	1565	6
102	0	0	1617	6
108	0	0	1461	6
109	0	0	1982	6
113	0	0	1617	6
116	0	0	1408	6
125	0	0	1669	6
129	0	0	1513	6
137	0	0	1461	6
141	0	0	1930	6
142	0	0	1617	6
148	0	0	1826	6
150	0	0	1408	6
153	0	0	1461	6
157	0	0	1617	6
159	0	0	1408	6
162	0	0	1513	6
169	0	0	1565	6
170	0	0	1878	6
171	0	0	2035	6
177	0	0	1408	6
187	0	0	1461	6
190	0	0	1826	6
191	0	0	1774	6
192	0	0	1774	6
195	0	0	1617	6
198	0	0	1565	6
203	0	0	1930	6
205	0	0	1513	6
211	0	0	1617	6
217	0	0	1565	6
224	0	0	1408	6
228	0	0	1513	6
229	0	0	1408	6
231	0	0	1513	6
234	0	0	1669	6
235	0	0	1461	6
237	0	0	1878	6
239	0	0	1408	6
249	0	0	1408	6
251	0	0	1826	6
252	0	0	1461	6
258	0	0	1617	6
260	0	0	1513	6
265	0	0	1461	6
267	0	0	1878	6
271	0	0	2035	6
273	0	0	1774	6
280	0	0	1826	6
284	0	0	1722	6
285	0	0	1826	6
287	0	0	1617	6
291	0	0	1722	6
295	0	0	1408	6
297	0	0	1774	6
298	0	0	1461	6
300	0	0	1878	6
302	0	0	1930	6
303	0	0	1617	6
305	0	0	1565	6
307	0	0	1408	6
314	0	0	1461	6
317	0	0	1722	6
318	0	0	1565	6
319	0	0	1774	6
321	0	0	1669	6
324	0	0	1878	6
327	0	0	1461	6
328	0	0	1774	6
330	0	0	1461	6
331	0	0	1722	6
333	0	0	1513	6
334	0	0	1774	6
340	0	0	1461	6
341	0	0	1461	6
342	0	0	1565	6
343	0	0	1826	6
344	0	0	1513	6
345	0	0	1513	6
346	0	0	1565	6
347	0	0	1930	6
355	0	0	1617	6
356	0	0	1930	6
358	0	0	1826	6
361	0	0	1461	6
366	0	0	1669	6
368	0	0	1617	6
370	0	0	1774	6
371	0	0	1461	6
375	0	0	1722	6
385	0	0	1774	6
388	0	0	1826	6
396	0	0	1722	6
401	0	0	1774	6
402	0	0	1565	6
405	0	0	1461	6
406	0	0	1930	6
415	0	0	1982	6
426	0	0	1878	6
431	0	0	1826	6
435	0	0	1669	6
436	0	0	1513	6
441	0	0	1513	6
442	0	0	1408	6
449	0	0	1669	6
453	0	0	1669	6
459	0	0	1408	6
462	0	0	1669	6
467	0	0	1826	6
469	0	0	1408	6
470	0	0	1930	6
476	0	0	1617	6
477	0	0	1930	6
488	0	0	1408	6
492	0	0	1408	6
493	0	0	1669	6
496	0	0	1408	6
499	0	0	1826	6
504	0	0	1930	6
506	0	0	1565	6
510	0	0	1513	6
513	0	0	1513	6
515	0	0	1461	6
519	0	0	1774	6
523	0	0	1617	6
525	0	0	1408	6
527	0	0	1774	6
528	0	0	1513	6
536	0	0	1617	6
542	0	0	1826	6
547	0	0	1565	6
549	0	0	1617	6
555	0	0	1774	6
557	0	0	1408	6
558	0	0	1408	6
560	0	0	1565	6
562	0	0	1617	6
563	0	0	1774	6
568	0	0	1461	6
572	0	0	1408	6
574	0	0	1461	6
576	0	0	1408	6
577	0	0	1617	6
579	0	0	1565	6
581	0	0	1565	6
582	0	0	2035	6
584	0	0	1722	6
586	0	0	1565	6
592	0	0	1408	6
595	0	0	1669	6
601	0	0	2035	6
604	0	0	1513	6
611	0	0	1408	6
613	0	0	1513	6
616	0	0	1461	6
617	0	0	1930	6
634	0	0	1408	6
637	0	0	1408	6
638	0	0	1617	6
640	0	0	1669	6
641	0	0	1722	6
647	0	0	1513	6
648	0	0	1461	6
649	0	0	1513	6
654	0	0	1461	6
655	0	0	1461	6
659	0	0	1408	6
660	0	0	1513	6
662	0	0	1513	6
663	0	0	1513	6
665	0	0	1930	6
668	0	0	1826	6
673	0	0	1408	6
674	0	0	1669	6
675	0	0	1617	6
679	0	0	1878	6
681	0	0	1408	6
682	0	0	1565	6
684	0	0	1565	6
687	0	0	1669	6
689	0	0	1617	6
694	0	0	1461	6
698	0	0	1513	6
699	0	0	1774	6
700	0	0	1461	6
706	0	0	1826	6
707	0	0	1461	6
715	0	0	1461	6
722	0	0	2035	6
725	0	0	1461	6
727	0	0	1617	6
733	0	0	1513	6
740	0	0	1513	6
742	0	0	1878	6
743	0	0	1565	6
748	0	0	1461	6
758	0	0	1826	6
759	0	0	1774	6
760	0	0	1513	6
762	0	0	1826	6
765	0	0	1617	6
766	0	0	1461	6
771	0	0	1878	6
775	0	0	1461	6
781	0	0	1565	6
782	0	0	1408	6
787	0	0	1826	6
792	0	0	1774	6
793	0	0	1826	6
796	0	0	1617	6
797	0	0	1565	6
800	0	0	1826	6
803	0	0	1513	6
804	0	0	1565	6
813	0	0	1722	6
817	0	0	1617	6
823	0	0	1878	6
824	0	0	1878	6
826	0	0	1461	6
828	0	0	1722	6
831	0	0	1826	6
838	0	0	1513	6
840	0	0	2035	6
841	0	0	1513	6
842	0	0	1565	6
846	0	0	1669	6
847	0	0	1826	6
848	0	0	1513	6
849	0	0	1669	6
850	0	0	1669	6
855	0	0	1617	6
859	0	0	1565	6
866	0	0	1513	6
872	0	0	1461	6
875	0	0	1513	6
881	0	0	1513	6
882	0	0	1461	6
885	0	0	1565	6
887	0	0	1408	6
890	0	0	1617	6
893	0	0	1408	6
895	0	0	1408	6
897	0	0	1669	6
902	0	0	1669	6
904	0	0	1722	6
908	0	0	1669	6
910	0	0	1826	6
912	0	0	1982	6
914	0	0	1513	6
916	0	0	1565	6
918	0	0	1669	6
919	0	0	1878	6
920	0	0	1722	6
924	0	0	1669	6
928	0	0	1722	6
933	0	0	1565	6
936	0	0	1461	6
937	0	0	1513	6
938	0	0	1513	6
948	0	0	1617	6
952	0	0	1722	6
954	0	0	1617	6
960	0	0	1461	6
961	0	0	2035	6
965	0	0	1930	6
966	0	0	1878	6
967	0	0	1408	6
968	0	0	1826	6
971	0	0	1669	6
978	0	0	1461	6
979	0	0	1565	6
986	0	0	1513	6
988	0	0	1669	6
992	0	0	1513	6
996	0	0	1513	6
998	0	0	1669	6
