Realization	utility	WSS	week	infra.
1	0	0	1356	6
2	0	0	1408	6
4	0	0	1356	6
5	0	0	1513	6
7	0	0	1252	6
9	0	0	1356	6
10	0	0	887	6
12	0	0	1148	6
13	0	0	1095	6
14	0	0	1148	6
15	0	0	1878	6
17	0	0	1356	6
18	0	0	939	6
19	0	0	2035	6
21	0	0	1722	6
22	0	0	1095	6
25	0	0	1461	6
26	0	0	1774	6
27	0	0	1252	6
30	0	0	1148	6
31	0	0	1043	6
32	0	0	1043	6
33	0	0	1304	6
34	0	0	991	6
35	0	0	1878	6
36	0	0	1669	6
37	0	0	991	6
38	0	0	1513	6
39	0	0	1356	6
40	0	0	1043	6
42	0	0	1565	6
43	0	0	1043	6
44	0	0	1304	6
45	0	0	1722	6
46	0	0	1095	6
47	0	0	1095	6
48	0	0	1148	6
49	0	0	1200	6
50	0	0	991	6
51	0	0	1200	6
54	0	0	1148	6
55	0	0	1408	6
56	0	0	887	6
57	0	0	1617	6
58	0	0	1408	6
59	0	0	939	6
59	0	0	1878	10
60	0	0	1878	6
61	0	0	1200	6
62	0	0	1148	6
63	0	0	1982	6
64	0	0	1304	6
65	0	0	1408	6
66	0	0	1408	6
67	0	0	1043	6
68	0	0	991	6
69	0	0	1722	6
70	0	0	1148	6
71	0	0	1252	6
73	0	0	1148	6
74	0	0	1043	6
75	0	0	1043	6
76	0	0	1356	6
77	0	0	1722	6
79	0	0	1774	6
80	0	0	1304	6
81	0	0	1252	6
82	0	0	1774	6
83	0	0	1252	6
84	0	0	1513	6
85	0	0	1461	6
88	0	0	1513	6
89	0	0	1408	6
90	0	0	1930	6
91	0	0	887	6
92	0	0	1878	6
93	0	0	1200	6
94	0	0	1408	6
95	0	0	1304	6
97	0	0	1408	6
98	0	0	1304	6
99	0	0	1408	6
100	0	0	1043	6
101	0	0	1200	6
102	0	0	939	6
103	0	0	1043	6
104	0	0	1878	6
108	0	0	991	6
108	0	0	1513	10
109	0	0	991	6
109	0	0	1722	10
110	0	0	1148	6
111	0	0	1878	6
113	0	0	1043	6
115	0	0	1252	6
116	0	0	991	6
117	0	0	1513	6
118	0	0	1982	6
119	0	0	1617	6
120	0	0	1722	6
121	0	0	1148	6
125	0	0	1043	6
126	0	0	1617	6
129	0	0	991	6
129	0	0	1774	10
130	0	0	1722	6
131	0	0	1252	6
132	0	0	1148	6
133	0	0	1408	6
134	0	0	1148	6
135	0	0	1043	6
137	0	0	991	6
138	0	0	1304	6
140	0	0	887	6
141	0	0	991	6
142	0	0	1043	6
143	0	0	991	6
144	0	0	1304	6
145	0	0	1669	6
147	0	0	1252	6
148	0	0	1095	6
149	0	0	1408	6
150	0	0	939	6
150	0	0	1461	10
151	0	0	1304	6
152	0	0	1826	6
153	0	0	939	6
153	0	0	1826	10
155	0	0	1461	6
157	0	0	1043	6
158	0	0	1252	6
159	0	0	834	6
159	0	0	1617	10
160	0	0	1043	6
161	0	0	1200	6
162	0	0	887	6
162	0	0	1878	10
164	0	0	1356	6
165	0	0	1148	6
167	0	0	1461	6
168	0	0	1200	6
169	0	0	834	6
169	0	0	1774	10
170	0	0	1095	6
171	0	0	1043	6
173	0	0	1148	6
174	0	0	1774	6
176	0	0	1252	6
177	0	0	939	6
177	0	0	1722	10
178	0	0	1148	6
180	0	0	1408	6
181	0	0	1200	6
182	0	0	1408	6
184	0	0	1304	6
186	0	0	1565	6
187	0	0	939	6
188	0	0	1252	6
189	0	0	1304	6
190	0	0	939	6
191	0	0	1095	6
192	0	0	1095	6
193	0	0	1565	6
194	0	0	1356	6
195	0	0	1043	6
196	0	0	1513	6
197	0	0	1304	6
198	0	0	939	6
199	0	0	1513	6
200	0	0	991	6
201	0	0	1095	6
202	0	0	1304	6
203	0	0	1095	6
204	0	0	1878	6
205	0	0	991	6
205	0	0	1774	10
206	0	0	1252	6
207	0	0	1565	6
208	0	0	1148	6
209	0	0	1252	6
210	0	0	1095	6
211	0	0	1043	6
212	0	0	1200	6
213	0	0	991	6
215	0	0	1200	6
217	0	0	1043	6
218	0	0	1722	6
219	0	0	1408	6
220	0	0	1826	6
221	0	0	1878	6
224	0	0	939	6
225	0	0	1513	6
227	0	0	1356	6
228	0	0	991	6
228	0	0	1722	10
229	0	0	991	6
230	0	0	1408	6
231	0	0	991	6
231	0	0	1774	10
232	0	0	1356	6
233	0	0	1930	6
234	0	0	1043	6
235	0	0	991	6
237	0	0	1095	6
238	0	0	1356	6
239	0	0	939	6
239	0	0	1617	10
240	0	0	1200	6
241	0	0	1200	6
242	0	0	1252	6
243	0	0	1461	6
244	0	0	1356	6
245	0	0	1095	6
246	0	0	939	6
247	0	0	1408	6
248	0	0	1200	6
249	0	0	834	6
249	0	0	1617	10
250	0	0	1617	6
251	0	0	991	6
252	0	0	991	6
253	0	0	1200	6
255	0	0	1774	6
256	0	0	1148	6
257	0	0	1148	6
258	0	0	939	6
259	0	0	1408	6
260	0	0	887	6
261	0	0	1095	6
262	0	0	1669	6
263	0	0	1930	6
264	0	0	1722	6
265	0	0	887	6
265	0	0	1617	10
266	0	0	1722	6
267	0	0	1043	6
268	0	0	1774	6
269	0	0	1513	6
271	0	0	1148	6
272	0	0	1513	6
273	0	0	1095	6
274	0	0	1722	6
275	0	0	1304	6
278	0	0	1669	6
279	0	0	1304	6
280	0	0	1095	6
281	0	0	1148	6
282	0	0	1252	6
284	0	0	834	6
285	0	0	991	6
286	0	0	939	6
286	0	0	1930	10
287	0	0	1043	6
288	0	0	1200	6
289	0	0	1826	6
290	0	0	1565	6
291	0	0	1043	6
292	0	0	1304	6
293	0	0	1408	6
294	0	0	1356	6
295	0	0	782	6
295	0	0	1565	10
297	0	0	1043	6
298	0	0	991	6
299	0	0	1043	6
300	0	0	1095	6
301	0	0	1148	6
302	0	0	991	6
303	0	0	1043	6
305	0	0	1043	6
306	0	0	1095	6
307	0	0	887	6
307	0	0	1878	10
308	0	0	1356	6
309	0	0	1148	6
311	0	0	1722	6
313	0	0	1095	6
314	0	0	991	6
315	0	0	1356	6
317	0	0	1095	6
318	0	0	887	6
319	0	0	1095	6
320	0	0	1200	6
321	0	0	1043	6
322	0	0	1565	6
323	0	0	1095	6
324	0	0	1095	6
325	0	0	1304	6
326	0	0	1930	6
327	0	0	991	6
328	0	0	1095	6
328	0	0	1878	10
330	0	0	991	6
330	0	0	1826	10
331	0	0	1043	6
332	0	0	1148	6
333	0	0	991	6
334	0	0	1095	6
335	0	0	1461	6
336	0	0	1669	6
337	0	0	1043	6
340	0	0	991	6
341	0	0	991	6
342	0	0	991	6
343	0	0	939	6
344	0	0	887	6
345	0	0	991	6
346	0	0	887	6
346	0	0	1669	10
347	0	0	1095	6
348	0	0	1043	6
349	0	0	1252	6
350	0	0	1722	6
351	0	0	1513	6
352	0	0	1565	6
353	0	0	1148	6
354	0	0	1826	6
355	0	0	991	6
356	0	0	1095	6
357	0	0	1722	6
358	0	0	1095	6
359	0	0	1095	6
360	0	0	1200	6
361	0	0	939	6
362	0	0	1252	6
363	0	0	1095	6
364	0	0	1200	6
366	0	0	991	6
367	0	0	1722	6
368	0	0	1043	6
369	0	0	1356	6
370	0	0	939	6
371	0	0	991	6
372	0	0	1408	6
373	0	0	1408	6
374	0	0	1304	6
375	0	0	1043	6
376	0	0	1408	6
377	0	0	1513	6
378	0	0	1304	6
380	0	0	1304	6
381	0	0	1617	6
382	0	0	1565	6
383	0	0	1148	6
384	0	0	1408	6
385	0	0	1043	6
386	0	0	939	6
387	0	0	1252	6
388	0	0	1095	6
390	0	0	1304	6
391	0	0	1513	6
392	0	0	1356	6
394	0	0	1252	6
396	0	0	1043	6
398	0	0	1513	6
399	0	0	1356	6
401	0	0	1095	6
402	0	0	1043	6
403	0	0	1408	6
405	0	0	991	6
406	0	0	1095	6
407	0	0	1408	6
408	0	0	1252	6
409	0	0	1095	6
410	0	0	1461	6
412	0	0	1095	6
413	0	0	1304	6
414	0	0	1461	6
415	0	0	1095	6
416	0	0	1252	6
418	0	0	1408	6
419	0	0	1043	6
420	0	0	1356	6
421	0	0	1878	6
422	0	0	1148	6
423	0	0	1617	6
424	0	0	1252	6
425	0	0	1617	6
426	0	0	1095	6
427	0	0	1513	6
428	0	0	1878	6
429	0	0	1356	6
431	0	0	939	6
432	0	0	1513	6
433	0	0	1095	6
434	0	0	1304	6
435	0	0	1043	6
436	0	0	991	6
437	0	0	1722	6
438	0	0	1095	6
439	0	0	1930	6
440	0	0	991	6
441	0	0	887	6
441	0	0	1722	10
442	0	0	939	6
442	0	0	1722	10
443	0	0	1095	6
445	0	0	1408	6
446	0	0	1148	6
447	0	0	1408	6
449	0	0	1043	6
450	0	0	1148	6
451	0	0	1043	6
452	0	0	1669	6
453	0	0	939	6
456	0	0	1304	6
457	0	0	1408	6
458	0	0	1200	6
459	0	0	939	6
460	0	0	991	6
461	0	0	1930	6
462	0	0	939	6
463	0	0	1252	6
464	0	0	991	6
466	0	0	1356	6
467	0	0	1095	6
469	0	0	939	6
470	0	0	991	6
471	0	0	1878	6
472	0	0	1304	6
473	0	0	1982	6
474	0	0	939	6
475	0	0	1513	6
476	0	0	1043	6
477	0	0	1095	6
479	0	0	1200	6
480	0	0	1200	6
481	0	0	1826	6
482	0	0	1304	6
483	0	0	1304	6
484	0	0	1043	6
485	0	0	1043	6
486	0	0	1878	6
487	0	0	1095	6
488	0	0	991	6
489	0	0	991	6
490	0	0	1200	6
491	0	0	1878	6
492	0	0	939	6
493	0	0	939	6
494	0	0	1304	6
496	0	0	991	6
497	0	0	1252	6
498	0	0	1095	6
499	0	0	1095	6
500	0	0	1408	6
502	0	0	1565	6
504	0	0	1095	6
505	0	0	1043	6
506	0	0	991	6
507	0	0	1408	6
510	0	0	834	6
510	0	0	1722	10
511	0	0	1408	6
513	0	0	991	6
514	0	0	1252	6
515	0	0	991	6
515	0	0	1774	10
516	0	0	1148	6
517	0	0	1513	6
518	0	0	1513	6
519	0	0	1095	6
521	0	0	1148	6
523	0	0	1043	6
524	0	0	1252	6
525	0	0	939	6
526	0	0	1095	6
527	0	0	1095	6
528	0	0	991	6
530	0	0	1148	6
531	0	0	1408	6
532	0	0	1878	6
533	0	0	1930	6
534	0	0	1461	6
535	0	0	1252	6
536	0	0	1043	6
537	0	0	1148	6
538	0	0	1252	6
539	0	0	1356	6
540	0	0	1722	6
541	0	0	1252	6
542	0	0	1095	6
543	0	0	1774	6
544	0	0	991	6
545	0	0	1200	6
546	0	0	1669	6
547	0	0	1043	6
549	0	0	1043	6
551	0	0	1148	6
551	0	0	1982	10
553	0	0	1722	6
554	0	0	1774	6
555	0	0	939	6
556	0	0	1304	6
557	0	0	939	6
558	0	0	939	6
558	0	0	1617	10
559	0	0	1148	6
560	0	0	991	6
561	0	0	1304	6
562	0	0	1043	6
563	0	0	1095	6
564	0	0	1930	6
566	0	0	1095	6
567	0	0	1774	6
568	0	0	991	6
568	0	0	1669	10
569	0	0	1408	6
570	0	0	1565	6
571	0	0	1252	6
572	0	0	939	6
573	0	0	1617	6
574	0	0	991	6
574	0	0	1826	10
575	0	0	1565	6
576	0	0	939	6
576	0	0	1617	10
577	0	0	1043	6
578	0	0	1461	6
579	0	0	1043	6
580	0	0	1200	6
581	0	0	1043	6
582	0	0	1148	6
583	0	0	1200	6
584	0	0	939	6
585	0	0	1774	6
586	0	0	1043	6
587	0	0	1461	6
588	0	0	1408	6
589	0	0	1408	6
590	0	0	1252	6
591	0	0	1513	6
592	0	0	887	6
592	0	0	1617	10
594	0	0	1565	6
595	0	0	1043	6
596	0	0	1095	6
597	0	0	1095	6
598	0	0	1043	6
600	0	0	1148	6
601	0	0	1148	6
602	0	0	1095	6
603	0	0	1252	6
604	0	0	991	6
605	0	0	1513	6
606	0	0	1043	6
607	0	0	1565	6
608	0	0	1304	6
609	0	0	1356	6
611	0	0	939	6
613	0	0	939	6
613	0	0	1774	10
614	0	0	1252	6
615	0	0	1252	6
616	0	0	834	6
617	0	0	939	6
619	0	0	1356	6
620	0	0	1252	6
621	0	0	1930	6
623	0	0	1878	6
624	0	0	1148	6
625	0	0	1565	6
626	0	0	1304	6
627	0	0	1043	6
628	0	0	1982	6
629	0	0	1826	6
630	0	0	991	6
632	0	0	1095	6
633	0	0	1200	6
634	0	0	887	6
634	0	0	1930	10
635	0	0	1200	6
636	0	0	1722	6
637	0	0	939	6
638	0	0	1043	6
639	0	0	1461	6
640	0	0	939	6
641	0	0	1043	6
643	0	0	1252	6
644	0	0	1304	6
645	0	0	1669	6
646	0	0	1252	6
647	0	0	991	6
648	0	0	991	6
649	0	0	991	6
649	0	0	1408	10
650	0	0	1565	6
651	0	0	1356	6
652	0	0	1356	6
653	0	0	1669	6
654	0	0	991	6
655	0	0	991	6
657	0	0	1408	6
658	0	0	1304	6
659	0	0	834	6
659	0	0	1617	10
660	0	0	991	6
661	0	0	1043	6
662	0	0	991	6
663	0	0	991	6
664	0	0	1669	6
665	0	0	1095	6
666	0	0	1461	6
667	0	0	1408	6
668	0	0	1095	6
669	0	0	1252	6
670	0	0	1148	6
671	0	0	1304	6
672	0	0	1565	6
673	0	0	939	6
674	0	0	1043	6
675	0	0	1043	6
677	0	0	1356	6
678	0	0	1565	6
679	0	0	1095	6
681	0	0	939	6
682	0	0	991	6
684	0	0	1043	6
686	0	0	1722	6
687	0	0	1043	6
688	0	0	1200	6
689	0	0	991	6
691	0	0	1617	6
692	0	0	1252	6
693	0	0	1304	6
694	0	0	991	6
695	0	0	1565	6
696	0	0	1148	6
697	0	0	1826	6
698	0	0	991	6
699	0	0	1095	6
700	0	0	991	6
701	0	0	1408	6
702	0	0	1043	6
703	0	0	1252	6
704	0	0	1356	6
705	0	0	1774	6
706	0	0	1095	6
707	0	0	991	6
708	0	0	1930	6
709	0	0	1356	6
710	0	0	1774	6
711	0	0	1304	6
712	0	0	1148	6
713	0	0	1200	6
715	0	0	991	6
716	0	0	1722	6
717	0	0	1408	6
718	0	0	1148	6
719	0	0	1774	6
720	0	0	1148	6
721	0	0	1095	6
722	0	0	991	6
722	0	0	1930	10
723	0	0	1200	6
724	0	0	1095	6
725	0	0	887	6
726	0	0	1043	6
727	0	0	1043	6
728	0	0	1617	6
730	0	0	1513	6
731	0	0	1304	6
732	0	0	1200	6
733	0	0	991	6
734	0	0	1513	6
735	0	0	1304	6
736	0	0	1408	6
738	0	0	1252	6
740	0	0	991	6
742	0	0	1095	6
743	0	0	1043	6
744	0	0	1408	6
745	0	0	1408	6
746	0	0	1722	6
747	0	0	1043	6
748	0	0	991	6
750	0	0	1513	6
752	0	0	1043	6
753	0	0	1148	6
754	0	0	1148	6
755	0	0	1043	6
756	0	0	1095	6
757	0	0	1200	6
758	0	0	939	6
759	0	0	1095	6
760	0	0	991	6
760	0	0	1774	10
761	0	0	1148	6
762	0	0	1095	6
763	0	0	1356	6
764	0	0	1304	6
765	0	0	939	6
766	0	0	991	6
767	0	0	1722	6
768	0	0	1461	6
769	0	0	1722	6
770	0	0	1408	6
771	0	0	1095	6
772	0	0	1408	6
773	0	0	1252	6
775	0	0	991	6
776	0	0	939	6
777	0	0	1408	6
778	0	0	1304	6
780	0	0	1513	6
781	0	0	887	6
781	0	0	1722	10
782	0	0	939	6
783	0	0	1826	6
784	0	0	1878	6
785	0	0	1252	6
787	0	0	939	6
788	0	0	1513	6
789	0	0	1148	6
790	0	0	1356	6
792	0	0	1095	6
793	0	0	1095	6
794	0	0	1565	6
795	0	0	1722	6
796	0	0	1043	6
797	0	0	991	6
797	0	0	1826	10
799	0	0	1148	6
800	0	0	1095	6
802	0	0	1252	6
803	0	0	991	6
804	0	0	1043	6
805	0	0	1043	6
806	0	0	1356	6
807	0	0	1408	6
809	0	0	1513	6
810	0	0	1304	6
811	0	0	1669	6
812	0	0	1826	6
813	0	0	1043	6
814	0	0	1669	6
817	0	0	991	6
818	0	0	1043	6
819	0	0	1356	6
820	0	0	1356	6
822	0	0	1461	6
823	0	0	991	6
824	0	0	1095	6
825	0	0	1252	6
826	0	0	887	6
826	0	0	1669	10
827	0	0	1565	6
828	0	0	1095	6
829	0	0	1200	6
830	0	0	1461	6
831	0	0	1095	6
832	0	0	1252	6
834	0	0	1148	6
835	0	0	1200	6
837	0	0	1669	6
838	0	0	991	6
840	0	0	1148	6
841	0	0	991	6
841	0	0	1774	10
842	0	0	1043	6
843	0	0	1252	6
844	0	0	1669	6
845	0	0	1200	6
846	0	0	834	6
846	0	0	1774	10
847	0	0	1095	6
848	0	0	782	6
848	0	0	1617	10
849	0	0	1043	6
850	0	0	1043	6
851	0	0	1148	6
852	0	0	1408	6
853	0	0	1982	6
854	0	0	1356	6
855	0	0	834	6
855	0	0	1513	10
856	0	0	1722	6
857	0	0	1304	6
858	0	0	1200	6
859	0	0	991	6
861	0	0	1408	6
862	0	0	1513	6
863	0	0	1095	6
865	0	0	1200	6
866	0	0	991	6
866	0	0	1669	10
867	0	0	1669	6
868	0	0	1408	6
869	0	0	1669	6
871	0	0	1148	6
872	0	0	939	6
872	0	0	1826	10
873	0	0	1408	6
874	0	0	991	6
875	0	0	991	6
876	0	0	1252	6
878	0	0	991	6
879	0	0	1774	6
880	0	0	1304	6
881	0	0	991	6
882	0	0	991	6
883	0	0	1826	6
884	0	0	1252	6
885	0	0	887	6
886	0	0	1513	6
887	0	0	834	6
888	0	0	1095	6
889	0	0	1148	6
890	0	0	939	6
890	0	0	1878	10
891	0	0	1095	6
893	0	0	730	6
893	0	0	1565	10
894	0	0	1252	6
895	0	0	939	6
897	0	0	939	6
897	0	0	1878	10
898	0	0	1617	6
899	0	0	1356	6
900	0	0	1461	6
901	0	0	834	6
901	0	0	1930	10
902	0	0	1043	6
903	0	0	1408	6
904	0	0	939	6
905	0	0	1200	6
906	0	0	1304	6
907	0	0	1148	6
908	0	0	939	6
909	0	0	1356	6
910	0	0	1095	6
911	0	0	1304	6
912	0	0	1095	6
913	0	0	1356	6
914	0	0	991	6
914	0	0	1669	10
915	0	0	1252	6
916	0	0	1043	6
917	0	0	1148	6
918	0	0	991	6
918	0	0	1930	10
919	0	0	1095	6
920	0	0	834	6
920	0	0	1617	10
922	0	0	834	6
923	0	0	1930	6
924	0	0	1043	6
925	0	0	1565	6
926	0	0	1252	6
927	0	0	1461	6
928	0	0	939	6
929	0	0	1200	6
930	0	0	1304	6
931	0	0	1722	6
932	0	0	1513	6
933	0	0	834	6
934	0	0	1304	6
935	0	0	1304	6
936	0	0	991	6
937	0	0	887	6
938	0	0	887	6
939	0	0	1565	6
940	0	0	1356	6
941	0	0	1565	6
942	0	0	1356	6
943	0	0	1356	6
944	0	0	1095	6
946	0	0	1200	6
948	0	0	1043	6
950	0	0	1669	6
951	0	0	1982	6
952	0	0	1043	6
953	0	0	1148	6
954	0	0	1043	6
955	0	0	1148	6
956	0	0	1252	6
957	0	0	1304	6
958	0	0	1252	6
959	0	0	1304	6
960	0	0	939	6
960	0	0	1669	10
961	0	0	1148	6
963	0	0	1408	6
965	0	0	1095	6
966	0	0	1095	6
967	0	0	991	6
968	0	0	1095	6
969	0	0	1565	6
970	0	0	1461	6
971	0	0	1043	6
974	0	0	1513	6
975	0	0	1878	6
976	0	0	1252	6
977	0	0	1461	6
978	0	0	991	6
979	0	0	939	6
980	0	0	1461	6
981	0	0	1356	6
982	0	0	1200	6
983	0	0	1356	6
984	0	0	1930	6
985	0	0	1408	6
986	0	0	887	6
986	0	0	1774	10
987	0	0	1200	6
988	0	0	991	6
989	0	0	1043	6
990	0	0	1826	6
991	0	0	1200	6
992	0	0	991	6
994	0	0	1722	6
995	0	0	1200	6
996	0	0	939	6
997	0	0	1200	6
998	0	0	1043	6
