Realization	utility	WSS	week	infra.
1	0	0	1565	6
2	0	0	1722	6
7	0	0	1408	6
9	0	0	1878	6
10	0	0	1095	6
12	0	0	1356	6
13	0	0	1408	6
14	0	0	1252	6
18	0	0	1095	6
22	0	0	1304	6
25	0	0	1774	6
27	0	0	1356	6
30	0	0	1252	6
31	0	0	1356	6
32	0	0	1095	6
33	0	0	1617	6
34	0	0	1043	6
37	0	0	1043	6
38	0	0	1774	6
39	0	0	1878	6
40	0	0	1148	6
43	0	0	1095	6
44	0	0	1669	6
46	0	0	1200	6
47	0	0	1304	6
48	0	0	1513	6
49	0	0	1617	6
50	0	0	1095	6
51	0	0	1356	6
54	0	0	1304	6
55	0	0	1617	6
56	0	0	1043	6
58	0	0	1669	6
59	0	0	1095	6
61	0	0	1304	6
62	0	0	1304	6
67	0	0	1304	6
68	0	0	1252	6
70	0	0	1252	6
71	0	0	1356	6
73	0	0	1408	6
74	0	0	1461	6
75	0	0	1148	6
76	0	0	1565	6
80	0	0	1565	6
81	0	0	1722	6
83	0	0	1461	6
84	0	0	1774	6
89	0	0	1878	6
91	0	0	1095	6
93	0	0	1356	6
95	0	0	1722	6
97	0	0	1774	6
99	0	0	1722	6
100	0	0	1095	6
101	0	0	1304	6
102	0	0	1148	6
103	0	0	1304	6
108	0	0	1043	6
109	0	0	1252	6
110	0	0	1304	6
113	0	0	1148	6
116	0	0	1043	6
121	0	0	1513	6
125	0	0	1148	6
129	0	0	1095	6
131	0	0	1408	6
132	0	0	1304	6
134	0	0	1304	6
135	0	0	1304	6
137	0	0	1043	6
138	0	0	1513	6
140	0	0	1252	6
141	0	0	1252	6
142	0	0	1148	6
143	0	0	1252	6
144	0	0	1461	6
147	0	0	1356	6
148	0	0	1200	6
149	0	0	1669	6
150	0	0	1043	6
151	0	0	1461	6
153	0	0	1043	6
157	0	0	1148	6
158	0	0	1356	6
159	0	0	1043	6
160	0	0	1356	6
161	0	0	1513	6
162	0	0	1095	6
164	0	0	1513	6
165	0	0	1252	6
168	0	0	1304	6
169	0	0	1148	6
170	0	0	1200	6
171	0	0	1252	6
176	0	0	1408	6
177	0	0	1043	6
178	0	0	1461	6
180	0	0	1617	6
181	0	0	1565	6
182	0	0	1722	6
184	0	0	1461	6
186	0	0	1826	6
187	0	0	1043	6
188	0	0	1408	6
189	0	0	1513	6
190	0	0	1200	6
191	0	0	1200	6
192	0	0	1200	6
194	0	0	1513	6
195	0	0	1148	6
196	0	0	1826	6
197	0	0	1513	6
198	0	0	1095	6
200	0	0	1252	6
201	0	0	1408	6
202	0	0	1461	6
203	0	0	1252	6
205	0	0	1095	6
206	0	0	1408	6
208	0	0	1304	6
209	0	0	1826	6
210	0	0	1304	6
211	0	0	1148	6
212	0	0	1356	6
213	0	0	1252	6
215	0	0	1304	6
217	0	0	1095	6
219	0	0	1669	6
224	0	0	1043	6
225	0	0	1878	6
227	0	0	1565	6
228	0	0	1095	6
229	0	0	1043	6
231	0	0	1095	6
232	0	0	1669	6
234	0	0	1148	6
235	0	0	1095	6
237	0	0	1200	6
238	0	0	1930	6
239	0	0	1043	6
240	0	0	1461	6
241	0	0	1304	6
242	0	0	1565	6
243	0	0	1826	6
244	0	0	1565	6
245	0	0	1461	6
246	0	0	1356	6
248	0	0	1617	6
249	0	0	1043	6
250	0	0	1930	6
251	0	0	1200	6
252	0	0	1043	6
253	0	0	1356	6
256	0	0	1252	6
257	0	0	1304	6
258	0	0	1148	6
259	0	0	1669	6
260	0	0	1095	6
261	0	0	1304	6
265	0	0	1043	6
267	0	0	1252	6
271	0	0	1252	6
273	0	0	1200	6
275	0	0	1461	6
279	0	0	1461	6
280	0	0	1200	6
281	0	0	1252	6
282	0	0	1669	6
284	0	0	1148	6
285	0	0	1200	6
286	0	0	1252	6
287	0	0	1148	6
288	0	0	1304	6
290	0	0	1878	6
291	0	0	1148	6
293	0	0	1565	6
294	0	0	1930	6
295	0	0	1043	6
297	0	0	1200	6
298	0	0	1043	6
299	0	0	1669	6
300	0	0	1200	6
301	0	0	1252	6
302	0	0	1252	6
303	0	0	1148	6
305	0	0	1095	6
306	0	0	1669	6
307	0	0	1043	6
308	0	0	1513	6
309	0	0	1304	6
313	0	0	1356	6
314	0	0	1043	6
315	0	0	1722	6
317	0	0	1148	6
318	0	0	1095	6
319	0	0	1200	6
320	0	0	1356	6
321	0	0	1148	6
322	0	0	1826	6
323	0	0	1565	6
324	0	0	1200	6
325	0	0	1774	6
327	0	0	1043	6
328	0	0	1200	6
330	0	0	1043	6
331	0	0	1148	6
332	0	0	1252	6
333	0	0	1095	6
334	0	0	1200	6
337	0	0	1252	6
340	0	0	1043	6
341	0	0	1095	6
342	0	0	1095	6
343	0	0	1200	6
344	0	0	1095	6
345	0	0	1095	6
346	0	0	1148	6
347	0	0	1252	6
348	0	0	1304	6
349	0	0	1408	6
351	0	0	1878	6
352	0	0	1982	6
353	0	0	1513	6
355	0	0	1148	6
356	0	0	1252	6
358	0	0	1200	6
359	0	0	1252	6
360	0	0	1565	6
361	0	0	1043	6
362	0	0	1617	6
363	0	0	1304	6
364	0	0	1356	6
366	0	0	1148	6
368	0	0	1148	6
369	0	0	2035	6
370	0	0	1200	6
371	0	0	1043	6
373	0	0	1617	6
374	0	0	1461	6
375	0	0	1148	6
378	0	0	1461	6
380	0	0	1461	6
383	0	0	1408	6
384	0	0	1617	6
385	0	0	1200	6
386	0	0	1304	6
387	0	0	1408	6
388	0	0	1200	6
394	0	0	1356	6
396	0	0	1148	6
398	0	0	1930	6
399	0	0	1513	6
401	0	0	1200	6
402	0	0	1095	6
403	0	0	1565	6
405	0	0	1043	6
406	0	0	1252	6
407	0	0	1617	6
408	0	0	1408	6
409	0	0	1356	6
410	0	0	1669	6
412	0	0	1408	6
413	0	0	1617	6
415	0	0	1252	6
416	0	0	1408	6
418	0	0	1617	6
419	0	0	1304	6
420	0	0	1565	6
422	0	0	1461	6
423	0	0	1982	6
424	0	0	1565	6
426	0	0	1200	6
431	0	0	1200	6
433	0	0	1617	6
434	0	0	1930	6
435	0	0	1148	6
436	0	0	1095	6
438	0	0	1513	6
440	0	0	1252	6
441	0	0	1095	6
442	0	0	1043	6
443	0	0	1304	6
445	0	0	1722	6
446	0	0	1252	6
447	0	0	1722	6
449	0	0	1148	6
450	0	0	1252	6
451	0	0	1252	6
453	0	0	1148	6
456	0	0	1722	6
457	0	0	1617	6
458	0	0	1304	6
459	0	0	1043	6
460	0	0	1304	6
462	0	0	1148	6
463	0	0	1669	6
464	0	0	1252	6
466	0	0	1878	6
467	0	0	1200	6
469	0	0	1043	6
470	0	0	1252	6
472	0	0	1513	6
474	0	0	1408	6
476	0	0	1148	6
477	0	0	1252	6
479	0	0	1304	6
480	0	0	1461	6
482	0	0	1774	6
484	0	0	1356	6
485	0	0	1565	6
487	0	0	1461	6
488	0	0	1043	6
489	0	0	1304	6
490	0	0	1565	6
492	0	0	1043	6
493	0	0	1148	6
494	0	0	1461	6
496	0	0	1043	6
497	0	0	1565	6
499	0	0	1200	6
500	0	0	1669	6
504	0	0	1252	6
505	0	0	1356	6
506	0	0	1095	6
510	0	0	1095	6
513	0	0	1095	6
514	0	0	1617	6
515	0	0	1043	6
516	0	0	1252	6
517	0	0	1774	6
519	0	0	1200	6
521	0	0	1304	6
523	0	0	1148	6
524	0	0	1408	6
525	0	0	1043	6
526	0	0	1356	6
527	0	0	1200	6
528	0	0	1095	6
530	0	0	1304	6
531	0	0	1722	6
535	0	0	1617	6
536	0	0	1148	6
537	0	0	1252	6
538	0	0	1513	6
539	0	0	1982	6
541	0	0	1408	6
542	0	0	1200	6
544	0	0	1252	6
545	0	0	1356	6
547	0	0	1095	6
549	0	0	1148	6
551	0	0	1356	6
555	0	0	1200	6
556	0	0	1669	6
557	0	0	1043	6
558	0	0	1043	6
559	0	0	1252	6
560	0	0	1095	6
562	0	0	1148	6
563	0	0	1200	6
566	0	0	1408	6
568	0	0	1095	6
569	0	0	1617	6
571	0	0	1982	6
572	0	0	1043	6
574	0	0	1043	6
576	0	0	1043	6
577	0	0	1148	6
579	0	0	1095	6
580	0	0	1304	6
581	0	0	1148	6
582	0	0	1252	6
583	0	0	1304	6
584	0	0	1148	6
586	0	0	1095	6
587	0	0	1878	6
589	0	0	1930	6
590	0	0	1408	6
592	0	0	1043	6
595	0	0	1148	6
596	0	0	1408	6
597	0	0	1408	6
598	0	0	1356	6
600	0	0	1513	6
601	0	0	1252	6
602	0	0	1304	6
603	0	0	1408	6
604	0	0	1095	6
605	0	0	1774	6
606	0	0	1356	6
608	0	0	1722	6
609	0	0	1565	6
611	0	0	1043	6
613	0	0	1095	6
614	0	0	1356	6
615	0	0	1408	6
616	0	0	1095	6
617	0	0	1252	6
619	0	0	1930	6
620	0	0	1408	6
624	0	0	1252	6
625	0	0	1878	6
626	0	0	1826	6
627	0	0	1408	6
630	0	0	1252	6
632	0	0	1356	6
633	0	0	1617	6
634	0	0	1043	6
635	0	0	1356	6
637	0	0	1043	6
638	0	0	1148	6
639	0	0	1826	6
640	0	0	1148	6
641	0	0	1148	6
643	0	0	1408	6
644	0	0	1513	6
646	0	0	1408	6
647	0	0	1095	6
648	0	0	1095	6
649	0	0	1095	6
652	0	0	1565	6
654	0	0	1043	6
655	0	0	1043	6
657	0	0	1878	6
658	0	0	1461	6
659	0	0	1043	6
660	0	0	1095	6
661	0	0	1513	6
662	0	0	1095	6
663	0	0	1095	6
665	0	0	1252	6
666	0	0	1722	6
668	0	0	1200	6
669	0	0	1408	6
670	0	0	1252	6
671	0	0	1878	6
673	0	0	1043	6
674	0	0	1148	6
675	0	0	1148	6
677	0	0	1565	6
679	0	0	1200	6
681	0	0	1043	6
682	0	0	1095	6
684	0	0	1095	6
687	0	0	1148	6
688	0	0	1304	6
689	0	0	1148	6
692	0	0	1617	6
693	0	0	1461	6
694	0	0	1095	6
696	0	0	1252	6
698	0	0	1095	6
699	0	0	1200	6
700	0	0	1043	6
701	0	0	1669	6
702	0	0	1356	6
703	0	0	1617	6
704	0	0	1722	6
706	0	0	1200	6
707	0	0	1095	6
709	0	0	1565	6
711	0	0	1826	6
712	0	0	1513	6
713	0	0	1304	6
715	0	0	1043	6
718	0	0	1252	6
720	0	0	1513	6
721	0	0	1408	6
722	0	0	1252	6
723	0	0	1356	6
724	0	0	1408	6
725	0	0	1043	6
726	0	0	1356	6
727	0	0	1148	6
732	0	0	1356	6
733	0	0	1095	6
735	0	0	1722	6
736	0	0	1617	6
738	0	0	1722	6
740	0	0	1095	6
742	0	0	1200	6
743	0	0	1095	6
744	0	0	1565	6
745	0	0	1617	6
747	0	0	1565	6
748	0	0	1043	6
750	0	0	1930	6
752	0	0	1304	6
753	0	0	1252	6
754	0	0	1513	6
755	0	0	1304	6
756	0	0	1878	6
757	0	0	1304	6
758	0	0	1200	6
759	0	0	1200	6
760	0	0	1095	6
761	0	0	1878	6
762	0	0	1200	6
764	0	0	1513	6
765	0	0	1148	6
766	0	0	1043	6
768	0	0	1774	6
771	0	0	1200	6
772	0	0	1617	6
773	0	0	1408	6
775	0	0	1095	6
776	0	0	1408	6
778	0	0	1513	6
781	0	0	1095	6
782	0	0	1043	6
785	0	0	1356	6
787	0	0	1200	6
789	0	0	1252	6
790	0	0	1565	6
792	0	0	1200	6
793	0	0	1200	6
794	0	0	1878	6
796	0	0	1148	6
797	0	0	1095	6
799	0	0	1252	6
800	0	0	1200	6
802	0	0	1408	6
803	0	0	1095	6
804	0	0	1095	6
805	0	0	1304	6
806	0	0	1565	6
807	0	0	1774	6
809	0	0	1878	6
810	0	0	1722	6
813	0	0	1148	6
817	0	0	1148	6
818	0	0	1356	6
819	0	0	1565	6
820	0	0	1565	6
823	0	0	1200	6
824	0	0	1200	6
826	0	0	1095	6
827	0	0	1982	6
828	0	0	1148	6
829	0	0	1304	6
830	0	0	1826	6
831	0	0	1200	6
832	0	0	1669	6
834	0	0	1356	6
835	0	0	1304	6
838	0	0	1095	6
840	0	0	1252	6
841	0	0	1095	6
842	0	0	1095	6
845	0	0	1930	6
846	0	0	1148	6
847	0	0	1200	6
848	0	0	1095	6
849	0	0	1148	6
850	0	0	1148	6
851	0	0	1304	6
852	0	0	1565	6
854	0	0	1513	6
855	0	0	1148	6
857	0	0	1826	6
858	0	0	1982	6
859	0	0	1095	6
862	0	0	1982	6
863	0	0	1252	6
865	0	0	1304	6
866	0	0	1095	6
868	0	0	1722	6
871	0	0	1461	6
872	0	0	1095	6
873	0	0	1774	6
874	0	0	1304	6
875	0	0	1095	6
876	0	0	1513	6
878	0	0	1252	6
880	0	0	1513	6
881	0	0	1095	6
882	0	0	1095	6
884	0	0	1669	6
885	0	0	1095	6
886	0	0	1774	6
887	0	0	1043	6
888	0	0	1408	6
889	0	0	1252	6
890	0	0	1148	6
891	0	0	1565	6
893	0	0	1043	6
894	0	0	1513	6
895	0	0	1043	6
897	0	0	1148	6
898	0	0	1982	6
899	0	0	1826	6
901	0	0	1304	6
902	0	0	1148	6
903	0	0	1617	6
904	0	0	1148	6
905	0	0	1408	6
907	0	0	1356	6
908	0	0	1148	6
909	0	0	1565	6
910	0	0	1200	6
911	0	0	1982	6
912	0	0	1252	6
914	0	0	1095	6
915	0	0	1408	6
916	0	0	1148	6
917	0	0	1252	6
918	0	0	1148	6
919	0	0	1200	6
920	0	0	1148	6
922	0	0	1513	6
924	0	0	1148	6
926	0	0	1513	6
927	0	0	1826	6
928	0	0	1148	6
929	0	0	1565	6
933	0	0	1095	6
934	0	0	1461	6
935	0	0	1461	6
936	0	0	1043	6
937	0	0	1095	6
938	0	0	1095	6
939	0	0	1982	6
940	0	0	1565	6
942	0	0	1513	6
943	0	0	1982	6
944	0	0	1617	6
946	0	0	1356	6
948	0	0	1148	6
952	0	0	1148	6
953	0	0	1304	6
954	0	0	1148	6
955	0	0	1252	6
956	0	0	1356	6
958	0	0	1826	6
959	0	0	1461	6
960	0	0	1095	6
961	0	0	1252	6
963	0	0	1565	6
965	0	0	1252	6
966	0	0	1252	6
967	0	0	1043	6
968	0	0	1200	6
970	0	0	1669	6
971	0	0	1148	6
976	0	0	1408	6
977	0	0	1878	6
978	0	0	1043	6
979	0	0	1095	6
980	0	0	1669	6
981	0	0	1930	6
982	0	0	1461	6
983	0	0	1878	6
986	0	0	1095	6
987	0	0	1356	6
988	0	0	1148	6
989	0	0	1356	6
991	0	0	1461	6
992	0	0	1095	6
995	0	0	1565	6
996	0	0	1095	6
997	0	0	1513	6
998	0	0	1148	6
0	1	1	469	9
1	1	1	417	9
2	1	1	417	9
3	1	1	469	9
4	1	1	417	9
5	1	1	417	9
6	1	1	521	9
7	1	1	417	9
8	1	1	521	9
9	1	1	417	9
10	1	1	365	9
11	1	1	521	9
12	1	1	365	9
13	1	1	417	9
14	1	1	365	9
15	1	1	521	9
16	1	1	469	9
17	1	1	469	9
18	1	1	365	9
19	1	1	469	9
20	1	1	521	9
21	1	1	469	9
22	1	1	365	9
23	1	1	469	9
24	1	1	469	9
25	1	1	417	9
26	1	1	469	9
27	1	1	365	9
28	1	1	521	9
29	1	1	469	9
30	1	1	365	9
31	1	1	365	9
32	1	1	365	9
33	1	1	417	9
34	1	1	365	9
35	1	1	417	9
36	1	1	469	9
37	1	1	365	9
38	1	1	417	9
39	1	1	417	9
40	1	1	365	9
41	1	1	521	9
42	1	1	417	9
43	1	1	365	9
44	1	1	417	9
45	1	1	469	9
46	1	1	365	9
47	1	1	365	9
48	1	1	417	9
49	1	1	417	9
50	1	1	365	9
51	1	1	365	9
52	1	1	469	9
53	1	1	521	9
54	1	1	365	9
55	1	1	417	9
56	1	1	365	9
57	1	1	469	9
58	1	1	417	9
59	1	1	365	9
60	1	1	469	9
61	1	1	365	9
62	1	1	365	9
63	1	1	469	9
64	1	1	469	9
65	1	1	417	9
66	1	1	469	9
67	1	1	365	9
68	1	1	365	9
69	1	1	469	9
70	1	1	365	9
71	1	1	365	9
72	1	1	469	9
73	1	1	417	9
74	1	1	417	9
75	1	1	365	9
76	1	1	417	9
77	1	1	417	9
78	1	1	469	9
79	1	1	521	9
80	1	1	417	9
81	1	1	417	9
82	1	1	521	9
83	1	1	417	9
84	1	1	417	9
85	1	1	469	9
86	1	1	469	9
87	1	1	469	9
88	1	1	417	9
89	1	1	417	9
90	1	1	469	9
91	1	1	365	9
92	1	1	417	9
93	1	1	365	9
94	1	1	469	9
95	1	1	417	9
96	1	1	469	9
97	1	1	417	9
98	1	1	469	9
99	1	1	417	9
100	1	1	365	9
101	1	1	365	9
102	1	1	365	9
103	1	1	365	9
104	1	1	469	9
105	1	1	521	9
106	1	1	469	9
107	1	1	521	9
108	1	1	365	9
109	1	1	365	9
110	1	1	365	9
111	1	1	469	9
112	1	1	521	9
113	1	1	365	9
114	1	1	469	9
115	1	1	417	9
116	1	1	365	9
117	1	1	417	9
118	1	1	469	9
119	1	1	469	9
120	1	1	417	9
121	1	1	417	9
122	1	1	469	9
123	1	1	521	9
124	1	1	469	9
125	1	1	365	9
126	1	1	521	9
127	1	1	469	9
128	1	1	521	9
129	1	1	365	9
130	1	1	469	9
131	1	1	417	9
132	1	1	365	9
133	1	1	417	9
134	1	1	365	9
135	1	1	365	9
136	1	1	521	9
137	1	1	365	9
138	1	1	417	9
139	1	1	469	9
140	1	1	365	9
141	1	1	365	9
142	1	1	365	9
143	1	1	365	9
144	1	1	417	9
145	1	1	469	9
146	1	1	469	9
147	1	1	365	9
148	1	1	365	9
149	1	1	417	9
150	1	1	365	9
151	1	1	417	9
152	1	1	469	9
153	1	1	365	9
154	1	1	521	9
155	1	1	469	9
156	1	1	469	9
157	1	1	365	9
158	1	1	365	9
159	1	1	365	9
160	1	1	365	9
161	1	1	417	9
162	1	1	365	9
163	1	1	521	9
164	1	1	417	9
165	1	1	365	9
166	1	1	521	9
167	1	1	469	9
168	1	1	365	9
169	1	1	365	9
170	1	1	365	9
171	1	1	365	9
172	1	1	469	9
173	1	1	469	9
174	1	1	417	9
175	1	1	521	9
176	1	1	417	9
177	1	1	365	9
178	1	1	417	9
179	1	1	521	9
180	1	1	417	9
181	1	1	417	9
182	1	1	417	9
183	1	1	469	9
184	1	1	417	9
185	1	1	469	9
186	1	1	417	9
187	1	1	365	9
188	1	1	417	9
189	1	1	417	9
190	1	1	365	9
191	1	1	365	9
192	1	1	365	9
193	1	1	417	9
194	1	1	417	9
195	1	1	365	9
196	1	1	417	9
197	1	1	417	9
198	1	1	365	9
199	1	1	469	9
200	1	1	365	9
201	1	1	417	9
202	1	1	417	9
203	1	1	365	9
204	1	1	469	9
205	1	1	365	9
206	1	1	417	9
207	1	1	469	9
208	1	1	365	9
209	1	1	417	9
210	1	1	365	9
211	1	1	365	9
212	1	1	365	9
213	1	1	365	9
214	1	1	521	9
215	1	1	365	9
216	1	1	521	9
217	1	1	365	9
218	1	1	417	9
219	1	1	417	9
220	1	1	417	9
221	1	1	469	9
222	1	1	521	9
223	1	1	521	9
224	1	1	365	9
225	1	1	417	9
226	1	1	469	9
227	1	1	417	9
228	1	1	365	9
229	1	1	365	9
230	1	1	469	9
231	1	1	365	9
232	1	1	417	9
233	1	1	417	9
234	1	1	365	9
235	1	1	365	9
236	1	1	469	9
237	1	1	365	9
238	1	1	417	9
239	1	1	365	9
240	1	1	417	9
241	1	1	365	9
242	1	1	417	9
243	1	1	417	9
244	1	1	417	9
245	1	1	417	9
246	1	1	365	9
247	1	1	417	9
248	1	1	417	9
249	1	1	365	9
250	1	1	417	9
251	1	1	365	9
252	1	1	365	9
253	1	1	365	9
254	1	1	521	9
255	1	1	521	9
256	1	1	365	9
257	1	1	365	9
258	1	1	365	9
259	1	1	417	9
260	1	1	365	9
261	1	1	365	9
262	1	1	417	9
263	1	1	469	9
264	1	1	417	9
265	1	1	365	9
266	1	1	417	9
267	1	1	365	9
268	1	1	469	9
269	1	1	417	9
270	1	1	521	9
271	1	1	365	9
272	1	1	417	9
273	1	1	365	9
274	1	1	469	9
275	1	1	417	9
276	1	1	469	9
277	1	1	469	9
278	1	1	417	9
279	1	1	417	9
280	1	1	365	9
281	1	1	365	9
282	1	1	417	9
283	1	1	521	9
284	1	1	365	9
285	1	1	365	9
286	1	1	365	9
287	1	1	365	9
288	1	1	365	9
289	1	1	469	9
290	1	1	417	9
291	1	1	365	9
292	1	1	417	9
293	1	1	417	9
294	1	1	417	9
295	1	1	365	9
296	1	1	521	9
297	1	1	365	9
298	1	1	365	9
299	1	1	417	9
300	1	1	365	9
301	1	1	365	9
302	1	1	365	9
303	1	1	365	9
304	1	1	469	9
305	1	1	365	9
306	1	1	417	9
307	1	1	365	9
308	1	1	417	9
309	1	1	365	9
310	1	1	521	9
311	1	1	469	9
312	1	1	469	9
313	1	1	365	9
314	1	1	365	9
315	1	1	417	9
316	1	1	469	9
317	1	1	365	9
318	1	1	365	9
319	1	1	365	9
320	1	1	365	9
321	1	1	365	9
322	1	1	417	9
323	1	1	417	9
324	1	1	365	9
325	1	1	469	9
326	1	1	469	9
327	1	1	365	9
328	1	1	365	9
329	1	1	521	9
330	1	1	365	9
331	1	1	365	9
332	1	1	365	9
333	1	1	365	9
334	1	1	365	9
335	1	1	417	9
336	1	1	417	9
337	1	1	365	9
338	1	1	469	9
339	1	1	469	9
340	1	1	365	9
341	1	1	365	9
342	1	1	365	9
343	1	1	365	9
344	1	1	365	9
345	1	1	365	9
346	1	1	365	9
347	1	1	365	9
348	1	1	365	9
349	1	1	417	9
350	1	1	469	9
351	1	1	417	9
352	1	1	417	9
353	1	1	417	9
354	1	1	469	9
355	1	1	365	9
356	1	1	365	9
357	1	1	469	9
358	1	1	365	9
359	1	1	365	9
360	1	1	417	9
361	1	1	365	9
362	1	1	417	9
363	1	1	365	9
364	1	1	365	9
365	1	1	469	9
366	1	1	365	9
367	1	1	469	9
368	1	1	365	9
369	1	1	417	9
370	1	1	365	9
371	1	1	365	9
372	1	1	417	9
373	1	1	417	9
374	1	1	417	9
375	1	1	365	9
376	1	1	469	9
377	1	1	417	9
378	1	1	417	9
379	1	1	521	9
380	1	1	417	9
381	1	1	469	9
382	1	1	469	9
383	1	1	417	9
384	1	1	417	9
385	1	1	365	9
386	1	1	365	9
387	1	1	417	9
388	1	1	365	9
389	1	1	521	9
390	1	1	469	9
391	1	1	469	9
392	1	1	417	9
393	1	1	521	9
394	1	1	365	9
395	1	1	469	9
396	1	1	365	9
397	1	1	469	9
398	1	1	417	9
399	1	1	417	9
400	1	1	469	9
401	1	1	365	9
402	1	1	365	9
403	1	1	417	9
404	1	1	469	9
405	1	1	365	9
406	1	1	365	9
407	1	1	417	9
408	1	1	417	9
409	1	1	365	9
410	1	1	417	9
411	1	1	521	9
412	1	1	417	9
413	1	1	417	9
414	1	1	417	9
415	1	1	365	9
416	1	1	417	9
417	1	1	469	9
418	1	1	417	9
419	1	1	365	9
420	1	1	417	9
421	1	1	469	9
422	1	1	417	9
423	1	1	417	9
424	1	1	417	9
425	1	1	521	9
426	1	1	365	9
427	1	1	417	9
428	1	1	469	9
429	1	1	469	9
430	1	1	521	9
431	1	1	365	9
432	1	1	417	9
433	1	1	417	9
434	1	1	417	9
435	1	1	365	9
436	1	1	365	9
437	1	1	469	9
438	1	1	417	9
439	1	1	469	9
440	1	1	365	9
441	1	1	365	9
442	1	1	365	9
443	1	1	365	9
444	1	1	469	9
445	1	1	417	9
446	1	1	365	9
447	1	1	417	9
448	1	1	469	9
449	1	1	365	9
450	1	1	365	9
451	1	1	365	9
452	1	1	469	9
453	1	1	365	9
454	1	1	469	9
455	1	1	521	9
456	1	1	417	9
457	1	1	417	9
458	1	1	365	9
459	1	1	365	9
460	1	1	365	9
461	1	1	417	9
462	1	1	365	9
463	1	1	417	9
464	1	1	365	9
465	1	1	469	9
466	1	1	417	9
467	1	1	365	9
468	1	1	469	9
469	1	1	365	9
470	1	1	365	9
471	1	1	469	9
472	1	1	417	9
473	1	1	469	9
474	1	1	417	9
475	1	1	469	9
476	1	1	365	9
477	1	1	365	9
478	1	1	469	9
479	1	1	365	9
480	1	1	417	9
481	1	1	469	9
482	1	1	417	9
483	1	1	417	9
484	1	1	365	9
485	1	1	417	9
486	1	1	521	9
487	1	1	417	9
488	1	1	365	9
489	1	1	365	9
490	1	1	417	9
491	1	1	417	9
492	1	1	365	9
493	1	1	365	9
494	1	1	417	9
495	1	1	521	9
496	1	1	365	9
497	1	1	417	9
498	1	1	469	9
499	1	1	365	9
500	1	1	417	9
501	1	1	469	9
502	1	1	417	9
503	1	1	469	9
504	1	1	365	9
505	1	1	365	9
506	1	1	365	9
507	1	1	469	9
508	1	1	469	9
509	1	1	469	9
510	1	1	365	9
511	1	1	417	9
512	1	1	469	9
513	1	1	365	9
514	1	1	417	9
515	1	1	365	9
516	1	1	365	9
517	1	1	417	9
518	1	1	469	9
519	1	1	365	9
520	1	1	469	9
521	1	1	365	9
522	1	1	521	9
523	1	1	365	9
524	1	1	417	9
525	1	1	365	9
526	1	1	365	9
527	1	1	365	9
528	1	1	365	9
529	1	1	521	9
530	1	1	365	9
531	1	1	417	9
532	1	1	417	9
533	1	1	469	9
534	1	1	417	9
535	1	1	417	9
536	1	1	365	9
537	1	1	365	9
538	1	1	417	9
539	1	1	417	9
540	1	1	469	9
541	1	1	417	9
542	1	1	365	9
543	1	1	521	9
544	1	1	365	9
545	1	1	365	9
546	1	1	469	9
547	1	1	365	9
548	1	1	469	9
549	1	1	365	9
550	1	1	469	9
551	1	1	365	9
552	1	1	521	9
553	1	1	469	9
554	1	1	417	9
555	1	1	365	9
556	1	1	417	9
557	1	1	365	9
558	1	1	365	9
559	1	1	365	9
560	1	1	365	9
561	1	1	469	9
562	1	1	365	9
563	1	1	365	9
564	1	1	469	9
565	1	1	469	9
566	1	1	417	9
567	1	1	417	9
568	1	1	365	9
569	1	1	417	9
570	1	1	417	9
571	1	1	417	9
572	1	1	365	9
573	1	1	469	9
574	1	1	365	9
575	1	1	417	9
576	1	1	365	9
577	1	1	365	9
578	1	1	417	9
579	1	1	365	9
580	1	1	365	9
581	1	1	365	9
582	1	1	365	9
583	1	1	365	9
584	1	1	365	9
585	1	1	469	9
586	1	1	365	9
587	1	1	417	9
588	1	1	469	9
589	1	1	417	9
590	1	1	417	9
591	1	1	417	9
592	1	1	365	9
593	1	1	469	9
594	1	1	469	9
595	1	1	365	9
596	1	1	417	9
597	1	1	417	9
598	1	1	365	9
599	1	1	469	9
600	1	1	417	9
601	1	1	365	9
602	1	1	365	9
603	1	1	417	9
604	1	1	365	9
605	1	1	417	9
606	1	1	365	9
607	1	1	417	9
608	1	1	417	9
609	1	1	417	9
610	1	1	469	9
611	1	1	365	9
612	1	1	469	9
613	1	1	365	9
614	1	1	365	9
615	1	1	417	9
616	1	1	365	9
617	1	1	365	9
618	1	1	469	9
619	1	1	417	9
620	1	1	417	9
621	1	1	417	9
622	1	1	521	9
623	1	1	521	9
624	1	1	365	9
625	1	1	417	9
626	1	1	417	9
627	1	1	417	9
628	1	1	469	9
629	1	1	521	9
630	1	1	365	9
631	1	1	521	9
632	1	1	417	9
633	1	1	417	9
634	1	1	365	9
635	1	1	365	9
636	1	1	417	9
637	1	1	365	9
638	1	1	365	9
639	1	1	417	9
640	1	1	365	9
641	1	1	365	9
642	1	1	469	9
643	1	1	417	9
644	1	1	417	9
645	1	1	469	9
646	1	1	417	9
647	1	1	365	9
648	1	1	365	9
649	1	1	365	9
650	1	1	417	9
651	1	1	469	9
652	1	1	417	9
653	1	1	417	9
654	1	1	365	9
655	1	1	365	9
656	1	1	469	9
657	1	1	417	9
658	1	1	417	9
659	1	1	365	9
660	1	1	365	9
661	1	1	417	9
662	1	1	365	9
663	1	1	365	9
664	1	1	417	9
665	1	1	365	9
666	1	1	417	9
667	1	1	417	9
668	1	1	365	9
669	1	1	417	9
670	1	1	365	9
671	1	1	417	9
672	1	1	417	9
673	1	1	365	9
674	1	1	365	9
675	1	1	365	9
676	1	1	521	9
677	1	1	417	9
678	1	1	469	9
679	1	1	365	9
680	1	1	521	9
681	1	1	365	9
682	1	1	365	9
683	1	1	469	9
684	1	1	365	9
685	1	1	521	9
686	1	1	417	9
687	1	1	365	9
688	1	1	365	9
689	1	1	365	9
690	1	1	469	9
691	1	1	469	9
692	1	1	417	9
693	1	1	417	9
694	1	1	365	9
695	1	1	417	9
696	1	1	365	9
697	1	1	469	9
698	1	1	365	9
699	1	1	365	9
700	1	1	365	9
701	1	1	417	9
702	1	1	365	9
703	1	1	417	9
704	1	1	417	9
705	1	1	417	9
706	1	1	365	9
707	1	1	365	9
708	1	1	417	9
709	1	1	417	9
710	1	1	417	9
711	1	1	417	9
712	1	1	417	9
713	1	1	365	9
714	1	1	469	9
715	1	1	365	9
716	1	1	469	9
717	1	1	417	9
718	1	1	365	9
719	1	1	417	9
720	1	1	417	9
721	1	1	417	9
722	1	1	365	9
723	1	1	365	9
724	1	1	417	9
725	1	1	365	9
726	1	1	365	9
727	1	1	365	9
728	1	1	469	9
729	1	1	521	9
730	1	1	417	9
731	1	1	417	9
732	1	1	365	9
733	1	1	365	9
734	1	1	417	9
735	1	1	417	9
736	1	1	417	9
737	1	1	469	9
738	1	1	417	9
739	1	1	469	9
740	1	1	365	9
741	1	1	469	9
742	1	1	365	9
743	1	1	365	9
744	1	1	417	9
745	1	1	417	9
746	1	1	469	9
747	1	1	417	9
748	1	1	365	9
749	1	1	521	9
750	1	1	417	9
751	1	1	469	9
752	1	1	365	9
753	1	1	365	9
754	1	1	417	9
755	1	1	365	9
756	1	1	417	9
757	1	1	365	9
758	1	1	365	9
759	1	1	365	9
760	1	1	365	9
761	1	1	417	9
762	1	1	365	9
763	1	1	469	9
764	1	1	417	9
765	1	1	365	9
766	1	1	365	9
767	1	1	417	9
768	1	1	417	9
769	1	1	417	9
770	1	1	417	9
771	1	1	365	9
772	1	1	417	9
773	1	1	417	9
774	1	1	469	9
775	1	1	365	9
776	1	1	417	9
777	1	1	469	9
778	1	1	417	9
779	1	1	469	9
780	1	1	469	9
781	1	1	365	9
782	1	1	365	9
783	1	1	521	9
784	1	1	521	9
785	1	1	365	9
786	1	1	469	9
787	1	1	365	9
788	1	1	417	9
789	1	1	365	9
790	1	1	417	9
791	1	1	469	9
792	1	1	365	9
793	1	1	365	9
794	1	1	417	9
795	1	1	417	9
796	1	1	365	9
797	1	1	365	9
798	1	1	521	9
799	1	1	365	9
800	1	1	365	9
801	1	1	469	9
802	1	1	417	9
803	1	1	365	9
804	1	1	365	9
805	1	1	365	9
806	1	1	417	9
807	1	1	417	9
808	1	1	469	9
809	1	1	417	9
810	1	1	417	9
811	1	1	469	9
812	1	1	469	9
813	1	1	365	9
814	1	1	469	9
815	1	1	469	9
816	1	1	521	9
817	1	1	365	9
818	1	1	365	9
819	1	1	417	9
820	1	1	417	9
821	1	1	521	9
822	1	1	417	9
823	1	1	365	9
824	1	1	365	9
825	1	1	469	9
826	1	1	365	9
827	1	1	417	9
828	1	1	365	9
829	1	1	365	9
830	1	1	417	9
831	1	1	365	9
832	1	1	417	9
833	1	1	469	9
834	1	1	365	9
835	1	1	365	9
836	1	1	521	9
837	1	1	469	9
838	1	1	365	9
839	1	1	469	9
840	1	1	365	9
841	1	1	365	9
842	1	1	365	9
843	1	1	469	9
844	1	1	417	9
845	1	1	417	9
846	1	1	365	9
847	1	1	365	9
848	1	1	365	9
849	1	1	365	9
850	1	1	365	9
851	1	1	365	9
852	1	1	417	9
853	1	1	469	9
854	1	1	417	9
855	1	1	365	9
856	1	1	417	9
857	1	1	417	9
858	1	1	417	9
859	1	1	365	9
860	1	1	521	9
861	1	1	417	9
862	1	1	417	9
863	1	1	365	9
864	1	1	469	9
865	1	1	365	9
866	1	1	365	9
867	1	1	469	9
868	1	1	417	9
869	1	1	417	9
870	1	1	469	9
871	1	1	417	9
872	1	1	365	9
873	1	1	417	9
874	1	1	365	9
875	1	1	365	9
876	1	1	417	9
877	1	1	469	9
878	1	1	365	9
879	1	1	417	9
880	1	1	417	9
881	1	1	365	9
882	1	1	365	9
883	1	1	417	9
884	1	1	417	9
885	1	1	365	9
886	1	1	417	9
887	1	1	365	9
888	1	1	417	9
889	1	1	365	9
890	1	1	365	9
891	1	1	417	9
892	1	1	469	9
893	1	1	365	9
894	1	1	417	9
895	1	1	365	9
896	1	1	469	9
897	1	1	365	9
898	1	1	417	9
899	1	1	417	9
900	1	1	469	9
901	1	1	365	9
902	1	1	365	9
903	1	1	417	9
904	1	1	365	9
905	1	1	417	9
906	1	1	469	9
907	1	1	365	9
908	1	1	365	9
909	1	1	417	9
910	1	1	365	9
911	1	1	417	9
912	1	1	365	9
913	1	1	417	9
914	1	1	365	9
915	1	1	417	9
916	1	1	365	9
917	1	1	365	9
918	1	1	365	9
919	1	1	365	9
920	1	1	365	9
921	1	1	469	9
922	1	1	417	9
923	1	1	521	9
924	1	1	365	9
925	1	1	469	9
926	1	1	417	9
927	1	1	417	9
928	1	1	365	9
929	1	1	417	9
930	1	1	469	9
931	1	1	469	9
932	1	1	469	9
933	1	1	365	9
934	1	1	417	9
935	1	1	417	9
936	1	1	365	9
937	1	1	365	9
938	1	1	365	9
939	1	1	417	9
940	1	1	417	9
941	1	1	469	9
942	1	1	417	9
943	1	1	417	9
944	1	1	417	9
945	1	1	469	9
946	1	1	365	9
947	1	1	469	9
948	1	1	365	9
949	1	1	521	9
950	1	1	469	9
951	1	1	469	9
952	1	1	365	9
953	1	1	365	9
954	1	1	365	9
955	1	1	365	9
956	1	1	365	9
957	1	1	469	9
958	1	1	417	9
959	1	1	417	9
960	1	1	365	9
961	1	1	365	9
962	1	1	521	9
963	1	1	417	9
964	1	1	521	9
965	1	1	365	9
966	1	1	365	9
967	1	1	365	9
968	1	1	365	9
969	1	1	417	9
970	1	1	417	9
971	1	1	365	9
972	1	1	469	9
973	1	1	469	9
974	1	1	469	9
975	1	1	469	9
976	1	1	417	9
977	1	1	417	9
978	1	1	365	9
979	1	1	365	9
980	1	1	417	9
981	1	1	417	9
982	1	1	417	9
983	1	1	417	9
984	1	1	469	9
985	1	1	469	9
986	1	1	365	9
987	1	1	365	9
988	1	1	365	9
989	1	1	365	9
990	1	1	521	9
991	1	1	417	9
992	1	1	365	9
993	1	1	469	9
994	1	1	417	9
995	1	1	417	9
996	1	1	365	9
997	1	1	417	9
998	1	1	365	9
