Realization	utility	WSS	week	infra.
0	0	0	261	8
0	0	0	574	9
1	0	0	261	8
1	0	0	574	9
2	0	0	261	8
2	0	0	574	9
3	0	0	261	8
3	0	0	574	9
4	0	0	261	8
4	0	0	574	9
5	0	0	261	8
5	0	0	574	9
6	0	0	261	8
6	0	0	574	9
7	0	0	261	8
7	0	0	574	9
8	0	0	261	8
8	0	0	574	9
9	0	0	261	8
9	0	0	574	9
10	0	0	261	8
10	0	0	574	9
11	0	0	261	8
11	0	0	574	9
12	0	0	261	8
12	0	0	574	9
13	0	0	261	8
13	0	0	574	9
14	0	0	261	8
14	0	0	574	9
15	0	0	261	8
15	0	0	574	9
16	0	0	261	8
16	0	0	574	9
17	0	0	261	8
17	0	0	574	9
18	0	0	261	8
18	0	0	574	9
19	0	0	261	8
19	0	0	574	9
20	0	0	261	8
20	0	0	574	9
21	0	0	261	8
21	0	0	574	9
22	0	0	261	8
22	0	0	574	9
23	0	0	261	8
23	0	0	574	9
24	0	0	261	8
24	0	0	574	9
25	0	0	261	8
25	0	0	574	9
26	0	0	261	8
26	0	0	574	9
27	0	0	261	8
27	0	0	574	9
28	0	0	261	8
28	0	0	574	9
29	0	0	261	8
29	0	0	574	9
30	0	0	261	8
30	0	0	574	9
31	0	0	261	8
31	0	0	574	9
32	0	0	261	8
32	0	0	574	9
33	0	0	261	8
33	0	0	574	9
34	0	0	261	8
34	0	0	574	9
35	0	0	261	8
35	0	0	574	9
36	0	0	261	8
36	0	0	574	9
37	0	0	261	8
37	0	0	574	9
38	0	0	261	8
38	0	0	574	9
39	0	0	261	8
39	0	0	574	9
40	0	0	261	8
40	0	0	574	9
41	0	0	261	8
41	0	0	574	9
42	0	0	261	8
42	0	0	574	9
43	0	0	261	8
43	0	0	574	9
44	0	0	261	8
44	0	0	574	9
45	0	0	261	8
45	0	0	574	9
46	0	0	261	8
46	0	0	574	9
47	0	0	261	8
47	0	0	574	9
48	0	0	261	8
48	0	0	574	9
49	0	0	261	8
49	0	0	574	9
50	0	0	261	8
50	0	0	574	9
51	0	0	261	8
51	0	0	574	9
52	0	0	261	8
52	0	0	574	9
53	0	0	261	8
53	0	0	574	9
54	0	0	261	8
54	0	0	574	9
55	0	0	261	8
55	0	0	574	9
56	0	0	261	8
56	0	0	574	9
57	0	0	261	8
57	0	0	574	9
58	0	0	261	8
58	0	0	574	9
59	0	0	261	8
59	0	0	574	9
60	0	0	261	8
60	0	0	574	9
61	0	0	261	8
61	0	0	574	9
62	0	0	261	8
62	0	0	574	9
63	0	0	261	8
63	0	0	574	9
64	0	0	261	8
64	0	0	574	9
65	0	0	261	8
65	0	0	574	9
66	0	0	261	8
66	0	0	574	9
67	0	0	261	8
67	0	0	574	9
68	0	0	261	8
68	0	0	574	9
69	0	0	261	8
69	0	0	574	9
70	0	0	261	8
70	0	0	574	9
71	0	0	261	8
71	0	0	574	9
72	0	0	261	8
72	0	0	574	9
73	0	0	261	8
73	0	0	574	9
74	0	0	261	8
74	0	0	574	9
75	0	0	261	8
75	0	0	574	9
76	0	0	261	8
76	0	0	574	9
77	0	0	261	8
77	0	0	574	9
78	0	0	261	8
78	0	0	574	9
79	0	0	261	8
79	0	0	574	9
80	0	0	261	8
80	0	0	574	9
81	0	0	261	8
81	0	0	574	9
82	0	0	261	8
82	0	0	574	9
83	0	0	261	8
83	0	0	574	9
84	0	0	261	8
84	0	0	574	9
85	0	0	261	8
85	0	0	574	9
86	0	0	261	8
86	0	0	574	9
87	0	0	261	8
87	0	0	574	9
88	0	0	261	8
88	0	0	574	9
89	0	0	261	8
89	0	0	574	9
90	0	0	261	8
90	0	0	574	9
91	0	0	261	8
91	0	0	574	9
92	0	0	261	8
92	0	0	574	9
93	0	0	261	8
93	0	0	574	9
94	0	0	261	8
94	0	0	574	9
95	0	0	261	8
95	0	0	574	9
96	0	0	261	8
96	0	0	574	9
97	0	0	261	8
97	0	0	574	9
98	0	0	261	8
98	0	0	574	9
99	0	0	261	8
99	0	0	574	9
100	0	0	261	8
100	0	0	574	9
101	0	0	261	8
101	0	0	574	9
102	0	0	261	8
102	0	0	574	9
103	0	0	261	8
103	0	0	574	9
104	0	0	261	8
104	0	0	574	9
105	0	0	261	8
105	0	0	574	9
106	0	0	261	8
106	0	0	574	9
107	0	0	261	8
107	0	0	574	9
108	0	0	261	8
108	0	0	574	9
109	0	0	261	8
109	0	0	574	9
110	0	0	261	8
110	0	0	574	9
111	0	0	261	8
111	0	0	574	9
112	0	0	261	8
112	0	0	574	9
113	0	0	261	8
113	0	0	574	9
114	0	0	261	8
114	0	0	574	9
115	0	0	261	8
115	0	0	574	9
116	0	0	261	8
116	0	0	574	9
117	0	0	261	8
117	0	0	574	9
118	0	0	261	8
118	0	0	574	9
119	0	0	261	8
119	0	0	574	9
120	0	0	261	8
120	0	0	574	9
121	0	0	261	8
121	0	0	574	9
122	0	0	261	8
122	0	0	574	9
123	0	0	261	8
123	0	0	574	9
124	0	0	261	8
124	0	0	574	9
125	0	0	261	8
125	0	0	574	9
126	0	0	261	8
126	0	0	574	9
127	0	0	261	8
127	0	0	574	9
128	0	0	261	8
128	0	0	574	9
129	0	0	261	8
129	0	0	574	9
130	0	0	261	8
130	0	0	574	9
131	0	0	261	8
131	0	0	574	9
132	0	0	261	8
132	0	0	574	9
133	0	0	261	8
133	0	0	574	9
134	0	0	261	8
134	0	0	574	9
135	0	0	261	8
135	0	0	574	9
136	0	0	261	8
136	0	0	574	9
137	0	0	261	8
137	0	0	574	9
138	0	0	261	8
138	0	0	574	9
139	0	0	261	8
139	0	0	574	9
140	0	0	261	8
140	0	0	574	9
141	0	0	261	8
141	0	0	574	9
142	0	0	261	8
142	0	0	574	9
143	0	0	261	8
143	0	0	574	9
144	0	0	261	8
144	0	0	574	9
145	0	0	261	8
145	0	0	574	9
146	0	0	261	8
146	0	0	574	9
147	0	0	261	8
147	0	0	574	9
148	0	0	261	8
148	0	0	574	9
149	0	0	261	8
149	0	0	574	9
150	0	0	261	8
150	0	0	574	9
151	0	0	261	8
151	0	0	574	9
152	0	0	261	8
152	0	0	574	9
153	0	0	261	8
153	0	0	574	9
154	0	0	261	8
154	0	0	574	9
155	0	0	261	8
155	0	0	574	9
156	0	0	261	8
156	0	0	574	9
157	0	0	261	8
157	0	0	574	9
158	0	0	261	8
158	0	0	574	9
159	0	0	261	8
159	0	0	574	9
160	0	0	261	8
160	0	0	574	9
161	0	0	261	8
161	0	0	574	9
162	0	0	261	8
162	0	0	574	9
163	0	0	261	8
163	0	0	574	9
164	0	0	261	8
164	0	0	574	9
165	0	0	261	8
165	0	0	574	9
166	0	0	261	8
166	0	0	574	9
167	0	0	261	8
167	0	0	574	9
168	0	0	261	8
168	0	0	574	9
169	0	0	261	8
169	0	0	574	9
170	0	0	261	8
170	0	0	574	9
171	0	0	261	8
171	0	0	574	9
172	0	0	261	8
172	0	0	574	9
173	0	0	261	8
173	0	0	574	9
174	0	0	261	8
174	0	0	574	9
175	0	0	261	8
175	0	0	574	9
176	0	0	261	8
176	0	0	574	9
177	0	0	261	8
177	0	0	574	9
178	0	0	261	8
178	0	0	574	9
179	0	0	261	8
179	0	0	574	9
180	0	0	261	8
180	0	0	574	9
181	0	0	261	8
181	0	0	574	9
182	0	0	261	8
182	0	0	574	9
183	0	0	261	8
183	0	0	574	9
184	0	0	261	8
184	0	0	574	9
185	0	0	261	8
185	0	0	574	9
186	0	0	261	8
186	0	0	574	9
187	0	0	261	8
187	0	0	574	9
188	0	0	261	8
188	0	0	574	9
189	0	0	261	8
189	0	0	574	9
190	0	0	261	8
190	0	0	574	9
191	0	0	261	8
191	0	0	574	9
192	0	0	261	8
192	0	0	574	9
193	0	0	261	8
193	0	0	574	9
194	0	0	261	8
194	0	0	574	9
195	0	0	261	8
195	0	0	574	9
196	0	0	261	8
196	0	0	574	9
197	0	0	261	8
197	0	0	574	9
198	0	0	261	8
198	0	0	574	9
199	0	0	261	8
199	0	0	574	9
200	0	0	261	8
200	0	0	574	9
201	0	0	261	8
201	0	0	574	9
202	0	0	261	8
202	0	0	574	9
203	0	0	261	8
203	0	0	574	9
204	0	0	261	8
204	0	0	574	9
205	0	0	261	8
205	0	0	574	9
206	0	0	261	8
206	0	0	574	9
207	0	0	261	8
207	0	0	574	9
208	0	0	261	8
208	0	0	574	9
209	0	0	261	8
209	0	0	574	9
210	0	0	261	8
210	0	0	574	9
211	0	0	261	8
211	0	0	574	9
212	0	0	261	8
212	0	0	574	9
213	0	0	261	8
213	0	0	574	9
214	0	0	261	8
214	0	0	574	9
215	0	0	261	8
215	0	0	574	9
216	0	0	261	8
216	0	0	574	9
217	0	0	261	8
217	0	0	574	9
218	0	0	261	8
218	0	0	574	9
219	0	0	261	8
219	0	0	574	9
220	0	0	261	8
220	0	0	574	9
221	0	0	261	8
221	0	0	574	9
222	0	0	261	8
222	0	0	574	9
223	0	0	261	8
223	0	0	574	9
224	0	0	261	8
224	0	0	574	9
225	0	0	261	8
225	0	0	574	9
226	0	0	261	8
226	0	0	574	9
227	0	0	261	8
227	0	0	574	9
228	0	0	261	8
228	0	0	574	9
229	0	0	261	8
229	0	0	574	9
230	0	0	261	8
230	0	0	574	9
231	0	0	261	8
231	0	0	574	9
232	0	0	261	8
232	0	0	574	9
233	0	0	261	8
233	0	0	574	9
234	0	0	261	8
234	0	0	574	9
235	0	0	261	8
235	0	0	574	9
236	0	0	261	8
236	0	0	574	9
237	0	0	261	8
237	0	0	574	9
238	0	0	261	8
238	0	0	574	9
239	0	0	261	8
239	0	0	574	9
240	0	0	261	8
240	0	0	574	9
241	0	0	261	8
241	0	0	574	9
242	0	0	261	8
242	0	0	574	9
243	0	0	261	8
243	0	0	574	9
244	0	0	261	8
244	0	0	574	9
245	0	0	261	8
245	0	0	574	9
246	0	0	261	8
246	0	0	574	9
247	0	0	261	8
247	0	0	574	9
248	0	0	261	8
248	0	0	574	9
249	0	0	261	8
249	0	0	574	9
250	0	0	261	8
250	0	0	574	9
251	0	0	261	8
251	0	0	574	9
252	0	0	261	8
252	0	0	574	9
253	0	0	261	8
253	0	0	574	9
254	0	0	261	8
254	0	0	574	9
255	0	0	261	8
255	0	0	574	9
256	0	0	261	8
256	0	0	574	9
257	0	0	261	8
257	0	0	574	9
258	0	0	261	8
258	0	0	574	9
259	0	0	261	8
259	0	0	574	9
260	0	0	261	8
260	0	0	574	9
261	0	0	261	8
261	0	0	574	9
262	0	0	261	8
262	0	0	574	9
263	0	0	261	8
263	0	0	574	9
264	0	0	261	8
264	0	0	574	9
265	0	0	261	8
265	0	0	574	9
266	0	0	261	8
266	0	0	574	9
267	0	0	261	8
267	0	0	574	9
268	0	0	261	8
268	0	0	574	9
269	0	0	261	8
269	0	0	574	9
270	0	0	261	8
270	0	0	574	9
271	0	0	261	8
271	0	0	574	9
272	0	0	261	8
272	0	0	574	9
273	0	0	261	8
273	0	0	574	9
274	0	0	261	8
274	0	0	574	9
275	0	0	261	8
275	0	0	574	9
276	0	0	261	8
276	0	0	574	9
277	0	0	261	8
277	0	0	574	9
278	0	0	261	8
278	0	0	574	9
279	0	0	261	8
279	0	0	574	9
280	0	0	261	8
280	0	0	574	9
281	0	0	261	8
281	0	0	574	9
282	0	0	261	8
282	0	0	574	9
283	0	0	261	8
283	0	0	574	9
284	0	0	261	8
284	0	0	574	9
285	0	0	261	8
285	0	0	574	9
286	0	0	261	8
286	0	0	574	9
287	0	0	261	8
287	0	0	574	9
288	0	0	261	8
288	0	0	574	9
289	0	0	261	8
289	0	0	574	9
290	0	0	261	8
290	0	0	574	9
291	0	0	261	8
291	0	0	574	9
292	0	0	261	8
292	0	0	574	9
293	0	0	261	8
293	0	0	574	9
294	0	0	261	8
294	0	0	574	9
295	0	0	261	8
295	0	0	574	9
296	0	0	261	8
296	0	0	574	9
297	0	0	261	8
297	0	0	574	9
298	0	0	261	8
298	0	0	574	9
299	0	0	261	8
299	0	0	574	9
300	0	0	261	8
300	0	0	574	9
301	0	0	261	8
301	0	0	574	9
302	0	0	261	8
302	0	0	574	9
303	0	0	261	8
303	0	0	574	9
304	0	0	261	8
304	0	0	574	9
305	0	0	261	8
305	0	0	574	9
306	0	0	261	8
306	0	0	574	9
307	0	0	261	8
307	0	0	574	9
308	0	0	261	8
308	0	0	574	9
309	0	0	261	8
309	0	0	574	9
310	0	0	261	8
310	0	0	574	9
311	0	0	261	8
311	0	0	574	9
312	0	0	261	8
312	0	0	574	9
313	0	0	261	8
313	0	0	574	9
314	0	0	261	8
314	0	0	574	9
315	0	0	261	8
315	0	0	574	9
316	0	0	261	8
316	0	0	574	9
317	0	0	261	8
317	0	0	574	9
318	0	0	261	8
318	0	0	574	9
319	0	0	261	8
319	0	0	574	9
320	0	0	261	8
320	0	0	574	9
321	0	0	261	8
321	0	0	574	9
322	0	0	261	8
322	0	0	574	9
323	0	0	261	8
323	0	0	574	9
324	0	0	261	8
324	0	0	574	9
325	0	0	261	8
325	0	0	574	9
326	0	0	261	8
326	0	0	574	9
327	0	0	261	8
327	0	0	574	9
328	0	0	261	8
328	0	0	574	9
329	0	0	261	8
329	0	0	574	9
330	0	0	261	8
330	0	0	574	9
331	0	0	261	8
331	0	0	574	9
332	0	0	261	8
332	0	0	574	9
333	0	0	261	8
333	0	0	574	9
334	0	0	261	8
334	0	0	574	9
335	0	0	261	8
335	0	0	574	9
336	0	0	261	8
336	0	0	574	9
337	0	0	261	8
337	0	0	574	9
338	0	0	261	8
338	0	0	574	9
339	0	0	261	8
339	0	0	574	9
340	0	0	261	8
340	0	0	574	9
341	0	0	261	8
341	0	0	574	9
342	0	0	261	8
342	0	0	574	9
343	0	0	261	8
343	0	0	574	9
344	0	0	261	8
344	0	0	574	9
345	0	0	261	8
345	0	0	574	9
346	0	0	261	8
346	0	0	574	9
347	0	0	261	8
347	0	0	574	9
348	0	0	261	8
348	0	0	574	9
349	0	0	261	8
349	0	0	574	9
350	0	0	261	8
350	0	0	574	9
351	0	0	261	8
351	0	0	574	9
352	0	0	261	8
352	0	0	574	9
353	0	0	261	8
353	0	0	574	9
354	0	0	261	8
354	0	0	574	9
355	0	0	261	8
355	0	0	574	9
356	0	0	261	8
356	0	0	574	9
357	0	0	261	8
357	0	0	574	9
358	0	0	261	8
358	0	0	574	9
359	0	0	261	8
359	0	0	574	9
360	0	0	261	8
360	0	0	574	9
361	0	0	261	8
361	0	0	574	9
362	0	0	261	8
362	0	0	574	9
363	0	0	261	8
363	0	0	574	9
364	0	0	261	8
364	0	0	574	9
365	0	0	261	8
365	0	0	574	9
366	0	0	261	8
366	0	0	574	9
367	0	0	261	8
367	0	0	574	9
368	0	0	261	8
368	0	0	574	9
369	0	0	261	8
369	0	0	574	9
370	0	0	261	8
370	0	0	574	9
371	0	0	261	8
371	0	0	574	9
372	0	0	261	8
372	0	0	574	9
373	0	0	261	8
373	0	0	574	9
374	0	0	261	8
374	0	0	574	9
375	0	0	261	8
375	0	0	574	9
376	0	0	261	8
376	0	0	574	9
377	0	0	261	8
377	0	0	574	9
378	0	0	261	8
378	0	0	574	9
379	0	0	261	8
379	0	0	574	9
380	0	0	261	8
380	0	0	574	9
381	0	0	261	8
381	0	0	574	9
382	0	0	261	8
382	0	0	574	9
383	0	0	261	8
383	0	0	574	9
384	0	0	261	8
384	0	0	574	9
385	0	0	261	8
385	0	0	574	9
386	0	0	261	8
386	0	0	574	9
387	0	0	261	8
387	0	0	574	9
388	0	0	261	8
388	0	0	574	9
389	0	0	261	8
389	0	0	574	9
390	0	0	261	8
390	0	0	574	9
391	0	0	261	8
391	0	0	574	9
392	0	0	261	8
392	0	0	574	9
393	0	0	261	8
393	0	0	574	9
394	0	0	261	8
394	0	0	574	9
395	0	0	261	8
395	0	0	574	9
396	0	0	261	8
396	0	0	574	9
397	0	0	261	8
397	0	0	574	9
398	0	0	261	8
398	0	0	574	9
399	0	0	261	8
399	0	0	574	9
400	0	0	261	8
400	0	0	574	9
401	0	0	261	8
401	0	0	574	9
402	0	0	261	8
402	0	0	574	9
403	0	0	261	8
403	0	0	574	9
404	0	0	261	8
404	0	0	574	9
405	0	0	261	8
405	0	0	574	9
406	0	0	261	8
406	0	0	574	9
407	0	0	261	8
407	0	0	574	9
408	0	0	261	8
408	0	0	574	9
409	0	0	261	8
409	0	0	574	9
410	0	0	261	8
410	0	0	574	9
411	0	0	261	8
411	0	0	574	9
412	0	0	261	8
412	0	0	574	9
413	0	0	261	8
413	0	0	574	9
414	0	0	261	8
414	0	0	574	9
415	0	0	261	8
415	0	0	574	9
416	0	0	261	8
416	0	0	574	9
417	0	0	261	8
417	0	0	574	9
418	0	0	261	8
418	0	0	574	9
419	0	0	261	8
419	0	0	574	9
420	0	0	261	8
420	0	0	574	9
421	0	0	261	8
421	0	0	574	9
422	0	0	261	8
422	0	0	574	9
423	0	0	261	8
423	0	0	574	9
424	0	0	261	8
424	0	0	574	9
425	0	0	261	8
425	0	0	574	9
426	0	0	261	8
426	0	0	574	9
427	0	0	261	8
427	0	0	574	9
428	0	0	261	8
428	0	0	574	9
429	0	0	261	8
429	0	0	574	9
430	0	0	261	8
430	0	0	574	9
431	0	0	261	8
431	0	0	574	9
432	0	0	261	8
432	0	0	574	9
433	0	0	261	8
433	0	0	574	9
434	0	0	261	8
434	0	0	574	9
435	0	0	261	8
435	0	0	574	9
436	0	0	261	8
436	0	0	574	9
437	0	0	261	8
437	0	0	574	9
438	0	0	261	8
438	0	0	574	9
439	0	0	261	8
439	0	0	574	9
440	0	0	261	8
440	0	0	574	9
441	0	0	261	8
441	0	0	574	9
442	0	0	261	8
442	0	0	574	9
443	0	0	261	8
443	0	0	574	9
444	0	0	261	8
444	0	0	574	9
445	0	0	261	8
445	0	0	574	9
446	0	0	261	8
446	0	0	574	9
447	0	0	261	8
447	0	0	574	9
448	0	0	261	8
448	0	0	574	9
449	0	0	261	8
449	0	0	574	9
450	0	0	261	8
450	0	0	574	9
451	0	0	261	8
451	0	0	574	9
452	0	0	261	8
452	0	0	574	9
453	0	0	261	8
453	0	0	574	9
454	0	0	261	8
454	0	0	574	9
455	0	0	261	8
455	0	0	574	9
456	0	0	261	8
456	0	0	574	9
457	0	0	261	8
457	0	0	574	9
458	0	0	261	8
458	0	0	574	9
459	0	0	261	8
459	0	0	574	9
460	0	0	261	8
460	0	0	574	9
461	0	0	261	8
461	0	0	574	9
462	0	0	261	8
462	0	0	574	9
463	0	0	261	8
463	0	0	574	9
464	0	0	261	8
464	0	0	574	9
465	0	0	261	8
465	0	0	574	9
466	0	0	261	8
466	0	0	574	9
467	0	0	261	8
467	0	0	574	9
468	0	0	261	8
468	0	0	574	9
469	0	0	261	8
469	0	0	574	9
470	0	0	261	8
470	0	0	574	9
471	0	0	261	8
471	0	0	574	9
472	0	0	261	8
472	0	0	574	9
473	0	0	261	8
473	0	0	574	9
474	0	0	261	8
474	0	0	574	9
475	0	0	261	8
475	0	0	574	9
476	0	0	261	8
476	0	0	574	9
477	0	0	261	8
477	0	0	574	9
478	0	0	261	8
478	0	0	574	9
479	0	0	261	8
479	0	0	574	9
480	0	0	261	8
480	0	0	574	9
481	0	0	261	8
481	0	0	574	9
482	0	0	261	8
482	0	0	574	9
483	0	0	261	8
483	0	0	574	9
484	0	0	261	8
484	0	0	574	9
485	0	0	261	8
485	0	0	574	9
486	0	0	261	8
486	0	0	574	9
487	0	0	261	8
487	0	0	574	9
488	0	0	261	8
488	0	0	574	9
489	0	0	261	8
489	0	0	574	9
490	0	0	261	8
490	0	0	574	9
491	0	0	261	8
491	0	0	574	9
492	0	0	261	8
492	0	0	574	9
493	0	0	261	8
493	0	0	574	9
494	0	0	261	8
494	0	0	574	9
495	0	0	261	8
495	0	0	574	9
496	0	0	261	8
496	0	0	574	9
497	0	0	261	8
497	0	0	574	9
498	0	0	261	8
498	0	0	574	9
499	0	0	261	8
499	0	0	574	9
500	0	0	261	8
500	0	0	574	9
501	0	0	261	8
501	0	0	574	9
502	0	0	261	8
502	0	0	574	9
503	0	0	261	8
503	0	0	574	9
504	0	0	261	8
504	0	0	574	9
505	0	0	261	8
505	0	0	574	9
506	0	0	261	8
506	0	0	574	9
507	0	0	261	8
507	0	0	574	9
508	0	0	261	8
508	0	0	574	9
509	0	0	261	8
509	0	0	574	9
510	0	0	261	8
510	0	0	574	9
511	0	0	261	8
511	0	0	574	9
512	0	0	261	8
512	0	0	574	9
513	0	0	261	8
513	0	0	574	9
514	0	0	261	8
514	0	0	574	9
515	0	0	261	8
515	0	0	574	9
516	0	0	261	8
516	0	0	574	9
517	0	0	261	8
517	0	0	574	9
518	0	0	261	8
518	0	0	574	9
519	0	0	261	8
519	0	0	574	9
520	0	0	261	8
520	0	0	574	9
521	0	0	261	8
521	0	0	574	9
522	0	0	261	8
522	0	0	574	9
523	0	0	261	8
523	0	0	574	9
524	0	0	261	8
524	0	0	574	9
525	0	0	261	8
525	0	0	574	9
526	0	0	261	8
526	0	0	574	9
527	0	0	261	8
527	0	0	574	9
528	0	0	261	8
528	0	0	574	9
529	0	0	261	8
529	0	0	574	9
530	0	0	261	8
530	0	0	574	9
531	0	0	261	8
531	0	0	574	9
532	0	0	261	8
532	0	0	574	9
533	0	0	261	8
533	0	0	574	9
534	0	0	261	8
534	0	0	574	9
535	0	0	261	8
535	0	0	574	9
536	0	0	261	8
536	0	0	574	9
537	0	0	261	8
537	0	0	574	9
538	0	0	261	8
538	0	0	574	9
539	0	0	261	8
539	0	0	574	9
540	0	0	261	8
540	0	0	574	9
541	0	0	261	8
541	0	0	574	9
542	0	0	261	8
542	0	0	574	9
543	0	0	261	8
543	0	0	574	9
544	0	0	261	8
544	0	0	574	9
545	0	0	261	8
545	0	0	574	9
546	0	0	261	8
546	0	0	574	9
547	0	0	261	8
547	0	0	574	9
548	0	0	261	8
548	0	0	574	9
549	0	0	261	8
549	0	0	574	9
550	0	0	261	8
550	0	0	574	9
551	0	0	261	8
551	0	0	574	9
552	0	0	261	8
552	0	0	574	9
553	0	0	261	8
553	0	0	574	9
554	0	0	261	8
554	0	0	574	9
555	0	0	261	8
555	0	0	574	9
556	0	0	261	8
556	0	0	574	9
557	0	0	261	8
557	0	0	574	9
558	0	0	261	8
558	0	0	574	9
559	0	0	261	8
559	0	0	574	9
560	0	0	261	8
560	0	0	574	9
561	0	0	261	8
561	0	0	574	9
562	0	0	261	8
562	0	0	574	9
563	0	0	261	8
563	0	0	574	9
564	0	0	261	8
564	0	0	574	9
565	0	0	261	8
565	0	0	574	9
566	0	0	261	8
566	0	0	574	9
567	0	0	261	8
567	0	0	574	9
568	0	0	261	8
568	0	0	574	9
569	0	0	261	8
569	0	0	574	9
570	0	0	261	8
570	0	0	574	9
571	0	0	261	8
571	0	0	574	9
572	0	0	261	8
572	0	0	574	9
573	0	0	261	8
573	0	0	574	9
574	0	0	261	8
574	0	0	574	9
575	0	0	261	8
575	0	0	574	9
576	0	0	261	8
576	0	0	574	9
577	0	0	261	8
577	0	0	574	9
578	0	0	261	8
578	0	0	574	9
579	0	0	261	8
579	0	0	574	9
580	0	0	261	8
580	0	0	574	9
581	0	0	261	8
581	0	0	574	9
582	0	0	261	8
582	0	0	574	9
583	0	0	261	8
583	0	0	574	9
584	0	0	261	8
584	0	0	574	9
585	0	0	261	8
585	0	0	574	9
586	0	0	261	8
586	0	0	574	9
587	0	0	261	8
587	0	0	574	9
588	0	0	261	8
588	0	0	574	9
589	0	0	261	8
589	0	0	574	9
590	0	0	261	8
590	0	0	574	9
591	0	0	261	8
591	0	0	574	9
592	0	0	261	8
592	0	0	574	9
593	0	0	261	8
593	0	0	574	9
594	0	0	261	8
594	0	0	574	9
595	0	0	261	8
595	0	0	574	9
596	0	0	261	8
596	0	0	574	9
597	0	0	261	8
597	0	0	574	9
598	0	0	261	8
598	0	0	574	9
599	0	0	261	8
599	0	0	574	9
600	0	0	261	8
600	0	0	574	9
601	0	0	261	8
601	0	0	574	9
602	0	0	261	8
602	0	0	574	9
603	0	0	261	8
603	0	0	574	9
604	0	0	261	8
604	0	0	574	9
605	0	0	261	8
605	0	0	574	9
606	0	0	261	8
606	0	0	574	9
607	0	0	261	8
607	0	0	574	9
608	0	0	261	8
608	0	0	574	9
609	0	0	261	8
609	0	0	574	9
610	0	0	261	8
610	0	0	574	9
611	0	0	261	8
611	0	0	574	9
612	0	0	261	8
612	0	0	574	9
613	0	0	261	8
613	0	0	574	9
614	0	0	261	8
614	0	0	574	9
615	0	0	261	8
615	0	0	574	9
616	0	0	261	8
616	0	0	574	9
617	0	0	261	8
617	0	0	574	9
618	0	0	261	8
618	0	0	574	9
619	0	0	261	8
619	0	0	574	9
620	0	0	261	8
620	0	0	574	9
621	0	0	261	8
621	0	0	574	9
622	0	0	261	8
622	0	0	574	9
623	0	0	261	8
623	0	0	574	9
624	0	0	261	8
624	0	0	574	9
625	0	0	261	8
625	0	0	574	9
626	0	0	261	8
626	0	0	574	9
627	0	0	261	8
627	0	0	574	9
628	0	0	261	8
628	0	0	574	9
629	0	0	261	8
629	0	0	574	9
630	0	0	261	8
630	0	0	574	9
631	0	0	261	8
631	0	0	574	9
632	0	0	261	8
632	0	0	574	9
633	0	0	261	8
633	0	0	574	9
634	0	0	261	8
634	0	0	574	9
635	0	0	261	8
635	0	0	574	9
636	0	0	261	8
636	0	0	574	9
637	0	0	261	8
637	0	0	574	9
638	0	0	261	8
638	0	0	574	9
639	0	0	261	8
639	0	0	574	9
640	0	0	261	8
640	0	0	574	9
641	0	0	261	8
641	0	0	574	9
642	0	0	261	8
642	0	0	574	9
643	0	0	261	8
643	0	0	574	9
644	0	0	261	8
644	0	0	574	9
645	0	0	261	8
645	0	0	574	9
646	0	0	261	8
646	0	0	574	9
647	0	0	261	8
647	0	0	574	9
648	0	0	261	8
648	0	0	574	9
649	0	0	261	8
649	0	0	574	9
650	0	0	261	8
650	0	0	574	9
651	0	0	261	8
651	0	0	574	9
652	0	0	261	8
652	0	0	574	9
653	0	0	261	8
653	0	0	574	9
654	0	0	261	8
654	0	0	574	9
655	0	0	261	8
655	0	0	574	9
656	0	0	261	8
656	0	0	574	9
657	0	0	261	8
657	0	0	574	9
658	0	0	261	8
658	0	0	574	9
659	0	0	261	8
659	0	0	574	9
660	0	0	261	8
660	0	0	574	9
661	0	0	261	8
661	0	0	574	9
662	0	0	261	8
662	0	0	574	9
663	0	0	261	8
663	0	0	574	9
664	0	0	261	8
664	0	0	574	9
665	0	0	261	8
665	0	0	574	9
666	0	0	261	8
666	0	0	574	9
667	0	0	261	8
667	0	0	574	9
668	0	0	261	8
668	0	0	574	9
669	0	0	261	8
669	0	0	574	9
670	0	0	261	8
670	0	0	574	9
671	0	0	261	8
671	0	0	574	9
672	0	0	261	8
672	0	0	574	9
673	0	0	261	8
673	0	0	574	9
674	0	0	261	8
674	0	0	574	9
675	0	0	261	8
675	0	0	574	9
676	0	0	261	8
676	0	0	574	9
677	0	0	261	8
677	0	0	574	9
678	0	0	261	8
678	0	0	574	9
679	0	0	261	8
679	0	0	574	9
680	0	0	261	8
680	0	0	574	9
681	0	0	261	8
681	0	0	574	9
682	0	0	261	8
682	0	0	574	9
683	0	0	261	8
683	0	0	574	9
684	0	0	261	8
684	0	0	574	9
685	0	0	261	8
685	0	0	574	9
686	0	0	261	8
686	0	0	574	9
687	0	0	261	8
687	0	0	574	9
688	0	0	261	8
688	0	0	574	9
689	0	0	261	8
689	0	0	574	9
690	0	0	261	8
690	0	0	574	9
691	0	0	261	8
691	0	0	574	9
692	0	0	261	8
692	0	0	574	9
693	0	0	261	8
693	0	0	574	9
694	0	0	261	8
694	0	0	574	9
695	0	0	261	8
695	0	0	574	9
696	0	0	261	8
696	0	0	574	9
697	0	0	261	8
697	0	0	574	9
698	0	0	261	8
698	0	0	574	9
699	0	0	261	8
699	0	0	574	9
700	0	0	261	8
700	0	0	574	9
701	0	0	261	8
701	0	0	574	9
702	0	0	261	8
702	0	0	574	9
703	0	0	261	8
703	0	0	574	9
704	0	0	261	8
704	0	0	574	9
705	0	0	261	8
705	0	0	574	9
706	0	0	261	8
706	0	0	574	9
707	0	0	261	8
707	0	0	574	9
708	0	0	261	8
708	0	0	574	9
709	0	0	261	8
709	0	0	574	9
710	0	0	261	8
710	0	0	574	9
711	0	0	261	8
711	0	0	574	9
712	0	0	261	8
712	0	0	574	9
713	0	0	261	8
713	0	0	574	9
714	0	0	261	8
714	0	0	574	9
715	0	0	261	8
715	0	0	574	9
716	0	0	261	8
716	0	0	574	9
717	0	0	261	8
717	0	0	574	9
718	0	0	261	8
718	0	0	574	9
719	0	0	261	8
719	0	0	574	9
720	0	0	261	8
720	0	0	574	9
721	0	0	261	8
721	0	0	574	9
722	0	0	261	8
722	0	0	574	9
723	0	0	261	8
723	0	0	574	9
724	0	0	261	8
724	0	0	574	9
725	0	0	261	8
725	0	0	574	9
726	0	0	261	8
726	0	0	574	9
727	0	0	261	8
727	0	0	574	9
728	0	0	261	8
728	0	0	574	9
729	0	0	261	8
729	0	0	574	9
730	0	0	261	8
730	0	0	574	9
731	0	0	261	8
731	0	0	574	9
732	0	0	261	8
732	0	0	574	9
733	0	0	261	8
733	0	0	574	9
734	0	0	261	8
734	0	0	574	9
735	0	0	261	8
735	0	0	574	9
736	0	0	261	8
736	0	0	574	9
737	0	0	261	8
737	0	0	574	9
738	0	0	261	8
738	0	0	574	9
739	0	0	261	8
739	0	0	574	9
740	0	0	261	8
740	0	0	574	9
741	0	0	261	8
741	0	0	574	9
742	0	0	261	8
742	0	0	574	9
743	0	0	261	8
743	0	0	574	9
744	0	0	261	8
744	0	0	574	9
745	0	0	261	8
745	0	0	574	9
746	0	0	261	8
746	0	0	574	9
747	0	0	261	8
747	0	0	574	9
748	0	0	261	8
748	0	0	574	9
749	0	0	261	8
749	0	0	574	9
750	0	0	261	8
750	0	0	574	9
751	0	0	261	8
751	0	0	574	9
752	0	0	261	8
752	0	0	574	9
753	0	0	261	8
753	0	0	574	9
754	0	0	261	8
754	0	0	574	9
755	0	0	261	8
755	0	0	574	9
756	0	0	261	8
756	0	0	574	9
757	0	0	261	8
757	0	0	574	9
758	0	0	261	8
758	0	0	574	9
759	0	0	261	8
759	0	0	574	9
760	0	0	261	8
760	0	0	574	9
761	0	0	261	8
761	0	0	574	9
762	0	0	261	8
762	0	0	574	9
763	0	0	261	8
763	0	0	574	9
764	0	0	261	8
764	0	0	574	9
765	0	0	261	8
765	0	0	574	9
766	0	0	261	8
766	0	0	574	9
767	0	0	261	8
767	0	0	574	9
768	0	0	261	8
768	0	0	574	9
769	0	0	261	8
769	0	0	574	9
770	0	0	261	8
770	0	0	574	9
771	0	0	261	8
771	0	0	574	9
772	0	0	261	8
772	0	0	574	9
773	0	0	261	8
773	0	0	574	9
774	0	0	261	8
774	0	0	574	9
775	0	0	261	8
775	0	0	574	9
776	0	0	261	8
776	0	0	574	9
777	0	0	261	8
777	0	0	574	9
778	0	0	261	8
778	0	0	574	9
779	0	0	261	8
779	0	0	574	9
780	0	0	261	8
780	0	0	574	9
781	0	0	261	8
781	0	0	574	9
782	0	0	261	8
782	0	0	574	9
783	0	0	261	8
783	0	0	574	9
784	0	0	261	8
784	0	0	574	9
785	0	0	261	8
785	0	0	574	9
786	0	0	261	8
786	0	0	574	9
787	0	0	261	8
787	0	0	574	9
788	0	0	261	8
788	0	0	574	9
789	0	0	261	8
789	0	0	574	9
790	0	0	261	8
790	0	0	574	9
791	0	0	261	8
791	0	0	574	9
792	0	0	261	8
792	0	0	574	9
793	0	0	261	8
793	0	0	574	9
794	0	0	261	8
794	0	0	574	9
795	0	0	261	8
795	0	0	574	9
796	0	0	261	8
796	0	0	574	9
797	0	0	261	8
797	0	0	574	9
798	0	0	261	8
798	0	0	574	9
799	0	0	261	8
799	0	0	574	9
800	0	0	261	8
800	0	0	574	9
801	0	0	261	8
801	0	0	574	9
802	0	0	261	8
802	0	0	574	9
803	0	0	261	8
803	0	0	574	9
804	0	0	261	8
804	0	0	574	9
805	0	0	261	8
805	0	0	574	9
806	0	0	261	8
806	0	0	574	9
807	0	0	261	8
807	0	0	574	9
808	0	0	261	8
808	0	0	574	9
809	0	0	261	8
809	0	0	574	9
810	0	0	261	8
810	0	0	574	9
811	0	0	261	8
811	0	0	574	9
812	0	0	261	8
812	0	0	574	9
813	0	0	261	8
813	0	0	574	9
814	0	0	261	8
814	0	0	574	9
815	0	0	261	8
815	0	0	574	9
816	0	0	261	8
816	0	0	574	9
817	0	0	261	8
817	0	0	574	9
818	0	0	261	8
818	0	0	574	9
819	0	0	261	8
819	0	0	574	9
820	0	0	261	8
820	0	0	574	9
821	0	0	261	8
821	0	0	574	9
822	0	0	261	8
822	0	0	574	9
823	0	0	261	8
823	0	0	574	9
824	0	0	261	8
824	0	0	574	9
825	0	0	261	8
825	0	0	574	9
826	0	0	261	8
826	0	0	574	9
827	0	0	261	8
827	0	0	574	9
828	0	0	261	8
828	0	0	574	9
829	0	0	261	8
829	0	0	574	9
830	0	0	261	8
830	0	0	574	9
831	0	0	261	8
831	0	0	574	9
832	0	0	261	8
832	0	0	574	9
833	0	0	261	8
833	0	0	574	9
834	0	0	261	8
834	0	0	574	9
835	0	0	261	8
835	0	0	574	9
836	0	0	261	8
836	0	0	574	9
837	0	0	261	8
837	0	0	574	9
838	0	0	261	8
838	0	0	574	9
839	0	0	261	8
839	0	0	574	9
840	0	0	261	8
840	0	0	574	9
841	0	0	261	8
841	0	0	574	9
842	0	0	261	8
842	0	0	574	9
843	0	0	261	8
843	0	0	574	9
844	0	0	261	8
844	0	0	574	9
845	0	0	261	8
845	0	0	574	9
846	0	0	261	8
846	0	0	574	9
847	0	0	261	8
847	0	0	574	9
848	0	0	261	8
848	0	0	574	9
849	0	0	261	8
849	0	0	574	9
850	0	0	261	8
850	0	0	574	9
851	0	0	261	8
851	0	0	574	9
852	0	0	261	8
852	0	0	574	9
853	0	0	261	8
853	0	0	574	9
854	0	0	261	8
854	0	0	574	9
855	0	0	261	8
855	0	0	574	9
856	0	0	261	8
856	0	0	574	9
857	0	0	261	8
857	0	0	574	9
858	0	0	261	8
858	0	0	574	9
859	0	0	261	8
859	0	0	574	9
860	0	0	261	8
860	0	0	574	9
861	0	0	261	8
861	0	0	574	9
862	0	0	261	8
862	0	0	574	9
863	0	0	261	8
863	0	0	574	9
864	0	0	261	8
864	0	0	574	9
865	0	0	261	8
865	0	0	574	9
866	0	0	261	8
866	0	0	574	9
867	0	0	261	8
867	0	0	574	9
868	0	0	261	8
868	0	0	574	9
869	0	0	261	8
869	0	0	574	9
870	0	0	261	8
870	0	0	574	9
871	0	0	261	8
871	0	0	574	9
872	0	0	261	8
872	0	0	574	9
873	0	0	261	8
873	0	0	574	9
874	0	0	261	8
874	0	0	574	9
875	0	0	261	8
875	0	0	574	9
876	0	0	261	8
876	0	0	574	9
877	0	0	261	8
877	0	0	574	9
878	0	0	261	8
878	0	0	574	9
879	0	0	261	8
879	0	0	574	9
880	0	0	261	8
880	0	0	574	9
881	0	0	261	8
881	0	0	574	9
882	0	0	261	8
882	0	0	574	9
883	0	0	261	8
883	0	0	574	9
884	0	0	261	8
884	0	0	574	9
885	0	0	261	8
885	0	0	574	9
886	0	0	261	8
886	0	0	574	9
887	0	0	261	8
887	0	0	574	9
888	0	0	261	8
888	0	0	574	9
889	0	0	261	8
889	0	0	574	9
890	0	0	261	8
890	0	0	574	9
891	0	0	261	8
891	0	0	574	9
892	0	0	261	8
892	0	0	574	9
893	0	0	261	8
893	0	0	574	9
894	0	0	261	8
894	0	0	574	9
895	0	0	261	8
895	0	0	574	9
896	0	0	261	8
896	0	0	574	9
897	0	0	261	8
897	0	0	574	9
898	0	0	261	8
898	0	0	574	9
899	0	0	261	8
899	0	0	574	9
900	0	0	261	8
900	0	0	574	9
901	0	0	261	8
901	0	0	574	9
902	0	0	261	8
902	0	0	574	9
903	0	0	261	8
903	0	0	574	9
904	0	0	261	8
904	0	0	574	9
905	0	0	261	8
905	0	0	574	9
906	0	0	261	8
906	0	0	574	9
907	0	0	261	8
907	0	0	574	9
908	0	0	261	8
908	0	0	574	9
909	0	0	261	8
909	0	0	574	9
910	0	0	261	8
910	0	0	574	9
911	0	0	261	8
911	0	0	574	9
912	0	0	261	8
912	0	0	574	9
913	0	0	261	8
913	0	0	574	9
914	0	0	261	8
914	0	0	574	9
915	0	0	261	8
915	0	0	574	9
916	0	0	261	8
916	0	0	574	9
917	0	0	261	8
917	0	0	574	9
918	0	0	261	8
918	0	0	574	9
919	0	0	261	8
919	0	0	574	9
920	0	0	261	8
920	0	0	574	9
921	0	0	261	8
921	0	0	574	9
922	0	0	261	8
922	0	0	574	9
923	0	0	261	8
923	0	0	574	9
924	0	0	261	8
924	0	0	574	9
925	0	0	261	8
925	0	0	574	9
926	0	0	261	8
926	0	0	574	9
927	0	0	261	8
927	0	0	574	9
928	0	0	261	8
928	0	0	574	9
929	0	0	261	8
929	0	0	574	9
930	0	0	261	8
930	0	0	574	9
931	0	0	261	8
931	0	0	574	9
932	0	0	261	8
932	0	0	574	9
933	0	0	261	8
933	0	0	574	9
934	0	0	261	8
934	0	0	574	9
935	0	0	261	8
935	0	0	574	9
936	0	0	261	8
936	0	0	574	9
937	0	0	261	8
937	0	0	574	9
938	0	0	261	8
938	0	0	574	9
939	0	0	261	8
939	0	0	574	9
940	0	0	261	8
940	0	0	574	9
941	0	0	261	8
941	0	0	574	9
942	0	0	261	8
942	0	0	574	9
943	0	0	261	8
943	0	0	574	9
944	0	0	261	8
944	0	0	574	9
945	0	0	261	8
945	0	0	574	9
946	0	0	261	8
946	0	0	574	9
947	0	0	261	8
947	0	0	574	9
948	0	0	261	8
948	0	0	574	9
949	0	0	261	8
949	0	0	574	9
950	0	0	261	8
950	0	0	574	9
951	0	0	261	8
951	0	0	574	9
952	0	0	261	8
952	0	0	574	9
953	0	0	261	8
953	0	0	574	9
954	0	0	261	8
954	0	0	574	9
955	0	0	261	8
955	0	0	574	9
956	0	0	261	8
956	0	0	574	9
957	0	0	261	8
957	0	0	574	9
958	0	0	261	8
958	0	0	574	9
959	0	0	261	8
959	0	0	574	9
960	0	0	261	8
960	0	0	574	9
961	0	0	261	8
961	0	0	574	9
962	0	0	261	8
962	0	0	574	9
963	0	0	261	8
963	0	0	574	9
964	0	0	261	8
964	0	0	574	9
965	0	0	261	8
965	0	0	574	9
966	0	0	261	8
966	0	0	574	9
967	0	0	261	8
967	0	0	574	9
968	0	0	261	8
968	0	0	574	9
969	0	0	261	8
969	0	0	574	9
970	0	0	261	8
970	0	0	574	9
971	0	0	261	8
971	0	0	574	9
972	0	0	261	8
972	0	0	574	9
973	0	0	261	8
973	0	0	574	9
974	0	0	261	8
974	0	0	574	9
975	0	0	261	8
975	0	0	574	9
976	0	0	261	8
976	0	0	574	9
977	0	0	261	8
977	0	0	574	9
978	0	0	261	8
978	0	0	574	9
979	0	0	261	8
979	0	0	574	9
980	0	0	261	8
980	0	0	574	9
981	0	0	261	8
981	0	0	574	9
982	0	0	261	8
982	0	0	574	9
983	0	0	261	8
983	0	0	574	9
984	0	0	261	8
984	0	0	574	9
985	0	0	261	8
985	0	0	574	9
986	0	0	261	8
986	0	0	574	9
987	0	0	261	8
987	0	0	574	9
988	0	0	261	8
988	0	0	574	9
989	0	0	261	8
989	0	0	574	9
990	0	0	261	8
990	0	0	574	9
991	0	0	261	8
991	0	0	574	9
992	0	0	261	8
992	0	0	574	9
993	0	0	261	8
993	0	0	574	9
994	0	0	261	8
994	0	0	574	9
995	0	0	261	8
995	0	0	574	9
996	0	0	261	8
996	0	0	574	9
997	0	0	261	8
997	0	0	574	9
998	0	0	261	8
998	0	0	574	9
0	1	1	261	8
0	1	1	574	9
1	1	1	261	8
1	1	1	574	9
2	1	1	261	8
2	1	1	574	9
3	1	1	261	8
3	1	1	574	9
4	1	1	261	8
4	1	1	574	9
5	1	1	261	8
5	1	1	574	9
6	1	1	261	8
6	1	1	574	9
7	1	1	261	8
7	1	1	574	9
8	1	1	261	8
8	1	1	574	9
9	1	1	261	8
9	1	1	574	9
10	1	1	261	8
10	1	1	574	9
11	1	1	261	8
11	1	1	574	9
12	1	1	261	8
12	1	1	574	9
13	1	1	261	8
13	1	1	574	9
14	1	1	261	8
14	1	1	574	9
15	1	1	261	8
15	1	1	574	9
16	1	1	261	8
16	1	1	574	9
17	1	1	261	8
17	1	1	574	9
18	1	1	261	8
18	1	1	574	9
19	1	1	261	8
19	1	1	574	9
20	1	1	261	8
20	1	1	574	9
21	1	1	261	8
21	1	1	574	9
22	1	1	261	8
22	1	1	574	9
23	1	1	261	8
23	1	1	574	9
24	1	1	261	8
24	1	1	574	9
25	1	1	261	8
25	1	1	574	9
26	1	1	261	8
26	1	1	574	9
27	1	1	261	8
27	1	1	574	9
28	1	1	261	8
28	1	1	574	9
29	1	1	261	8
29	1	1	574	9
30	1	1	261	8
30	1	1	574	9
31	1	1	261	8
31	1	1	574	9
32	1	1	261	8
32	1	1	574	9
33	1	1	261	8
33	1	1	574	9
34	1	1	261	8
34	1	1	574	9
35	1	1	261	8
35	1	1	574	9
36	1	1	261	8
36	1	1	574	9
37	1	1	261	8
37	1	1	574	9
38	1	1	261	8
38	1	1	574	9
39	1	1	261	8
39	1	1	574	9
40	1	1	261	8
40	1	1	574	9
41	1	1	261	8
41	1	1	574	9
42	1	1	261	8
42	1	1	574	9
43	1	1	261	8
43	1	1	574	9
44	1	1	261	8
44	1	1	574	9
45	1	1	261	8
45	1	1	574	9
46	1	1	261	8
46	1	1	574	9
47	1	1	261	8
47	1	1	574	9
48	1	1	261	8
48	1	1	574	9
49	1	1	261	8
49	1	1	574	9
50	1	1	261	8
50	1	1	574	9
51	1	1	261	8
51	1	1	574	9
52	1	1	261	8
52	1	1	574	9
53	1	1	261	8
53	1	1	574	9
54	1	1	261	8
54	1	1	574	9
55	1	1	261	8
55	1	1	574	9
56	1	1	261	8
56	1	1	574	9
57	1	1	261	8
57	1	1	574	9
58	1	1	261	8
58	1	1	574	9
59	1	1	261	8
59	1	1	574	9
60	1	1	261	8
60	1	1	574	9
61	1	1	261	8
61	1	1	574	9
62	1	1	261	8
62	1	1	574	9
63	1	1	261	8
63	1	1	574	9
64	1	1	261	8
64	1	1	574	9
65	1	1	261	8
65	1	1	574	9
66	1	1	261	8
66	1	1	574	9
67	1	1	261	8
67	1	1	574	9
68	1	1	261	8
68	1	1	574	9
69	1	1	261	8
69	1	1	574	9
70	1	1	261	8
70	1	1	574	9
71	1	1	261	8
71	1	1	574	9
72	1	1	261	8
72	1	1	574	9
73	1	1	261	8
73	1	1	574	9
74	1	1	261	8
74	1	1	574	9
75	1	1	261	8
75	1	1	574	9
76	1	1	261	8
76	1	1	574	9
77	1	1	261	8
77	1	1	574	9
78	1	1	261	8
78	1	1	574	9
79	1	1	261	8
79	1	1	574	9
80	1	1	261	8
80	1	1	574	9
81	1	1	261	8
81	1	1	574	9
82	1	1	261	8
82	1	1	574	9
83	1	1	261	8
83	1	1	574	9
84	1	1	261	8
84	1	1	574	9
85	1	1	261	8
85	1	1	574	9
86	1	1	261	8
86	1	1	574	9
87	1	1	261	8
87	1	1	574	9
88	1	1	261	8
88	1	1	574	9
89	1	1	261	8
89	1	1	574	9
90	1	1	261	8
90	1	1	574	9
91	1	1	261	8
91	1	1	574	9
92	1	1	261	8
92	1	1	574	9
93	1	1	261	8
93	1	1	574	9
94	1	1	261	8
94	1	1	574	9
95	1	1	261	8
95	1	1	574	9
96	1	1	261	8
96	1	1	574	9
97	1	1	261	8
97	1	1	574	9
98	1	1	261	8
98	1	1	574	9
99	1	1	261	8
99	1	1	574	9
100	1	1	261	8
100	1	1	574	9
101	1	1	261	8
101	1	1	574	9
102	1	1	261	8
102	1	1	574	9
103	1	1	261	8
103	1	1	574	9
104	1	1	261	8
104	1	1	574	9
105	1	1	261	8
105	1	1	574	9
106	1	1	261	8
106	1	1	574	9
107	1	1	261	8
107	1	1	574	9
108	1	1	261	8
108	1	1	574	9
109	1	1	261	8
109	1	1	574	9
110	1	1	261	8
110	1	1	574	9
111	1	1	261	8
111	1	1	574	9
112	1	1	261	8
112	1	1	574	9
113	1	1	261	8
113	1	1	574	9
114	1	1	261	8
114	1	1	574	9
115	1	1	261	8
115	1	1	574	9
116	1	1	261	8
116	1	1	574	9
117	1	1	261	8
117	1	1	574	9
118	1	1	261	8
118	1	1	574	9
119	1	1	261	8
119	1	1	574	9
120	1	1	261	8
120	1	1	574	9
121	1	1	261	8
121	1	1	574	9
122	1	1	261	8
122	1	1	574	9
123	1	1	261	8
123	1	1	574	9
124	1	1	261	8
124	1	1	574	9
125	1	1	261	8
125	1	1	574	9
126	1	1	261	8
126	1	1	574	9
127	1	1	261	8
127	1	1	574	9
128	1	1	261	8
128	1	1	574	9
129	1	1	261	8
129	1	1	574	9
130	1	1	261	8
130	1	1	574	9
131	1	1	261	8
131	1	1	574	9
132	1	1	261	8
132	1	1	574	9
133	1	1	261	8
133	1	1	574	9
134	1	1	261	8
134	1	1	574	9
135	1	1	261	8
135	1	1	574	9
136	1	1	261	8
136	1	1	574	9
137	1	1	261	8
137	1	1	574	9
138	1	1	261	8
138	1	1	574	9
139	1	1	261	8
139	1	1	574	9
140	1	1	261	8
140	1	1	574	9
141	1	1	261	8
141	1	1	574	9
142	1	1	261	8
142	1	1	574	9
143	1	1	261	8
143	1	1	574	9
144	1	1	261	8
144	1	1	574	9
145	1	1	261	8
145	1	1	574	9
146	1	1	261	8
146	1	1	574	9
147	1	1	261	8
147	1	1	574	9
148	1	1	261	8
148	1	1	574	9
149	1	1	261	8
149	1	1	574	9
150	1	1	261	8
150	1	1	574	9
151	1	1	261	8
151	1	1	574	9
152	1	1	261	8
152	1	1	574	9
153	1	1	261	8
153	1	1	574	9
154	1	1	261	8
154	1	1	574	9
155	1	1	261	8
155	1	1	574	9
156	1	1	261	8
156	1	1	574	9
157	1	1	261	8
157	1	1	574	9
158	1	1	261	8
158	1	1	574	9
159	1	1	261	8
159	1	1	574	9
160	1	1	261	8
160	1	1	574	9
161	1	1	261	8
161	1	1	574	9
162	1	1	261	8
162	1	1	574	9
163	1	1	261	8
163	1	1	574	9
164	1	1	261	8
164	1	1	574	9
165	1	1	261	8
165	1	1	574	9
166	1	1	261	8
166	1	1	574	9
167	1	1	261	8
167	1	1	574	9
168	1	1	261	8
168	1	1	574	9
169	1	1	261	8
169	1	1	574	9
170	1	1	261	8
170	1	1	574	9
171	1	1	261	8
171	1	1	574	9
172	1	1	261	8
172	1	1	574	9
173	1	1	261	8
173	1	1	574	9
174	1	1	261	8
174	1	1	574	9
175	1	1	261	8
175	1	1	574	9
176	1	1	261	8
176	1	1	574	9
177	1	1	261	8
177	1	1	574	9
178	1	1	261	8
178	1	1	574	9
179	1	1	261	8
179	1	1	574	9
180	1	1	261	8
180	1	1	574	9
181	1	1	261	8
181	1	1	574	9
182	1	1	261	8
182	1	1	574	9
183	1	1	261	8
183	1	1	574	9
184	1	1	261	8
184	1	1	574	9
185	1	1	261	8
185	1	1	574	9
186	1	1	261	8
186	1	1	574	9
187	1	1	261	8
187	1	1	574	9
188	1	1	261	8
188	1	1	574	9
189	1	1	261	8
189	1	1	574	9
190	1	1	261	8
190	1	1	574	9
191	1	1	261	8
191	1	1	574	9
192	1	1	261	8
192	1	1	574	9
193	1	1	261	8
193	1	1	574	9
194	1	1	261	8
194	1	1	574	9
195	1	1	261	8
195	1	1	574	9
196	1	1	261	8
196	1	1	574	9
197	1	1	261	8
197	1	1	574	9
198	1	1	261	8
198	1	1	574	9
199	1	1	261	8
199	1	1	574	9
200	1	1	261	8
200	1	1	574	9
201	1	1	261	8
201	1	1	574	9
202	1	1	261	8
202	1	1	574	9
203	1	1	261	8
203	1	1	574	9
204	1	1	261	8
204	1	1	574	9
205	1	1	261	8
205	1	1	574	9
206	1	1	261	8
206	1	1	574	9
207	1	1	261	8
207	1	1	574	9
208	1	1	261	8
208	1	1	574	9
209	1	1	261	8
209	1	1	574	9
210	1	1	261	8
210	1	1	574	9
211	1	1	261	8
211	1	1	574	9
212	1	1	261	8
212	1	1	574	9
213	1	1	261	8
213	1	1	574	9
214	1	1	261	8
214	1	1	574	9
215	1	1	261	8
215	1	1	574	9
216	1	1	261	8
216	1	1	574	9
217	1	1	261	8
217	1	1	574	9
218	1	1	261	8
218	1	1	574	9
219	1	1	261	8
219	1	1	574	9
220	1	1	261	8
220	1	1	574	9
221	1	1	261	8
221	1	1	574	9
222	1	1	261	8
222	1	1	574	9
223	1	1	261	8
223	1	1	574	9
224	1	1	261	8
224	1	1	574	9
225	1	1	261	8
225	1	1	574	9
226	1	1	261	8
226	1	1	574	9
227	1	1	261	8
227	1	1	574	9
228	1	1	261	8
228	1	1	574	9
229	1	1	261	8
229	1	1	574	9
230	1	1	261	8
230	1	1	574	9
231	1	1	261	8
231	1	1	574	9
232	1	1	261	8
232	1	1	574	9
233	1	1	261	8
233	1	1	574	9
234	1	1	261	8
234	1	1	574	9
235	1	1	261	8
235	1	1	574	9
236	1	1	261	8
236	1	1	574	9
237	1	1	261	8
237	1	1	574	9
238	1	1	261	8
238	1	1	574	9
239	1	1	261	8
239	1	1	574	9
240	1	1	261	8
240	1	1	574	9
241	1	1	261	8
241	1	1	574	9
242	1	1	261	8
242	1	1	574	9
243	1	1	261	8
243	1	1	574	9
244	1	1	261	8
244	1	1	574	9
245	1	1	261	8
245	1	1	574	9
246	1	1	261	8
246	1	1	574	9
247	1	1	261	8
247	1	1	574	9
248	1	1	261	8
248	1	1	574	9
249	1	1	261	8
249	1	1	574	9
250	1	1	261	8
250	1	1	574	9
251	1	1	261	8
251	1	1	574	9
252	1	1	261	8
252	1	1	574	9
253	1	1	261	8
253	1	1	574	9
254	1	1	261	8
254	1	1	574	9
255	1	1	261	8
255	1	1	574	9
256	1	1	261	8
256	1	1	574	9
257	1	1	261	8
257	1	1	574	9
258	1	1	261	8
258	1	1	574	9
259	1	1	261	8
259	1	1	574	9
260	1	1	261	8
260	1	1	574	9
261	1	1	261	8
261	1	1	574	9
262	1	1	261	8
262	1	1	574	9
263	1	1	261	8
263	1	1	574	9
264	1	1	261	8
264	1	1	574	9
265	1	1	261	8
265	1	1	574	9
266	1	1	261	8
266	1	1	574	9
267	1	1	261	8
267	1	1	574	9
268	1	1	261	8
268	1	1	574	9
269	1	1	261	8
269	1	1	574	9
270	1	1	261	8
270	1	1	574	9
271	1	1	261	8
271	1	1	574	9
272	1	1	261	8
272	1	1	574	9
273	1	1	261	8
273	1	1	574	9
274	1	1	261	8
274	1	1	574	9
275	1	1	261	8
275	1	1	574	9
276	1	1	261	8
276	1	1	574	9
277	1	1	261	8
277	1	1	574	9
278	1	1	261	8
278	1	1	574	9
279	1	1	261	8
279	1	1	574	9
280	1	1	261	8
280	1	1	574	9
281	1	1	261	8
281	1	1	574	9
282	1	1	261	8
282	1	1	574	9
283	1	1	261	8
283	1	1	574	9
284	1	1	261	8
284	1	1	574	9
285	1	1	261	8
285	1	1	574	9
286	1	1	261	8
286	1	1	574	9
287	1	1	261	8
287	1	1	574	9
288	1	1	261	8
288	1	1	574	9
289	1	1	261	8
289	1	1	574	9
290	1	1	261	8
290	1	1	574	9
291	1	1	261	8
291	1	1	574	9
292	1	1	261	8
292	1	1	574	9
293	1	1	261	8
293	1	1	574	9
294	1	1	261	8
294	1	1	574	9
295	1	1	261	8
295	1	1	574	9
296	1	1	261	8
296	1	1	574	9
297	1	1	261	8
297	1	1	574	9
298	1	1	261	8
298	1	1	574	9
299	1	1	261	8
299	1	1	574	9
300	1	1	261	8
300	1	1	574	9
301	1	1	261	8
301	1	1	574	9
302	1	1	261	8
302	1	1	574	9
303	1	1	261	8
303	1	1	574	9
304	1	1	261	8
304	1	1	574	9
305	1	1	261	8
305	1	1	574	9
306	1	1	261	8
306	1	1	574	9
307	1	1	261	8
307	1	1	574	9
308	1	1	261	8
308	1	1	574	9
309	1	1	261	8
309	1	1	574	9
310	1	1	261	8
310	1	1	574	9
311	1	1	261	8
311	1	1	574	9
312	1	1	261	8
312	1	1	574	9
313	1	1	261	8
313	1	1	574	9
314	1	1	261	8
314	1	1	574	9
315	1	1	261	8
315	1	1	574	9
316	1	1	261	8
316	1	1	574	9
317	1	1	261	8
317	1	1	574	9
318	1	1	261	8
318	1	1	574	9
319	1	1	261	8
319	1	1	574	9
320	1	1	261	8
320	1	1	574	9
321	1	1	261	8
321	1	1	574	9
322	1	1	261	8
322	1	1	574	9
323	1	1	261	8
323	1	1	574	9
324	1	1	261	8
324	1	1	574	9
325	1	1	261	8
325	1	1	574	9
326	1	1	261	8
326	1	1	574	9
327	1	1	261	8
327	1	1	574	9
328	1	1	261	8
328	1	1	574	9
329	1	1	261	8
329	1	1	574	9
330	1	1	261	8
330	1	1	574	9
331	1	1	261	8
331	1	1	574	9
332	1	1	261	8
332	1	1	574	9
333	1	1	261	8
333	1	1	574	9
334	1	1	261	8
334	1	1	574	9
335	1	1	261	8
335	1	1	574	9
336	1	1	261	8
336	1	1	574	9
337	1	1	261	8
337	1	1	574	9
338	1	1	261	8
338	1	1	574	9
339	1	1	261	8
339	1	1	574	9
340	1	1	261	8
340	1	1	574	9
341	1	1	261	8
341	1	1	574	9
342	1	1	261	8
342	1	1	574	9
343	1	1	261	8
343	1	1	574	9
344	1	1	261	8
344	1	1	574	9
345	1	1	261	8
345	1	1	574	9
346	1	1	261	8
346	1	1	574	9
347	1	1	261	8
347	1	1	574	9
348	1	1	261	8
348	1	1	574	9
349	1	1	261	8
349	1	1	574	9
350	1	1	261	8
350	1	1	574	9
351	1	1	261	8
351	1	1	574	9
352	1	1	261	8
352	1	1	574	9
353	1	1	261	8
353	1	1	574	9
354	1	1	261	8
354	1	1	574	9
355	1	1	261	8
355	1	1	574	9
356	1	1	261	8
356	1	1	574	9
357	1	1	261	8
357	1	1	574	9
358	1	1	261	8
358	1	1	574	9
359	1	1	261	8
359	1	1	574	9
360	1	1	261	8
360	1	1	574	9
361	1	1	261	8
361	1	1	574	9
362	1	1	261	8
362	1	1	574	9
363	1	1	261	8
363	1	1	574	9
364	1	1	261	8
364	1	1	574	9
365	1	1	261	8
365	1	1	574	9
366	1	1	261	8
366	1	1	574	9
367	1	1	261	8
367	1	1	574	9
368	1	1	261	8
368	1	1	574	9
369	1	1	261	8
369	1	1	574	9
370	1	1	261	8
370	1	1	574	9
371	1	1	261	8
371	1	1	574	9
372	1	1	261	8
372	1	1	574	9
373	1	1	261	8
373	1	1	574	9
374	1	1	261	8
374	1	1	574	9
375	1	1	261	8
375	1	1	574	9
376	1	1	261	8
376	1	1	574	9
377	1	1	261	8
377	1	1	574	9
378	1	1	261	8
378	1	1	574	9
379	1	1	261	8
379	1	1	574	9
380	1	1	261	8
380	1	1	574	9
381	1	1	261	8
381	1	1	574	9
382	1	1	261	8
382	1	1	574	9
383	1	1	261	8
383	1	1	574	9
384	1	1	261	8
384	1	1	574	9
385	1	1	261	8
385	1	1	574	9
386	1	1	261	8
386	1	1	574	9
387	1	1	261	8
387	1	1	574	9
388	1	1	261	8
388	1	1	574	9
389	1	1	261	8
389	1	1	574	9
390	1	1	261	8
390	1	1	574	9
391	1	1	261	8
391	1	1	574	9
392	1	1	261	8
392	1	1	574	9
393	1	1	261	8
393	1	1	574	9
394	1	1	261	8
394	1	1	574	9
395	1	1	261	8
395	1	1	574	9
396	1	1	261	8
396	1	1	574	9
397	1	1	261	8
397	1	1	574	9
398	1	1	261	8
398	1	1	574	9
399	1	1	261	8
399	1	1	574	9
400	1	1	261	8
400	1	1	574	9
401	1	1	261	8
401	1	1	574	9
402	1	1	261	8
402	1	1	574	9
403	1	1	261	8
403	1	1	574	9
404	1	1	261	8
404	1	1	574	9
405	1	1	261	8
405	1	1	574	9
406	1	1	261	8
406	1	1	574	9
407	1	1	261	8
407	1	1	574	9
408	1	1	261	8
408	1	1	574	9
409	1	1	261	8
409	1	1	574	9
410	1	1	261	8
410	1	1	574	9
411	1	1	261	8
411	1	1	574	9
412	1	1	261	8
412	1	1	574	9
413	1	1	261	8
413	1	1	574	9
414	1	1	261	8
414	1	1	574	9
415	1	1	261	8
415	1	1	574	9
416	1	1	261	8
416	1	1	574	9
417	1	1	261	8
417	1	1	574	9
418	1	1	261	8
418	1	1	574	9
419	1	1	261	8
419	1	1	574	9
420	1	1	261	8
420	1	1	574	9
421	1	1	261	8
421	1	1	574	9
422	1	1	261	8
422	1	1	574	9
423	1	1	261	8
423	1	1	574	9
424	1	1	261	8
424	1	1	574	9
425	1	1	261	8
425	1	1	574	9
426	1	1	261	8
426	1	1	574	9
427	1	1	261	8
427	1	1	574	9
428	1	1	261	8
428	1	1	574	9
429	1	1	261	8
429	1	1	574	9
430	1	1	261	8
430	1	1	574	9
431	1	1	261	8
431	1	1	574	9
432	1	1	261	8
432	1	1	574	9
433	1	1	261	8
433	1	1	574	9
434	1	1	261	8
434	1	1	574	9
435	1	1	261	8
435	1	1	574	9
436	1	1	261	8
436	1	1	574	9
437	1	1	261	8
437	1	1	574	9
438	1	1	261	8
438	1	1	574	9
439	1	1	261	8
439	1	1	574	9
440	1	1	261	8
440	1	1	574	9
441	1	1	261	8
441	1	1	574	9
442	1	1	261	8
442	1	1	574	9
443	1	1	261	8
443	1	1	574	9
444	1	1	261	8
444	1	1	574	9
445	1	1	261	8
445	1	1	574	9
446	1	1	261	8
446	1	1	574	9
447	1	1	261	8
447	1	1	574	9
448	1	1	261	8
448	1	1	574	9
449	1	1	261	8
449	1	1	574	9
450	1	1	261	8
450	1	1	574	9
451	1	1	261	8
451	1	1	574	9
452	1	1	261	8
452	1	1	574	9
453	1	1	261	8
453	1	1	574	9
454	1	1	261	8
454	1	1	574	9
455	1	1	261	8
455	1	1	574	9
456	1	1	261	8
456	1	1	574	9
457	1	1	261	8
457	1	1	574	9
458	1	1	261	8
458	1	1	574	9
459	1	1	261	8
459	1	1	574	9
460	1	1	261	8
460	1	1	574	9
461	1	1	261	8
461	1	1	574	9
462	1	1	261	8
462	1	1	574	9
463	1	1	261	8
463	1	1	574	9
464	1	1	261	8
464	1	1	574	9
465	1	1	261	8
465	1	1	574	9
466	1	1	261	8
466	1	1	574	9
467	1	1	261	8
467	1	1	574	9
468	1	1	261	8
468	1	1	574	9
469	1	1	261	8
469	1	1	574	9
470	1	1	261	8
470	1	1	574	9
471	1	1	261	8
471	1	1	574	9
472	1	1	261	8
472	1	1	574	9
473	1	1	261	8
473	1	1	574	9
474	1	1	261	8
474	1	1	574	9
475	1	1	261	8
475	1	1	574	9
476	1	1	261	8
476	1	1	574	9
477	1	1	261	8
477	1	1	574	9
478	1	1	261	8
478	1	1	574	9
479	1	1	261	8
479	1	1	574	9
480	1	1	261	8
480	1	1	574	9
481	1	1	261	8
481	1	1	574	9
482	1	1	261	8
482	1	1	574	9
483	1	1	261	8
483	1	1	574	9
484	1	1	261	8
484	1	1	574	9
485	1	1	261	8
485	1	1	574	9
486	1	1	261	8
486	1	1	574	9
487	1	1	261	8
487	1	1	574	9
488	1	1	261	8
488	1	1	574	9
489	1	1	261	8
489	1	1	574	9
490	1	1	261	8
490	1	1	574	9
491	1	1	261	8
491	1	1	574	9
492	1	1	261	8
492	1	1	574	9
493	1	1	261	8
493	1	1	574	9
494	1	1	261	8
494	1	1	574	9
495	1	1	261	8
495	1	1	574	9
496	1	1	261	8
496	1	1	574	9
497	1	1	261	8
497	1	1	574	9
498	1	1	261	8
498	1	1	574	9
499	1	1	261	8
499	1	1	574	9
500	1	1	261	8
500	1	1	574	9
501	1	1	261	8
501	1	1	574	9
502	1	1	261	8
502	1	1	574	9
503	1	1	261	8
503	1	1	574	9
504	1	1	261	8
504	1	1	574	9
505	1	1	261	8
505	1	1	574	9
506	1	1	261	8
506	1	1	574	9
507	1	1	261	8
507	1	1	574	9
508	1	1	261	8
508	1	1	574	9
509	1	1	261	8
509	1	1	574	9
510	1	1	261	8
510	1	1	574	9
511	1	1	261	8
511	1	1	574	9
512	1	1	261	8
512	1	1	574	9
513	1	1	261	8
513	1	1	574	9
514	1	1	261	8
514	1	1	574	9
515	1	1	261	8
515	1	1	574	9
516	1	1	261	8
516	1	1	574	9
517	1	1	261	8
517	1	1	574	9
518	1	1	261	8
518	1	1	574	9
519	1	1	261	8
519	1	1	574	9
520	1	1	261	8
520	1	1	574	9
521	1	1	261	8
521	1	1	574	9
522	1	1	261	8
522	1	1	574	9
523	1	1	261	8
523	1	1	574	9
524	1	1	261	8
524	1	1	574	9
525	1	1	261	8
525	1	1	574	9
526	1	1	261	8
526	1	1	574	9
527	1	1	261	8
527	1	1	574	9
528	1	1	261	8
528	1	1	574	9
529	1	1	261	8
529	1	1	574	9
530	1	1	261	8
530	1	1	574	9
531	1	1	261	8
531	1	1	574	9
532	1	1	261	8
532	1	1	574	9
533	1	1	261	8
533	1	1	574	9
534	1	1	261	8
534	1	1	574	9
535	1	1	261	8
535	1	1	574	9
536	1	1	261	8
536	1	1	574	9
537	1	1	261	8
537	1	1	574	9
538	1	1	261	8
538	1	1	574	9
539	1	1	261	8
539	1	1	574	9
540	1	1	261	8
540	1	1	574	9
541	1	1	261	8
541	1	1	574	9
542	1	1	261	8
542	1	1	574	9
543	1	1	261	8
543	1	1	574	9
544	1	1	261	8
544	1	1	574	9
545	1	1	261	8
545	1	1	574	9
546	1	1	261	8
546	1	1	574	9
547	1	1	261	8
547	1	1	574	9
548	1	1	261	8
548	1	1	574	9
549	1	1	261	8
549	1	1	574	9
550	1	1	261	8
550	1	1	574	9
551	1	1	261	8
551	1	1	574	9
552	1	1	261	8
552	1	1	574	9
553	1	1	261	8
553	1	1	574	9
554	1	1	261	8
554	1	1	574	9
555	1	1	261	8
555	1	1	574	9
556	1	1	261	8
556	1	1	574	9
557	1	1	261	8
557	1	1	574	9
558	1	1	261	8
558	1	1	574	9
559	1	1	261	8
559	1	1	574	9
560	1	1	261	8
560	1	1	574	9
561	1	1	261	8
561	1	1	574	9
562	1	1	261	8
562	1	1	574	9
563	1	1	261	8
563	1	1	574	9
564	1	1	261	8
564	1	1	574	9
565	1	1	261	8
565	1	1	574	9
566	1	1	261	8
566	1	1	574	9
567	1	1	261	8
567	1	1	574	9
568	1	1	261	8
568	1	1	574	9
569	1	1	261	8
569	1	1	574	9
570	1	1	261	8
570	1	1	574	9
571	1	1	261	8
571	1	1	574	9
572	1	1	261	8
572	1	1	574	9
573	1	1	261	8
573	1	1	574	9
574	1	1	261	8
574	1	1	574	9
575	1	1	261	8
575	1	1	574	9
576	1	1	261	8
576	1	1	574	9
577	1	1	261	8
577	1	1	574	9
578	1	1	261	8
578	1	1	574	9
579	1	1	261	8
579	1	1	574	9
580	1	1	261	8
580	1	1	574	9
581	1	1	261	8
581	1	1	574	9
582	1	1	261	8
582	1	1	574	9
583	1	1	261	8
583	1	1	574	9
584	1	1	261	8
584	1	1	574	9
585	1	1	261	8
585	1	1	574	9
586	1	1	261	8
586	1	1	574	9
587	1	1	261	8
587	1	1	574	9
588	1	1	261	8
588	1	1	574	9
589	1	1	261	8
589	1	1	574	9
590	1	1	261	8
590	1	1	574	9
591	1	1	261	8
591	1	1	574	9
592	1	1	261	8
592	1	1	574	9
593	1	1	261	8
593	1	1	574	9
594	1	1	261	8
594	1	1	574	9
595	1	1	261	8
595	1	1	574	9
596	1	1	261	8
596	1	1	574	9
597	1	1	261	8
597	1	1	574	9
598	1	1	261	8
598	1	1	574	9
599	1	1	261	8
599	1	1	574	9
600	1	1	261	8
600	1	1	574	9
601	1	1	261	8
601	1	1	574	9
602	1	1	261	8
602	1	1	574	9
603	1	1	261	8
603	1	1	574	9
604	1	1	261	8
604	1	1	574	9
605	1	1	261	8
605	1	1	574	9
606	1	1	261	8
606	1	1	574	9
607	1	1	261	8
607	1	1	574	9
608	1	1	261	8
608	1	1	574	9
609	1	1	261	8
609	1	1	574	9
610	1	1	261	8
610	1	1	574	9
611	1	1	261	8
611	1	1	574	9
612	1	1	261	8
612	1	1	574	9
613	1	1	261	8
613	1	1	574	9
614	1	1	261	8
614	1	1	574	9
615	1	1	261	8
615	1	1	574	9
616	1	1	261	8
616	1	1	574	9
617	1	1	261	8
617	1	1	574	9
618	1	1	261	8
618	1	1	574	9
619	1	1	261	8
619	1	1	574	9
620	1	1	261	8
620	1	1	574	9
621	1	1	261	8
621	1	1	574	9
622	1	1	261	8
622	1	1	574	9
623	1	1	261	8
623	1	1	574	9
624	1	1	261	8
624	1	1	574	9
625	1	1	261	8
625	1	1	574	9
626	1	1	261	8
626	1	1	574	9
627	1	1	261	8
627	1	1	574	9
628	1	1	261	8
628	1	1	574	9
629	1	1	261	8
629	1	1	574	9
630	1	1	261	8
630	1	1	574	9
631	1	1	261	8
631	1	1	574	9
632	1	1	261	8
632	1	1	574	9
633	1	1	261	8
633	1	1	574	9
634	1	1	261	8
634	1	1	574	9
635	1	1	261	8
635	1	1	574	9
636	1	1	261	8
636	1	1	574	9
637	1	1	261	8
637	1	1	574	9
638	1	1	261	8
638	1	1	574	9
639	1	1	261	8
639	1	1	574	9
640	1	1	261	8
640	1	1	574	9
641	1	1	261	8
641	1	1	574	9
642	1	1	261	8
642	1	1	574	9
643	1	1	261	8
643	1	1	574	9
644	1	1	261	8
644	1	1	574	9
645	1	1	261	8
645	1	1	574	9
646	1	1	261	8
646	1	1	574	9
647	1	1	261	8
647	1	1	574	9
648	1	1	261	8
648	1	1	574	9
649	1	1	261	8
649	1	1	574	9
650	1	1	261	8
650	1	1	574	9
651	1	1	261	8
651	1	1	574	9
652	1	1	261	8
652	1	1	574	9
653	1	1	261	8
653	1	1	574	9
654	1	1	261	8
654	1	1	574	9
655	1	1	261	8
655	1	1	574	9
656	1	1	261	8
656	1	1	574	9
657	1	1	261	8
657	1	1	574	9
658	1	1	261	8
658	1	1	574	9
659	1	1	261	8
659	1	1	574	9
660	1	1	261	8
660	1	1	574	9
661	1	1	261	8
661	1	1	574	9
662	1	1	261	8
662	1	1	574	9
663	1	1	261	8
663	1	1	574	9
664	1	1	261	8
664	1	1	574	9
665	1	1	261	8
665	1	1	574	9
666	1	1	261	8
666	1	1	574	9
667	1	1	261	8
667	1	1	574	9
668	1	1	261	8
668	1	1	574	9
669	1	1	261	8
669	1	1	574	9
670	1	1	261	8
670	1	1	574	9
671	1	1	261	8
671	1	1	574	9
672	1	1	261	8
672	1	1	574	9
673	1	1	261	8
673	1	1	574	9
674	1	1	261	8
674	1	1	574	9
675	1	1	261	8
675	1	1	574	9
676	1	1	261	8
676	1	1	574	9
677	1	1	261	8
677	1	1	574	9
678	1	1	261	8
678	1	1	574	9
679	1	1	261	8
679	1	1	574	9
680	1	1	261	8
680	1	1	574	9
681	1	1	261	8
681	1	1	574	9
682	1	1	261	8
682	1	1	574	9
683	1	1	261	8
683	1	1	574	9
684	1	1	261	8
684	1	1	574	9
685	1	1	261	8
685	1	1	574	9
686	1	1	261	8
686	1	1	574	9
687	1	1	261	8
687	1	1	574	9
688	1	1	261	8
688	1	1	574	9
689	1	1	261	8
689	1	1	574	9
690	1	1	261	8
690	1	1	574	9
691	1	1	261	8
691	1	1	574	9
692	1	1	261	8
692	1	1	574	9
693	1	1	261	8
693	1	1	574	9
694	1	1	261	8
694	1	1	574	9
695	1	1	261	8
695	1	1	574	9
696	1	1	261	8
696	1	1	574	9
697	1	1	261	8
697	1	1	574	9
698	1	1	261	8
698	1	1	574	9
699	1	1	261	8
699	1	1	574	9
700	1	1	261	8
700	1	1	574	9
701	1	1	261	8
701	1	1	574	9
702	1	1	261	8
702	1	1	574	9
703	1	1	261	8
703	1	1	574	9
704	1	1	261	8
704	1	1	574	9
705	1	1	261	8
705	1	1	574	9
706	1	1	261	8
706	1	1	574	9
707	1	1	261	8
707	1	1	574	9
708	1	1	261	8
708	1	1	574	9
709	1	1	261	8
709	1	1	574	9
710	1	1	261	8
710	1	1	574	9
711	1	1	261	8
711	1	1	574	9
712	1	1	261	8
712	1	1	574	9
713	1	1	261	8
713	1	1	574	9
714	1	1	261	8
714	1	1	574	9
715	1	1	261	8
715	1	1	574	9
716	1	1	261	8
716	1	1	574	9
717	1	1	261	8
717	1	1	574	9
718	1	1	261	8
718	1	1	574	9
719	1	1	261	8
719	1	1	574	9
720	1	1	261	8
720	1	1	574	9
721	1	1	261	8
721	1	1	574	9
722	1	1	261	8
722	1	1	574	9
723	1	1	261	8
723	1	1	574	9
724	1	1	261	8
724	1	1	574	9
725	1	1	261	8
725	1	1	574	9
726	1	1	261	8
726	1	1	574	9
727	1	1	261	8
727	1	1	574	9
728	1	1	261	8
728	1	1	574	9
729	1	1	261	8
729	1	1	574	9
730	1	1	261	8
730	1	1	574	9
731	1	1	261	8
731	1	1	574	9
732	1	1	261	8
732	1	1	574	9
733	1	1	261	8
733	1	1	574	9
734	1	1	261	8
734	1	1	574	9
735	1	1	261	8
735	1	1	574	9
736	1	1	261	8
736	1	1	574	9
737	1	1	261	8
737	1	1	574	9
738	1	1	261	8
738	1	1	574	9
739	1	1	261	8
739	1	1	574	9
740	1	1	261	8
740	1	1	574	9
741	1	1	261	8
741	1	1	574	9
742	1	1	261	8
742	1	1	574	9
743	1	1	261	8
743	1	1	574	9
744	1	1	261	8
744	1	1	574	9
745	1	1	261	8
745	1	1	574	9
746	1	1	261	8
746	1	1	574	9
747	1	1	261	8
747	1	1	574	9
748	1	1	261	8
748	1	1	574	9
749	1	1	261	8
749	1	1	574	9
750	1	1	261	8
750	1	1	574	9
751	1	1	261	8
751	1	1	574	9
752	1	1	261	8
752	1	1	574	9
753	1	1	261	8
753	1	1	574	9
754	1	1	261	8
754	1	1	574	9
755	1	1	261	8
755	1	1	574	9
756	1	1	261	8
756	1	1	574	9
757	1	1	261	8
757	1	1	574	9
758	1	1	261	8
758	1	1	574	9
759	1	1	261	8
759	1	1	574	9
760	1	1	261	8
760	1	1	574	9
761	1	1	261	8
761	1	1	574	9
762	1	1	261	8
762	1	1	574	9
763	1	1	261	8
763	1	1	574	9
764	1	1	261	8
764	1	1	574	9
765	1	1	261	8
765	1	1	574	9
766	1	1	261	8
766	1	1	574	9
767	1	1	261	8
767	1	1	574	9
768	1	1	261	8
768	1	1	574	9
769	1	1	261	8
769	1	1	574	9
770	1	1	261	8
770	1	1	574	9
771	1	1	261	8
771	1	1	574	9
772	1	1	261	8
772	1	1	574	9
773	1	1	261	8
773	1	1	574	9
774	1	1	261	8
774	1	1	574	9
775	1	1	261	8
775	1	1	574	9
776	1	1	261	8
776	1	1	574	9
777	1	1	261	8
777	1	1	574	9
778	1	1	261	8
778	1	1	574	9
779	1	1	261	8
779	1	1	574	9
780	1	1	261	8
780	1	1	574	9
781	1	1	261	8
781	1	1	574	9
782	1	1	261	8
782	1	1	574	9
783	1	1	261	8
783	1	1	574	9
784	1	1	261	8
784	1	1	574	9
785	1	1	261	8
785	1	1	574	9
786	1	1	261	8
786	1	1	574	9
787	1	1	261	8
787	1	1	574	9
788	1	1	261	8
788	1	1	574	9
789	1	1	261	8
789	1	1	574	9
790	1	1	261	8
790	1	1	574	9
791	1	1	261	8
791	1	1	574	9
792	1	1	261	8
792	1	1	574	9
793	1	1	261	8
793	1	1	574	9
794	1	1	261	8
794	1	1	574	9
795	1	1	261	8
795	1	1	574	9
796	1	1	261	8
796	1	1	574	9
797	1	1	261	8
797	1	1	574	9
798	1	1	261	8
798	1	1	574	9
799	1	1	261	8
799	1	1	574	9
800	1	1	261	8
800	1	1	574	9
801	1	1	261	8
801	1	1	574	9
802	1	1	261	8
802	1	1	574	9
803	1	1	261	8
803	1	1	574	9
804	1	1	261	8
804	1	1	574	9
805	1	1	261	8
805	1	1	574	9
806	1	1	261	8
806	1	1	574	9
807	1	1	261	8
807	1	1	574	9
808	1	1	261	8
808	1	1	574	9
809	1	1	261	8
809	1	1	574	9
810	1	1	261	8
810	1	1	574	9
811	1	1	261	8
811	1	1	574	9
812	1	1	261	8
812	1	1	574	9
813	1	1	261	8
813	1	1	574	9
814	1	1	261	8
814	1	1	574	9
815	1	1	261	8
815	1	1	574	9
816	1	1	261	8
816	1	1	574	9
817	1	1	261	8
817	1	1	574	9
818	1	1	261	8
818	1	1	574	9
819	1	1	261	8
819	1	1	574	9
820	1	1	261	8
820	1	1	574	9
821	1	1	261	8
821	1	1	574	9
822	1	1	261	8
822	1	1	574	9
823	1	1	261	8
823	1	1	574	9
824	1	1	261	8
824	1	1	574	9
825	1	1	261	8
825	1	1	574	9
826	1	1	261	8
826	1	1	574	9
827	1	1	261	8
827	1	1	574	9
828	1	1	261	8
828	1	1	574	9
829	1	1	261	8
829	1	1	574	9
830	1	1	261	8
830	1	1	574	9
831	1	1	261	8
831	1	1	574	9
832	1	1	261	8
832	1	1	574	9
833	1	1	261	8
833	1	1	574	9
834	1	1	261	8
834	1	1	574	9
835	1	1	261	8
835	1	1	574	9
836	1	1	261	8
836	1	1	574	9
837	1	1	261	8
837	1	1	574	9
838	1	1	261	8
838	1	1	574	9
839	1	1	261	8
839	1	1	574	9
840	1	1	261	8
840	1	1	574	9
841	1	1	261	8
841	1	1	574	9
842	1	1	261	8
842	1	1	574	9
843	1	1	261	8
843	1	1	574	9
844	1	1	261	8
844	1	1	574	9
845	1	1	261	8
845	1	1	574	9
846	1	1	261	8
846	1	1	574	9
847	1	1	261	8
847	1	1	574	9
848	1	1	261	8
848	1	1	574	9
849	1	1	261	8
849	1	1	574	9
850	1	1	261	8
850	1	1	574	9
851	1	1	261	8
851	1	1	574	9
852	1	1	261	8
852	1	1	574	9
853	1	1	261	8
853	1	1	574	9
854	1	1	261	8
854	1	1	574	9
855	1	1	261	8
855	1	1	574	9
856	1	1	261	8
856	1	1	574	9
857	1	1	261	8
857	1	1	574	9
858	1	1	261	8
858	1	1	574	9
859	1	1	261	8
859	1	1	574	9
860	1	1	261	8
860	1	1	574	9
861	1	1	261	8
861	1	1	574	9
862	1	1	261	8
862	1	1	574	9
863	1	1	261	8
863	1	1	574	9
864	1	1	261	8
864	1	1	574	9
865	1	1	261	8
865	1	1	574	9
866	1	1	261	8
866	1	1	574	9
867	1	1	261	8
867	1	1	574	9
868	1	1	261	8
868	1	1	574	9
869	1	1	261	8
869	1	1	574	9
870	1	1	261	8
870	1	1	574	9
871	1	1	261	8
871	1	1	574	9
872	1	1	261	8
872	1	1	574	9
873	1	1	261	8
873	1	1	574	9
874	1	1	261	8
874	1	1	574	9
875	1	1	261	8
875	1	1	574	9
876	1	1	261	8
876	1	1	574	9
877	1	1	261	8
877	1	1	574	9
878	1	1	261	8
878	1	1	574	9
879	1	1	261	8
879	1	1	574	9
880	1	1	261	8
880	1	1	574	9
881	1	1	261	8
881	1	1	574	9
882	1	1	261	8
882	1	1	574	9
883	1	1	261	8
883	1	1	574	9
884	1	1	261	8
884	1	1	574	9
885	1	1	261	8
885	1	1	574	9
886	1	1	261	8
886	1	1	574	9
887	1	1	261	8
887	1	1	574	9
888	1	1	261	8
888	1	1	574	9
889	1	1	261	8
889	1	1	574	9
890	1	1	261	8
890	1	1	574	9
891	1	1	261	8
891	1	1	574	9
892	1	1	261	8
892	1	1	574	9
893	1	1	261	8
893	1	1	574	9
894	1	1	261	8
894	1	1	574	9
895	1	1	261	8
895	1	1	574	9
896	1	1	261	8
896	1	1	574	9
897	1	1	261	8
897	1	1	574	9
898	1	1	261	8
898	1	1	574	9
899	1	1	261	8
899	1	1	574	9
900	1	1	261	8
900	1	1	574	9
901	1	1	261	8
901	1	1	574	9
902	1	1	261	8
902	1	1	574	9
903	1	1	261	8
903	1	1	574	9
904	1	1	261	8
904	1	1	574	9
905	1	1	261	8
905	1	1	574	9
906	1	1	261	8
906	1	1	574	9
907	1	1	261	8
907	1	1	574	9
908	1	1	261	8
908	1	1	574	9
909	1	1	261	8
909	1	1	574	9
910	1	1	261	8
910	1	1	574	9
911	1	1	261	8
911	1	1	574	9
912	1	1	261	8
912	1	1	574	9
913	1	1	261	8
913	1	1	574	9
914	1	1	261	8
914	1	1	574	9
915	1	1	261	8
915	1	1	574	9
916	1	1	261	8
916	1	1	574	9
917	1	1	261	8
917	1	1	574	9
918	1	1	261	8
918	1	1	574	9
919	1	1	261	8
919	1	1	574	9
920	1	1	261	8
920	1	1	574	9
921	1	1	261	8
921	1	1	574	9
922	1	1	261	8
922	1	1	574	9
923	1	1	261	8
923	1	1	574	9
924	1	1	261	8
924	1	1	574	9
925	1	1	261	8
925	1	1	574	9
926	1	1	261	8
926	1	1	574	9
927	1	1	261	8
927	1	1	574	9
928	1	1	261	8
928	1	1	574	9
929	1	1	261	8
929	1	1	574	9
930	1	1	261	8
930	1	1	574	9
931	1	1	261	8
931	1	1	574	9
932	1	1	261	8
932	1	1	574	9
933	1	1	261	8
933	1	1	574	9
934	1	1	261	8
934	1	1	574	9
935	1	1	261	8
935	1	1	574	9
936	1	1	261	8
936	1	1	574	9
937	1	1	261	8
937	1	1	574	9
938	1	1	261	8
938	1	1	574	9
939	1	1	261	8
939	1	1	574	9
940	1	1	261	8
940	1	1	574	9
941	1	1	261	8
941	1	1	574	9
942	1	1	261	8
942	1	1	574	9
943	1	1	261	8
943	1	1	574	9
944	1	1	261	8
944	1	1	574	9
945	1	1	261	8
945	1	1	574	9
946	1	1	261	8
946	1	1	574	9
947	1	1	261	8
947	1	1	574	9
948	1	1	261	8
948	1	1	574	9
949	1	1	261	8
949	1	1	574	9
950	1	1	261	8
950	1	1	574	9
951	1	1	261	8
951	1	1	574	9
952	1	1	261	8
952	1	1	574	9
953	1	1	261	8
953	1	1	574	9
954	1	1	261	8
954	1	1	574	9
955	1	1	261	8
955	1	1	574	9
956	1	1	261	8
956	1	1	574	9
957	1	1	261	8
957	1	1	574	9
958	1	1	261	8
958	1	1	574	9
959	1	1	261	8
959	1	1	574	9
960	1	1	261	8
960	1	1	574	9
961	1	1	261	8
961	1	1	574	9
962	1	1	261	8
962	1	1	574	9
963	1	1	261	8
963	1	1	574	9
964	1	1	261	8
964	1	1	574	9
965	1	1	261	8
965	1	1	574	9
966	1	1	261	8
966	1	1	574	9
967	1	1	261	8
967	1	1	574	9
968	1	1	261	8
968	1	1	574	9
969	1	1	261	8
969	1	1	574	9
970	1	1	261	8
970	1	1	574	9
971	1	1	261	8
971	1	1	574	9
972	1	1	261	8
972	1	1	574	9
973	1	1	261	8
973	1	1	574	9
974	1	1	261	8
974	1	1	574	9
975	1	1	261	8
975	1	1	574	9
976	1	1	261	8
976	1	1	574	9
977	1	1	261	8
977	1	1	574	9
978	1	1	261	8
978	1	1	574	9
979	1	1	261	8
979	1	1	574	9
980	1	1	261	8
980	1	1	574	9
981	1	1	261	8
981	1	1	574	9
982	1	1	261	8
982	1	1	574	9
983	1	1	261	8
983	1	1	574	9
984	1	1	261	8
984	1	1	574	9
985	1	1	261	8
985	1	1	574	9
986	1	1	261	8
986	1	1	574	9
987	1	1	261	8
987	1	1	574	9
988	1	1	261	8
988	1	1	574	9
989	1	1	261	8
989	1	1	574	9
990	1	1	261	8
990	1	1	574	9
991	1	1	261	8
991	1	1	574	9
992	1	1	261	8
992	1	1	574	9
993	1	1	261	8
993	1	1	574	9
994	1	1	261	8
994	1	1	574	9
995	1	1	261	8
995	1	1	574	9
996	1	1	261	8
996	1	1	574	9
997	1	1	261	8
997	1	1	574	9
998	1	1	261	8
998	1	1	574	9
